Apr  6 07:47:44 kashrinivaasan-Inspiron-1545 kernel: [41752.008559] [UFW BLOCK] IN=ppp0 OUT= MAC= SRC=217.174.154.149 DST=14.99.80.224 LEN=131 TOS=0x00 PREC=0x00 TTL=108 ID=59830 PROTO=UDP SPT=15337 DPT=42194 LEN=111 
Apr  6 07:48:02 kashrinivaasan-Inspiron-1545 kernel: [41770.779553] [UFW BLOCK] IN=ppp0 OUT= MAC= SRC=190.225.224.23 DST=14.99.80.224 LEN=131 TOS=0x00 PREC=0x00 TTL=45 ID=1598 PROTO=UDP SPT=55680 DPT=42194 LEN=111 
Apr  6 07:48:18 kashrinivaasan-Inspiron-1545 kernel: [41785.880809] sd 6:0:0:0: [sdb] Test WP failed, assume Write Enabled
Apr  6 07:48:18 kashrinivaasan-Inspiron-1545 kernel: [41785.882935] sd 6:0:0:0: [sdb] Asking for cache data failed
Apr  6 07:48:18 kashrinivaasan-Inspiron-1545 kernel: [41785.882942] sd 6:0:0:0: [sdb] Assuming drive cache: write through
Apr  6 07:48:26 kashrinivaasan-Inspiron-1545 kernel: [41794.556557] [UFW BLOCK] IN=ppp0 OUT= MAC= SRC=79.4.42.101 DST=14.99.80.224 LEN=129 TOS=0x00 PREC=0x00 TTL=45 ID=0 DF PROTO=UDP SPT=1531 DPT=42194 LEN=109 
Apr  6 07:48:43 kashrinivaasan-Inspiron-1545 kernel: [41811.378660] [UFW BLOCK] IN=ppp0 OUT= MAC= SRC=216.232.235.71 DST=14.99.80.224 LEN=131 TOS=0x00 PREC=0x00 TTL=112 ID=15350 PROTO=UDP SPT=16121 DPT=42194 LEN=111 
Apr  6 07:49:04 kashrinivaasan-Inspiron-1545 kernel: [41832.450660] [UFW BLOCK] IN=ppp0 OUT= MAC= SRC=95.27.98.149 DST=14.99.80.224 LEN=145 TOS=0x00 PREC=0x00 TTL=112 ID=32509 PROTO=UDP SPT=51140 DPT=42194 LEN=125 
Apr  6 07:49:09 kashrinivaasan-Inspiron-1545 kernel: [41837.592943] sd 6:0:0:0: [sdb] Test WP failed, assume Write Enabled
Apr  6 07:49:09 kashrinivaasan-Inspiron-1545 kernel: [41837.595078] sd 6:0:0:0: [sdb] Asking for cache data failed
Apr  6 07:49:09 kashrinivaasan-Inspiron-1545 kernel: [41837.595086] sd 6:0:0:0: [sdb] Assuming drive cache: write through
Apr  6 07:49:35 kashrinivaasan-Inspiron-1545 kernel: [41863.323576] [UFW BLOCK] IN=ppp0 OUT= MAC= SRC=91.114.135.122 DST=14.99.80.224 LEN=131 TOS=0x00 PREC=0x00 TTL=111 ID=17558 PROTO=UDP SPT=59488 DPT=42194 LEN=111 
Apr  6 07:49:55 kashrinivaasan-Inspiron-1545 kernel: [41883.104602] [UFW BLOCK] IN=ppp0 OUT= MAC= SRC=84.123.96.101 DST=14.99.80.224 LEN=131 TOS=0x00 PREC=0x00 TTL=110 ID=25280 PROTO=UDP SPT=21936 DPT=42194 LEN=111 
Apr  6 07:50:01 kashrinivaasan-Inspiron-1545 kernel: [41889.305081] sd 6:0:0:0: [sdb] Test WP failed, assume Write Enabled
Apr  6 07:50:01 kashrinivaasan-Inspiron-1545 kernel: [41889.307195] sd 6:0:0:0: [sdb] Asking for cache data failed
Apr  6 07:50:01 kashrinivaasan-Inspiron-1545 kernel: [41889.307201] sd 6:0:0:0: [sdb] Assuming drive cache: write through
Apr  6 07:50:02 kashrinivaasan-Inspiron-1545 kernel: [41890.316575] [UFW BLOCK] IN=ppp0 OUT= MAC= SRC=79.120.127.73 DST=14.99.80.224 LEN=145 TOS=0x00 PREC=0x00 TTL=110 ID=21360 PROTO=UDP SPT=49226 DPT=42194 LEN=125 
Apr  6 07:50:22 kashrinivaasan-Inspiron-1545 kernel: [41910.102672] [UFW BLOCK] IN=ppp0 OUT= MAC= SRC=80.202.229.122 DST=14.99.80.224 LEN=131 TOS=0x00 PREC=0x00 TTL=110 ID=3443 PROTO=UDP SPT=22359 DPT=42194 LEN=111 
Apr  6 07:50:49 kashrinivaasan-Inspiron-1545 kernel: [41936.948680] [UFW BLOCK] IN=ppp0 OUT= MAC= SRC=194.187.149.33 DST=14.99.80.224 LEN=131 TOS=0x00 PREC=0x00 TTL=107 ID=5800 PROTO=UDP SPT=49845 DPT=42194 LEN=111 
Apr  6 07:50:53 kashrinivaasan-Inspiron-1545 kernel: [41941.017330] sd 6:0:0:0: [sdb] Test WP failed, assume Write Enabled
Apr  6 07:50:53 kashrinivaasan-Inspiron-1545 kernel: [41941.019701] sd 6:0:0:0: [sdb] Asking for cache data failed
Apr  6 07:50:53 kashrinivaasan-Inspiron-1545 kernel: [41941.019709] sd 6:0:0:0: [sdb] Assuming drive cache: write through
Apr  6 07:51:12 kashrinivaasan-Inspiron-1545 kernel: [41960.061618] [UFW BLOCK] IN=ppp0 OUT= MAC= SRC=70.65.209.79 DST=14.99.80.224 LEN=131 TOS=0x00 PREC=0x00 TTL=108 ID=28655 PROTO=UDP SPT=1024 DPT=42194 LEN=111 
Apr  6 07:51:22 kashrinivaasan-Inspiron-1545 kernel: [41970.768689] [UFW BLOCK] IN=ppp0 OUT= MAC= SRC=92.127.37.117 DST=14.99.80.224 LEN=131 TOS=0x00 PREC=0x00 TTL=113 ID=1247 PROTO=UDP SPT=35691 DPT=42194 LEN=111 
Apr  6 07:51:44 kashrinivaasan-Inspiron-1545 kernel: [41992.729339] sd 6:0:0:0: [sdb] Test WP failed, assume Write Enabled
Apr  6 07:51:44 kashrinivaasan-Inspiron-1545 kernel: [41992.731752] sd 6:0:0:0: [sdb] Asking for cache data failed
Apr  6 07:51:44 kashrinivaasan-Inspiron-1545 kernel: [41992.731760] sd 6:0:0:0: [sdb] Assuming drive cache: write through
Apr  6 07:51:48 kashrinivaasan-Inspiron-1545 kernel: [41996.855693] [UFW BLOCK] IN=ppp0 OUT= MAC= SRC=177.143.206.148 DST=14.99.80.224 LEN=131 TOS=0x00 PREC=0x00 TTL=110 ID=7854 PROTO=UDP SPT=34403 DPT=42194 LEN=111 
Apr  6 07:52:11 kashrinivaasan-Inspiron-1545 kernel: [42019.218691] [UFW BLOCK] IN=ppp0 OUT= MAC= SRC=67.165.96.113 DST=14.99.80.224 LEN=131 TOS=0x00 PREC=0x00 TTL=113 ID=14692 PROTO=UDP SPT=8322 DPT=42194 LEN=111 
Apr  6 07:52:32 kashrinivaasan-Inspiron-1545 kernel: [42040.708573] [UFW BLOCK] IN=ppp0 OUT= MAC= SRC=219.90.253.191 DST=14.99.80.224 LEN=134 TOS=0x00 PREC=0x00 TTL=108 ID=9813 PROTO=UDP SPT=14624 DPT=42194 LEN=114 
Apr  6 07:52:36 kashrinivaasan-Inspiron-1545 kernel: [42044.441351] sd 6:0:0:0: [sdb] Test WP failed, assume Write Enabled
Apr  6 07:52:36 kashrinivaasan-Inspiron-1545 kernel: [42044.443631] sd 6:0:0:0: [sdb] Asking for cache data failed
Apr  6 07:52:36 kashrinivaasan-Inspiron-1545 kernel: [42044.443638] sd 6:0:0:0: [sdb] Assuming drive cache: write through
Apr  6 07:52:49 kashrinivaasan-Inspiron-1545 kernel: [42057.720709] [UFW BLOCK] IN=ppp0 OUT= MAC= SRC=89.178.7.17 DST=14.99.80.224 LEN=131 TOS=0x00 PREC=0x00 TTL=114 ID=9089 PROTO=UDP SPT=52273 DPT=42194 LEN=111 
Apr  6 07:53:01 kashrinivaasan-Inspiron-1545 kernel: [42069.507712] [UFW BLOCK] IN=ppp0 OUT= MAC= SRC=183.97.251.185 DST=14.99.80.224 LEN=129 TOS=0x00 PREC=0x00 TTL=106 ID=17316 PROTO=UDP SPT=6881 DPT=42194 LEN=109 
Apr  6 07:53:28 kashrinivaasan-Inspiron-1545 kernel: [42096.153362] sd 6:0:0:0: [sdb] Test WP failed, assume Write Enabled
Apr  6 07:53:28 kashrinivaasan-Inspiron-1545 kernel: [42096.155731] sd 6:0:0:0: [sdb] Asking for cache data failed
Apr  6 07:53:28 kashrinivaasan-Inspiron-1545 kernel: [42096.155739] sd 6:0:0:0: [sdb] Assuming drive cache: write through
Apr  6 07:53:34 kashrinivaasan-Inspiron-1545 kernel: [42102.460712] [UFW BLOCK] IN=ppp0 OUT= MAC= SRC=178.155.134.200 DST=14.99.80.224 LEN=134 TOS=0x00 PREC=0x00 TTL=108 ID=4583 PROTO=UDP SPT=52962 DPT=42194 LEN=114 
Apr  6 07:53:43 kashrinivaasan-Inspiron-1545 kernel: [42111.242712] [UFW BLOCK] IN=ppp0 OUT= MAC= SRC=180.194.165.122 DST=14.99.80.224 LEN=129 TOS=0x00 PREC=0x00 TTL=106 ID=9934 PROTO=UDP SPT=38030 DPT=42194 LEN=109 
Apr  6 07:54:03 kashrinivaasan-Inspiron-1545 kernel: [42131.121724] [UFW BLOCK] IN=ppp0 OUT= MAC= SRC=176.64.146.209 DST=14.99.80.224 LEN=131 TOS=0x00 PREC=0x00 TTL=47 ID=0 DF PROTO=UDP SPT=6881 DPT=42194 LEN=111 
Apr  6 07:54:20 kashrinivaasan-Inspiron-1545 kernel: [42147.865615] sd 6:0:0:0: [sdb] Test WP failed, assume Write Enabled
Apr  6 07:54:20 kashrinivaasan-Inspiron-1545 kernel: [42147.867991] sd 6:0:0:0: [sdb] Asking for cache data failed
Apr  6 07:54:20 kashrinivaasan-Inspiron-1545 kernel: [42147.867999] sd 6:0:0:0: [sdb] Assuming drive cache: write through
Apr  6 07:54:23 kashrinivaasan-Inspiron-1545 kernel: [42151.791645] [UFW BLOCK] IN=ppp0 OUT= MAC= SRC=179.179.130.46 DST=14.99.80.224 LEN=131 TOS=0x00 PREC=0x00 TTL=109 ID=24993 PROTO=UDP SPT=26920 DPT=42194 LEN=111 
Apr  6 07:54:43 kashrinivaasan-Inspiron-1545 kernel: [42171.350730] [UFW BLOCK] IN=ppp0 OUT= MAC= SRC=189.170.153.140 DST=14.99.80.224 LEN=134 TOS=0x00 PREC=0x00 TTL=52 ID=33239 PROTO=UDP SPT=43611 DPT=42194 LEN=114 
Apr  6 07:55:02 kashrinivaasan-Inspiron-1545 kernel: [42190.768638] [UFW BLOCK] IN=ppp0 OUT= MAC= SRC=76.84.95.140 DST=14.99.80.224 LEN=134 TOS=0x00 PREC=0x00 TTL=110 ID=9102 PROTO=UDP SPT=61297 DPT=42194 LEN=114 
Apr  6 07:55:11 kashrinivaasan-Inspiron-1545 kernel: [42199.577377] sd 6:0:0:0: [sdb] Test WP failed, assume Write Enabled
Apr  6 07:55:11 kashrinivaasan-Inspiron-1545 kernel: [42199.579692] sd 6:0:0:0: [sdb] Asking for cache data failed
Apr  6 07:55:11 kashrinivaasan-Inspiron-1545 kernel: [42199.579700] sd 6:0:0:0: [sdb] Assuming drive cache: write through
Apr  6 07:55:26 kashrinivaasan-Inspiron-1545 kernel: [42213.905655] [UFW BLOCK] IN=ppp0 OUT= MAC= SRC=85.26.231.53 DST=14.99.80.224 LEN=131 TOS=0x08 PREC=0x00 TTL=105 ID=3548 PROTO=UDP SPT=27289 DPT=42194 LEN=111 
Apr  6 07:55:44 kashrinivaasan-Inspiron-1545 kernel: [42232.783740] [UFW BLOCK] IN=ppp0 OUT= MAC= SRC=178.126.41.142 DST=14.99.80.224 LEN=129 TOS=0x00 PREC=0x00 TTL=108 ID=30896 PROTO=UDP SPT=12258 DPT=42194 LEN=109 
Apr  6 07:56:03 kashrinivaasan-Inspiron-1545 kernel: [42251.289391] sd 6:0:0:0: [sdb] Test WP failed, assume Write Enabled
Apr  6 07:56:03 kashrinivaasan-Inspiron-1545 kernel: [42251.291748] sd 6:0:0:0: [sdb] Asking for cache data failed
Apr  6 07:56:03 kashrinivaasan-Inspiron-1545 kernel: [42251.291756] sd 6:0:0:0: [sdb] Assuming drive cache: write through
Apr  6 07:56:06 kashrinivaasan-Inspiron-1545 kernel: [42254.493746] [UFW BLOCK] IN=ppp0 OUT= MAC= SRC=91.147.19.107 DST=14.99.80.224 LEN=131 TOS=0x00 PREC=0x00 TTL=114 ID=60772 PROTO=UDP SPT=37660 DPT=42194 LEN=111 
Apr  6 07:56:21 kashrinivaasan-Inspiron-1545 kernel: [42269.514749] [UFW BLOCK] IN=ppp0 OUT= MAC= SRC=178.95.142.57 DST=14.99.80.224 LEN=131 TOS=0x00 PREC=0x00 TTL=110 ID=23375 PROTO=UDP SPT=20414 DPT=42194 LEN=111 
Apr  6 07:56:43 kashrinivaasan-Inspiron-1545 kernel: [42291.267748] [UFW BLOCK] IN=ppp0 OUT= MAC= SRC=31.23.229.42 DST=14.99.80.224 LEN=145 TOS=0x00 PREC=0x00 TTL=114 ID=49191 PROTO=UDP SPT=11258 DPT=42194 LEN=125 
Apr  6 07:56:55 kashrinivaasan-Inspiron-1545 kernel: [42303.002632] sd 6:0:0:0: [sdb] Test WP failed, assume Write Enabled
Apr  6 07:56:55 kashrinivaasan-Inspiron-1545 kernel: [42303.004905] sd 6:0:0:0: [sdb] Asking for cache data failed
Apr  6 07:56:55 kashrinivaasan-Inspiron-1545 kernel: [42303.004913] sd 6:0:0:0: [sdb] Assuming drive cache: write through
Apr  6 07:57:05 kashrinivaasan-Inspiron-1545 kernel: [42312.946760] [UFW BLOCK] IN=ppp0 OUT= MAC= SRC=189.152.138.170 DST=14.99.80.224 LEN=131 TOS=0x00 PREC=0x00 TTL=116 ID=13181 PROTO=UDP SPT=61103 DPT=42194 LEN=111 
Apr  6 07:57:24 kashrinivaasan-Inspiron-1545 kernel: [42332.840679] [UFW BLOCK] IN=ppp0 OUT= MAC= SRC=114.95.61.127 DST=14.99.80.224 LEN=131 TOS=0x00 PREC=0x00 TTL=47 ID=13544 PROTO=UDP SPT=21988 DPT=42194 LEN=111 
Apr  6 07:57:44 kashrinivaasan-Inspiron-1545 kernel: [42352.162764] [UFW BLOCK] IN=ppp0 OUT= MAC= SRC=178.46.94.54 DST=14.99.80.224 LEN=129 TOS=0x00 PREC=0x00 TTL=113 ID=17022 PROTO=UDP SPT=6881 DPT=42194 LEN=109 
Apr  6 07:57:46 kashrinivaasan-Inspiron-1545 kernel: [42354.713662] sd 6:0:0:0: [sdb] Test WP failed, assume Write Enabled
Apr  6 07:57:46 kashrinivaasan-Inspiron-1545 kernel: [42354.716053] sd 6:0:0:0: [sdb] Asking for cache data failed
Apr  6 07:57:46 kashrinivaasan-Inspiron-1545 kernel: [42354.716062] sd 6:0:0:0: [sdb] Assuming drive cache: write through
Apr  6 07:58:07 kashrinivaasan-Inspiron-1545 kernel: [42375.340772] [UFW BLOCK] IN=ppp0 OUT= MAC= SRC=201.141.86.22 DST=14.99.80.224 LEN=132 TOS=0x00 PREC=0x00 TTL=40 ID=18653 PROTO=UDP SPT=23689 DPT=42194 LEN=112 
Apr  6 07:58:25 kashrinivaasan-Inspiron-1545 kernel: [42393.537775] [UFW BLOCK] IN=ppp0 OUT= MAC= SRC=37.204.34.126 DST=14.99.80.224 LEN=145 TOS=0x00 PREC=0x00 TTL=114 ID=5896 PROTO=UDP SPT=25425 DPT=42194 LEN=125 
Apr  6 07:58:38 kashrinivaasan-Inspiron-1545 kernel: [42406.425423] sd 6:0:0:0: [sdb] Test WP failed, assume Write Enabled
Apr  6 07:58:38 kashrinivaasan-Inspiron-1545 kernel: [42406.427778] sd 6:0:0:0: [sdb] Asking for cache data failed
Apr  6 07:58:38 kashrinivaasan-Inspiron-1545 kernel: [42406.427786] sd 6:0:0:0: [sdb] Assuming drive cache: write through
Apr  6 07:58:42 kashrinivaasan-Inspiron-1545 kernel: [42410.605776] [UFW BLOCK] IN=ppp0 OUT= MAC= SRC=93.108.55.56 DST=14.99.80.224 LEN=131 TOS=0x00 PREC=0x00 TTL=111 ID=427 PROTO=UDP SPT=57396 DPT=42194 LEN=111 
Apr  6 07:59:07 kashrinivaasan-Inspiron-1545 kernel: [42434.905785] [UFW BLOCK] IN=ppp0 OUT= MAC= SRC=50.65.65.121 DST=14.99.80.224 LEN=131 TOS=0x00 PREC=0x00 TTL=110 ID=6824 PROTO=UDP SPT=29240 DPT=42194 LEN=111 
Apr  6 07:59:25 kashrinivaasan-Inspiron-1545 kernel: [42452.951786] [UFW BLOCK] IN=ppp0 OUT= MAC= SRC=46.191.233.34 DST=14.99.80.224 LEN=145 TOS=0x00 PREC=0x00 TTL=112 ID=21873 PROTO=UDP SPT=12252 DPT=42194 LEN=125 
Apr  6 07:59:30 kashrinivaasan-Inspiron-1545 kernel: [42458.137077] sd 6:0:0:0: [sdb] Test WP failed, assume Write Enabled
Apr  6 07:59:30 kashrinivaasan-Inspiron-1545 kernel: [42458.139311] sd 6:0:0:0: [sdb] Asking for cache data failed
Apr  6 07:59:30 kashrinivaasan-Inspiron-1545 kernel: [42458.139317] sd 6:0:0:0: [sdb] Assuming drive cache: write through
Apr  6 07:59:42 kashrinivaasan-Inspiron-1545 kernel: [42470.552792] [UFW BLOCK] IN=ppp0 OUT= MAC= SRC=79.229.42.22 DST=14.99.80.224 LEN=134 TOS=0x00 PREC=0x00 TTL=113 ID=17820 DF PROTO=UDP SPT=49163 DPT=42194 LEN=114 
Apr  6 08:00:08 kashrinivaasan-Inspiron-1545 kernel: [42496.318791] [UFW BLOCK] IN=ppp0 OUT= MAC= SRC=96.250.252.210 DST=14.99.80.224 LEN=131 TOS=0x00 PREC=0x00 TTL=116 ID=31776 PROTO=UDP SPT=58163 DPT=42194 LEN=111 
Apr  6 08:00:21 kashrinivaasan-Inspiron-1545 kernel: [42509.849310] sd 6:0:0:0: [sdb] Test WP failed, assume Write Enabled
Apr  6 08:00:21 kashrinivaasan-Inspiron-1545 kernel: [42509.851675] sd 6:0:0:0: [sdb] Asking for cache data failed
Apr  6 08:00:21 kashrinivaasan-Inspiron-1545 kernel: [42509.851683] sd 6:0:0:0: [sdb] Assuming drive cache: write through
Apr  6 08:00:27 kashrinivaasan-Inspiron-1545 kernel: [42515.412706] [UFW BLOCK] IN=ppp0 OUT= MAC= SRC=121.211.226.214 DST=14.99.80.224 LEN=131 TOS=0x00 PREC=0x00 TTL=45 ID=38356 PROTO=UDP SPT=26085 DPT=42194 LEN=111 
Apr  6 08:00:41 kashrinivaasan-Inspiron-1545 kernel: [42529.853798] [UFW BLOCK] IN=ppp0 OUT= MAC= SRC=80.252.64.86 DST=14.99.80.224 LEN=131 TOS=0x00 PREC=0x00 TTL=112 ID=28414 PROTO=UDP SPT=56142 DPT=42194 LEN=111 
Apr  6 08:01:04 kashrinivaasan-Inspiron-1545 kernel: [42552.434800] [UFW BLOCK] IN=ppp0 OUT= MAC= SRC=90.181.64.169 DST=14.99.80.224 LEN=129 TOS=0x00 PREC=0x00 TTL=111 ID=803 PROTO=UDP SPT=6881 DPT=42194 LEN=109 
Apr  6 08:01:13 kashrinivaasan-Inspiron-1545 kernel: [42561.556974] sd 6:0:0:0: [sdb] Test WP failed, assume Write Enabled
Apr  6 08:01:13 kashrinivaasan-Inspiron-1545 kernel: [42561.559088] sd 6:0:0:0: [sdb] Asking for cache data failed
Apr  6 08:01:13 kashrinivaasan-Inspiron-1545 kernel: [42561.559094] sd 6:0:0:0: [sdb] Assuming drive cache: write through
Apr  6 08:01:27 kashrinivaasan-Inspiron-1545 kernel: [42575.206804] [UFW BLOCK] IN=ppp0 OUT= MAC= SRC=95.53.105.221 DST=14.99.80.224 LEN=145 TOS=0x00 PREC=0x00 TTL=114 ID=28585 PROTO=UDP SPT=1150 DPT=42194 LEN=125 
Apr  6 08:01:42 kashrinivaasan-Inspiron-1545 kernel: [42589.864818] [UFW BLOCK] IN=ppp0 OUT= MAC= SRC=213.57.85.47 DST=14.99.80.224 LEN=131 TOS=0x00 PREC=0x00 TTL=111 ID=16348 PROTO=UDP SPT=20679 DPT=42194 LEN=111 
Apr  6 08:02:05 kashrinivaasan-Inspiron-1545 kernel: [42613.273337] sd 6:0:0:0: [sdb] Test WP failed, assume Write Enabled
Apr  6 08:02:05 kashrinivaasan-Inspiron-1545 kernel: [42613.275692] sd 6:0:0:0: [sdb] Asking for cache data failed
Apr  6 08:02:05 kashrinivaasan-Inspiron-1545 kernel: [42613.275701] sd 6:0:0:0: [sdb] Assuming drive cache: write through
Apr  6 08:02:09 kashrinivaasan-Inspiron-1545 kernel: [42617.213821] [UFW BLOCK] IN=ppp0 OUT= MAC= SRC=76.187.106.82 DST=14.99.80.224 LEN=131 TOS=0x00 PREC=0x00 TTL=110 ID=25284 PROTO=UDP SPT=12148 DPT=42194 LEN=111 
Apr  6 08:02:30 kashrinivaasan-Inspiron-1545 kernel: [42638.033810] [UFW BLOCK] IN=ppp0 OUT= MAC= SRC=176.123.242.164 DST=14.99.80.224 LEN=134 TOS=0x08 PREC=0x00 TTL=111 ID=54202 PROTO=UDP SPT=55517 DPT=42194 LEN=114 
Apr  6 08:02:45 kashrinivaasan-Inspiron-1545 kernel: [42653.804818] [UFW BLOCK] IN=ppp0 OUT= MAC= SRC=50.172.164.3 DST=14.99.80.224 LEN=129 TOS=0x00 PREC=0x00 TTL=50 ID=16001 PROTO=UDP SPT=6890 DPT=42194 LEN=109 
Apr  6 08:02:57 kashrinivaasan-Inspiron-1545 kernel: [42664.985222] sd 6:0:0:0: [sdb] Test WP failed, assume Write Enabled
Apr  6 08:02:57 kashrinivaasan-Inspiron-1545 kernel: [42664.987509] sd 6:0:0:0: [sdb] Asking for cache data failed
Apr  6 08:02:57 kashrinivaasan-Inspiron-1545 kernel: [42664.987517] sd 6:0:0:0: [sdb] Assuming drive cache: write through
Apr  6 08:03:03 kashrinivaasan-Inspiron-1545 kernel: [42671.378828] [UFW BLOCK] IN=ppp0 OUT= MAC= SRC=221.153.189.135 DST=14.99.80.224 LEN=131 TOS=0x00 PREC=0x00 TTL=105 ID=14812 PROTO=UDP SPT=33414 DPT=42194 LEN=111 
Apr  6 08:03:26 kashrinivaasan-Inspiron-1545 kernel: [42694.661830] [UFW BLOCK] IN=ppp0 OUT= MAC= SRC=41.252.21.89 DST=14.99.80.224 LEN=131 TOS=0x00 PREC=0x00 TTL=46 ID=29074 PROTO=UDP SPT=16939 DPT=42194 LEN=111 
Apr  6 08:03:47 kashrinivaasan-Inspiron-1545 kernel: [42715.736836] [UFW BLOCK] IN=ppp0 OUT= MAC= SRC=79.4.42.101 DST=14.99.80.224 LEN=129 TOS=0x00 PREC=0x00 TTL=45 ID=0 DF PROTO=UDP SPT=1311 DPT=42194 LEN=109 
Apr  6 08:03:48 kashrinivaasan-Inspiron-1545 kernel: [42716.697483] sd 6:0:0:0: [sdb] Test WP failed, assume Write Enabled
Apr  6 08:03:48 kashrinivaasan-Inspiron-1545 kernel: [42716.699764] sd 6:0:0:0: [sdb] Asking for cache data failed
Apr  6 08:03:48 kashrinivaasan-Inspiron-1545 kernel: [42716.699772] sd 6:0:0:0: [sdb] Assuming drive cache: write through
Apr  6 08:04:03 kashrinivaasan-Inspiron-1545 kernel: [42731.214831] [UFW BLOCK] IN=ppp0 OUT= MAC= SRC=117.212.78.191 DST=14.99.80.224 LEN=131 TOS=0x00 PREC=0x20 TTL=120 ID=4739 PROTO=UDP SPT=45581 DPT=42194 LEN=111 
Apr  6 08:04:24 kashrinivaasan-Inspiron-1545 kernel: [42752.742841] [UFW BLOCK] IN=ppp0 OUT= MAC= SRC=124.107.187.213 DST=14.99.80.224 LEN=131 TOS=0x00 PREC=0x00 TTL=114 ID=12357 PROTO=UDP SPT=51949 DPT=42194 LEN=111 
Apr  6 08:04:40 kashrinivaasan-Inspiron-1545 kernel: [42768.409615] sd 6:0:0:0: [sdb] Test WP failed, assume Write Enabled
Apr  6 08:04:40 kashrinivaasan-Inspiron-1545 kernel: [42768.411986] sd 6:0:0:0: [sdb] Asking for cache data failed
Apr  6 08:04:40 kashrinivaasan-Inspiron-1545 kernel: [42768.411994] sd 6:0:0:0: [sdb] Assuming drive cache: write through
Apr  6 08:04:42 kashrinivaasan-Inspiron-1545 kernel: [42770.506849] [UFW BLOCK] IN=ppp0 OUT= MAC= SRC=122.163.21.33 DST=14.99.80.224 LEN=131 TOS=0x00 PREC=0x00 TTL=115 ID=30909 PROTO=UDP SPT=10162 DPT=42194 LEN=111 
Apr  6 08:05:15 kashrinivaasan-Inspiron-1545 kernel: [42803.151731] [UFW BLOCK] IN=ppp0 OUT= MAC= SRC=186.15.43.31 DST=14.99.80.224 LEN=131 TOS=0x00 PREC=0x00 TTL=108 ID=723 PROTO=UDP SPT=22438 DPT=42194 LEN=111 
Apr  6 08:05:27 kashrinivaasan-Inspiron-1545 kernel: [42815.798763] [UFW BLOCK] IN=ppp0 OUT= MAC= SRC=87.3.178.172 DST=14.99.80.224 LEN=131 TOS=0x00 PREC=0x00 TTL=111 ID=18132 PROTO=UDP SPT=21105 DPT=42194 LEN=111 
Apr  6 08:05:32 kashrinivaasan-Inspiron-1545 kernel: [42820.121376] sd 6:0:0:0: [sdb] Test WP failed, assume Write Enabled
Apr  6 08:05:32 kashrinivaasan-Inspiron-1545 kernel: [42820.123663] sd 6:0:0:0: [sdb] Asking for cache data failed
Apr  6 08:05:32 kashrinivaasan-Inspiron-1545 kernel: [42820.123672] sd 6:0:0:0: [sdb] Assuming drive cache: write through
Apr  6 08:05:52 kashrinivaasan-Inspiron-1545 kernel: [42840.255861] [UFW BLOCK] IN=ppp0 OUT= MAC= SRC=31.182.70.241 DST=14.99.80.224 LEN=131 TOS=0x00 PREC=0x00 TTL=106 ID=16811 PROTO=UDP SPT=1433 DPT=42194 LEN=111 
Apr  6 08:06:05 kashrinivaasan-Inspiron-1545 kernel: [42853.320864] [UFW BLOCK] IN=ppp0 OUT= MAC= SRC=83.179.2.46 DST=14.99.80.224 LEN=131 TOS=0x00 PREC=0x00 TTL=112 ID=30481 PROTO=UDP SPT=10618 DPT=42194 LEN=111 
Apr  6 08:06:21 kashrinivaasan-Inspiron-1545 kernel: [42869.483807] [UFW BLOCK] IN=ppp0 OUT= MAC= SRC=92.251.85.33 DST=14.99.80.224 LEN=129 TOS=0x00 PREC=0x00 TTL=110 ID=15054 PROTO=UDP SPT=62580 DPT=42194 LEN=109 
Apr  6 08:06:23 kashrinivaasan-Inspiron-1545 kernel: [42871.833385] sd 6:0:0:0: [sdb] Test WP failed, assume Write Enabled
Apr  6 08:06:23 kashrinivaasan-Inspiron-1545 kernel: [42871.835797] sd 6:0:0:0: [sdb] Asking for cache data failed
Apr  6 08:06:23 kashrinivaasan-Inspiron-1545 kernel: [42871.835805] sd 6:0:0:0: [sdb] Assuming drive cache: write through
Apr  6 08:06:43 kashrinivaasan-Inspiron-1545 kernel: [42891.505872] [UFW BLOCK] IN=ppp0 OUT= MAC= SRC=41.254.3.26 DST=14.99.80.224 LEN=131 TOS=0x00 PREC=0x00 TTL=109 ID=7919 PROTO=UDP SPT=56256 DPT=42194 LEN=111 
Apr  6 08:07:02 kashrinivaasan-Inspiron-1545 kernel: [42910.112880] [UFW BLOCK] IN=ppp0 OUT= MAC= SRC=50.92.239.193 DST=14.99.80.224 LEN=138 TOS=0x04 PREC=0x00 TTL=48 ID=0 DF PROTO=UDP SPT=61602 DPT=56500 LEN=118 
Apr  6 08:07:15 kashrinivaasan-Inspiron-1545 kernel: [42923.545525] sd 6:0:0:0: [sdb] Test WP failed, assume Write Enabled
Apr  6 08:07:15 kashrinivaasan-Inspiron-1545 kernel: [42923.547810] sd 6:0:0:0: [sdb] Asking for cache data failed
Apr  6 08:07:15 kashrinivaasan-Inspiron-1545 kernel: [42923.547819] sd 6:0:0:0: [sdb] Assuming drive cache: write through
Apr  6 08:07:22 kashrinivaasan-Inspiron-1545 kernel: [42930.436800] [UFW BLOCK] IN=ppp0 OUT= MAC= SRC=114.161.1.249 DST=14.99.80.224 LEN=131 TOS=0x00 PREC=0x00 TTL=106 ID=25586 PROTO=UDP SPT=47711 DPT=42194 LEN=111 
Apr  6 08:07:41 kashrinivaasan-Inspiron-1545 kernel: [42949.538887] [UFW BLOCK] IN=ppp0 OUT= MAC= SRC=176.110.238.74 DST=14.99.80.224 LEN=145 TOS=0x00 PREC=0x00 TTL=114 ID=4204 PROTO=UDP SPT=61940 DPT=42194 LEN=125 
Apr  6 08:08:06 kashrinivaasan-Inspiron-1545 kernel: [42974.355883] [UFW BLOCK] IN=ppp0 OUT= MAC= SRC=174.125.137.20 DST=14.99.80.224 LEN=131 TOS=0x00 PREC=0x00 TTL=110 ID=30565 PROTO=UDP SPT=12872 DPT=42194 LEN=111 
Apr  6 08:08:07 kashrinivaasan-Inspiron-1545 kernel: [42975.257532] sd 6:0:0:0: [sdb] Test WP failed, assume Write Enabled
Apr  6 08:08:07 kashrinivaasan-Inspiron-1545 kernel: [42975.259821] sd 6:0:0:0: [sdb] Asking for cache data failed
Apr  6 08:08:07 kashrinivaasan-Inspiron-1545 kernel: [42975.259829] sd 6:0:0:0: [sdb] Assuming drive cache: write through
Apr  6 08:08:25 kashrinivaasan-Inspiron-1545 kernel: [42993.840893] [UFW BLOCK] IN=ppp0 OUT= MAC= SRC=103.2.132.68 DST=14.99.80.224 LEN=131 TOS=0x00 PREC=0x00 TTL=118 ID=18166 PROTO=UDP SPT=59325 DPT=42194 LEN=111 
Apr  6 08:08:41 kashrinivaasan-Inspiron-1545 kernel: [43009.465896] [UFW BLOCK] IN=ppp0 OUT= MAC= SRC=190.105.74.253 DST=14.99.80.224 LEN=131 TOS=0x00 PREC=0x00 TTL=116 ID=4738 PROTO=UDP SPT=14458 DPT=42194 LEN=111 
Apr  6 08:08:59 kashrinivaasan-Inspiron-1545 kernel: [43026.969336] sd 6:0:0:0: [sdb] Test WP failed, assume Write Enabled
Apr  6 08:08:59 kashrinivaasan-Inspiron-1545 kernel: [43026.971684] sd 6:0:0:0: [sdb] Asking for cache data failed
Apr  6 08:08:59 kashrinivaasan-Inspiron-1545 kernel: [43026.971691] sd 6:0:0:0: [sdb] Assuming drive cache: write through
Apr  6 08:09:04 kashrinivaasan-Inspiron-1545 kernel: [43032.497898] [UFW BLOCK] IN=ppp0 OUT= MAC= SRC=174.91.104.105 DST=14.99.80.224 LEN=131 TOS=0x00 PREC=0x00 TTL=111 ID=25513 PROTO=UDP SPT=38505 DPT=42194 LEN=111 
Apr  6 08:09:21 kashrinivaasan-Inspiron-1545 kernel: [43049.758899] [UFW BLOCK] IN=ppp0 OUT= MAC= SRC=24.36.163.3 DST=14.99.80.224 LEN=131 TOS=0x00 PREC=0x00 TTL=112 ID=6301 PROTO=UDP SPT=46161 DPT=42194 LEN=111 
Apr  6 08:09:50 kashrinivaasan-Inspiron-1545 kernel: [43078.681428] sd 6:0:0:0: [sdb] Test WP failed, assume Write Enabled
Apr  6 08:09:50 kashrinivaasan-Inspiron-1545 kernel: [43078.683840] sd 6:0:0:0: [sdb] Asking for cache data failed
Apr  6 08:09:50 kashrinivaasan-Inspiron-1545 kernel: [43078.683848] sd 6:0:0:0: [sdb] Assuming drive cache: write through
Apr  6 08:09:52 kashrinivaasan-Inspiron-1545 kernel: [43080.111898] [UFW BLOCK] IN=ppp0 OUT= MAC= SRC=124.82.59.203 DST=14.99.80.224 LEN=131 TOS=0x00 PREC=0x00 TTL=117 ID=9209 PROTO=UDP SPT=37515 DPT=42194 LEN=111 
Apr  6 08:10:07 kashrinivaasan-Inspiron-1545 kernel: [43095.182911] [UFW BLOCK] IN=ppp0 OUT= MAC= SRC=92.110.136.25 DST=14.99.80.224 LEN=134 TOS=0x00 PREC=0x00 TTL=116 ID=32329 PROTO=UDP SPT=44523 DPT=42194 LEN=114 
Apr  6 08:10:21 kashrinivaasan-Inspiron-1545 kernel: [43109.775909] [UFW BLOCK] IN=ppp0 OUT= MAC= SRC=112.135.69.32 DST=14.99.80.224 LEN=131 TOS=0x00 PREC=0x00 TTL=113 ID=18394 PROTO=UDP SPT=10044 DPT=42194 LEN=111 
Apr  6 08:10:42 kashrinivaasan-Inspiron-1545 kernel: [43130.393463] sd 6:0:0:0: [sdb] Test WP failed, assume Write Enabled
Apr  6 08:10:42 kashrinivaasan-Inspiron-1545 kernel: [43130.395739] sd 6:0:0:0: [sdb] Asking for cache data failed
Apr  6 08:10:42 kashrinivaasan-Inspiron-1545 kernel: [43130.395746] sd 6:0:0:0: [sdb] Assuming drive cache: write through
Apr  6 08:10:44 kashrinivaasan-Inspiron-1545 kernel: [43132.581924] [UFW BLOCK] IN=ppp0 OUT= MAC= SRC=98.161.17.111 DST=14.99.80.224 LEN=131 TOS=0x00 PREC=0x00 TTL=110 ID=15002 PROTO=UDP SPT=57988 DPT=42194 LEN=111 
Apr  6 08:11:08 kashrinivaasan-Inspiron-1545 kernel: [43156.318916] [UFW BLOCK] IN=ppp0 OUT= MAC= SRC=5.76.213.248 DST=14.99.80.224 LEN=145 TOS=0x00 PREC=0x00 TTL=116 ID=18387 PROTO=UDP SPT=29419 DPT=42194 LEN=125 
Apr  6 08:11:22 kashrinivaasan-Inspiron-1545 kernel: [43170.627925] [UFW BLOCK] IN=ppp0 OUT= MAC= SRC=109.248.124.176 DST=14.99.80.224 LEN=131 TOS=0x00 PREC=0x00 TTL=117 ID=16813 PROTO=UDP SPT=59946 DPT=42194 LEN=111 
Apr  6 08:11:34 kashrinivaasan-Inspiron-1545 kernel: [43182.105569] sd 6:0:0:0: [sdb] Test WP failed, assume Write Enabled
Apr  6 08:11:34 kashrinivaasan-Inspiron-1545 kernel: [43182.107946] sd 6:0:0:0: [sdb] Asking for cache data failed
Apr  6 08:11:34 kashrinivaasan-Inspiron-1545 kernel: [43182.107954] sd 6:0:0:0: [sdb] Assuming drive cache: write through
Apr  6 08:11:42 kashrinivaasan-Inspiron-1545 kernel: [43190.091956] [UFW BLOCK] IN=ppp0 OUT= MAC= SRC=88.139.145.87 DST=14.99.80.224 LEN=131 TOS=0x00 PREC=0x00 TTL=112 ID=21143 PROTO=UDP SPT=56435 DPT=42194 LEN=111 
Apr  6 08:12:03 kashrinivaasan-Inspiron-1545 kernel: [43211.428935] [UFW BLOCK] IN=ppp0 OUT= MAC= SRC=95.23.49.158 DST=14.99.80.224 LEN=131 TOS=0x00 PREC=0x00 TTL=109 ID=18832 PROTO=UDP SPT=19704 DPT=42194 LEN=111 
Apr  6 08:12:25 kashrinivaasan-Inspiron-1545 kernel: [43233.817334] sd 6:0:0:0: [sdb] Test WP failed, assume Write Enabled
Apr  6 08:12:25 kashrinivaasan-Inspiron-1545 kernel: [43233.819688] sd 6:0:0:0: [sdb] Asking for cache data failed
Apr  6 08:12:25 kashrinivaasan-Inspiron-1545 kernel: [43233.819696] sd 6:0:0:0: [sdb] Assuming drive cache: write through
Apr  6 08:12:29 kashrinivaasan-Inspiron-1545 kernel: [43236.947938] [UFW BLOCK] IN=ppp0 OUT= MAC= SRC=114.77.114.115 DST=14.99.80.224 LEN=131 TOS=0x00 PREC=0x00 TTL=112 ID=16244 PROTO=UDP SPT=29062 DPT=42194 LEN=111 
Apr  6 08:12:41 kashrinivaasan-Inspiron-1545 kernel: [43249.799946] [UFW BLOCK] IN=ppp0 OUT= MAC= SRC=75.115.204.249 DST=14.99.80.224 LEN=134 TOS=0x00 PREC=0x00 TTL=109 ID=36967 PROTO=UDP SPT=49458 DPT=42194 LEN=114 
Apr  6 08:13:07 kashrinivaasan-Inspiron-1545 kernel: [43274.862938] [UFW BLOCK] IN=ppp0 OUT= MAC= SRC=68.103.239.208 DST=14.99.80.224 LEN=131 TOS=0x00 PREC=0x00 TTL=110 ID=47522 PROTO=UDP SPT=44873 DPT=42194 LEN=111 
Apr  6 08:13:17 kashrinivaasan-Inspiron-1545 kernel: [43285.529346] sd 6:0:0:0: [sdb] Test WP failed, assume Write Enabled
Apr  6 08:13:17 kashrinivaasan-Inspiron-1545 kernel: [43285.531838] sd 6:0:0:0: [sdb] Asking for cache data failed
Apr  6 08:13:17 kashrinivaasan-Inspiron-1545 kernel: [43285.531846] sd 6:0:0:0: [sdb] Assuming drive cache: write through
Apr  6 08:13:22 kashrinivaasan-Inspiron-1545 kernel: [43289.933945] [UFW BLOCK] IN=ppp0 OUT= MAC= SRC=83.205.170.232 DST=14.99.80.224 LEN=131 TOS=0x00 PREC=0x00 TTL=112 ID=12467 PROTO=UDP SPT=40763 DPT=42194 LEN=111 
Apr  6 08:13:42 kashrinivaasan-Inspiron-1545 kernel: [43310.062948] [UFW BLOCK] IN=ppp0 OUT= MAC= SRC=79.153.123.179 DST=14.99.80.224 LEN=134 TOS=0x00 PREC=0x00 TTL=49 ID=23420 PROTO=UDP SPT=48970 DPT=42194 LEN=114 
Apr  6 08:14:07 kashrinivaasan-Inspiron-1545 kernel: [43335.710946] [UFW BLOCK] IN=ppp0 OUT= MAC= SRC=37.45.204.38 DST=14.99.80.224 LEN=131 TOS=0x00 PREC=0x00 TTL=109 ID=30862 PROTO=UDP SPT=1036 DPT=42194 LEN=111 
Apr  6 08:14:09 kashrinivaasan-Inspiron-1545 kernel: [43337.241354] sd 6:0:0:0: [sdb] Test WP failed, assume Write Enabled
Apr  6 08:14:09 kashrinivaasan-Inspiron-1545 kernel: [43337.243514] sd 6:0:0:0: [sdb] Asking for cache data failed
Apr  6 08:14:09 kashrinivaasan-Inspiron-1545 kernel: [43337.243522] sd 6:0:0:0: [sdb] Assuming drive cache: write through
Apr  6 08:14:27 kashrinivaasan-Inspiron-1545 kernel: [43355.266961] [UFW BLOCK] IN=ppp0 OUT= MAC= SRC=69.80.28.176 DST=14.99.80.224 LEN=131 TOS=0x00 PREC=0x00 TTL=112 ID=10612 PROTO=UDP SPT=30492 DPT=42194 LEN=111 
Apr  6 08:14:42 kashrinivaasan-Inspiron-1545 kernel: [43370.094975] [UFW BLOCK] IN=ppp0 OUT= MAC= SRC=58.107.253.222 DST=14.99.80.224 LEN=131 TOS=0x00 PREC=0x00 TTL=113 ID=34786 PROTO=UDP SPT=56211 DPT=42194 LEN=111 
Apr  6 08:15:01 kashrinivaasan-Inspiron-1545 kernel: [43388.953364] sd 6:0:0:0: [sdb] Test WP failed, assume Write Enabled
Apr  6 08:15:01 kashrinivaasan-Inspiron-1545 kernel: [43388.955635] sd 6:0:0:0: [sdb] Asking for cache data failed
Apr  6 08:15:01 kashrinivaasan-Inspiron-1545 kernel: [43388.955643] sd 6:0:0:0: [sdb] Assuming drive cache: write through
Apr  6 08:15:06 kashrinivaasan-Inspiron-1545 kernel: [43394.589966] [UFW BLOCK] IN=ppp0 OUT= MAC= SRC=177.132.82.171 DST=14.99.80.224 LEN=129 TOS=0x00 PREC=0x00 TTL=111 ID=18793 PROTO=UDP SPT=6881 DPT=42194 LEN=109 
Apr  6 08:15:23 kashrinivaasan-Inspiron-1545 kernel: [43411.778862] [UFW BLOCK] IN=ppp0 OUT= MAC= SRC=188.244.210.129 DST=14.99.80.224 LEN=129 TOS=0x00 PREC=0x00 TTL=116 ID=13097 PROTO=UDP SPT=1681 DPT=42194 LEN=109 
Apr  6 08:15:52 kashrinivaasan-Inspiron-1545 kernel: [43440.665374] sd 6:0:0:0: [sdb] Test WP failed, assume Write Enabled
Apr  6 08:15:52 kashrinivaasan-Inspiron-1545 kernel: [43440.667670] sd 6:0:0:0: [sdb] Asking for cache data failed
Apr  6 08:15:52 kashrinivaasan-Inspiron-1545 kernel: [43440.667678] sd 6:0:0:0: [sdb] Assuming drive cache: write through
Apr  6 08:15:52 kashrinivaasan-Inspiron-1545 kernel: [43440.678863] [UFW BLOCK] IN=ppp0 OUT= MAC= SRC=201.75.87.190 DST=14.99.80.224 LEN=131 TOS=0x00 PREC=0x00 TTL=111 ID=30964 PROTO=UDP SPT=18139 DPT=42194 LEN=111 
Apr  6 08:16:06 kashrinivaasan-Inspiron-1545 kernel: [43454.373983] [UFW BLOCK] IN=ppp0 OUT= MAC= SRC=121.54.32.158 DST=14.99.80.224 LEN=131 TOS=0x00 PREC=0x00 TTL=107 ID=459 PROTO=UDP SPT=23642 DPT=42194 LEN=111 
Apr  6 08:16:24 kashrinivaasan-Inspiron-1545 kernel: [43472.820985] [UFW BLOCK] IN=ppp0 OUT= MAC= SRC=31.48.15.244 DST=14.99.80.224 LEN=131 TOS=0x00 PREC=0x00 TTL=46 ID=0 DF PROTO=UDP SPT=6881 DPT=42194 LEN=111 
Apr  6 08:16:44 kashrinivaasan-Inspiron-1545 kernel: [43492.377384] sd 6:0:0:0: [sdb] Test WP failed, assume Write Enabled
Apr  6 08:16:44 kashrinivaasan-Inspiron-1545 kernel: [43492.379879] sd 6:0:0:0: [sdb] Asking for cache data failed
Apr  6 08:16:44 kashrinivaasan-Inspiron-1545 kernel: [43492.379887] sd 6:0:0:0: [sdb] Assuming drive cache: write through
Apr  6 08:16:50 kashrinivaasan-Inspiron-1545 kernel: [43498.014990] [UFW BLOCK] IN=ppp0 OUT= MAC= SRC=213.92.172.90 DST=14.99.80.224 LEN=131 TOS=0x00 PREC=0x00 TTL=109 ID=16935 PROTO=UDP SPT=57330 DPT=42194 LEN=111 
Apr  6 08:17:07 kashrinivaasan-Inspiron-1545 kernel: [43515.852993] [UFW BLOCK] IN=ppp0 OUT= MAC= SRC=179.211.178.172 DST=14.99.80.224 LEN=131 TOS=0x00 PREC=0x00 TTL=111 ID=19937 PROTO=UDP SPT=52309 DPT=42194 LEN=111 
Apr  6 08:17:22 kashrinivaasan-Inspiron-1545 kernel: [43530.065894] [UFW BLOCK] IN=ppp0 OUT= MAC= SRC=5.105.124.99 DST=14.99.80.224 LEN=131 TOS=0x00 PREC=0x00 TTL=113 ID=3060 PROTO=UDP SPT=56910 DPT=42194 LEN=111 
Apr  6 08:17:36 kashrinivaasan-Inspiron-1545 kernel: [43544.089394] sd 6:0:0:0: [sdb] Test WP failed, assume Write Enabled
Apr  6 08:17:36 kashrinivaasan-Inspiron-1545 kernel: [43544.091751] sd 6:0:0:0: [sdb] Asking for cache data failed
Apr  6 08:17:36 kashrinivaasan-Inspiron-1545 kernel: [43544.091759] sd 6:0:0:0: [sdb] Assuming drive cache: write through
Apr  6 08:17:42 kashrinivaasan-Inspiron-1545 kernel: [43550.032218] [UFW BLOCK] IN=ppp0 OUT= MAC= SRC=50.66.20.150 DST=14.99.80.224 LEN=131 TOS=0x00 PREC=0x00 TTL=108 ID=18582 PROTO=UDP SPT=19374 DPT=42194 LEN=111 
Apr  6 08:18:02 kashrinivaasan-Inspiron-1545 kernel: [43570.034007] [UFW BLOCK] IN=ppp0 OUT= MAC= SRC=186.223.133.24 DST=14.99.80.224 LEN=131 TOS=0x00 PREC=0x00 TTL=111 ID=5607 PROTO=UDP SPT=16902 DPT=42194 LEN=111 
Apr  6 08:18:26 kashrinivaasan-Inspiron-1545 kernel: [43593.891007] [UFW BLOCK] IN=ppp0 OUT= MAC= SRC=79.4.42.101 DST=14.99.80.224 LEN=129 TOS=0x00 PREC=0x00 TTL=45 ID=0 DF PROTO=UDP SPT=34728 DPT=42194 LEN=109 
Apr  6 08:18:27 kashrinivaasan-Inspiron-1545 kernel: [43595.801529] sd 6:0:0:0: [sdb] Test WP failed, assume Write Enabled
Apr  6 08:18:27 kashrinivaasan-Inspiron-1545 kernel: [43595.803818] sd 6:0:0:0: [sdb] Asking for cache data failed
Apr  6 08:18:27 kashrinivaasan-Inspiron-1545 kernel: [43595.803826] sd 6:0:0:0: [sdb] Assuming drive cache: write through
Apr  6 08:18:46 kashrinivaasan-Inspiron-1545 kernel: [43614.806009] [UFW BLOCK] IN=ppp0 OUT= MAC= SRC=83.252.214.188 DST=14.99.80.224 LEN=131 TOS=0x00 PREC=0x00 TTL=109 ID=31552 PROTO=UDP SPT=25142 DPT=42194 LEN=111 
Apr  6 08:19:02 kashrinivaasan-Inspiron-1545 kernel: [43630.479929] [UFW BLOCK] IN=ppp0 OUT= MAC= SRC=5.138.224.183 DST=14.99.80.224 LEN=145 TOS=0x00 PREC=0x00 TTL=114 ID=18985 PROTO=UDP SPT=1042 DPT=42194 LEN=125 
Apr  6 08:19:19 kashrinivaasan-Inspiron-1545 kernel: [43647.513416] sd 6:0:0:0: [sdb] Test WP failed, assume Write Enabled
Apr  6 08:19:19 kashrinivaasan-Inspiron-1545 kernel: [43647.515771] sd 6:0:0:0: [sdb] Asking for cache data failed
Apr  6 08:19:19 kashrinivaasan-Inspiron-1545 kernel: [43647.515778] sd 6:0:0:0: [sdb] Assuming drive cache: write through
Apr  6 08:19:22 kashrinivaasan-Inspiron-1545 kernel: [43650.129019] [UFW BLOCK] IN=ppp0 OUT= MAC= SRC=178.164.71.68 DST=14.99.80.224 LEN=131 TOS=0x00 PREC=0x00 TTL=107 ID=13655 PROTO=UDP SPT=39563 DPT=42194 LEN=111 
Apr  6 08:19:42 kashrinivaasan-Inspiron-1545 kernel: [43670.242024] [UFW BLOCK] IN=ppp0 OUT= MAC= SRC=17.220.192.131 DST=14.99.80.224 LEN=131 TOS=0x00 PREC=0x00 TTL=47 ID=26592 PROTO=UDP SPT=6881 DPT=42194 LEN=111 
Apr  6 08:20:11 kashrinivaasan-Inspiron-1545 kernel: [43699.225327] sd 6:0:0:0: [sdb] Test WP failed, assume Write Enabled
Apr  6 08:20:11 kashrinivaasan-Inspiron-1545 kernel: [43699.227427] sd 6:0:0:0: [sdb] Asking for cache data failed
Apr  6 08:20:11 kashrinivaasan-Inspiron-1545 kernel: [43699.227433] sd 6:0:0:0: [sdb] Assuming drive cache: write through
Apr  6 08:20:12 kashrinivaasan-Inspiron-1545 kernel: [43699.998037] [UFW BLOCK] IN=ppp0 OUT= MAC= SRC=177.177.24.96 DST=14.99.80.224 LEN=131 TOS=0x00 PREC=0x00 TTL=114 ID=818 PROTO=UDP SPT=55324 DPT=42194 LEN=111 
Apr  6 08:20:23 kashrinivaasan-Inspiron-1545 kernel: [43711.303948] [UFW BLOCK] IN=ppp0 OUT= MAC= SRC=188.251.22.111 DST=14.99.80.224 LEN=131 TOS=0x00 PREC=0x00 TTL=111 ID=13786 PROTO=UDP SPT=48459 DPT=42194 LEN=111 
Apr  6 08:20:42 kashrinivaasan-Inspiron-1545 kernel: [43730.252955] [UFW BLOCK] IN=ppp0 OUT= MAC= SRC=78.25.120.62 DST=14.99.80.224 LEN=129 TOS=0x00 PREC=0x00 TTL=104 ID=24510 PROTO=UDP SPT=13936 DPT=42194 LEN=109 
Apr  6 08:21:03 kashrinivaasan-Inspiron-1545 kernel: [43750.937222] sd 6:0:0:0: [sdb] Test WP failed, assume Write Enabled
Apr  6 08:21:03 kashrinivaasan-Inspiron-1545 kernel: [43750.939465] sd 6:0:0:0: [sdb] Asking for cache data failed
Apr  6 08:21:03 kashrinivaasan-Inspiron-1545 kernel: [43750.939473] sd 6:0:0:0: [sdb] Assuming drive cache: write through
Apr  6 08:21:05 kashrinivaasan-Inspiron-1545 kernel: [43753.833034] [UFW BLOCK] IN=ppp0 OUT= MAC= SRC=197.226.211.101 DST=14.99.80.224 LEN=131 TOS=0x00 PREC=0x00 TTL=116 ID=16644 PROTO=UDP SPT=1053 DPT=42194 LEN=111 
Apr  6 08:21:54 kashrinivaasan-Inspiron-1545 kernel: [43802.649568] sd 6:0:0:0: [sdb] Test WP failed, assume Write Enabled
Apr  6 08:21:54 kashrinivaasan-Inspiron-1545 kernel: [43802.651734] sd 6:0:0:0: [sdb] Asking for cache data failed
Apr  6 08:21:54 kashrinivaasan-Inspiron-1545 kernel: [43802.651742] sd 6:0:0:0: [sdb] Assuming drive cache: write through
Apr  6 08:22:46 kashrinivaasan-Inspiron-1545 kernel: [43854.361457] sd 6:0:0:0: [sdb] Test WP failed, assume Write Enabled
Apr  6 08:22:46 kashrinivaasan-Inspiron-1545 kernel: [43854.363743] sd 6:0:0:0: [sdb] Asking for cache data failed
Apr  6 08:22:46 kashrinivaasan-Inspiron-1545 kernel: [43854.363751] sd 6:0:0:0: [sdb] Assuming drive cache: write through
Apr  6 08:23:38 kashrinivaasan-Inspiron-1545 kernel: [43906.073341] sd 6:0:0:0: [sdb] Test WP failed, assume Write Enabled
Apr  6 08:23:38 kashrinivaasan-Inspiron-1545 kernel: [43906.075719] sd 6:0:0:0: [sdb] Asking for cache data failed
Apr  6 08:23:38 kashrinivaasan-Inspiron-1545 kernel: [43906.075727] sd 6:0:0:0: [sdb] Assuming drive cache: write through
Apr  6 08:24:29 kashrinivaasan-Inspiron-1545 kernel: [43957.785253] sd 6:0:0:0: [sdb] Test WP failed, assume Write Enabled
Apr  6 08:24:29 kashrinivaasan-Inspiron-1545 kernel: [43957.787512] sd 6:0:0:0: [sdb] Asking for cache data failed
Apr  6 08:24:29 kashrinivaasan-Inspiron-1545 kernel: [43957.787520] sd 6:0:0:0: [sdb] Assuming drive cache: write through
Apr  6 08:25:21 kashrinivaasan-Inspiron-1545 kernel: [44009.497357] sd 6:0:0:0: [sdb] Test WP failed, assume Write Enabled
Apr  6 08:25:21 kashrinivaasan-Inspiron-1545 kernel: [44009.499735] sd 6:0:0:0: [sdb] Asking for cache data failed
Apr  6 08:25:21 kashrinivaasan-Inspiron-1545 kernel: [44009.499742] sd 6:0:0:0: [sdb] Assuming drive cache: write through
Apr  6 08:26:13 kashrinivaasan-Inspiron-1545 kernel: [44061.209498] sd 6:0:0:0: [sdb] Test WP failed, assume Write Enabled
Apr  6 08:26:13 kashrinivaasan-Inspiron-1545 kernel: [44061.211991] sd 6:0:0:0: [sdb] Asking for cache data failed
Apr  6 08:26:13 kashrinivaasan-Inspiron-1545 kernel: [44061.211999] sd 6:0:0:0: [sdb] Assuming drive cache: write through
Apr  6 08:27:05 kashrinivaasan-Inspiron-1545 kernel: [44112.921295] sd 6:0:0:0: [sdb] Test WP failed, assume Write Enabled
Apr  6 08:27:05 kashrinivaasan-Inspiron-1545 kernel: [44112.923645] sd 6:0:0:0: [sdb] Asking for cache data failed
Apr  6 08:27:05 kashrinivaasan-Inspiron-1545 kernel: [44112.923652] sd 6:0:0:0: [sdb] Assuming drive cache: write through
Apr  6 08:27:56 kashrinivaasan-Inspiron-1545 kernel: [44164.633138] sd 6:0:0:0: [sdb] Test WP failed, assume Write Enabled
Apr  6 08:27:56 kashrinivaasan-Inspiron-1545 kernel: [44164.635538] sd 6:0:0:0: [sdb] Asking for cache data failed
Apr  6 08:27:56 kashrinivaasan-Inspiron-1545 kernel: [44164.635546] sd 6:0:0:0: [sdb] Assuming drive cache: write through
Apr  6 08:28:48 kashrinivaasan-Inspiron-1545 kernel: [44216.345525] sd 6:0:0:0: [sdb] Test WP failed, assume Write Enabled
Apr  6 08:28:48 kashrinivaasan-Inspiron-1545 kernel: [44216.347808] sd 6:0:0:0: [sdb] Asking for cache data failed
Apr  6 08:28:48 kashrinivaasan-Inspiron-1545 kernel: [44216.347817] sd 6:0:0:0: [sdb] Assuming drive cache: write through
Apr  6 08:29:40 kashrinivaasan-Inspiron-1545 kernel: [44268.057535] sd 6:0:0:0: [sdb] Test WP failed, assume Write Enabled
Apr  6 08:29:40 kashrinivaasan-Inspiron-1545 kernel: [44268.059822] sd 6:0:0:0: [sdb] Asking for cache data failed
Apr  6 08:29:40 kashrinivaasan-Inspiron-1545 kernel: [44268.059830] sd 6:0:0:0: [sdb] Assuming drive cache: write through
Apr  6 08:30:31 kashrinivaasan-Inspiron-1545 kernel: [44319.769420] sd 6:0:0:0: [sdb] Test WP failed, assume Write Enabled
Apr  6 08:30:31 kashrinivaasan-Inspiron-1545 kernel: [44319.771780] sd 6:0:0:0: [sdb] Asking for cache data failed
Apr  6 08:30:31 kashrinivaasan-Inspiron-1545 kernel: [44319.771788] sd 6:0:0:0: [sdb] Assuming drive cache: write through
Apr  6 08:31:23 kashrinivaasan-Inspiron-1545 kernel: [44371.481330] sd 6:0:0:0: [sdb] Test WP failed, assume Write Enabled
Apr  6 08:31:23 kashrinivaasan-Inspiron-1545 kernel: [44371.483557] sd 6:0:0:0: [sdb] Asking for cache data failed
Apr  6 08:31:23 kashrinivaasan-Inspiron-1545 kernel: [44371.483563] sd 6:0:0:0: [sdb] Assuming drive cache: write through
Apr  6 08:32:15 kashrinivaasan-Inspiron-1545 kernel: [44423.193441] sd 6:0:0:0: [sdb] Test WP failed, assume Write Enabled
Apr  6 08:32:15 kashrinivaasan-Inspiron-1545 kernel: [44423.195807] sd 6:0:0:0: [sdb] Asking for cache data failed
Apr  6 08:32:15 kashrinivaasan-Inspiron-1545 kernel: [44423.195815] sd 6:0:0:0: [sdb] Assuming drive cache: write through
Apr  6 08:33:07 kashrinivaasan-Inspiron-1545 kernel: [44474.905450] sd 6:0:0:0: [sdb] Test WP failed, assume Write Enabled
Apr  6 08:33:07 kashrinivaasan-Inspiron-1545 kernel: [44474.907737] sd 6:0:0:0: [sdb] Asking for cache data failed
Apr  6 08:33:07 kashrinivaasan-Inspiron-1545 kernel: [44474.907745] sd 6:0:0:0: [sdb] Assuming drive cache: write through
Apr  6 08:33:58 kashrinivaasan-Inspiron-1545 kernel: [44526.617402] sd 6:0:0:0: [sdb] Test WP failed, assume Write Enabled
Apr  6 08:33:58 kashrinivaasan-Inspiron-1545 kernel: [44526.619760] sd 6:0:0:0: [sdb] Asking for cache data failed
Apr  6 08:33:58 kashrinivaasan-Inspiron-1545 kernel: [44526.619768] sd 6:0:0:0: [sdb] Assuming drive cache: write through
Apr  6 08:34:50 kashrinivaasan-Inspiron-1545 kernel: [44578.329349] sd 6:0:0:0: [sdb] Test WP failed, assume Write Enabled
Apr  6 08:34:50 kashrinivaasan-Inspiron-1545 kernel: [44578.331842] sd 6:0:0:0: [sdb] Asking for cache data failed
Apr  6 08:34:50 kashrinivaasan-Inspiron-1545 kernel: [44578.331850] sd 6:0:0:0: [sdb] Assuming drive cache: write through
Apr  6 08:35:42 kashrinivaasan-Inspiron-1545 kernel: [44630.041364] sd 6:0:0:0: [sdb] Test WP failed, assume Write Enabled
Apr  6 08:35:42 kashrinivaasan-Inspiron-1545 kernel: [44630.043716] sd 6:0:0:0: [sdb] Asking for cache data failed
Apr  6 08:35:42 kashrinivaasan-Inspiron-1545 kernel: [44630.043724] sd 6:0:0:0: [sdb] Assuming drive cache: write through
Apr  6 08:36:33 kashrinivaasan-Inspiron-1545 kernel: [44681.753241] sd 6:0:0:0: [sdb] Test WP failed, assume Write Enabled
Apr  6 08:36:33 kashrinivaasan-Inspiron-1545 kernel: [44681.755538] sd 6:0:0:0: [sdb] Asking for cache data failed
Apr  6 08:36:33 kashrinivaasan-Inspiron-1545 kernel: [44681.755546] sd 6:0:0:0: [sdb] Assuming drive cache: write through
Apr  6 08:37:25 kashrinivaasan-Inspiron-1545 kernel: [44733.465499] sd 6:0:0:0: [sdb] Test WP failed, assume Write Enabled
Apr  6 08:37:25 kashrinivaasan-Inspiron-1545 kernel: [44733.467872] sd 6:0:0:0: [sdb] Asking for cache data failed
Apr  6 08:37:25 kashrinivaasan-Inspiron-1545 kernel: [44733.467880] sd 6:0:0:0: [sdb] Assuming drive cache: write through
Apr  6 08:38:17 kashrinivaasan-Inspiron-1545 kernel: [44785.177512] sd 6:0:0:0: [sdb] Test WP failed, assume Write Enabled
Apr  6 08:38:17 kashrinivaasan-Inspiron-1545 kernel: [44785.179798] sd 6:0:0:0: [sdb] Asking for cache data failed
Apr  6 08:38:17 kashrinivaasan-Inspiron-1545 kernel: [44785.179807] sd 6:0:0:0: [sdb] Assuming drive cache: write through
Apr  6 08:39:09 kashrinivaasan-Inspiron-1545 kernel: [44836.889400] sd 6:0:0:0: [sdb] Test WP failed, assume Write Enabled
Apr  6 08:39:09 kashrinivaasan-Inspiron-1545 kernel: [44836.891892] sd 6:0:0:0: [sdb] Asking for cache data failed
Apr  6 08:39:09 kashrinivaasan-Inspiron-1545 kernel: [44836.891900] sd 6:0:0:0: [sdb] Assuming drive cache: write through
Apr  6 08:40:00 kashrinivaasan-Inspiron-1545 kernel: [44888.601410] sd 6:0:0:0: [sdb] Test WP failed, assume Write Enabled
Apr  6 08:40:00 kashrinivaasan-Inspiron-1545 kernel: [44888.603695] sd 6:0:0:0: [sdb] Asking for cache data failed
Apr  6 08:40:00 kashrinivaasan-Inspiron-1545 kernel: [44888.603703] sd 6:0:0:0: [sdb] Assuming drive cache: write through
Apr  6 08:40:52 kashrinivaasan-Inspiron-1545 kernel: [44940.308790] sd 6:0:0:0: [sdb] Test WP failed, assume Write Enabled
Apr  6 08:40:52 kashrinivaasan-Inspiron-1545 kernel: [44940.310935] sd 6:0:0:0: [sdb] Asking for cache data failed
Apr  6 08:40:52 kashrinivaasan-Inspiron-1545 kernel: [44940.310942] sd 6:0:0:0: [sdb] Assuming drive cache: write through
Apr  6 08:41:44 kashrinivaasan-Inspiron-1545 kernel: [44992.025298] sd 6:0:0:0: [sdb] Test WP failed, assume Write Enabled
Apr  6 08:41:44 kashrinivaasan-Inspiron-1545 kernel: [44992.027713] sd 6:0:0:0: [sdb] Asking for cache data failed
Apr  6 08:41:44 kashrinivaasan-Inspiron-1545 kernel: [44992.027721] sd 6:0:0:0: [sdb] Assuming drive cache: write through
Apr  6 08:42:35 kashrinivaasan-Inspiron-1545 kernel: [45043.737312] sd 6:0:0:0: [sdb] Test WP failed, assume Write Enabled
Apr  6 08:42:35 kashrinivaasan-Inspiron-1545 kernel: [45043.739728] sd 6:0:0:0: [sdb] Asking for cache data failed
Apr  6 08:42:35 kashrinivaasan-Inspiron-1545 kernel: [45043.739736] sd 6:0:0:0: [sdb] Assuming drive cache: write through
Apr  6 08:43:27 kashrinivaasan-Inspiron-1545 kernel: [45095.449451] sd 6:0:0:0: [sdb] Test WP failed, assume Write Enabled
Apr  6 08:43:27 kashrinivaasan-Inspiron-1545 kernel: [45095.451822] sd 6:0:0:0: [sdb] Asking for cache data failed
Apr  6 08:43:27 kashrinivaasan-Inspiron-1545 kernel: [45095.451829] sd 6:0:0:0: [sdb] Assuming drive cache: write through
Apr  6 08:44:19 kashrinivaasan-Inspiron-1545 kernel: [45147.161208] sd 6:0:0:0: [sdb] Test WP failed, assume Write Enabled
Apr  6 08:44:19 kashrinivaasan-Inspiron-1545 kernel: [45147.163606] sd 6:0:0:0: [sdb] Asking for cache data failed
Apr  6 08:44:19 kashrinivaasan-Inspiron-1545 kernel: [45147.163615] sd 6:0:0:0: [sdb] Assuming drive cache: write through
Apr  6 08:45:11 kashrinivaasan-Inspiron-1545 kernel: [45198.873471] sd 6:0:0:0: [sdb] Test WP failed, assume Write Enabled
Apr  6 08:45:11 kashrinivaasan-Inspiron-1545 kernel: [45198.875760] sd 6:0:0:0: [sdb] Asking for cache data failed
Apr  6 08:45:11 kashrinivaasan-Inspiron-1545 kernel: [45198.875768] sd 6:0:0:0: [sdb] Assuming drive cache: write through
Apr  6 08:46:02 kashrinivaasan-Inspiron-1545 kernel: [45250.585355] sd 6:0:0:0: [sdb] Test WP failed, assume Write Enabled
Apr  6 08:46:02 kashrinivaasan-Inspiron-1545 kernel: [45250.587715] sd 6:0:0:0: [sdb] Asking for cache data failed
Apr  6 08:46:02 kashrinivaasan-Inspiron-1545 kernel: [45250.587723] sd 6:0:0:0: [sdb] Assuming drive cache: write through
Apr  6 08:46:54 kashrinivaasan-Inspiron-1545 kernel: [45302.297365] sd 6:0:0:0: [sdb] Test WP failed, assume Write Enabled
Apr  6 08:46:54 kashrinivaasan-Inspiron-1545 kernel: [45302.299731] sd 6:0:0:0: [sdb] Asking for cache data failed
Apr  6 08:46:54 kashrinivaasan-Inspiron-1545 kernel: [45302.299740] sd 6:0:0:0: [sdb] Assuming drive cache: write through
Apr  6 08:47:46 kashrinivaasan-Inspiron-1545 kernel: [45354.009001] sd 6:0:0:0: [sdb] Test WP failed, assume Write Enabled
Apr  6 08:47:46 kashrinivaasan-Inspiron-1545 kernel: [45354.011371] sd 6:0:0:0: [sdb] Asking for cache data failed
Apr  6 08:47:46 kashrinivaasan-Inspiron-1545 kernel: [45354.011380] sd 6:0:0:0: [sdb] Assuming drive cache: write through
Apr  6 08:48:37 kashrinivaasan-Inspiron-1545 kernel: [45405.721384] sd 6:0:0:0: [sdb] Test WP failed, assume Write Enabled
Apr  6 08:48:37 kashrinivaasan-Inspiron-1545 kernel: [45405.723742] sd 6:0:0:0: [sdb] Asking for cache data failed
Apr  6 08:48:37 kashrinivaasan-Inspiron-1545 kernel: [45405.723749] sd 6:0:0:0: [sdb] Assuming drive cache: write through
Apr  6 08:49:29 kashrinivaasan-Inspiron-1545 kernel: [45457.433393] sd 6:0:0:0: [sdb] Test WP failed, assume Write Enabled
Apr  6 08:49:29 kashrinivaasan-Inspiron-1545 kernel: [45457.435752] sd 6:0:0:0: [sdb] Asking for cache data failed
Apr  6 08:49:29 kashrinivaasan-Inspiron-1545 kernel: [45457.435760] sd 6:0:0:0: [sdb] Assuming drive cache: write through
Apr  6 08:50:21 kashrinivaasan-Inspiron-1545 kernel: [45509.145406] sd 6:0:0:0: [sdb] Test WP failed, assume Write Enabled
Apr  6 08:50:21 kashrinivaasan-Inspiron-1545 kernel: [45509.147819] sd 6:0:0:0: [sdb] Asking for cache data failed
Apr  6 08:50:21 kashrinivaasan-Inspiron-1545 kernel: [45509.147827] sd 6:0:0:0: [sdb] Assuming drive cache: write through
Apr  6 08:51:12 kashrinivaasan-Inspiron-1545 kernel: [45560.857547] sd 6:0:0:0: [sdb] Test WP failed, assume Write Enabled
Apr  6 08:51:12 kashrinivaasan-Inspiron-1545 kernel: [45560.859714] sd 6:0:0:0: [sdb] Asking for cache data failed
Apr  6 08:51:12 kashrinivaasan-Inspiron-1545 kernel: [45560.859722] sd 6:0:0:0: [sdb] Assuming drive cache: write through
Apr  6 08:52:04 kashrinivaasan-Inspiron-1545 kernel: [45612.569334] sd 6:0:0:0: [sdb] Test WP failed, assume Write Enabled
Apr  6 08:52:04 kashrinivaasan-Inspiron-1545 kernel: [45612.571686] sd 6:0:0:0: [sdb] Asking for cache data failed
Apr  6 08:52:04 kashrinivaasan-Inspiron-1545 kernel: [45612.571694] sd 6:0:0:0: [sdb] Assuming drive cache: write through
Apr  6 08:52:56 kashrinivaasan-Inspiron-1545 kernel: [45664.281313] sd 6:0:0:0: [sdb] Test WP failed, assume Write Enabled
Apr  6 08:52:56 kashrinivaasan-Inspiron-1545 kernel: [45664.283669] sd 6:0:0:0: [sdb] Asking for cache data failed
Apr  6 08:52:56 kashrinivaasan-Inspiron-1545 kernel: [45664.283677] sd 6:0:0:0: [sdb] Assuming drive cache: write through
Apr  6 08:53:48 kashrinivaasan-Inspiron-1545 kernel: [45715.993444] sd 6:0:0:0: [sdb] Test WP failed, assume Write Enabled
Apr  6 08:53:48 kashrinivaasan-Inspiron-1545 kernel: [45715.995943] sd 6:0:0:0: [sdb] Asking for cache data failed
Apr  6 08:53:48 kashrinivaasan-Inspiron-1545 kernel: [45715.995951] sd 6:0:0:0: [sdb] Assuming drive cache: write through
Apr  6 08:54:39 kashrinivaasan-Inspiron-1545 kernel: [45767.705452] sd 6:0:0:0: [sdb] Test WP failed, assume Write Enabled
Apr  6 08:54:39 kashrinivaasan-Inspiron-1545 kernel: [45767.707952] sd 6:0:0:0: [sdb] Asking for cache data failed
Apr  6 08:54:39 kashrinivaasan-Inspiron-1545 kernel: [45767.707959] sd 6:0:0:0: [sdb] Assuming drive cache: write through
Apr  6 08:55:31 kashrinivaasan-Inspiron-1545 kernel: [45819.417364] sd 6:0:0:0: [sdb] Test WP failed, assume Write Enabled
Apr  6 08:55:31 kashrinivaasan-Inspiron-1545 kernel: [45819.419621] sd 6:0:0:0: [sdb] Asking for cache data failed
Apr  6 08:55:31 kashrinivaasan-Inspiron-1545 kernel: [45819.419629] sd 6:0:0:0: [sdb] Assuming drive cache: write through
Apr  6 08:56:23 kashrinivaasan-Inspiron-1545 kernel: [45871.129353] sd 6:0:0:0: [sdb] Test WP failed, assume Write Enabled
Apr  6 08:56:23 kashrinivaasan-Inspiron-1545 kernel: [45871.131708] sd 6:0:0:0: [sdb] Asking for cache data failed
Apr  6 08:56:23 kashrinivaasan-Inspiron-1545 kernel: [45871.131715] sd 6:0:0:0: [sdb] Assuming drive cache: write through
Apr  6 08:57:14 kashrinivaasan-Inspiron-1545 kernel: [45922.841612] sd 6:0:0:0: [sdb] Test WP failed, assume Write Enabled
Apr  6 08:57:14 kashrinivaasan-Inspiron-1545 kernel: [45922.844109] sd 6:0:0:0: [sdb] Asking for cache data failed
Apr  6 08:57:14 kashrinivaasan-Inspiron-1545 kernel: [45922.844118] sd 6:0:0:0: [sdb] Assuming drive cache: write through
Apr  6 08:57:47 kashrinivaasan-Inspiron-1545 kernel: [45955.241870] sky2 0000:09:00.0 eth0: disabling interface
Apr  6 08:57:50 kashrinivaasan-Inspiron-1545 kernel: [45958.645911] sky2 0000:09:00.0 eth0: enabling interface
Apr  6 08:57:50 kashrinivaasan-Inspiron-1545 kernel: [45958.646174] IPv6: ADDRCONF(NETDEV_UP): eth0: link is not ready
Apr  6 08:58:06 kashrinivaasan-Inspiron-1545 kernel: [45974.553493] sd 6:0:0:0: [sdb] Test WP failed, assume Write Enabled
Apr  6 08:58:06 kashrinivaasan-Inspiron-1545 kernel: [45974.555783] sd 6:0:0:0: [sdb] Asking for cache data failed
Apr  6 08:58:06 kashrinivaasan-Inspiron-1545 kernel: [45974.555791] sd 6:0:0:0: [sdb] Assuming drive cache: write through
Apr  6 08:58:35 kashrinivaasan-Inspiron-1545 kernel: Kernel logging (proc) stopped.
Apr  6 10:02:56 kashrinivaasan-Inspiron-1545 kernel: imklog 5.8.6, log source = /proc/kmsg started.
Apr  6 10:02:56 kashrinivaasan-Inspiron-1545 kernel: [    0.000000] Initializing cgroup subsys cpuset
Apr  6 10:02:56 kashrinivaasan-Inspiron-1545 kernel: [    0.000000] Initializing cgroup subsys cpu
Apr  6 10:02:56 kashrinivaasan-Inspiron-1545 kernel: [    0.000000] Linux version 3.7.8 (root@kashrinivaasan-Inspiron-1545) (gcc version 4.4.1 (GCC) ) #1 SMP Thu Dec 5 14:55:47 IST 2013
Apr  6 10:02:56 kashrinivaasan-Inspiron-1545 kernel: [    0.000000] KERNEL supported cpus:
Apr  6 10:02:56 kashrinivaasan-Inspiron-1545 kernel: [    0.000000]   Intel GenuineIntel
Apr  6 10:02:56 kashrinivaasan-Inspiron-1545 kernel: [    0.000000]   AMD AuthenticAMD
Apr  6 10:02:56 kashrinivaasan-Inspiron-1545 kernel: [    0.000000]   NSC Geode by NSC
Apr  6 10:02:56 kashrinivaasan-Inspiron-1545 kernel: [    0.000000]   Cyrix CyrixInstead
Apr  6 10:02:56 kashrinivaasan-Inspiron-1545 kernel: [    0.000000]   Centaur CentaurHauls
Apr  6 10:02:56 kashrinivaasan-Inspiron-1545 kernel: [    0.000000]   Transmeta GenuineTMx86
Apr  6 10:02:56 kashrinivaasan-Inspiron-1545 kernel: [    0.000000]   Transmeta TransmetaCPU
Apr  6 10:02:56 kashrinivaasan-Inspiron-1545 kernel: [    0.000000]   UMC UMC UMC UMC
Apr  6 10:02:56 kashrinivaasan-Inspiron-1545 kernel: [    0.000000] e820: BIOS-provided physical RAM map:
Apr  6 10:02:56 kashrinivaasan-Inspiron-1545 kernel: [    0.000000] BIOS-e820: [mem 0x0000000000000000-0x000000000009efff] usable
Apr  6 10:02:56 kashrinivaasan-Inspiron-1545 kernel: [    0.000000] BIOS-e820: [mem 0x000000000009f000-0x000000000009ffff] reserved
Apr  6 10:02:56 kashrinivaasan-Inspiron-1545 kernel: [    0.000000] BIOS-e820: [mem 0x0000000000100000-0x00000000bd8bf3ff] usable
Apr  6 10:02:56 kashrinivaasan-Inspiron-1545 kernel: [    0.000000] BIOS-e820: [mem 0x00000000bd8bf400-0x00000000bdac13ff] ACPI NVS
Apr  6 10:02:56 kashrinivaasan-Inspiron-1545 kernel: [    0.000000] BIOS-e820: [mem 0x00000000bdac1400-0x00000000bfffffff] reserved
Apr  6 10:02:56 kashrinivaasan-Inspiron-1545 kernel: [    0.000000] BIOS-e820: [mem 0x00000000f8000000-0x00000000fbffffff] reserved
Apr  6 10:02:56 kashrinivaasan-Inspiron-1545 kernel: [    0.000000] BIOS-e820: [mem 0x00000000fec00000-0x00000000fec0ffff] reserved
Apr  6 10:02:56 kashrinivaasan-Inspiron-1545 kernel: [    0.000000] BIOS-e820: [mem 0x00000000fed18000-0x00000000fed1bfff] reserved
Apr  6 10:02:56 kashrinivaasan-Inspiron-1545 kernel: [    0.000000] BIOS-e820: [mem 0x00000000fed20000-0x00000000fed8ffff] reserved
Apr  6 10:02:56 kashrinivaasan-Inspiron-1545 kernel: [    0.000000] BIOS-e820: [mem 0x00000000feda0000-0x00000000feda5fff] reserved
Apr  6 10:02:56 kashrinivaasan-Inspiron-1545 kernel: [    0.000000] BIOS-e820: [mem 0x00000000fee00000-0x00000000fee0ffff] reserved
Apr  6 10:02:56 kashrinivaasan-Inspiron-1545 kernel: [    0.000000] BIOS-e820: [mem 0x00000000ffe00000-0x00000000ffffffff] reserved
Apr  6 10:02:56 kashrinivaasan-Inspiron-1545 kernel: [    0.000000] NX (Execute Disable) protection: active
Apr  6 10:02:56 kashrinivaasan-Inspiron-1545 kernel: [    0.000000] SMBIOS 2.4 present.
Apr  6 10:02:56 kashrinivaasan-Inspiron-1545 kernel: [    0.000000] DMI: Dell Inc. Inspiron 1545                   /0J037P, BIOS A14 12/07/2009
Apr  6 10:02:56 kashrinivaasan-Inspiron-1545 kernel: [    0.000000] e820: update [mem 0x00000000-0x0000ffff] usable ==> reserved
Apr  6 10:02:56 kashrinivaasan-Inspiron-1545 kernel: [    0.000000] e820: remove [mem 0x000a0000-0x000fffff] usable
Apr  6 10:02:56 kashrinivaasan-Inspiron-1545 kernel: [    0.000000] e820: last_pfn = 0xbd8bf max_arch_pfn = 0x1000000
Apr  6 10:02:56 kashrinivaasan-Inspiron-1545 kernel: [    0.000000] MTRR default type: uncachable
Apr  6 10:02:56 kashrinivaasan-Inspiron-1545 kernel: [    0.000000] MTRR fixed ranges enabled:
Apr  6 10:02:56 kashrinivaasan-Inspiron-1545 kernel: [    0.000000]   00000-9FFFF write-back
Apr  6 10:02:56 kashrinivaasan-Inspiron-1545 kernel: [    0.000000]   A0000-BFFFF uncachable
Apr  6 10:02:56 kashrinivaasan-Inspiron-1545 kernel: [    0.000000]   C0000-CFFFF write-protect
Apr  6 10:02:56 kashrinivaasan-Inspiron-1545 kernel: [    0.000000]   D0000-EFFFF uncachable
Apr  6 10:02:56 kashrinivaasan-Inspiron-1545 kernel: [    0.000000]   F0000-FFFFF write-protect
Apr  6 10:02:56 kashrinivaasan-Inspiron-1545 kernel: [    0.000000] MTRR variable ranges enabled:
Apr  6 10:02:56 kashrinivaasan-Inspiron-1545 kernel: [    0.000000]   0 base 000000000 mask 800000000 write-back
Apr  6 10:02:56 kashrinivaasan-Inspiron-1545 kernel: [    0.000000]   1 base 0E0000000 mask FE0000000 uncachable
Apr  6 10:02:56 kashrinivaasan-Inspiron-1545 kernel: [    0.000000]   2 base 0BDC00000 mask FFFC00000 uncachable
Apr  6 10:02:56 kashrinivaasan-Inspiron-1545 kernel: [    0.000000]   3 base 0BE000000 mask FFE000000 uncachable
Apr  6 10:02:56 kashrinivaasan-Inspiron-1545 kernel: [    0.000000]   4 disabled
Apr  6 10:02:56 kashrinivaasan-Inspiron-1545 kernel: [    0.000000]   5 disabled
Apr  6 10:02:56 kashrinivaasan-Inspiron-1545 kernel: [    0.000000]   6 disabled
Apr  6 10:02:56 kashrinivaasan-Inspiron-1545 kernel: [    0.000000] x86 PAT enabled: cpu 0, old 0x7040600070406, new 0x7010600070106
Apr  6 10:02:56 kashrinivaasan-Inspiron-1545 kernel: [    0.000000] original variable MTRRs
Apr  6 10:02:56 kashrinivaasan-Inspiron-1545 kernel: [    0.000000] reg 0, base: 0GB, range: 32GB, type WB
Apr  6 10:02:56 kashrinivaasan-Inspiron-1545 kernel: [    0.000000] reg 1, base: 3584MB, range: 512MB, type UC
Apr  6 10:02:56 kashrinivaasan-Inspiron-1545 kernel: [    0.000000] reg 2, base: 3036MB, range: 4MB, type UC
Apr  6 10:02:56 kashrinivaasan-Inspiron-1545 kernel: [    0.000000] reg 3, base: 3040MB, range: 32MB, type UC
Apr  6 10:02:56 kashrinivaasan-Inspiron-1545 kernel: [    0.000000] total RAM covered: 32220M
Apr  6 10:02:56 kashrinivaasan-Inspiron-1545 kernel: [    0.000000]  gran_size: 64K 	chunk_size: 64K 	num_reg: 7  	lose cover RAM: 29188M
Apr  6 10:02:56 kashrinivaasan-Inspiron-1545 kernel: [    0.000000]  gran_size: 64K 	chunk_size: 128K 	num_reg: 7  	lose cover RAM: 29188M
Apr  6 10:02:56 kashrinivaasan-Inspiron-1545 kernel: [    0.000000]  gran_size: 64K 	chunk_size: 256K 	num_reg: 7  	lose cover RAM: 29188M
Apr  6 10:02:56 kashrinivaasan-Inspiron-1545 kernel: [    0.000000]  gran_size: 64K 	chunk_size: 512K 	num_reg: 7  	lose cover RAM: 29188M
Apr  6 10:02:56 kashrinivaasan-Inspiron-1545 kernel: [    0.000000]  gran_size: 64K 	chunk_size: 1M 	num_reg: 7  	lose cover RAM: 29188M
Apr  6 10:02:56 kashrinivaasan-Inspiron-1545 kernel: [    0.000000]  gran_size: 64K 	chunk_size: 2M 	num_reg: 7  	lose cover RAM: 29188M
Apr  6 10:02:56 kashrinivaasan-Inspiron-1545 kernel: [    0.000000]  gran_size: 64K 	chunk_size: 4M 	num_reg: 7  	lose cover RAM: 29188M
Apr  6 10:02:56 kashrinivaasan-Inspiron-1545 kernel: [    0.000000]  gran_size: 64K 	chunk_size: 8M 	num_reg: 7  	lose cover RAM: 29184M
Apr  6 10:02:56 kashrinivaasan-Inspiron-1545 kernel: [    0.000000]  gran_size: 64K 	chunk_size: 16M 	num_reg: 7  	lose cover RAM: 29184M
Apr  6 10:02:56 kashrinivaasan-Inspiron-1545 kernel: [    0.000000]  gran_size: 64K 	chunk_size: 32M 	num_reg: 7  	lose cover RAM: 29184M
Apr  6 10:02:56 kashrinivaasan-Inspiron-1545 kernel: [    0.000000]  gran_size: 64K 	chunk_size: 64M 	num_reg: 7  	lose cover RAM: 16G
Apr  6 10:02:56 kashrinivaasan-Inspiron-1545 kernel: [    0.000000]  gran_size: 64K 	chunk_size: 128M 	num_reg: 7  	lose cover RAM: 16G
Apr  6 10:02:56 kashrinivaasan-Inspiron-1545 kernel: [    0.000000]  gran_size: 64K 	chunk_size: 256M 	num_reg: 7  	lose cover RAM: 16G
Apr  6 10:02:56 kashrinivaasan-Inspiron-1545 kernel: [    0.000000]  gran_size: 64K 	chunk_size: 512M 	num_reg: 7  	lose cover RAM: 16G
Apr  6 10:02:56 kashrinivaasan-Inspiron-1545 kernel: [    0.000000]  gran_size: 64K 	chunk_size: 1G 	num_reg: 7  	lose cover RAM: 16G
Apr  6 10:02:56 kashrinivaasan-Inspiron-1545 kernel: [    0.000000]  gran_size: 64K 	chunk_size: 2G 	num_reg: 7  	lose cover RAM: 29188M
Apr  6 10:02:56 kashrinivaasan-Inspiron-1545 kernel: [    0.000000]  gran_size: 128K 	chunk_size: 128K 	num_reg: 7  	lose cover RAM: 29188M
Apr  6 10:02:56 kashrinivaasan-Inspiron-1545 kernel: [    0.000000]  gran_size: 128K 	chunk_size: 256K 	num_reg: 7  	lose cover RAM: 29188M
Apr  6 10:02:56 kashrinivaasan-Inspiron-1545 kernel: [    0.000000]  gran_size: 128K 	chunk_size: 512K 	num_reg: 7  	lose cover RAM: 29188M
Apr  6 10:02:56 kashrinivaasan-Inspiron-1545 kernel: [    0.000000]  gran_size: 128K 	chunk_size: 1M 	num_reg: 7  	lose cover RAM: 29188M
Apr  6 10:02:56 kashrinivaasan-Inspiron-1545 kernel: [    0.000000]  gran_size: 128K 	chunk_size: 2M 	num_reg: 7  	lose cover RAM: 29188M
Apr  6 10:02:56 kashrinivaasan-Inspiron-1545 kernel: [    0.000000]  gran_size: 128K 	chunk_size: 4M 	num_reg: 7  	lose cover RAM: 29188M
Apr  6 10:02:56 kashrinivaasan-Inspiron-1545 kernel: [    0.000000]  gran_size: 128K 	chunk_size: 8M 	num_reg: 7  	lose cover RAM: 29184M
Apr  6 10:02:56 kashrinivaasan-Inspiron-1545 kernel: [    0.000000]  gran_size: 128K 	chunk_size: 16M 	num_reg: 7  	lose cover RAM: 29184M
Apr  6 10:02:56 kashrinivaasan-Inspiron-1545 kernel: [    0.000000]  gran_size: 128K 	chunk_size: 32M 	num_reg: 7  	lose cover RAM: 29184M
Apr  6 10:02:56 kashrinivaasan-Inspiron-1545 kernel: [    0.000000]  gran_size: 128K 	chunk_size: 64M 	num_reg: 7  	lose cover RAM: 16G
Apr  6 10:02:56 kashrinivaasan-Inspiron-1545 kernel: [    0.000000]  gran_size: 128K 	chunk_size: 128M 	num_reg: 7  	lose cover RAM: 16G
Apr  6 10:02:56 kashrinivaasan-Inspiron-1545 kernel: [    0.000000]  gran_size: 128K 	chunk_size: 256M 	num_reg: 7  	lose cover RAM: 16G
Apr  6 10:02:56 kashrinivaasan-Inspiron-1545 kernel: [    0.000000]  gran_size: 128K 	chunk_size: 512M 	num_reg: 7  	lose cover RAM: 16G
Apr  6 10:02:56 kashrinivaasan-Inspiron-1545 kernel: [    0.000000]  gran_size: 128K 	chunk_size: 1G 	num_reg: 7  	lose cover RAM: 16G
Apr  6 10:02:56 kashrinivaasan-Inspiron-1545 kernel: [    0.000000]  gran_size: 128K 	chunk_size: 2G 	num_reg: 7  	lose cover RAM: 29188M
Apr  6 10:02:56 kashrinivaasan-Inspiron-1545 kernel: [    0.000000]  gran_size: 256K 	chunk_size: 256K 	num_reg: 7  	lose cover RAM: 29188M
Apr  6 10:02:56 kashrinivaasan-Inspiron-1545 kernel: [    0.000000]  gran_size: 256K 	chunk_size: 512K 	num_reg: 7  	lose cover RAM: 29188M
Apr  6 10:02:56 kashrinivaasan-Inspiron-1545 kernel: [    0.000000]  gran_size: 256K 	chunk_size: 1M 	num_reg: 7  	lose cover RAM: 29188M
Apr  6 10:02:56 kashrinivaasan-Inspiron-1545 kernel: [    0.000000]  gran_size: 256K 	chunk_size: 2M 	num_reg: 7  	lose cover RAM: 29188M
Apr  6 10:02:56 kashrinivaasan-Inspiron-1545 kernel: [    0.000000]  gran_size: 256K 	chunk_size: 4M 	num_reg: 7  	lose cover RAM: 29188M
Apr  6 10:02:56 kashrinivaasan-Inspiron-1545 kernel: [    0.000000]  gran_size: 256K 	chunk_size: 8M 	num_reg: 7  	lose cover RAM: 29184M
Apr  6 10:02:56 kashrinivaasan-Inspiron-1545 kernel: [    0.000000]  gran_size: 256K 	chunk_size: 16M 	num_reg: 7  	lose cover RAM: 29184M
Apr  6 10:02:56 kashrinivaasan-Inspiron-1545 kernel: [    0.000000]  gran_size: 256K 	chunk_size: 32M 	num_reg: 7  	lose cover RAM: 29184M
Apr  6 10:02:56 kashrinivaasan-Inspiron-1545 kernel: [    0.000000]  gran_size: 256K 	chunk_size: 64M 	num_reg: 7  	lose cover RAM: 16G
Apr  6 10:02:56 kashrinivaasan-Inspiron-1545 kernel: [    0.000000]  gran_size: 256K 	chunk_size: 128M 	num_reg: 7  	lose cover RAM: 16G
Apr  6 10:02:56 kashrinivaasan-Inspiron-1545 kernel: [    0.000000]  gran_size: 256K 	chunk_size: 256M 	num_reg: 7  	lose cover RAM: 16G
Apr  6 10:02:56 kashrinivaasan-Inspiron-1545 kernel: [    0.000000]  gran_size: 256K 	chunk_size: 512M 	num_reg: 7  	lose cover RAM: 16G
Apr  6 10:02:56 kashrinivaasan-Inspiron-1545 kernel: [    0.000000]  gran_size: 256K 	chunk_size: 1G 	num_reg: 7  	lose cover RAM: 16G
Apr  6 10:02:56 kashrinivaasan-Inspiron-1545 kernel: [    0.000000]  gran_size: 256K 	chunk_size: 2G 	num_reg: 7  	lose cover RAM: 29188M
Apr  6 10:02:56 kashrinivaasan-Inspiron-1545 kernel: [    0.000000]  gran_size: 512K 	chunk_size: 512K 	num_reg: 7  	lose cover RAM: 29188M
Apr  6 10:02:56 kashrinivaasan-Inspiron-1545 kernel: [    0.000000]  gran_size: 512K 	chunk_size: 1M 	num_reg: 7  	lose cover RAM: 29188M
Apr  6 10:02:56 kashrinivaasan-Inspiron-1545 kernel: [    0.000000]  gran_size: 512K 	chunk_size: 2M 	num_reg: 7  	lose cover RAM: 29188M
Apr  6 10:02:56 kashrinivaasan-Inspiron-1545 kernel: [    0.000000]  gran_size: 512K 	chunk_size: 4M 	num_reg: 7  	lose cover RAM: 29188M
Apr  6 10:02:56 kashrinivaasan-Inspiron-1545 kernel: [    0.000000]  gran_size: 512K 	chunk_size: 8M 	num_reg: 7  	lose cover RAM: 29184M
Apr  6 10:02:56 kashrinivaasan-Inspiron-1545 kernel: [    0.000000]  gran_size: 512K 	chunk_size: 16M 	num_reg: 7  	lose cover RAM: 29184M
Apr  6 10:02:56 kashrinivaasan-Inspiron-1545 kernel: [    0.000000]  gran_size: 512K 	chunk_size: 32M 	num_reg: 7  	lose cover RAM: 29184M
Apr  6 10:02:56 kashrinivaasan-Inspiron-1545 kernel: [    0.000000]  gran_size: 512K 	chunk_size: 64M 	num_reg: 7  	lose cover RAM: 16G
Apr  6 10:02:56 kashrinivaasan-Inspiron-1545 kernel: [    0.000000]  gran_size: 512K 	chunk_size: 128M 	num_reg: 7  	lose cover RAM: 16G
Apr  6 10:02:56 kashrinivaasan-Inspiron-1545 kernel: [    0.000000]  gran_size: 512K 	chunk_size: 256M 	num_reg: 7  	lose cover RAM: 16G
Apr  6 10:02:56 kashrinivaasan-Inspiron-1545 kernel: [    0.000000]  gran_size: 512K 	chunk_size: 512M 	num_reg: 7  	lose cover RAM: 16G
Apr  6 10:02:56 kashrinivaasan-Inspiron-1545 kernel: [    0.000000]  gran_size: 512K 	chunk_size: 1G 	num_reg: 7  	lose cover RAM: 16G
Apr  6 10:02:56 kashrinivaasan-Inspiron-1545 kernel: [    0.000000]  gran_size: 512K 	chunk_size: 2G 	num_reg: 7  	lose cover RAM: 29188M
Apr  6 10:02:56 kashrinivaasan-Inspiron-1545 kernel: [    0.000000]  gran_size: 1M 	chunk_size: 1M 	num_reg: 7  	lose cover RAM: 29188M
Apr  6 10:02:56 kashrinivaasan-Inspiron-1545 kernel: [    0.000000]  gran_size: 1M 	chunk_size: 2M 	num_reg: 7  	lose cover RAM: 29188M
Apr  6 10:02:56 kashrinivaasan-Inspiron-1545 kernel: [    0.000000]  gran_size: 1M 	chunk_size: 4M 	num_reg: 7  	lose cover RAM: 29188M
Apr  6 10:02:56 kashrinivaasan-Inspiron-1545 kernel: [    0.000000]  gran_size: 1M 	chunk_size: 8M 	num_reg: 7  	lose cover RAM: 29184M
Apr  6 10:02:56 kashrinivaasan-Inspiron-1545 kernel: [    0.000000]  gran_size: 1M 	chunk_size: 16M 	num_reg: 7  	lose cover RAM: 29184M
Apr  6 10:02:56 kashrinivaasan-Inspiron-1545 kernel: [    0.000000]  gran_size: 1M 	chunk_size: 32M 	num_reg: 7  	lose cover RAM: 29184M
Apr  6 10:02:56 kashrinivaasan-Inspiron-1545 kernel: [    0.000000]  gran_size: 1M 	chunk_size: 64M 	num_reg: 7  	lose cover RAM: 16G
Apr  6 10:02:56 kashrinivaasan-Inspiron-1545 kernel: [    0.000000]  gran_size: 1M 	chunk_size: 128M 	num_reg: 7  	lose cover RAM: 16G
Apr  6 10:02:56 kashrinivaasan-Inspiron-1545 kernel: [    0.000000]  gran_size: 1M 	chunk_size: 256M 	num_reg: 7  	lose cover RAM: 16G
Apr  6 10:02:56 kashrinivaasan-Inspiron-1545 kernel: [    0.000000]  gran_size: 1M 	chunk_size: 512M 	num_reg: 7  	lose cover RAM: 16G
Apr  6 10:02:56 kashrinivaasan-Inspiron-1545 kernel: [    0.000000]  gran_size: 1M 	chunk_size: 1G 	num_reg: 7  	lose cover RAM: 16G
Apr  6 10:02:56 kashrinivaasan-Inspiron-1545 kernel: [    0.000000]  gran_size: 1M 	chunk_size: 2G 	num_reg: 7  	lose cover RAM: 29188M
Apr  6 10:02:56 kashrinivaasan-Inspiron-1545 kernel: [    0.000000]  gran_size: 2M 	chunk_size: 2M 	num_reg: 7  	lose cover RAM: 29188M
Apr  6 10:02:56 kashrinivaasan-Inspiron-1545 kernel: [    0.000000]  gran_size: 2M 	chunk_size: 4M 	num_reg: 7  	lose cover RAM: 29188M
Apr  6 10:02:56 kashrinivaasan-Inspiron-1545 kernel: [    0.000000]  gran_size: 2M 	chunk_size: 8M 	num_reg: 7  	lose cover RAM: 29184M
Apr  6 10:02:56 kashrinivaasan-Inspiron-1545 kernel: [    0.000000]  gran_size: 2M 	chunk_size: 16M 	num_reg: 7  	lose cover RAM: 29184M
Apr  6 10:02:56 kashrinivaasan-Inspiron-1545 kernel: [    0.000000]  gran_size: 2M 	chunk_size: 32M 	num_reg: 7  	lose cover RAM: 29184M
Apr  6 10:02:56 kashrinivaasan-Inspiron-1545 kernel: [    0.000000]  gran_size: 2M 	chunk_size: 64M 	num_reg: 7  	lose cover RAM: 16G
Apr  6 10:02:56 kashrinivaasan-Inspiron-1545 kernel: [    0.000000]  gran_size: 2M 	chunk_size: 128M 	num_reg: 7  	lose cover RAM: 16G
Apr  6 10:02:56 kashrinivaasan-Inspiron-1545 kernel: [    0.000000]  gran_size: 2M 	chunk_size: 256M 	num_reg: 7  	lose cover RAM: 16G
Apr  6 10:02:56 kashrinivaasan-Inspiron-1545 kernel: [    0.000000]  gran_size: 2M 	chunk_size: 512M 	num_reg: 7  	lose cover RAM: 16G
Apr  6 10:02:56 kashrinivaasan-Inspiron-1545 kernel: [    0.000000]  gran_size: 2M 	chunk_size: 1G 	num_reg: 7  	lose cover RAM: 16G
Apr  6 10:02:56 kashrinivaasan-Inspiron-1545 kernel: [    0.000000]  gran_size: 2M 	chunk_size: 2G 	num_reg: 7  	lose cover RAM: 29188M
Apr  6 10:02:56 kashrinivaasan-Inspiron-1545 kernel: [    0.000000]  gran_size: 4M 	chunk_size: 4M 	num_reg: 7  	lose cover RAM: 29188M
Apr  6 10:02:56 kashrinivaasan-Inspiron-1545 kernel: [    0.000000]  gran_size: 4M 	chunk_size: 8M 	num_reg: 7  	lose cover RAM: 29184M
Apr  6 10:02:56 kashrinivaasan-Inspiron-1545 kernel: [    0.000000]  gran_size: 4M 	chunk_size: 16M 	num_reg: 7  	lose cover RAM: 29184M
Apr  6 10:02:56 kashrinivaasan-Inspiron-1545 kernel: [    0.000000]  gran_size: 4M 	chunk_size: 32M 	num_reg: 7  	lose cover RAM: 29184M
Apr  6 10:02:56 kashrinivaasan-Inspiron-1545 kernel: [    0.000000]  gran_size: 4M 	chunk_size: 64M 	num_reg: 7  	lose cover RAM: 16G
Apr  6 10:02:56 kashrinivaasan-Inspiron-1545 kernel: [    0.000000]  gran_size: 4M 	chunk_size: 128M 	num_reg: 7  	lose cover RAM: 16G
Apr  6 10:02:56 kashrinivaasan-Inspiron-1545 kernel: [    0.000000]  gran_size: 4M 	chunk_size: 256M 	num_reg: 7  	lose cover RAM: 16G
Apr  6 10:02:56 kashrinivaasan-Inspiron-1545 kernel: [    0.000000]  gran_size: 4M 	chunk_size: 512M 	num_reg: 7  	lose cover RAM: 16G
Apr  6 10:02:56 kashrinivaasan-Inspiron-1545 kernel: [    0.000000]  gran_size: 4M 	chunk_size: 1G 	num_reg: 7  	lose cover RAM: 16G
Apr  6 10:02:56 kashrinivaasan-Inspiron-1545 kernel: [    0.000000]  gran_size: 4M 	chunk_size: 2G 	num_reg: 7  	lose cover RAM: 29188M
Apr  6 10:02:56 kashrinivaasan-Inspiron-1545 kernel: [    0.000000]  gran_size: 8M 	chunk_size: 8M 	num_reg: 7  	lose cover RAM: 29188M
Apr  6 10:02:56 kashrinivaasan-Inspiron-1545 kernel: [    0.000000]  gran_size: 8M 	chunk_size: 16M 	num_reg: 7  	lose cover RAM: 29188M
Apr  6 10:02:56 kashrinivaasan-Inspiron-1545 kernel: [    0.000000]  gran_size: 8M 	chunk_size: 32M 	num_reg: 7  	lose cover RAM: 29188M
Apr  6 10:02:56 kashrinivaasan-Inspiron-1545 kernel: [    0.000000]  gran_size: 8M 	chunk_size: 64M 	num_reg: 7  	lose cover RAM: 16388M
Apr  6 10:02:56 kashrinivaasan-Inspiron-1545 kernel: [    0.000000]  gran_size: 8M 	chunk_size: 128M 	num_reg: 7  	lose cover RAM: 16388M
Apr  6 10:02:56 kashrinivaasan-Inspiron-1545 kernel: [    0.000000]  gran_size: 8M 	chunk_size: 256M 	num_reg: 7  	lose cover RAM: 16388M
Apr  6 10:02:56 kashrinivaasan-Inspiron-1545 kernel: [    0.000000]  gran_size: 8M 	chunk_size: 512M 	num_reg: 7  	lose cover RAM: 16388M
Apr  6 10:02:56 kashrinivaasan-Inspiron-1545 kernel: [    0.000000]  gran_size: 8M 	chunk_size: 1G 	num_reg: 7  	lose cover RAM: 16388M
Apr  6 10:02:56 kashrinivaasan-Inspiron-1545 kernel: [    0.000000]  gran_size: 8M 	chunk_size: 2G 	num_reg: 7  	lose cover RAM: 29188M
Apr  6 10:02:56 kashrinivaasan-Inspiron-1545 kernel: [    0.000000]  gran_size: 16M 	chunk_size: 16M 	num_reg: 7  	lose cover RAM: 28684M
Apr  6 10:02:56 kashrinivaasan-Inspiron-1545 kernel: [    0.000000]  gran_size: 16M 	chunk_size: 32M 	num_reg: 7  	lose cover RAM: 29196M
Apr  6 10:02:56 kashrinivaasan-Inspiron-1545 kernel: [    0.000000]  gran_size: 16M 	chunk_size: 64M 	num_reg: 7  	lose cover RAM: 16396M
Apr  6 10:02:56 kashrinivaasan-Inspiron-1545 kernel: [    0.000000]  gran_size: 16M 	chunk_size: 128M 	num_reg: 7  	lose cover RAM: 16396M
Apr  6 10:02:56 kashrinivaasan-Inspiron-1545 kernel: [    0.000000]  gran_size: 16M 	chunk_size: 256M 	num_reg: 7  	lose cover RAM: 16396M
Apr  6 10:02:56 kashrinivaasan-Inspiron-1545 kernel: [    0.000000]  gran_size: 16M 	chunk_size: 512M 	num_reg: 7  	lose cover RAM: 16396M
Apr  6 10:02:56 kashrinivaasan-Inspiron-1545 kernel: [    0.000000]  gran_size: 16M 	chunk_size: 1G 	num_reg: 7  	lose cover RAM: 16396M
Apr  6 10:02:56 kashrinivaasan-Inspiron-1545 kernel: [    0.000000]  gran_size: 16M 	chunk_size: 2G 	num_reg: 7  	lose cover RAM: 28172M
Apr  6 10:02:56 kashrinivaasan-Inspiron-1545 kernel: [    0.000000]  gran_size: 32M 	chunk_size: 32M 	num_reg: 7  	lose cover RAM: 24604M
Apr  6 10:02:56 kashrinivaasan-Inspiron-1545 kernel: [    0.000000]  gran_size: 32M 	chunk_size: 64M 	num_reg: 7  	lose cover RAM: 24604M
Apr  6 10:02:56 kashrinivaasan-Inspiron-1545 kernel: [    0.000000]  gran_size: 32M 	chunk_size: 128M 	num_reg: 7  	lose cover RAM: 28M
Apr  6 10:02:56 kashrinivaasan-Inspiron-1545 kernel: [    0.000000]  gran_size: 32M 	chunk_size: 256M 	num_reg: 7  	lose cover RAM: 28M
Apr  6 10:02:56 kashrinivaasan-Inspiron-1545 kernel: [    0.000000]  gran_size: 32M 	chunk_size: 512M 	num_reg: 7  	lose cover RAM: 28M
Apr  6 10:02:56 kashrinivaasan-Inspiron-1545 kernel: [    0.000000]  gran_size: 32M 	chunk_size: 1G 	num_reg: 7  	lose cover RAM: 28M
Apr  6 10:02:56 kashrinivaasan-Inspiron-1545 kernel: [    0.000000]  gran_size: 32M 	chunk_size: 2G 	num_reg: 7  	lose cover RAM: 27164M
Apr  6 10:02:56 kashrinivaasan-Inspiron-1545 kernel: [    0.000000]  gran_size: 64M 	chunk_size: 64M 	num_reg: 7  	lose cover RAM: 24604M
Apr  6 10:02:56 kashrinivaasan-Inspiron-1545 kernel: [    0.000000]  gran_size: 64M 	chunk_size: 128M 	num_reg: 7  	lose cover RAM: 28M
Apr  6 10:02:56 kashrinivaasan-Inspiron-1545 kernel: [    0.000000]  gran_size: 64M 	chunk_size: 256M 	num_reg: 7  	lose cover RAM: 28M
Apr  6 10:02:56 kashrinivaasan-Inspiron-1545 kernel: [    0.000000]  gran_size: 64M 	chunk_size: 512M 	num_reg: 7  	lose cover RAM: 28M
Apr  6 10:02:56 kashrinivaasan-Inspiron-1545 kernel: [    0.000000]  gran_size: 64M 	chunk_size: 1G 	num_reg: 7  	lose cover RAM: 28M
Apr  6 10:02:56 kashrinivaasan-Inspiron-1545 kernel: [    0.000000]  gran_size: 64M 	chunk_size: 2G 	num_reg: 7  	lose cover RAM: 27164M
Apr  6 10:02:56 kashrinivaasan-Inspiron-1545 kernel: [    0.000000]  gran_size: 128M 	chunk_size: 128M 	num_reg: 7  	lose cover RAM: 16476M
Apr  6 10:02:56 kashrinivaasan-Inspiron-1545 kernel: [    0.000000]  gran_size: 128M 	chunk_size: 256M 	num_reg: 7  	lose cover RAM: 92M
Apr  6 10:02:56 kashrinivaasan-Inspiron-1545 kernel: [    0.000000]  gran_size: 128M 	chunk_size: 512M 	num_reg: 7  	lose cover RAM: 92M
Apr  6 10:02:56 kashrinivaasan-Inspiron-1545 kernel: [    0.000000]  gran_size: 128M 	chunk_size: 1G 	num_reg: 7  	lose cover RAM: 92M
Apr  6 10:02:56 kashrinivaasan-Inspiron-1545 kernel: [    0.000000]  gran_size: 128M 	chunk_size: 2G 	num_reg: 7  	lose cover RAM: 27740M
Apr  6 10:02:56 kashrinivaasan-Inspiron-1545 kernel: [    0.000000]  gran_size: 256M 	chunk_size: 256M 	num_reg: 7  	lose cover RAM: 220M
Apr  6 10:02:56 kashrinivaasan-Inspiron-1545 kernel: [    0.000000]  gran_size: 256M 	chunk_size: 512M 	num_reg: 7  	lose cover RAM: 220M
Apr  6 10:02:56 kashrinivaasan-Inspiron-1545 kernel: [    0.000000]  gran_size: 256M 	chunk_size: 1G 	num_reg: 7  	lose cover RAM: 220M
Apr  6 10:02:56 kashrinivaasan-Inspiron-1545 kernel: [    0.000000]  gran_size: 256M 	chunk_size: 2G 	num_reg: 7  	lose cover RAM: 26844M
Apr  6 10:02:56 kashrinivaasan-Inspiron-1545 kernel: [    0.000000]  gran_size: 512M 	chunk_size: 512M 	num_reg: 6  	lose cover RAM: 476M
Apr  6 10:02:56 kashrinivaasan-Inspiron-1545 kernel: [    0.000000]  gran_size: 512M 	chunk_size: 1G 	num_reg: 7  	lose cover RAM: 476M
Apr  6 10:02:56 kashrinivaasan-Inspiron-1545 kernel: [    0.000000]  gran_size: 512M 	chunk_size: 2G 	num_reg: 7  	lose cover RAM: 25052M
Apr  6 10:02:56 kashrinivaasan-Inspiron-1545 kernel: [    0.000000]  gran_size: 1G 	chunk_size: 1G 	num_reg: 4  	lose cover RAM: 1500M
Apr  6 10:02:56 kashrinivaasan-Inspiron-1545 kernel: [    0.000000]  gran_size: 1G 	chunk_size: 2G 	num_reg: 4  	lose cover RAM: 1500M
Apr  6 10:02:56 kashrinivaasan-Inspiron-1545 kernel: [    0.000000]  gran_size: 2G 	chunk_size: 2G 	num_reg: 4  	lose cover RAM: 1500M
Apr  6 10:02:56 kashrinivaasan-Inspiron-1545 kernel: [    0.000000] mtrr_cleanup: can not find optimal value
Apr  6 10:02:56 kashrinivaasan-Inspiron-1545 kernel: [    0.000000] please specify mtrr_gran_size/mtrr_chunk_size
Apr  6 10:02:56 kashrinivaasan-Inspiron-1545 kernel: [    0.000000] e820: update [mem 0xbdc00000-0xbfffffff] usable ==> reserved
Apr  6 10:02:56 kashrinivaasan-Inspiron-1545 kernel: [    0.000000] e820: update [mem 0xe0000000-0xffffffff] usable ==> reserved
Apr  6 10:02:56 kashrinivaasan-Inspiron-1545 kernel: [    0.000000] initial memory mapped: [mem 0x00000000-0x01ffffff]
Apr  6 10:02:56 kashrinivaasan-Inspiron-1545 kernel: [    0.000000] Base memory trampoline at [c009b000] 9b000 size 16384
Apr  6 10:02:56 kashrinivaasan-Inspiron-1545 kernel: [    0.000000] init_memory_mapping: [mem 0x00000000-0x37bfdfff]
Apr  6 10:02:56 kashrinivaasan-Inspiron-1545 kernel: [    0.000000]  [mem 0x00000000-0x001fffff] page 4k
Apr  6 10:02:56 kashrinivaasan-Inspiron-1545 kernel: [    0.000000]  [mem 0x00200000-0x379fffff] page 2M
Apr  6 10:02:56 kashrinivaasan-Inspiron-1545 kernel: [    0.000000]  [mem 0x37a00000-0x37bfdfff] page 4k
Apr  6 10:02:56 kashrinivaasan-Inspiron-1545 kernel: [    0.000000] kernel direct mapping tables up to 0x37bfdfff @ [mem 0x01ffa000-0x01ffffff]
Apr  6 10:02:56 kashrinivaasan-Inspiron-1545 kernel: [    0.000000] RAMDISK: [mem 0x35972000-0x36cb0fff]
Apr  6 10:02:56 kashrinivaasan-Inspiron-1545 kernel: [    0.000000] ACPI: RSDP 000fbdd0 00024 (v02 DELL  )
Apr  6 10:02:56 kashrinivaasan-Inspiron-1545 kernel: [    0.000000] ACPI: XSDT bdac3e00 00054 (v01 DELL    WN09    27D90C07 ASL  00000061)
Apr  6 10:02:56 kashrinivaasan-Inspiron-1545 kernel: [    0.000000] ACPI: FACP bdac3c9c 000F4 (v04 DELL    WN09    27D90C07 ASL  00000061)
Apr  6 10:02:56 kashrinivaasan-Inspiron-1545 kernel: [    0.000000] ACPI: DSDT bdac4400 05451 (v02 INT430 SYSFexxx 00001001 INTL 20050624)
Apr  6 10:02:56 kashrinivaasan-Inspiron-1545 kernel: [    0.000000] ACPI: FACS bdad2c00 00040
Apr  6 10:02:56 kashrinivaasan-Inspiron-1545 kernel: [    0.000000] ACPI: HPET bdac3f00 00038 (v01 DELL    WN09    00000001 ASL  00000061)
Apr  6 10:02:56 kashrinivaasan-Inspiron-1545 kernel: [    0.000000] ACPI: APIC bdac4000 00068 (v01 DELL    WN09    27D90C07 ASL  00000047)
Apr  6 10:02:56 kashrinivaasan-Inspiron-1545 kernel: [    0.000000] ACPI: MCFG bdac3fc0 0003E (v16 DELL    WN09    27D90C07 ASL  00000061)
Apr  6 10:02:56 kashrinivaasan-Inspiron-1545 kernel: [    0.000000] ACPI: SLIC bdac409c 00176 (v01 DELL    WN09    27D90C07 ASL  00000061)
Apr  6 10:02:56 kashrinivaasan-Inspiron-1545 kernel: [    0.000000] ACPI: SSDT bdac2363 0066C (v01  PmRef    CpuPm 00003000 INTL 20050624)
Apr  6 10:02:56 kashrinivaasan-Inspiron-1545 kernel: [    0.000000] ACPI: Local APIC address 0xfee00000
Apr  6 10:02:56 kashrinivaasan-Inspiron-1545 kernel: [    0.000000] 2140MB HIGHMEM available.
Apr  6 10:02:56 kashrinivaasan-Inspiron-1545 kernel: [    0.000000] 891MB LOWMEM available.
Apr  6 10:02:56 kashrinivaasan-Inspiron-1545 kernel: [    0.000000]   mapped low ram: 0 - 37bfe000
Apr  6 10:02:56 kashrinivaasan-Inspiron-1545 kernel: [    0.000000]   low ram: 0 - 37bfe000
Apr  6 10:02:56 kashrinivaasan-Inspiron-1545 kernel: [    0.000000] Zone ranges:
Apr  6 10:02:56 kashrinivaasan-Inspiron-1545 kernel: [    0.000000]   DMA      [mem 0x00010000-0x00ffffff]
Apr  6 10:02:56 kashrinivaasan-Inspiron-1545 kernel: [    0.000000]   Normal   [mem 0x01000000-0x37bfdfff]
Apr  6 10:02:56 kashrinivaasan-Inspiron-1545 kernel: [    0.000000]   HighMem  [mem 0x37bfe000-0xbd8befff]
Apr  6 10:02:56 kashrinivaasan-Inspiron-1545 kernel: [    0.000000] Movable zone start for each node
Apr  6 10:02:56 kashrinivaasan-Inspiron-1545 kernel: [    0.000000] Early memory node ranges
Apr  6 10:02:56 kashrinivaasan-Inspiron-1545 kernel: [    0.000000]   node   0: [mem 0x00010000-0x0009efff]
Apr  6 10:02:56 kashrinivaasan-Inspiron-1545 kernel: [    0.000000]   node   0: [mem 0x00100000-0xbd8befff]
Apr  6 10:02:56 kashrinivaasan-Inspiron-1545 kernel: [    0.000000] On node 0 totalpages: 776270
Apr  6 10:02:56 kashrinivaasan-Inspiron-1545 kernel: [    0.000000] free_area_init_node: node 0, pgdat c18d32c0, node_mem_map f41ba200
Apr  6 10:02:56 kashrinivaasan-Inspiron-1545 kernel: [    0.000000]   DMA zone: 32 pages used for memmap
Apr  6 10:02:56 kashrinivaasan-Inspiron-1545 kernel: [    0.000000]   DMA zone: 0 pages reserved
Apr  6 10:02:56 kashrinivaasan-Inspiron-1545 kernel: [    0.000000]   DMA zone: 3951 pages, LIFO batch:0
Apr  6 10:02:56 kashrinivaasan-Inspiron-1545 kernel: [    0.000000]   Normal zone: 1752 pages used for memmap
Apr  6 10:02:56 kashrinivaasan-Inspiron-1545 kernel: [    0.000000]   Normal zone: 222502 pages, LIFO batch:31
Apr  6 10:02:56 kashrinivaasan-Inspiron-1545 kernel: [    0.000000]   HighMem zone: 4282 pages used for memmap
Apr  6 10:02:56 kashrinivaasan-Inspiron-1545 kernel: [    0.000000]   HighMem zone: 543751 pages, LIFO batch:31
Apr  6 10:02:56 kashrinivaasan-Inspiron-1545 kernel: [    0.000000] Using APIC driver default
Apr  6 10:02:56 kashrinivaasan-Inspiron-1545 kernel: [    0.000000] ACPI: PM-Timer IO Port: 0x1008
Apr  6 10:02:56 kashrinivaasan-Inspiron-1545 kernel: [    0.000000] ACPI: Local APIC address 0xfee00000
Apr  6 10:02:56 kashrinivaasan-Inspiron-1545 kernel: [    0.000000] ACPI: LAPIC (acpi_id[0x00] lapic_id[0x00] enabled)
Apr  6 10:02:56 kashrinivaasan-Inspiron-1545 kernel: [    0.000000] ACPI: LAPIC (acpi_id[0x01] lapic_id[0x01] enabled)
Apr  6 10:02:56 kashrinivaasan-Inspiron-1545 kernel: [    0.000000] ACPI: LAPIC_NMI (acpi_id[0x00] high edge lint[0x1])
Apr  6 10:02:56 kashrinivaasan-Inspiron-1545 kernel: [    0.000000] ACPI: LAPIC_NMI (acpi_id[0x01] high edge lint[0x1])
Apr  6 10:02:56 kashrinivaasan-Inspiron-1545 kernel: [    0.000000] ACPI: IOAPIC (id[0x02] address[0xfec00000] gsi_base[0])
Apr  6 10:02:56 kashrinivaasan-Inspiron-1545 kernel: [    0.000000] IOAPIC[0]: apic_id 2, version 32, address 0xfec00000, GSI 0-23
Apr  6 10:02:56 kashrinivaasan-Inspiron-1545 kernel: [    0.000000] ACPI: INT_SRC_OVR (bus 0 bus_irq 0 global_irq 2 dfl dfl)
Apr  6 10:02:56 kashrinivaasan-Inspiron-1545 kernel: [    0.000000] ACPI: INT_SRC_OVR (bus 0 bus_irq 9 global_irq 9 high level)
Apr  6 10:02:56 kashrinivaasan-Inspiron-1545 kernel: [    0.000000] ACPI: IRQ0 used by override.
Apr  6 10:02:56 kashrinivaasan-Inspiron-1545 kernel: [    0.000000] ACPI: IRQ2 used by override.
Apr  6 10:02:56 kashrinivaasan-Inspiron-1545 kernel: [    0.000000] ACPI: IRQ9 used by override.
Apr  6 10:02:56 kashrinivaasan-Inspiron-1545 kernel: [    0.000000] Using ACPI (MADT) for SMP configuration information
Apr  6 10:02:56 kashrinivaasan-Inspiron-1545 kernel: [    0.000000] ACPI: HPET id: 0x8086a201 base: 0xfed00000
Apr  6 10:02:56 kashrinivaasan-Inspiron-1545 kernel: [    0.000000] smpboot: Allowing 2 CPUs, 0 hotplug CPUs
Apr  6 10:02:56 kashrinivaasan-Inspiron-1545 kernel: [    0.000000] nr_irqs_gsi: 40
Apr  6 10:02:56 kashrinivaasan-Inspiron-1545 kernel: [    0.000000] PM: Registered nosave memory: 000000000009f000 - 00000000000a0000
Apr  6 10:02:56 kashrinivaasan-Inspiron-1545 kernel: [    0.000000] PM: Registered nosave memory: 00000000000a0000 - 0000000000100000
Apr  6 10:02:56 kashrinivaasan-Inspiron-1545 kernel: [    0.000000] e820: [mem 0xc0000000-0xf7ffffff] available for PCI devices
Apr  6 10:02:56 kashrinivaasan-Inspiron-1545 kernel: [    0.000000] Booting paravirtualized kernel on bare hardware
Apr  6 10:02:56 kashrinivaasan-Inspiron-1545 kernel: [    0.000000] setup_percpu: NR_CPUS:8 nr_cpumask_bits:8 nr_cpu_ids:2 nr_node_ids:1
Apr  6 10:02:56 kashrinivaasan-Inspiron-1545 kernel: [    0.000000] PERCPU: Embedded 14 pages/cpu @f7bcf000 s34944 r0 d22400 u57344
Apr  6 10:02:56 kashrinivaasan-Inspiron-1545 kernel: [    0.000000] pcpu-alloc: s34944 r0 d22400 u57344 alloc=14*4096
Apr  6 10:02:56 kashrinivaasan-Inspiron-1545 kernel: [    0.000000] pcpu-alloc: [0] 0 [0] 1 
Apr  6 10:02:56 kashrinivaasan-Inspiron-1545 kernel: [    0.000000] Built 1 zonelists in Zone order, mobility grouping on.  Total pages: 770204
Apr  6 10:02:56 kashrinivaasan-Inspiron-1545 kernel: [    0.000000] Kernel command line: BOOT_IMAGE=/boot/vmlinuz-3.7.8 root=UUID=0fc4d8a2-1c74-42b8-8099-9ef78d8c8ea2 ro quiet splash vt.handoff=7
Apr  6 10:02:56 kashrinivaasan-Inspiron-1545 kernel: [    0.000000] PID hash table entries: 4096 (order: 2, 16384 bytes)
Apr  6 10:02:56 kashrinivaasan-Inspiron-1545 kernel: [    0.000000] Dentry cache hash table entries: 131072 (order: 7, 524288 bytes)
Apr  6 10:02:56 kashrinivaasan-Inspiron-1545 kernel: [    0.000000] Inode-cache hash table entries: 65536 (order: 6, 262144 bytes)
Apr  6 10:02:56 kashrinivaasan-Inspiron-1545 kernel: [    0.000000] __ex_table already sorted, skipping sort
Apr  6 10:02:56 kashrinivaasan-Inspiron-1545 kernel: [    0.000000] Initializing CPU#0
Apr  6 10:02:56 kashrinivaasan-Inspiron-1545 kernel: [    0.000000] xsave: enabled xstate_bv 0x3, cntxt size 0x240
Apr  6 10:02:56 kashrinivaasan-Inspiron-1545 kernel: [    0.000000] allocated 6210936 bytes of page_cgroup
Apr  6 10:02:56 kashrinivaasan-Inspiron-1545 kernel: [    0.000000] please try 'cgroup_disable=memory' option if you don't want memory cgroups
Apr  6 10:02:56 kashrinivaasan-Inspiron-1545 kernel: [    0.000000] Initializing HighMem for node 0 (00037bfe:000bd8bf)
Apr  6 10:02:56 kashrinivaasan-Inspiron-1545 kernel: [    0.000000] Memory: 3043132k/3105532k available (6105k kernel code, 61948k reserved, 2978k data, 788k init, 2192132k highmem)
Apr  6 10:02:56 kashrinivaasan-Inspiron-1545 kernel: [    0.000000] virtual kernel memory layout:
Apr  6 10:02:56 kashrinivaasan-Inspiron-1545 kernel: [    0.000000]     fixmap  : 0xfff15000 - 0xfffff000   ( 936 kB)
Apr  6 10:02:56 kashrinivaasan-Inspiron-1545 kernel: [    0.000000]     pkmap   : 0xffc00000 - 0xffe00000   (2048 kB)
Apr  6 10:02:56 kashrinivaasan-Inspiron-1545 kernel: [    0.000000]     vmalloc : 0xf83fe000 - 0xffbfe000   ( 120 MB)
Apr  6 10:02:56 kashrinivaasan-Inspiron-1545 kernel: [    0.000000]     lowmem  : 0xc0000000 - 0xf7bfe000   ( 891 MB)
Apr  6 10:02:56 kashrinivaasan-Inspiron-1545 kernel: [    0.000000]       .init : 0xc18df000 - 0xc19a4000   ( 788 kB)
Apr  6 10:02:56 kashrinivaasan-Inspiron-1545 kernel: [    0.000000]       .data : 0xc15f6719 - 0xc18def80   (2978 kB)
Apr  6 10:02:56 kashrinivaasan-Inspiron-1545 kernel: [    0.000000]       .text : 0xc1000000 - 0xc15f6719   (6105 kB)
Apr  6 10:02:56 kashrinivaasan-Inspiron-1545 kernel: [    0.000000] Checking if this processor honours the WP bit even in supervisor mode...Ok.
Apr  6 10:02:56 kashrinivaasan-Inspiron-1545 kernel: [    0.000000] SLUB: Genslabs=15, HWalign=64, Order=0-3, MinObjects=0, CPUs=2, Nodes=1
Apr  6 10:02:56 kashrinivaasan-Inspiron-1545 kernel: [    0.000000] Hierarchical RCU implementation.
Apr  6 10:02:56 kashrinivaasan-Inspiron-1545 kernel: [    0.000000] 	RCU dyntick-idle grace-period acceleration is enabled.
Apr  6 10:02:56 kashrinivaasan-Inspiron-1545 kernel: [    0.000000] 	RCU restricting CPUs from NR_CPUS=8 to nr_cpu_ids=2.
Apr  6 10:02:56 kashrinivaasan-Inspiron-1545 kernel: [    0.000000] NR_IRQS:2304 nr_irqs:512 16
Apr  6 10:02:56 kashrinivaasan-Inspiron-1545 kernel: [    0.000000] CPU 0 irqstacks, hard=f7008000 soft=f700a000
Apr  6 10:02:56 kashrinivaasan-Inspiron-1545 kernel: [    0.000000] Extended CMOS year: 2000
Apr  6 10:02:56 kashrinivaasan-Inspiron-1545 kernel: [    0.000000] Console: colour dummy device 80x25
Apr  6 10:02:56 kashrinivaasan-Inspiron-1545 kernel: [    0.000000] console [tty0] enabled
Apr  6 10:02:56 kashrinivaasan-Inspiron-1545 kernel: [    0.000000] hpet clockevent registered
Apr  6 10:02:56 kashrinivaasan-Inspiron-1545 kernel: [    0.000000] tsc: Fast TSC calibration using PIT
Apr  6 10:02:56 kashrinivaasan-Inspiron-1545 kernel: [    0.000000] tsc: Detected 1994.979 MHz processor
Apr  6 10:02:56 kashrinivaasan-Inspiron-1545 kernel: [    0.004001] Calibrating delay loop (skipped), value calculated using timer frequency.. 3989.95 BogoMIPS (lpj=7979916)
Apr  6 10:02:56 kashrinivaasan-Inspiron-1545 kernel: [    0.004005] pid_max: default: 32768 minimum: 301
Apr  6 10:02:56 kashrinivaasan-Inspiron-1545 kernel: [    0.004038] Security Framework initialized
Apr  6 10:02:56 kashrinivaasan-Inspiron-1545 kernel: [    0.004047] AppArmor: AppArmor initialized
Apr  6 10:02:56 kashrinivaasan-Inspiron-1545 kernel: [    0.004049] Yama: becoming mindful.
Apr  6 10:02:56 kashrinivaasan-Inspiron-1545 kernel: [    0.004100] Mount-cache hash table entries: 512
Apr  6 10:02:56 kashrinivaasan-Inspiron-1545 kernel: [    0.004356] Initializing cgroup subsys cpuacct
Apr  6 10:02:56 kashrinivaasan-Inspiron-1545 kernel: [    0.004359] Initializing cgroup subsys memory
Apr  6 10:02:56 kashrinivaasan-Inspiron-1545 kernel: [    0.004367] Initializing cgroup subsys devices
Apr  6 10:02:56 kashrinivaasan-Inspiron-1545 kernel: [    0.004369] Initializing cgroup subsys freezer
Apr  6 10:02:56 kashrinivaasan-Inspiron-1545 kernel: [    0.004371] Initializing cgroup subsys blkio
Apr  6 10:02:56 kashrinivaasan-Inspiron-1545 kernel: [    0.004374] Initializing cgroup subsys perf_event
Apr  6 10:02:56 kashrinivaasan-Inspiron-1545 kernel: [    0.004377] Initializing cgroup subsys hugetlb
Apr  6 10:02:56 kashrinivaasan-Inspiron-1545 kernel: [    0.004408] CPU: Physical Processor ID: 0
Apr  6 10:02:56 kashrinivaasan-Inspiron-1545 kernel: [    0.004410] CPU: Processor Core ID: 0
Apr  6 10:02:56 kashrinivaasan-Inspiron-1545 kernel: [    0.004413] mce: CPU supports 6 MCE banks
Apr  6 10:02:56 kashrinivaasan-Inspiron-1545 kernel: [    0.004421] CPU0: Thermal monitoring enabled (TM2)
Apr  6 10:02:56 kashrinivaasan-Inspiron-1545 kernel: [    0.004424] process: using mwait in idle threads
Apr  6 10:02:56 kashrinivaasan-Inspiron-1545 kernel: [    0.004433] Last level iTLB entries: 4KB 128, 2MB 4, 4MB 4
Apr  6 10:02:56 kashrinivaasan-Inspiron-1545 kernel: [    0.004433] Last level dTLB entries: 4KB 256, 2MB 0, 4MB 32
Apr  6 10:02:56 kashrinivaasan-Inspiron-1545 kernel: [    0.004433] tlb_flushall_shift: -1
Apr  6 10:02:56 kashrinivaasan-Inspiron-1545 kernel: [    0.004737] Freeing SMP alternatives: 24k freed
Apr  6 10:02:56 kashrinivaasan-Inspiron-1545 kernel: [    0.008677] ACPI: Core revision 20120913
Apr  6 10:02:56 kashrinivaasan-Inspiron-1545 kernel: [    0.012011] ftrace: allocating 24997 entries in 49 pages
Apr  6 10:02:56 kashrinivaasan-Inspiron-1545 kernel: [    0.024069] Enabling APIC mode:  Flat.  Using 1 I/O APICs
Apr  6 10:02:56 kashrinivaasan-Inspiron-1545 kernel: [    0.024520] ..TIMER: vector=0x30 apic1=0 pin1=2 apic2=-1 pin2=-1
Apr  6 10:02:56 kashrinivaasan-Inspiron-1545 kernel: [    0.066063] smpboot: CPU0: Intel(R) Core(TM)2 Duo CPU     T6400  @ 2.00GHz (fam: 06, model: 17, stepping: 0a)
Apr  6 10:02:56 kashrinivaasan-Inspiron-1545 kernel: [    0.068000] Performance Events: PEBS fmt0+, 4-deep LBR, Core2 events, Intel PMU driver.
Apr  6 10:02:56 kashrinivaasan-Inspiron-1545 kernel: [    0.068000] ... version:                2
Apr  6 10:02:56 kashrinivaasan-Inspiron-1545 kernel: [    0.068000] ... bit width:              40
Apr  6 10:02:56 kashrinivaasan-Inspiron-1545 kernel: [    0.068000] ... generic registers:      2
Apr  6 10:02:56 kashrinivaasan-Inspiron-1545 kernel: [    0.068000] ... value mask:             000000ffffffffff
Apr  6 10:02:56 kashrinivaasan-Inspiron-1545 kernel: [    0.068000] ... max period:             000000007fffffff
Apr  6 10:02:56 kashrinivaasan-Inspiron-1545 kernel: [    0.068000] ... fixed-purpose events:   3
Apr  6 10:02:56 kashrinivaasan-Inspiron-1545 kernel: [    0.068000] ... event mask:             0000000700000003
Apr  6 10:02:56 kashrinivaasan-Inspiron-1545 kernel: [    0.068000] CPU 1 irqstacks, hard=f70cc000 soft=f70ce000
Apr  6 10:02:56 kashrinivaasan-Inspiron-1545 kernel: [    0.068000] smpboot: Booting Node   0, Processors  #1 OK
Apr  6 10:02:56 kashrinivaasan-Inspiron-1545 kernel: [    0.008000] Initializing CPU#1
Apr  6 10:02:56 kashrinivaasan-Inspiron-1545 kernel: [    0.078442] Brought up 2 CPUs
Apr  6 10:02:56 kashrinivaasan-Inspiron-1545 kernel: [    0.078446] smpboot: Total of 2 processors activated (7979.91 BogoMIPS)
Apr  6 10:02:56 kashrinivaasan-Inspiron-1545 kernel: [    0.078546] NMI watchdog: enabled on all CPUs, permanently consumes one hw-PMU counter.
Apr  6 10:02:56 kashrinivaasan-Inspiron-1545 kernel: [    0.080093] devtmpfs: initialized
Apr  6 10:02:56 kashrinivaasan-Inspiron-1545 kernel: [    0.080238] EVM: security.selinux
Apr  6 10:02:56 kashrinivaasan-Inspiron-1545 kernel: [    0.080241] EVM: security.SMACK64
Apr  6 10:02:56 kashrinivaasan-Inspiron-1545 kernel: [    0.080242] EVM: security.capability
Apr  6 10:02:56 kashrinivaasan-Inspiron-1545 kernel: [    0.080254] PM: Registering ACPI NVS region [mem 0xbd8bf400-0xbdac13ff] (2105344 bytes)
Apr  6 10:02:56 kashrinivaasan-Inspiron-1545 kernel: [    0.081342] regulator-dummy: no parameters
Apr  6 10:02:56 kashrinivaasan-Inspiron-1545 kernel: [    0.081408] NET: Registered protocol family 16
Apr  6 10:02:56 kashrinivaasan-Inspiron-1545 kernel: [    0.081580] EISA bus registered
Apr  6 10:02:56 kashrinivaasan-Inspiron-1545 kernel: [    0.081685] ACPI: bus type pci registered
Apr  6 10:02:56 kashrinivaasan-Inspiron-1545 kernel: [    0.081759] PCI: MMCONFIG for domain 0000 [bus 00-3f] at [mem 0xf8000000-0xfbffffff] (base 0xf8000000)
Apr  6 10:02:56 kashrinivaasan-Inspiron-1545 kernel: [    0.081762] PCI: MMCONFIG at [mem 0xf8000000-0xfbffffff] reserved in E820
Apr  6 10:02:56 kashrinivaasan-Inspiron-1545 kernel: [    0.081764] PCI: Using MMCONFIG for extended config space
Apr  6 10:02:56 kashrinivaasan-Inspiron-1545 kernel: [    0.081766] PCI: Using configuration type 1 for base access
Apr  6 10:02:56 kashrinivaasan-Inspiron-1545 kernel: [    0.081779] dmi type 0xB1 record - unknown flag
Apr  6 10:02:56 kashrinivaasan-Inspiron-1545 kernel: [    0.081779] bio: create slab <bio-0> at 0
Apr  6 10:02:56 kashrinivaasan-Inspiron-1545 kernel: [    0.081779] ACPI: Added _OSI(Module Device)
Apr  6 10:02:56 kashrinivaasan-Inspiron-1545 kernel: [    0.081779] ACPI: Added _OSI(Processor Device)
Apr  6 10:02:56 kashrinivaasan-Inspiron-1545 kernel: [    0.081779] ACPI: Added _OSI(3.0 _SCP Extensions)
Apr  6 10:02:56 kashrinivaasan-Inspiron-1545 kernel: [    0.081779] ACPI: Added _OSI(Processor Aggregator Device)
Apr  6 10:02:56 kashrinivaasan-Inspiron-1545 kernel: [    0.085103] ACPI: EC: Look up EC in DSDT
Apr  6 10:02:56 kashrinivaasan-Inspiron-1545 kernel: [    0.092114] [Firmware Bug]: ACPI: BIOS _OSI(Linux) query ignored
Apr  6 10:02:56 kashrinivaasan-Inspiron-1545 kernel: [    0.095961] ACPI: SSDT bdac29cf 0023F (v01  PmRef   BspIst 00003000 INTL 20050624)
Apr  6 10:02:56 kashrinivaasan-Inspiron-1545 kernel: [    0.096286] ACPI: Dynamic OEM Table Load:
Apr  6 10:02:56 kashrinivaasan-Inspiron-1545 kernel: [    0.096289] ACPI: SSDT   (null) 0023F (v01  PmRef   BspIst 00003000 INTL 20050624)
Apr  6 10:02:56 kashrinivaasan-Inspiron-1545 kernel: [    0.096446] ACPI: SSDT bdac2de5 005C6 (v01  PmRef   BspCst 00003001 INTL 20050624)
Apr  6 10:02:56 kashrinivaasan-Inspiron-1545 kernel: [    0.096745] ACPI: Dynamic OEM Table Load:
Apr  6 10:02:56 kashrinivaasan-Inspiron-1545 kernel: [    0.096748] ACPI: SSDT   (null) 005C6 (v01  PmRef   BspCst 00003001 INTL 20050624)
Apr  6 10:02:56 kashrinivaasan-Inspiron-1545 kernel: [    0.097033] ACPI: SSDT bdac2c0e 001D7 (v01  PmRef    ApIst 00003000 INTL 20050624)
Apr  6 10:02:56 kashrinivaasan-Inspiron-1545 kernel: [    0.097371] ACPI: Dynamic OEM Table Load:
Apr  6 10:02:56 kashrinivaasan-Inspiron-1545 kernel: [    0.097374] ACPI: SSDT   (null) 001D7 (v01  PmRef    ApIst 00003000 INTL 20050624)
Apr  6 10:02:56 kashrinivaasan-Inspiron-1545 kernel: [    0.097473] ACPI: SSDT bdac33ab 0008D (v01  PmRef    ApCst 00003000 INTL 20050624)
Apr  6 10:02:56 kashrinivaasan-Inspiron-1545 kernel: [    0.097787] ACPI: Dynamic OEM Table Load:
Apr  6 10:02:56 kashrinivaasan-Inspiron-1545 kernel: [    0.097790] ACPI: SSDT   (null) 0008D (v01  PmRef    ApCst 00003000 INTL 20050624)
Apr  6 10:02:56 kashrinivaasan-Inspiron-1545 kernel: [    0.098008] ACPI: Interpreter enabled
Apr  6 10:02:56 kashrinivaasan-Inspiron-1545 kernel: [    0.098018] ACPI: (supports S0 S3 S4 S5)
Apr  6 10:02:56 kashrinivaasan-Inspiron-1545 kernel: [    0.098036] ACPI: Using IOAPIC for interrupt routing
Apr  6 10:02:56 kashrinivaasan-Inspiron-1545 kernel: [    0.166304] ACPI: No dock devices found.
Apr  6 10:02:56 kashrinivaasan-Inspiron-1545 kernel: [    0.166313] PCI: Using host bridge windows from ACPI; if necessary, use "pci=nocrs" and report a bug
Apr  6 10:02:56 kashrinivaasan-Inspiron-1545 kernel: [    0.183517] ACPI: PCI Root Bridge [PCI0] (domain 0000 [bus 00-ff])
Apr  6 10:02:56 kashrinivaasan-Inspiron-1545 kernel: [    0.217546] pci_root PNP0A03:00: [Firmware Info]: MMCONFIG for domain 0000 [bus 00-3f] only partially covers this bridge
Apr  6 10:02:56 kashrinivaasan-Inspiron-1545 kernel: [    0.217586] PCI host bridge to bus 0000:00
Apr  6 10:02:56 kashrinivaasan-Inspiron-1545 kernel: [    0.217590] pci_bus 0000:00: root bus resource [bus 00-ff]
Apr  6 10:02:56 kashrinivaasan-Inspiron-1545 kernel: [    0.217593] pci_bus 0000:00: root bus resource [io  0x0000-0x0cf7]
Apr  6 10:02:56 kashrinivaasan-Inspiron-1545 kernel: [    0.217596] pci_bus 0000:00: root bus resource [io  0x0d00-0xffff]
Apr  6 10:02:56 kashrinivaasan-Inspiron-1545 kernel: [    0.217599] pci_bus 0000:00: root bus resource [mem 0x000a0000-0x000bffff]
Apr  6 10:02:56 kashrinivaasan-Inspiron-1545 kernel: [    0.217602] pci_bus 0000:00: root bus resource [mem 0x000d0000-0x000dffff]
Apr  6 10:02:56 kashrinivaasan-Inspiron-1545 kernel: [    0.217605] pci_bus 0000:00: root bus resource [mem 0xc0000000-0xf7ffffff]
Apr  6 10:02:56 kashrinivaasan-Inspiron-1545 kernel: [    0.217608] pci_bus 0000:00: root bus resource [mem 0xfc000000-0xfebfffff]
Apr  6 10:02:56 kashrinivaasan-Inspiron-1545 kernel: [    0.217611] pci_bus 0000:00: root bus resource [mem 0xfec10000-0xfecfffff]
Apr  6 10:02:56 kashrinivaasan-Inspiron-1545 kernel: [    0.217614] pci_bus 0000:00: root bus resource [mem 0xfed1c000-0xfed1ffff]
Apr  6 10:02:56 kashrinivaasan-Inspiron-1545 kernel: [    0.217617] pci_bus 0000:00: root bus resource [mem 0xfed90000-0xfed9ffff]
Apr  6 10:02:56 kashrinivaasan-Inspiron-1545 kernel: [    0.217620] pci_bus 0000:00: root bus resource [mem 0xfeda7000-0xfedfffff]
Apr  6 10:02:56 kashrinivaasan-Inspiron-1545 kernel: [    0.217623] pci_bus 0000:00: root bus resource [mem 0xfee10000-0xff9fffff]
Apr  6 10:02:56 kashrinivaasan-Inspiron-1545 kernel: [    0.217626] pci_bus 0000:00: root bus resource [mem 0xffc00000-0xffdfffff]
Apr  6 10:02:56 kashrinivaasan-Inspiron-1545 kernel: [    0.217639] pci 0000:00:00.0: [8086:2a40] type 00 class 0x060000
Apr  6 10:02:56 kashrinivaasan-Inspiron-1545 kernel: [    0.217666] DMAR: Forcing write-buffer flush capability
Apr  6 10:02:56 kashrinivaasan-Inspiron-1545 kernel: [    0.217668] DMAR: Disabling IOMMU for graphics on this chipset
Apr  6 10:02:56 kashrinivaasan-Inspiron-1545 kernel: [    0.217699] pci 0000:00:02.0: [8086:2a42] type 00 class 0x030000
Apr  6 10:02:56 kashrinivaasan-Inspiron-1545 kernel: [    0.217715] pci 0000:00:02.0: reg 10: [mem 0xf6c00000-0xf6ffffff 64bit]
Apr  6 10:02:56 kashrinivaasan-Inspiron-1545 kernel: [    0.217726] pci 0000:00:02.0: reg 18: [mem 0xe0000000-0xefffffff 64bit pref]
Apr  6 10:02:56 kashrinivaasan-Inspiron-1545 kernel: [    0.217733] pci 0000:00:02.0: reg 20: [io  0xefe8-0xefef]
Apr  6 10:02:56 kashrinivaasan-Inspiron-1545 kernel: [    0.217778] pci 0000:00:02.1: [8086:2a43] type 00 class 0x038000
