Sep  1 09:46:17 shrinivaasanka-Inspiron-1545 kernel: [    0.000000] Initializing cgroup subsys cpuset
Sep  1 09:46:17 shrinivaasanka-Inspiron-1545 kernel: [    0.000000] Initializing cgroup subsys cpu
Sep  1 09:46:17 shrinivaasanka-Inspiron-1545 kernel: [    0.000000] Initializing cgroup subsys cpuacct
Sep  1 09:46:17 shrinivaasanka-Inspiron-1545 kernel: [    0.000000] Linux version 3.15.5 (root@shrinivaasanka-Inspiron-1545) (gcc version 4.8.2 (Ubuntu 4.8.2-19ubuntu1) ) #1 SMP Sun Aug 24 10:23:57 IST 2014
Sep  1 09:46:17 shrinivaasanka-Inspiron-1545 kernel: [    0.000000] KERNEL supported cpus:
Sep  1 09:46:17 shrinivaasanka-Inspiron-1545 kernel: [    0.000000]   Intel GenuineIntel
Sep  1 09:46:17 shrinivaasanka-Inspiron-1545 kernel: [    0.000000]   AMD AuthenticAMD
Sep  1 09:46:17 shrinivaasanka-Inspiron-1545 kernel: [    0.000000]   NSC Geode by NSC
Sep  1 09:46:17 shrinivaasanka-Inspiron-1545 kernel: [    0.000000]   Cyrix CyrixInstead
Sep  1 09:46:17 shrinivaasanka-Inspiron-1545 kernel: [    0.000000]   Centaur CentaurHauls
Sep  1 09:46:17 shrinivaasanka-Inspiron-1545 kernel: [    0.000000]   Transmeta GenuineTMx86
Sep  1 09:46:17 shrinivaasanka-Inspiron-1545 kernel: [    0.000000]   Transmeta TransmetaCPU
Sep  1 09:46:17 shrinivaasanka-Inspiron-1545 kernel: [    0.000000]   UMC UMC UMC UMC
Sep  1 09:46:17 shrinivaasanka-Inspiron-1545 kernel: [    0.000000] e820: BIOS-provided physical RAM map:
Sep  1 09:46:17 shrinivaasanka-Inspiron-1545 kernel: [    0.000000] BIOS-e820: [mem 0x0000000000000000-0x000000000009efff] usable
Sep  1 09:46:17 shrinivaasanka-Inspiron-1545 kernel: [    0.000000] BIOS-e820: [mem 0x000000000009f000-0x000000000009ffff] reserved
Sep  1 09:46:17 shrinivaasanka-Inspiron-1545 kernel: [    0.000000] BIOS-e820: [mem 0x0000000000100000-0x00000000bd8bf3ff] usable
Sep  1 09:46:17 shrinivaasanka-Inspiron-1545 kernel: [    0.000000] BIOS-e820: [mem 0x00000000bd8bf400-0x00000000bdac13ff] ACPI NVS
Sep  1 09:46:17 shrinivaasanka-Inspiron-1545 kernel: [    0.000000] BIOS-e820: [mem 0x00000000bdac1400-0x00000000bfffffff] reserved
Sep  1 09:46:17 shrinivaasanka-Inspiron-1545 kernel: [    0.000000] BIOS-e820: [mem 0x00000000f8000000-0x00000000fbffffff] reserved
Sep  1 09:46:17 shrinivaasanka-Inspiron-1545 kernel: [    0.000000] BIOS-e820: [mem 0x00000000fec00000-0x00000000fec0ffff] reserved
Sep  1 09:46:17 shrinivaasanka-Inspiron-1545 kernel: [    0.000000] BIOS-e820: [mem 0x00000000fed18000-0x00000000fed1bfff] reserved
Sep  1 09:46:17 shrinivaasanka-Inspiron-1545 kernel: [    0.000000] BIOS-e820: [mem 0x00000000fed20000-0x00000000fed8ffff] reserved
Sep  1 09:46:17 shrinivaasanka-Inspiron-1545 kernel: [    0.000000] BIOS-e820: [mem 0x00000000feda0000-0x00000000feda5fff] reserved
Sep  1 09:46:17 shrinivaasanka-Inspiron-1545 kernel: [    0.000000] BIOS-e820: [mem 0x00000000fee00000-0x00000000fee0ffff] reserved
Sep  1 09:46:17 shrinivaasanka-Inspiron-1545 kernel: [    0.000000] BIOS-e820: [mem 0x00000000ffe00000-0x00000000ffffffff] reserved
Sep  1 09:46:17 shrinivaasanka-Inspiron-1545 kernel: [    0.000000] NX (Execute Disable) protection: active
Sep  1 09:46:17 shrinivaasanka-Inspiron-1545 kernel: [    0.000000] SMBIOS 2.4 present.
Sep  1 09:46:17 shrinivaasanka-Inspiron-1545 kernel: [    0.000000] DMI: Dell Inc. Inspiron 1545                   /0J037P, BIOS A14 12/07/2009
Sep  1 09:46:17 shrinivaasanka-Inspiron-1545 kernel: [    0.000000] e820: update [mem 0x00000000-0x00000fff] usable ==> reserved
Sep  1 09:46:17 shrinivaasanka-Inspiron-1545 kernel: [    0.000000] e820: remove [mem 0x000a0000-0x000fffff] usable
Sep  1 09:46:17 shrinivaasanka-Inspiron-1545 kernel: [    0.000000] e820: last_pfn = 0xbd8bf max_arch_pfn = 0x1000000
Sep  1 09:46:17 shrinivaasanka-Inspiron-1545 kernel: [    0.000000] MTRR default type: uncachable
Sep  1 09:46:17 shrinivaasanka-Inspiron-1545 kernel: [    0.000000] MTRR fixed ranges enabled:
Sep  1 09:46:17 shrinivaasanka-Inspiron-1545 kernel: [    0.000000]   00000-9FFFF write-back
Sep  1 09:46:17 shrinivaasanka-Inspiron-1545 kernel: [    0.000000]   A0000-BFFFF uncachable
Sep  1 09:46:17 shrinivaasanka-Inspiron-1545 kernel: [    0.000000]   C0000-CFFFF write-protect
Sep  1 09:46:17 shrinivaasanka-Inspiron-1545 kernel: [    0.000000]   D0000-EFFFF uncachable
Sep  1 09:46:17 shrinivaasanka-Inspiron-1545 kernel: [    0.000000]   F0000-FFFFF write-protect
Sep  1 09:46:17 shrinivaasanka-Inspiron-1545 kernel: [    0.000000] MTRR variable ranges enabled:
Sep  1 09:46:17 shrinivaasanka-Inspiron-1545 kernel: [    0.000000]   0 base 000000000 mask 800000000 write-back
Sep  1 09:46:17 shrinivaasanka-Inspiron-1545 kernel: [    0.000000]   1 base 0E0000000 mask FE0000000 uncachable
Sep  1 09:46:17 shrinivaasanka-Inspiron-1545 kernel: [    0.000000]   2 base 0BDC00000 mask FFFC00000 uncachable
Sep  1 09:46:17 shrinivaasanka-Inspiron-1545 kernel: [    0.000000]   3 base 0BE000000 mask FFE000000 uncachable
Sep  1 09:46:17 shrinivaasanka-Inspiron-1545 kernel: [    0.000000]   4 disabled
Sep  1 09:46:17 shrinivaasanka-Inspiron-1545 kernel: [    0.000000]   5 disabled
Sep  1 09:46:17 shrinivaasanka-Inspiron-1545 kernel: [    0.000000]   6 disabled
Sep  1 09:46:17 shrinivaasanka-Inspiron-1545 kernel: [    0.000000] x86 PAT enabled: cpu 0, old 0x7040600070406, new 0x7010600070106
Sep  1 09:46:17 shrinivaasanka-Inspiron-1545 kernel: [    0.000000] original variable MTRRs
Sep  1 09:46:17 shrinivaasanka-Inspiron-1545 kernel: [    0.000000] reg 0, base: 0GB, range: 32GB, type WB
Sep  1 09:46:17 shrinivaasanka-Inspiron-1545 kernel: [    0.000000] reg 1, base: 3584MB, range: 512MB, type UC
Sep  1 09:46:17 shrinivaasanka-Inspiron-1545 kernel: [    0.000000] reg 2, base: 3036MB, range: 4MB, type UC
Sep  1 09:46:17 shrinivaasanka-Inspiron-1545 kernel: [    0.000000] reg 3, base: 3040MB, range: 32MB, type UC
Sep  1 09:46:17 shrinivaasanka-Inspiron-1545 kernel: [    0.000000] total RAM covered: 32220M
Sep  1 09:46:17 shrinivaasanka-Inspiron-1545 kernel: [    0.000000]  gran_size: 64K 	chunk_size: 64K 	num_reg: 7  	lose cover RAM: 29188M
Sep  1 09:46:17 shrinivaasanka-Inspiron-1545 kernel: [    0.000000]  gran_size: 64K 	chunk_size: 128K 	num_reg: 7  	lose cover RAM: 29188M
Sep  1 09:46:17 shrinivaasanka-Inspiron-1545 kernel: [    0.000000]  gran_size: 64K 	chunk_size: 256K 	num_reg: 7  	lose cover RAM: 29188M
Sep  1 09:46:17 shrinivaasanka-Inspiron-1545 kernel: [    0.000000]  gran_size: 64K 	chunk_size: 512K 	num_reg: 7  	lose cover RAM: 29188M
Sep  1 09:46:17 shrinivaasanka-Inspiron-1545 kernel: [    0.000000]  gran_size: 64K 	chunk_size: 1M 	num_reg: 7  	lose cover RAM: 29188M
Sep  1 09:46:17 shrinivaasanka-Inspiron-1545 kernel: [    0.000000]  gran_size: 64K 	chunk_size: 2M 	num_reg: 7  	lose cover RAM: 29188M
Sep  1 09:46:17 shrinivaasanka-Inspiron-1545 kernel: [    0.000000]  gran_size: 64K 	chunk_size: 4M 	num_reg: 7  	lose cover RAM: 29188M
Sep  1 09:46:17 shrinivaasanka-Inspiron-1545 kernel: [    0.000000]  gran_size: 64K 	chunk_size: 8M 	num_reg: 7  	lose cover RAM: 29184M
Sep  1 09:46:17 shrinivaasanka-Inspiron-1545 kernel: [    0.000000]  gran_size: 64K 	chunk_size: 16M 	num_reg: 7  	lose cover RAM: 29184M
Sep  1 09:46:17 shrinivaasanka-Inspiron-1545 kernel: [    0.000000]  gran_size: 64K 	chunk_size: 32M 	num_reg: 7  	lose cover RAM: 29184M
Sep  1 09:46:17 shrinivaasanka-Inspiron-1545 kernel: [    0.000000]  gran_size: 64K 	chunk_size: 64M 	num_reg: 7  	lose cover RAM: 16G
Sep  1 09:46:17 shrinivaasanka-Inspiron-1545 kernel: [    0.000000]  gran_size: 64K 	chunk_size: 128M 	num_reg: 7  	lose cover RAM: 16G
Sep  1 09:46:17 shrinivaasanka-Inspiron-1545 kernel: [    0.000000]  gran_size: 64K 	chunk_size: 256M 	num_reg: 7  	lose cover RAM: 16G
Sep  1 09:46:17 shrinivaasanka-Inspiron-1545 kernel: [    0.000000]  gran_size: 64K 	chunk_size: 512M 	num_reg: 7  	lose cover RAM: 16G
Sep  1 09:46:17 shrinivaasanka-Inspiron-1545 kernel: [    0.000000]  gran_size: 64K 	chunk_size: 1G 	num_reg: 7  	lose cover RAM: 16G
Sep  1 09:46:17 shrinivaasanka-Inspiron-1545 kernel: [    0.000000]  gran_size: 64K 	chunk_size: 2G 	num_reg: 7  	lose cover RAM: 29188M
Sep  1 09:46:17 shrinivaasanka-Inspiron-1545 kernel: [    0.000000]  gran_size: 128K 	chunk_size: 128K 	num_reg: 7  	lose cover RAM: 29188M
Sep  1 09:46:17 shrinivaasanka-Inspiron-1545 kernel: [    0.000000]  gran_size: 128K 	chunk_size: 256K 	num_reg: 7  	lose cover RAM: 29188M
Sep  1 09:46:17 shrinivaasanka-Inspiron-1545 kernel: [    0.000000]  gran_size: 128K 	chunk_size: 512K 	num_reg: 7  	lose cover RAM: 29188M
Sep  1 09:46:17 shrinivaasanka-Inspiron-1545 kernel: [    0.000000]  gran_size: 128K 	chunk_size: 1M 	num_reg: 7  	lose cover RAM: 29188M
Sep  1 09:46:17 shrinivaasanka-Inspiron-1545 kernel: [    0.000000]  gran_size: 128K 	chunk_size: 2M 	num_reg: 7  	lose cover RAM: 29188M
Sep  1 09:46:17 shrinivaasanka-Inspiron-1545 kernel: [    0.000000]  gran_size: 128K 	chunk_size: 4M 	num_reg: 7  	lose cover RAM: 29188M
Sep  1 09:46:17 shrinivaasanka-Inspiron-1545 kernel: [    0.000000]  gran_size: 128K 	chunk_size: 8M 	num_reg: 7  	lose cover RAM: 29184M
Sep  1 09:46:17 shrinivaasanka-Inspiron-1545 kernel: [    0.000000]  gran_size: 128K 	chunk_size: 16M 	num_reg: 7  	lose cover RAM: 29184M
Sep  1 09:46:17 shrinivaasanka-Inspiron-1545 kernel: [    0.000000]  gran_size: 128K 	chunk_size: 32M 	num_reg: 7  	lose cover RAM: 29184M
Sep  1 09:46:17 shrinivaasanka-Inspiron-1545 kernel: [    0.000000]  gran_size: 128K 	chunk_size: 64M 	num_reg: 7  	lose cover RAM: 16G
Sep  1 09:46:17 shrinivaasanka-Inspiron-1545 kernel: [    0.000000]  gran_size: 128K 	chunk_size: 128M 	num_reg: 7  	lose cover RAM: 16G
Sep  1 09:46:17 shrinivaasanka-Inspiron-1545 kernel: [    0.000000]  gran_size: 128K 	chunk_size: 256M 	num_reg: 7  	lose cover RAM: 16G
Sep  1 09:46:17 shrinivaasanka-Inspiron-1545 kernel: [    0.000000]  gran_size: 128K 	chunk_size: 512M 	num_reg: 7  	lose cover RAM: 16G
Sep  1 09:46:17 shrinivaasanka-Inspiron-1545 kernel: [    0.000000]  gran_size: 128K 	chunk_size: 1G 	num_reg: 7  	lose cover RAM: 16G
Sep  1 09:46:17 shrinivaasanka-Inspiron-1545 kernel: [    0.000000]  gran_size: 128K 	chunk_size: 2G 	num_reg: 7  	lose cover RAM: 29188M
Sep  1 09:46:17 shrinivaasanka-Inspiron-1545 kernel: [    0.000000]  gran_size: 256K 	chunk_size: 256K 	num_reg: 7  	lose cover RAM: 29188M
Sep  1 09:46:17 shrinivaasanka-Inspiron-1545 kernel: [    0.000000]  gran_size: 256K 	chunk_size: 512K 	num_reg: 7  	lose cover RAM: 29188M
Sep  1 09:46:17 shrinivaasanka-Inspiron-1545 kernel: [    0.000000]  gran_size: 256K 	chunk_size: 1M 	num_reg: 7  	lose cover RAM: 29188M
Sep  1 09:46:17 shrinivaasanka-Inspiron-1545 kernel: [    0.000000]  gran_size: 256K 	chunk_size: 2M 	num_reg: 7  	lose cover RAM: 29188M
Sep  1 09:46:17 shrinivaasanka-Inspiron-1545 kernel: [    0.000000]  gran_size: 256K 	chunk_size: 4M 	num_reg: 7  	lose cover RAM: 29188M
Sep  1 09:46:17 shrinivaasanka-Inspiron-1545 kernel: [    0.000000]  gran_size: 256K 	chunk_size: 8M 	num_reg: 7  	lose cover RAM: 29184M
Sep  1 09:46:17 shrinivaasanka-Inspiron-1545 kernel: [    0.000000]  gran_size: 256K 	chunk_size: 16M 	num_reg: 7  	lose cover RAM: 29184M
Sep  1 09:46:17 shrinivaasanka-Inspiron-1545 kernel: [    0.000000]  gran_size: 256K 	chunk_size: 32M 	num_reg: 7  	lose cover RAM: 29184M
Sep  1 09:46:17 shrinivaasanka-Inspiron-1545 kernel: [    0.000000]  gran_size: 256K 	chunk_size: 64M 	num_reg: 7  	lose cover RAM: 16G
Sep  1 09:46:17 shrinivaasanka-Inspiron-1545 kernel: [    0.000000]  gran_size: 256K 	chunk_size: 128M 	num_reg: 7  	lose cover RAM: 16G
Sep  1 09:46:17 shrinivaasanka-Inspiron-1545 kernel: [    0.000000]  gran_size: 256K 	chunk_size: 256M 	num_reg: 7  	lose cover RAM: 16G
Sep  1 09:46:17 shrinivaasanka-Inspiron-1545 kernel: [    0.000000]  gran_size: 256K 	chunk_size: 512M 	num_reg: 7  	lose cover RAM: 16G
Sep  1 09:46:17 shrinivaasanka-Inspiron-1545 kernel: [    0.000000]  gran_size: 256K 	chunk_size: 1G 	num_reg: 7  	lose cover RAM: 16G
Sep  1 09:46:17 shrinivaasanka-Inspiron-1545 kernel: [    0.000000]  gran_size: 256K 	chunk_size: 2G 	num_reg: 7  	lose cover RAM: 29188M
Sep  1 09:46:17 shrinivaasanka-Inspiron-1545 kernel: [    0.000000]  gran_size: 512K 	chunk_size: 512K 	num_reg: 7  	lose cover RAM: 29188M
Sep  1 09:46:17 shrinivaasanka-Inspiron-1545 kernel: [    0.000000]  gran_size: 512K 	chunk_size: 1M 	num_reg: 7  	lose cover RAM: 29188M
Sep  1 09:46:17 shrinivaasanka-Inspiron-1545 kernel: [    0.000000]  gran_size: 512K 	chunk_size: 2M 	num_reg: 7  	lose cover RAM: 29188M
Sep  1 09:46:17 shrinivaasanka-Inspiron-1545 kernel: [    0.000000]  gran_size: 512K 	chunk_size: 4M 	num_reg: 7  	lose cover RAM: 29188M
Sep  1 09:46:17 shrinivaasanka-Inspiron-1545 kernel: [    0.000000]  gran_size: 512K 	chunk_size: 8M 	num_reg: 7  	lose cover RAM: 29184M
Sep  1 09:46:17 shrinivaasanka-Inspiron-1545 kernel: [    0.000000]  gran_size: 512K 	chunk_size: 16M 	num_reg: 7  	lose cover RAM: 29184M
Sep  1 09:46:17 shrinivaasanka-Inspiron-1545 kernel: [    0.000000]  gran_size: 512K 	chunk_size: 32M 	num_reg: 7  	lose cover RAM: 29184M
Sep  1 09:46:17 shrinivaasanka-Inspiron-1545 kernel: [    0.000000]  gran_size: 512K 	chunk_size: 64M 	num_reg: 7  	lose cover RAM: 16G
Sep  1 09:46:17 shrinivaasanka-Inspiron-1545 kernel: [    0.000000]  gran_size: 512K 	chunk_size: 128M 	num_reg: 7  	lose cover RAM: 16G
Sep  1 09:46:17 shrinivaasanka-Inspiron-1545 kernel: [    0.000000]  gran_size: 512K 	chunk_size: 256M 	num_reg: 7  	lose cover RAM: 16G
Sep  1 09:46:17 shrinivaasanka-Inspiron-1545 kernel: [    0.000000]  gran_size: 512K 	chunk_size: 512M 	num_reg: 7  	lose cover RAM: 16G
Sep  1 09:46:17 shrinivaasanka-Inspiron-1545 kernel: [    0.000000]  gran_size: 512K 	chunk_size: 1G 	num_reg: 7  	lose cover RAM: 16G
Sep  1 09:46:17 shrinivaasanka-Inspiron-1545 kernel: [    0.000000]  gran_size: 512K 	chunk_size: 2G 	num_reg: 7  	lose cover RAM: 29188M
Sep  1 09:46:17 shrinivaasanka-Inspiron-1545 kernel: [    0.000000]  gran_size: 1M 	chunk_size: 1M 	num_reg: 7  	lose cover RAM: 29188M
Sep  1 09:46:17 shrinivaasanka-Inspiron-1545 kernel: [    0.000000]  gran_size: 1M 	chunk_size: 2M 	num_reg: 7  	lose cover RAM: 29188M
Sep  1 09:46:17 shrinivaasanka-Inspiron-1545 kernel: [    0.000000]  gran_size: 1M 	chunk_size: 4M 	num_reg: 7  	lose cover RAM: 29188M
Sep  1 09:46:17 shrinivaasanka-Inspiron-1545 kernel: [    0.000000]  gran_size: 1M 	chunk_size: 8M 	num_reg: 7  	lose cover RAM: 29184M
Sep  1 09:46:17 shrinivaasanka-Inspiron-1545 kernel: [    0.000000]  gran_size: 1M 	chunk_size: 16M 	num_reg: 7  	lose cover RAM: 29184M
Sep  1 09:46:17 shrinivaasanka-Inspiron-1545 kernel: [    0.000000]  gran_size: 1M 	chunk_size: 32M 	num_reg: 7  	lose cover RAM: 29184M
Sep  1 09:46:17 shrinivaasanka-Inspiron-1545 kernel: [    0.000000]  gran_size: 1M 	chunk_size: 64M 	num_reg: 7  	lose cover RAM: 16G
Sep  1 09:46:17 shrinivaasanka-Inspiron-1545 kernel: [    0.000000]  gran_size: 1M 	chunk_size: 128M 	num_reg: 7  	lose cover RAM: 16G
Sep  1 09:46:17 shrinivaasanka-Inspiron-1545 kernel: [    0.000000]  gran_size: 1M 	chunk_size: 256M 	num_reg: 7  	lose cover RAM: 16G
Sep  1 09:46:17 shrinivaasanka-Inspiron-1545 kernel: [    0.000000]  gran_size: 1M 	chunk_size: 512M 	num_reg: 7  	lose cover RAM: 16G
Sep  1 09:46:17 shrinivaasanka-Inspiron-1545 kernel: [    0.000000]  gran_size: 1M 	chunk_size: 1G 	num_reg: 7  	lose cover RAM: 16G
Sep  1 09:46:17 shrinivaasanka-Inspiron-1545 kernel: [    0.000000]  gran_size: 1M 	chunk_size: 2G 	num_reg: 7  	lose cover RAM: 29188M
Sep  1 09:46:17 shrinivaasanka-Inspiron-1545 kernel: [    0.000000]  gran_size: 2M 	chunk_size: 2M 	num_reg: 7  	lose cover RAM: 29188M
Sep  1 09:46:17 shrinivaasanka-Inspiron-1545 kernel: [    0.000000]  gran_size: 2M 	chunk_size: 4M 	num_reg: 7  	lose cover RAM: 29188M
Sep  1 09:46:17 shrinivaasanka-Inspiron-1545 kernel: [    0.000000]  gran_size: 2M 	chunk_size: 8M 	num_reg: 7  	lose cover RAM: 29184M
Sep  1 09:46:17 shrinivaasanka-Inspiron-1545 kernel: [    0.000000]  gran_size: 2M 	chunk_size: 16M 	num_reg: 7  	lose cover RAM: 29184M
Sep  1 09:46:17 shrinivaasanka-Inspiron-1545 kernel: [    0.000000]  gran_size: 2M 	chunk_size: 32M 	num_reg: 7  	lose cover RAM: 29184M
Sep  1 09:46:17 shrinivaasanka-Inspiron-1545 kernel: [    0.000000]  gran_size: 2M 	chunk_size: 64M 	num_reg: 7  	lose cover RAM: 16G
Sep  1 09:46:17 shrinivaasanka-Inspiron-1545 kernel: [    0.000000]  gran_size: 2M 	chunk_size: 128M 	num_reg: 7  	lose cover RAM: 16G
Sep  1 09:46:17 shrinivaasanka-Inspiron-1545 kernel: [    0.000000]  gran_size: 2M 	chunk_size: 256M 	num_reg: 7  	lose cover RAM: 16G
Sep  1 09:46:17 shrinivaasanka-Inspiron-1545 kernel: [    0.000000]  gran_size: 2M 	chunk_size: 512M 	num_reg: 7  	lose cover RAM: 16G
Sep  1 09:46:17 shrinivaasanka-Inspiron-1545 kernel: [    0.000000]  gran_size: 2M 	chunk_size: 1G 	num_reg: 7  	lose cover RAM: 16G
Sep  1 09:46:17 shrinivaasanka-Inspiron-1545 kernel: [    0.000000]  gran_size: 2M 	chunk_size: 2G 	num_reg: 7  	lose cover RAM: 29188M
Sep  1 09:46:17 shrinivaasanka-Inspiron-1545 kernel: [    0.000000]  gran_size: 4M 	chunk_size: 4M 	num_reg: 7  	lose cover RAM: 29188M
Sep  1 09:46:17 shrinivaasanka-Inspiron-1545 kernel: [    0.000000]  gran_size: 4M 	chunk_size: 8M 	num_reg: 7  	lose cover RAM: 29184M
Sep  1 09:46:17 shrinivaasanka-Inspiron-1545 kernel: [    0.000000]  gran_size: 4M 	chunk_size: 16M 	num_reg: 7  	lose cover RAM: 29184M
Sep  1 09:46:17 shrinivaasanka-Inspiron-1545 kernel: [    0.000000]  gran_size: 4M 	chunk_size: 32M 	num_reg: 7  	lose cover RAM: 29184M
Sep  1 09:46:17 shrinivaasanka-Inspiron-1545 kernel: [    0.000000]  gran_size: 4M 	chunk_size: 64M 	num_reg: 7  	lose cover RAM: 16G
Sep  1 09:46:17 shrinivaasanka-Inspiron-1545 kernel: [    0.000000]  gran_size: 4M 	chunk_size: 128M 	num_reg: 7  	lose cover RAM: 16G
Sep  1 09:46:17 shrinivaasanka-Inspiron-1545 kernel: [    0.000000]  gran_size: 4M 	chunk_size: 256M 	num_reg: 7  	lose cover RAM: 16G
Sep  1 09:46:17 shrinivaasanka-Inspiron-1545 kernel: [    0.000000]  gran_size: 4M 	chunk_size: 512M 	num_reg: 7  	lose cover RAM: 16G
Sep  1 09:46:17 shrinivaasanka-Inspiron-1545 kernel: [    0.000000]  gran_size: 4M 	chunk_size: 1G 	num_reg: 7  	lose cover RAM: 16G
Sep  1 09:46:17 shrinivaasanka-Inspiron-1545 kernel: [    0.000000]  gran_size: 4M 	chunk_size: 2G 	num_reg: 7  	lose cover RAM: 29188M
Sep  1 09:46:17 shrinivaasanka-Inspiron-1545 kernel: [    0.000000]  gran_size: 8M 	chunk_size: 8M 	num_reg: 7  	lose cover RAM: 29188M
Sep  1 09:46:17 shrinivaasanka-Inspiron-1545 kernel: [    0.000000]  gran_size: 8M 	chunk_size: 16M 	num_reg: 7  	lose cover RAM: 29188M
Sep  1 09:46:17 shrinivaasanka-Inspiron-1545 kernel: [    0.000000]  gran_size: 8M 	chunk_size: 32M 	num_reg: 7  	lose cover RAM: 29188M
Sep  1 09:46:17 shrinivaasanka-Inspiron-1545 kernel: [    0.000000]  gran_size: 8M 	chunk_size: 64M 	num_reg: 7  	lose cover RAM: 16388M
Sep  1 09:46:17 shrinivaasanka-Inspiron-1545 kernel: [    0.000000]  gran_size: 8M 	chunk_size: 128M 	num_reg: 7  	lose cover RAM: 16388M
Sep  1 09:46:17 shrinivaasanka-Inspiron-1545 kernel: [    0.000000]  gran_size: 8M 	chunk_size: 256M 	num_reg: 7  	lose cover RAM: 16388M
Sep  1 09:46:17 shrinivaasanka-Inspiron-1545 kernel: [    0.000000]  gran_size: 8M 	chunk_size: 512M 	num_reg: 7  	lose cover RAM: 16388M
Sep  1 09:46:17 shrinivaasanka-Inspiron-1545 kernel: [    0.000000]  gran_size: 8M 	chunk_size: 1G 	num_reg: 7  	lose cover RAM: 16388M
Sep  1 09:46:17 shrinivaasanka-Inspiron-1545 kernel: [    0.000000]  gran_size: 8M 	chunk_size: 2G 	num_reg: 7  	lose cover RAM: 29188M
Sep  1 09:46:17 shrinivaasanka-Inspiron-1545 kernel: [    0.000000]  gran_size: 16M 	chunk_size: 16M 	num_reg: 7  	lose cover RAM: 28684M
Sep  1 09:46:17 shrinivaasanka-Inspiron-1545 kernel: [    0.000000]  gran_size: 16M 	chunk_size: 32M 	num_reg: 7  	lose cover RAM: 29196M
Sep  1 09:46:17 shrinivaasanka-Inspiron-1545 kernel: [    0.000000]  gran_size: 16M 	chunk_size: 64M 	num_reg: 7  	lose cover RAM: 16396M
Sep  1 09:46:17 shrinivaasanka-Inspiron-1545 kernel: [    0.000000]  gran_size: 16M 	chunk_size: 128M 	num_reg: 7  	lose cover RAM: 16396M
Sep  1 09:46:17 shrinivaasanka-Inspiron-1545 kernel: [    0.000000]  gran_size: 16M 	chunk_size: 256M 	num_reg: 7  	lose cover RAM: 16396M
Sep  1 09:46:17 shrinivaasanka-Inspiron-1545 kernel: [    0.000000]  gran_size: 16M 	chunk_size: 512M 	num_reg: 7  	lose cover RAM: 16396M
Sep  1 09:46:17 shrinivaasanka-Inspiron-1545 kernel: [    0.000000]  gran_size: 16M 	chunk_size: 1G 	num_reg: 7  	lose cover RAM: 16396M
Sep  1 09:46:17 shrinivaasanka-Inspiron-1545 kernel: [    0.000000]  gran_size: 16M 	chunk_size: 2G 	num_reg: 7  	lose cover RAM: 28172M
Sep  1 09:46:17 shrinivaasanka-Inspiron-1545 kernel: [    0.000000]  gran_size: 32M 	chunk_size: 32M 	num_reg: 7  	lose cover RAM: 24604M
Sep  1 09:46:17 shrinivaasanka-Inspiron-1545 kernel: [    0.000000]  gran_size: 32M 	chunk_size: 64M 	num_reg: 7  	lose cover RAM: 24604M
Sep  1 09:46:17 shrinivaasanka-Inspiron-1545 kernel: [    0.000000]  gran_size: 32M 	chunk_size: 128M 	num_reg: 7  	lose cover RAM: 28M
Sep  1 09:46:17 shrinivaasanka-Inspiron-1545 kernel: [    0.000000]  gran_size: 32M 	chunk_size: 256M 	num_reg: 7  	lose cover RAM: 28M
Sep  1 09:46:17 shrinivaasanka-Inspiron-1545 kernel: [    0.000000]  gran_size: 32M 	chunk_size: 512M 	num_reg: 7  	lose cover RAM: 28M
Sep  1 09:46:17 shrinivaasanka-Inspiron-1545 kernel: [    0.000000]  gran_size: 32M 	chunk_size: 1G 	num_reg: 7  	lose cover RAM: 28M
Sep  1 09:46:17 shrinivaasanka-Inspiron-1545 kernel: [    0.000000]  gran_size: 32M 	chunk_size: 2G 	num_reg: 7  	lose cover RAM: 27164M
Sep  1 09:46:17 shrinivaasanka-Inspiron-1545 kernel: [    0.000000]  gran_size: 64M 	chunk_size: 64M 	num_reg: 7  	lose cover RAM: 24604M
Sep  1 09:46:17 shrinivaasanka-Inspiron-1545 kernel: [    0.000000]  gran_size: 64M 	chunk_size: 128M 	num_reg: 7  	lose cover RAM: 28M
Sep  1 09:46:17 shrinivaasanka-Inspiron-1545 kernel: [    0.000000]  gran_size: 64M 	chunk_size: 256M 	num_reg: 7  	lose cover RAM: 28M
Sep  1 09:46:17 shrinivaasanka-Inspiron-1545 kernel: [    0.000000]  gran_size: 64M 	chunk_size: 512M 	num_reg: 7  	lose cover RAM: 28M
Sep  1 09:46:17 shrinivaasanka-Inspiron-1545 kernel: [    0.000000]  gran_size: 64M 	chunk_size: 1G 	num_reg: 7  	lose cover RAM: 28M
Sep  1 09:46:17 shrinivaasanka-Inspiron-1545 kernel: [    0.000000]  gran_size: 64M 	chunk_size: 2G 	num_reg: 7  	lose cover RAM: 27164M
Sep  1 09:46:17 shrinivaasanka-Inspiron-1545 kernel: [    0.000000]  gran_size: 128M 	chunk_size: 128M 	num_reg: 7  	lose cover RAM: 16476M
Sep  1 09:46:17 shrinivaasanka-Inspiron-1545 kernel: [    0.000000]  gran_size: 128M 	chunk_size: 256M 	num_reg: 7  	lose cover RAM: 92M
Sep  1 09:46:17 shrinivaasanka-Inspiron-1545 kernel: [    0.000000]  gran_size: 128M 	chunk_size: 512M 	num_reg: 7  	lose cover RAM: 92M
Sep  1 09:46:17 shrinivaasanka-Inspiron-1545 kernel: [    0.000000]  gran_size: 128M 	chunk_size: 1G 	num_reg: 7  	lose cover RAM: 92M
Sep  1 09:46:17 shrinivaasanka-Inspiron-1545 kernel: [    0.000000]  gran_size: 128M 	chunk_size: 2G 	num_reg: 7  	lose cover RAM: 27740M
Sep  1 09:46:17 shrinivaasanka-Inspiron-1545 kernel: [    0.000000]  gran_size: 256M 	chunk_size: 256M 	num_reg: 7  	lose cover RAM: 220M
Sep  1 09:46:17 shrinivaasanka-Inspiron-1545 kernel: [    0.000000]  gran_size: 256M 	chunk_size: 512M 	num_reg: 7  	lose cover RAM: 220M
Sep  1 09:46:17 shrinivaasanka-Inspiron-1545 kernel: [    0.000000]  gran_size: 256M 	chunk_size: 1G 	num_reg: 7  	lose cover RAM: 220M
Sep  1 09:46:17 shrinivaasanka-Inspiron-1545 kernel: [    0.000000]  gran_size: 256M 	chunk_size: 2G 	num_reg: 7  	lose cover RAM: 26844M
Sep  1 09:46:17 shrinivaasanka-Inspiron-1545 kernel: [    0.000000]  gran_size: 512M 	chunk_size: 512M 	num_reg: 6  	lose cover RAM: 476M
Sep  1 09:46:17 shrinivaasanka-Inspiron-1545 kernel: [    0.000000]  gran_size: 512M 	chunk_size: 1G 	num_reg: 7  	lose cover RAM: 476M
Sep  1 09:46:17 shrinivaasanka-Inspiron-1545 kernel: [    0.000000]  gran_size: 512M 	chunk_size: 2G 	num_reg: 7  	lose cover RAM: 25052M
Sep  1 09:46:17 shrinivaasanka-Inspiron-1545 kernel: [    0.000000]  gran_size: 1G 	chunk_size: 1G 	num_reg: 4  	lose cover RAM: 1500M
Sep  1 09:46:17 shrinivaasanka-Inspiron-1545 kernel: [    0.000000]  gran_size: 1G 	chunk_size: 2G 	num_reg: 4  	lose cover RAM: 1500M
Sep  1 09:46:17 shrinivaasanka-Inspiron-1545 kernel: [    0.000000]  gran_size: 2G 	chunk_size: 2G 	num_reg: 4  	lose cover RAM: 1500M
Sep  1 09:46:17 shrinivaasanka-Inspiron-1545 kernel: [    0.000000] mtrr_cleanup: can not find optimal value
Sep  1 09:46:17 shrinivaasanka-Inspiron-1545 kernel: [    0.000000] please specify mtrr_gran_size/mtrr_chunk_size
Sep  1 09:46:17 shrinivaasanka-Inspiron-1545 kernel: [    0.000000] e820: update [mem 0xbdc00000-0xbfffffff] usable ==> reserved
Sep  1 09:46:17 shrinivaasanka-Inspiron-1545 kernel: [    0.000000] e820: update [mem 0xe0000000-0xffffffff] usable ==> reserved
Sep  1 09:46:17 shrinivaasanka-Inspiron-1545 kernel: [    0.000000] Scanning 1 areas for low memory corruption
Sep  1 09:46:17 shrinivaasanka-Inspiron-1545 kernel: [    0.000000] initial memory mapped: [mem 0x00000000-0x021fffff]
Sep  1 09:46:17 shrinivaasanka-Inspiron-1545 kernel: [    0.000000] Base memory trampoline at [c009b000] 9b000 size 16384
Sep  1 09:46:17 shrinivaasanka-Inspiron-1545 kernel: [    0.000000] init_memory_mapping: [mem 0x00000000-0x000fffff]
Sep  1 09:46:17 shrinivaasanka-Inspiron-1545 kernel: [    0.000000]  [mem 0x00000000-0x000fffff] page 4k
Sep  1 09:46:17 shrinivaasanka-Inspiron-1545 kernel: [    0.000000] init_memory_mapping: [mem 0x37800000-0x379fffff]
Sep  1 09:46:17 shrinivaasanka-Inspiron-1545 kernel: [    0.000000]  [mem 0x37800000-0x379fffff] page 2M
Sep  1 09:46:17 shrinivaasanka-Inspiron-1545 kernel: [    0.000000] init_memory_mapping: [mem 0x34000000-0x377fffff]
Sep  1 09:46:17 shrinivaasanka-Inspiron-1545 kernel: [    0.000000]  [mem 0x34000000-0x377fffff] page 2M
Sep  1 09:46:17 shrinivaasanka-Inspiron-1545 kernel: [    0.000000] init_memory_mapping: [mem 0x00100000-0x33ffffff]
Sep  1 09:46:17 shrinivaasanka-Inspiron-1545 kernel: [    0.000000]  [mem 0x00100000-0x001fffff] page 4k
Sep  1 09:46:17 shrinivaasanka-Inspiron-1545 kernel: [    0.000000]  [mem 0x00200000-0x33ffffff] page 2M
Sep  1 09:46:17 shrinivaasanka-Inspiron-1545 kernel: [    0.000000] init_memory_mapping: [mem 0x37a00000-0x37bfdfff]
Sep  1 09:46:17 shrinivaasanka-Inspiron-1545 kernel: [    0.000000]  [mem 0x37a00000-0x37bfdfff] page 4k
Sep  1 09:46:17 shrinivaasanka-Inspiron-1545 kernel: [    0.000000] BRK [0x01c0a000, 0x01c0afff] PGTABLE
Sep  1 09:46:17 shrinivaasanka-Inspiron-1545 kernel: [    0.000000] RAMDISK: [mem 0x1dcfc000-0x2ae75fff]
Sep  1 09:46:17 shrinivaasanka-Inspiron-1545 kernel: [    0.000000] ACPI: RSDP 0x000FBDD0 000024 (v02 DELL  )
Sep  1 09:46:17 shrinivaasanka-Inspiron-1545 kernel: [    0.000000] ACPI: XSDT 0xBDAC3E00 000054 (v01 DELL   WN09     27D90C07 ASL  00000061)
Sep  1 09:46:17 shrinivaasanka-Inspiron-1545 kernel: [    0.000000] ACPI: FACP 0xBDAC3C9C 0000F4 (v04 DELL   WN09     27D90C07 ASL  00000061)
Sep  1 09:46:17 shrinivaasanka-Inspiron-1545 kernel: [    0.000000] ACPI BIOS Warning (bug): 32/64X length mismatch in FADT/Gpe0Block: 128/64 (20140214/tbfadt-603)
Sep  1 09:46:17 shrinivaasanka-Inspiron-1545 kernel: [    0.000000] ACPI: DSDT 0xBDAC4400 005451 (v02 INT430 SYSFexxx 00001001 INTL 20050624)
Sep  1 09:46:17 shrinivaasanka-Inspiron-1545 kernel: [    0.000000] ACPI: FACS 0xBDAD2C00 000040
Sep  1 09:46:17 shrinivaasanka-Inspiron-1545 kernel: [    0.000000] ACPI: HPET 0xBDAC3F00 000038 (v01 DELL   WN09     00000001 ASL  00000061)
Sep  1 09:46:17 shrinivaasanka-Inspiron-1545 kernel: [    0.000000] ACPI: APIC 0xBDAC4000 000068 (v01 DELL   WN09     27D90C07 ASL  00000047)
Sep  1 09:46:17 shrinivaasanka-Inspiron-1545 kernel: [    0.000000] ACPI: MCFG 0xBDAC3FC0 00003E (v16 DELL   WN09     27D90C07 ASL  00000061)
Sep  1 09:46:17 shrinivaasanka-Inspiron-1545 kernel: [    0.000000] ACPI: SLIC 0xBDAC409C 000176 (v01 DELL   WN09     27D90C07 ASL  00000061)
Sep  1 09:46:17 shrinivaasanka-Inspiron-1545 kernel: [    0.000000] ACPI: SSDT 0xBDAC2363 00066C (v01 PmRef  CpuPm    00003000 INTL 20050624)
Sep  1 09:46:17 shrinivaasanka-Inspiron-1545 kernel: [    0.000000] ACPI: Local APIC address 0xfee00000
Sep  1 09:46:17 shrinivaasanka-Inspiron-1545 kernel: [    0.000000] 2140MB HIGHMEM available.
Sep  1 09:46:17 shrinivaasanka-Inspiron-1545 kernel: [    0.000000] 891MB LOWMEM available.
Sep  1 09:46:17 shrinivaasanka-Inspiron-1545 kernel: [    0.000000]   mapped low ram: 0 - 37bfe000
Sep  1 09:46:17 shrinivaasanka-Inspiron-1545 kernel: [    0.000000]   low ram: 0 - 37bfe000
Sep  1 09:46:17 shrinivaasanka-Inspiron-1545 kernel: [    0.000000] BRK [0x01c0b000, 0x01c0bfff] PGTABLE
Sep  1 09:46:17 shrinivaasanka-Inspiron-1545 kernel: [    0.000000] Zone ranges:
Sep  1 09:46:17 shrinivaasanka-Inspiron-1545 kernel: [    0.000000]   DMA      [mem 0x00001000-0x00ffffff]
Sep  1 09:46:17 shrinivaasanka-Inspiron-1545 kernel: [    0.000000]   Normal   [mem 0x01000000-0x37bfdfff]
Sep  1 09:46:17 shrinivaasanka-Inspiron-1545 kernel: [    0.000000]   HighMem  [mem 0x37bfe000-0xbd8befff]
Sep  1 09:46:17 shrinivaasanka-Inspiron-1545 kernel: [    0.000000] Movable zone start for each node
Sep  1 09:46:17 shrinivaasanka-Inspiron-1545 kernel: [    0.000000] Early memory node ranges
Sep  1 09:46:17 shrinivaasanka-Inspiron-1545 kernel: [    0.000000]   node   0: [mem 0x00001000-0x0009efff]
Sep  1 09:46:17 shrinivaasanka-Inspiron-1545 kernel: [    0.000000]   node   0: [mem 0x00100000-0xbd8befff]
Sep  1 09:46:17 shrinivaasanka-Inspiron-1545 kernel: [    0.000000] On node 0 totalpages: 776285
Sep  1 09:46:17 shrinivaasanka-Inspiron-1545 kernel: [    0.000000]   DMA zone: 32 pages used for memmap
Sep  1 09:46:17 shrinivaasanka-Inspiron-1545 kernel: [    0.000000]   DMA zone: 0 pages reserved
Sep  1 09:46:17 shrinivaasanka-Inspiron-1545 kernel: [    0.000000]   DMA zone: 3998 pages, LIFO batch:0
Sep  1 09:46:17 shrinivaasanka-Inspiron-1545 kernel: [    0.000000]   Normal zone: 1752 pages used for memmap
Sep  1 09:46:17 shrinivaasanka-Inspiron-1545 kernel: [    0.000000]   Normal zone: 224254 pages, LIFO batch:31
Sep  1 09:46:17 shrinivaasanka-Inspiron-1545 kernel: [    0.000000]   HighMem zone: 4282 pages used for memmap
Sep  1 09:46:17 shrinivaasanka-Inspiron-1545 kernel: [    0.000000]   HighMem zone: 548033 pages, LIFO batch:31
Sep  1 09:46:17 shrinivaasanka-Inspiron-1545 kernel: [    0.000000] Using APIC driver default
Sep  1 09:46:17 shrinivaasanka-Inspiron-1545 kernel: [    0.000000] Reserving Intel graphics stolen memory at 0xbe000000-0xbfffffff
Sep  1 09:46:17 shrinivaasanka-Inspiron-1545 kernel: [    0.000000] ACPI: PM-Timer IO Port: 0x1008
Sep  1 09:46:17 shrinivaasanka-Inspiron-1545 kernel: [    0.000000] ACPI: Local APIC address 0xfee00000
Sep  1 09:46:17 shrinivaasanka-Inspiron-1545 kernel: [    0.000000] ACPI: LAPIC (acpi_id[0x00] lapic_id[0x00] enabled)
Sep  1 09:46:17 shrinivaasanka-Inspiron-1545 kernel: [    0.000000] ACPI: LAPIC (acpi_id[0x01] lapic_id[0x01] enabled)
Sep  1 09:46:17 shrinivaasanka-Inspiron-1545 kernel: [    0.000000] ACPI: LAPIC_NMI (acpi_id[0x00] high edge lint[0x1])
Sep  1 09:46:17 shrinivaasanka-Inspiron-1545 kernel: [    0.000000] ACPI: LAPIC_NMI (acpi_id[0x01] high edge lint[0x1])
Sep  1 09:46:17 shrinivaasanka-Inspiron-1545 kernel: [    0.000000] ACPI: IOAPIC (id[0x02] address[0xfec00000] gsi_base[0])
Sep  1 09:46:17 shrinivaasanka-Inspiron-1545 kernel: [    0.000000] IOAPIC[0]: apic_id 2, version 32, address 0xfec00000, GSI 0-23
Sep  1 09:46:17 shrinivaasanka-Inspiron-1545 kernel: [    0.000000] ACPI: INT_SRC_OVR (bus 0 bus_irq 0 global_irq 2 dfl dfl)
Sep  1 09:46:17 shrinivaasanka-Inspiron-1545 kernel: [    0.000000] ACPI: INT_SRC_OVR (bus 0 bus_irq 9 global_irq 9 high level)
Sep  1 09:46:17 shrinivaasanka-Inspiron-1545 kernel: [    0.000000] ACPI: IRQ0 used by override.
Sep  1 09:46:17 shrinivaasanka-Inspiron-1545 kernel: [    0.000000] ACPI: IRQ2 used by override.
Sep  1 09:46:17 shrinivaasanka-Inspiron-1545 kernel: [    0.000000] ACPI: IRQ9 used by override.
Sep  1 09:46:17 shrinivaasanka-Inspiron-1545 kernel: [    0.000000] Using ACPI (MADT) for SMP configuration information
Sep  1 09:46:17 shrinivaasanka-Inspiron-1545 kernel: [    0.000000] ACPI: HPET id: 0x8086a201 base: 0xfed00000
Sep  1 09:46:17 shrinivaasanka-Inspiron-1545 kernel: [    0.000000] smpboot: Allowing 2 CPUs, 0 hotplug CPUs
Sep  1 09:46:17 shrinivaasanka-Inspiron-1545 kernel: [    0.000000] nr_irqs_gsi: 40
Sep  1 09:46:17 shrinivaasanka-Inspiron-1545 kernel: [    0.000000] PM: Registered nosave memory: [mem 0x0009f000-0x0009ffff]
Sep  1 09:46:17 shrinivaasanka-Inspiron-1545 kernel: [    0.000000] PM: Registered nosave memory: [mem 0x000a0000-0x000fffff]
Sep  1 09:46:17 shrinivaasanka-Inspiron-1545 kernel: [    0.000000] e820: [mem 0xc0000000-0xf7ffffff] available for PCI devices
Sep  1 09:46:17 shrinivaasanka-Inspiron-1545 kernel: [    0.000000] Booting paravirtualized kernel on bare hardware
Sep  1 09:46:17 shrinivaasanka-Inspiron-1545 kernel: [    0.000000] setup_percpu: NR_CPUS:8 nr_cpumask_bits:8 nr_cpu_ids:2 nr_node_ids:1
Sep  1 09:46:17 shrinivaasanka-Inspiron-1545 kernel: [    0.000000] PERCPU: Embedded 14 pages/cpu @f63bb000 s36032 r0 d21312 u57344
Sep  1 09:46:17 shrinivaasanka-Inspiron-1545 kernel: [    0.000000] pcpu-alloc: s36032 r0 d21312 u57344 alloc=14*4096
Sep  1 09:46:17 shrinivaasanka-Inspiron-1545 kernel: [    0.000000] pcpu-alloc: [0] 0 [0] 1 
Sep  1 09:46:17 shrinivaasanka-Inspiron-1545 kernel: [    0.000000] Built 1 zonelists in Zone order, mobility grouping on.  Total pages: 774501
Sep  1 09:46:17 shrinivaasanka-Inspiron-1545 kernel: [    0.000000] Kernel command line: BOOT_IMAGE=/boot/vmlinuz-3.15.5 root=UUID=a17d2cbc-55c6-4d07-9ff0-e058fee06d24 ro recovery nomodeset
Sep  1 09:46:17 shrinivaasanka-Inspiron-1545 kernel: [    0.000000] PID hash table entries: 4096 (order: 2, 16384 bytes)
Sep  1 09:46:17 shrinivaasanka-Inspiron-1545 kernel: [    0.000000] Dentry cache hash table entries: 131072 (order: 7, 524288 bytes)
Sep  1 09:46:17 shrinivaasanka-Inspiron-1545 kernel: [    0.000000] Inode-cache hash table entries: 65536 (order: 6, 262144 bytes)
Sep  1 09:46:17 shrinivaasanka-Inspiron-1545 kernel: [    0.000000] Initializing CPU#0
Sep  1 09:46:17 shrinivaasanka-Inspiron-1545 kernel: [    0.000000] xsave: enabled xstate_bv 0x3, cntxt size 0x240
Sep  1 09:46:17 shrinivaasanka-Inspiron-1545 kernel: [    0.000000] Initializing HighMem for node 0 (00037bfe:000bd8bf)
Sep  1 09:46:17 shrinivaasanka-Inspiron-1545 kernel: [    0.000000] Initializing Movable for node 0 (00000000:00000000)
Sep  1 09:46:17 shrinivaasanka-Inspiron-1545 kernel: [    0.000000] Memory: 2852584K/3105140K available (6666K kernel code, 670K rwdata, 2984K rodata, 876K init, 1016K bss, 252556K reserved, 2192132K highmem)
Sep  1 09:46:17 shrinivaasanka-Inspiron-1545 kernel: [    0.000000] virtual kernel memory layout:
Sep  1 09:46:17 shrinivaasanka-Inspiron-1545 kernel: [    0.000000]     fixmap  : 0xfff15000 - 0xfffff000   ( 936 kB)
Sep  1 09:46:17 shrinivaasanka-Inspiron-1545 kernel: [    0.000000]     pkmap   : 0xffc00000 - 0xffe00000   (2048 kB)
Sep  1 09:46:17 shrinivaasanka-Inspiron-1545 kernel: [    0.000000]     vmalloc : 0xf83fe000 - 0xffbfe000   ( 120 MB)
Sep  1 09:46:17 shrinivaasanka-Inspiron-1545 kernel: [    0.000000]     lowmem  : 0xc0000000 - 0xf7bfe000   ( 891 MB)
Sep  1 09:46:17 shrinivaasanka-Inspiron-1545 kernel: [    0.000000]       .init : 0xc1a17000 - 0xc1af2000   ( 876 kB)
Sep  1 09:46:17 shrinivaasanka-Inspiron-1545 kernel: [    0.000000]       .data : 0xc1682c22 - 0xc1a15a80   (3659 kB)
Sep  1 09:46:17 shrinivaasanka-Inspiron-1545 kernel: [    0.000000]       .text : 0xc1000000 - 0xc1682c22   (6667 kB)
Sep  1 09:46:17 shrinivaasanka-Inspiron-1545 kernel: [    0.000000] Checking if this processor honours the WP bit even in supervisor mode...Ok.
Sep  1 09:46:17 shrinivaasanka-Inspiron-1545 kernel: [    0.000000] SLUB: HWalign=64, Order=0-3, MinObjects=0, CPUs=2, Nodes=1
Sep  1 09:46:17 shrinivaasanka-Inspiron-1545 kernel: [    0.000000] Hierarchical RCU implementation.
Sep  1 09:46:17 shrinivaasanka-Inspiron-1545 kernel: [    0.000000] 	RCU dyntick-idle grace-period acceleration is enabled.
Sep  1 09:46:17 shrinivaasanka-Inspiron-1545 kernel: [    0.000000] 	RCU restricting CPUs from NR_CPUS=8 to nr_cpu_ids=2.
Sep  1 09:46:17 shrinivaasanka-Inspiron-1545 kernel: [    0.000000] RCU: Adjusting geometry for rcu_fanout_leaf=16, nr_cpu_ids=2
Sep  1 09:46:17 shrinivaasanka-Inspiron-1545 kernel: [    0.000000] NR_IRQS:2304 nr_irqs:512 16
Sep  1 09:46:17 shrinivaasanka-Inspiron-1545 kernel: [    0.000000] CPU 0 irqstacks, hard=f5c08000 soft=f5c0a000
Sep  1 09:46:17 shrinivaasanka-Inspiron-1545 kernel: [    0.000000] Console: colour VGA+ 80x25
Sep  1 09:46:17 shrinivaasanka-Inspiron-1545 kernel: [    0.000000] console [tty0] enabled
Sep  1 09:46:17 shrinivaasanka-Inspiron-1545 kernel: [    0.000000] allocated 6291456 bytes of page_cgroup
Sep  1 09:46:17 shrinivaasanka-Inspiron-1545 kernel: [    0.000000] please try 'cgroup_disable=memory' option if you don't want memory cgroups
Sep  1 09:46:17 shrinivaasanka-Inspiron-1545 kernel: [    0.000000] hpet clockevent registered
Sep  1 09:46:17 shrinivaasanka-Inspiron-1545 kernel: [    0.000000] tsc: Fast TSC calibration using PIT
Sep  1 09:46:17 shrinivaasanka-Inspiron-1545 kernel: [    0.000000] tsc: Detected 1994.815 MHz processor
Sep  1 09:46:17 shrinivaasanka-Inspiron-1545 kernel: [    0.004013] Calibrating delay loop (skipped), value calculated using timer frequency.. 3989.63 BogoMIPS (lpj=7979260)
Sep  1 09:46:17 shrinivaasanka-Inspiron-1545 kernel: [    0.004110] pid_max: default: 32768 minimum: 301
Sep  1 09:46:17 shrinivaasanka-Inspiron-1545 kernel: [    0.004170] ACPI: Core revision 20140214
Sep  1 09:46:17 shrinivaasanka-Inspiron-1545 kernel: [    0.012167] ACPI: All ACPI Tables successfully acquired
Sep  1 09:46:17 shrinivaasanka-Inspiron-1545 kernel: [    0.016028] Security Framework initialized
Sep  1 09:46:17 shrinivaasanka-Inspiron-1545 kernel: [    0.016095] AppArmor: AppArmor initialized
Sep  1 09:46:17 shrinivaasanka-Inspiron-1545 kernel: [    0.016143] Yama: becoming mindful.
Sep  1 09:46:17 shrinivaasanka-Inspiron-1545 kernel: [    0.016242] Mount-cache hash table entries: 2048 (order: 1, 8192 bytes)
Sep  1 09:46:17 shrinivaasanka-Inspiron-1545 kernel: [    0.016295] Mountpoint-cache hash table entries: 2048 (order: 1, 8192 bytes)
Sep  1 09:46:17 shrinivaasanka-Inspiron-1545 kernel: [    0.020255] Initializing cgroup subsys memory
Sep  1 09:46:17 shrinivaasanka-Inspiron-1545 kernel: [    0.020310] Initializing cgroup subsys devices
Sep  1 09:46:17 shrinivaasanka-Inspiron-1545 kernel: [    0.020359] Initializing cgroup subsys freezer
Sep  1 09:46:17 shrinivaasanka-Inspiron-1545 kernel: [    0.020408] Initializing cgroup subsys net_cls
Sep  1 09:46:17 shrinivaasanka-Inspiron-1545 kernel: [    0.020458] Initializing cgroup subsys blkio
Sep  1 09:46:17 shrinivaasanka-Inspiron-1545 kernel: [    0.020506] Initializing cgroup subsys perf_event
Sep  1 09:46:17 shrinivaasanka-Inspiron-1545 kernel: [    0.020556] Initializing cgroup subsys net_prio
Sep  1 09:46:17 shrinivaasanka-Inspiron-1545 kernel: [    0.020605] Initializing cgroup subsys hugetlb
Sep  1 09:46:17 shrinivaasanka-Inspiron-1545 kernel: [    0.020679] CPU: Physical Processor ID: 0
Sep  1 09:46:17 shrinivaasanka-Inspiron-1545 kernel: [    0.020727] CPU: Processor Core ID: 0
Sep  1 09:46:17 shrinivaasanka-Inspiron-1545 kernel: [    0.020777] mce: CPU supports 6 MCE banks
Sep  1 09:46:17 shrinivaasanka-Inspiron-1545 kernel: [    0.020831] CPU0: Thermal monitoring enabled (TM2)
Sep  1 09:46:17 shrinivaasanka-Inspiron-1545 kernel: [    0.020888] Last level iTLB entries: 4KB 128, 2MB 4, 4MB 4
Sep  1 09:46:17 shrinivaasanka-Inspiron-1545 kernel: [    0.020888] Last level dTLB entries: 4KB 256, 2MB 0, 4MB 32, 1GB 0
Sep  1 09:46:17 shrinivaasanka-Inspiron-1545 kernel: [    0.020888] tlb_flushall_shift: -1
Sep  1 09:46:17 shrinivaasanka-Inspiron-1545 kernel: [    0.021482] Freeing SMP alternatives memory: 32K (c1af2000 - c1afa000)
Sep  1 09:46:17 shrinivaasanka-Inspiron-1545 kernel: [    0.022667] ftrace: allocating 28358 entries in 56 pages
Sep  1 09:46:17 shrinivaasanka-Inspiron-1545 kernel: [    0.032099] Enabling APIC mode:  Flat.  Using 1 I/O APICs
Sep  1 09:46:17 shrinivaasanka-Inspiron-1545 kernel: [    0.032592] ..TIMER: vector=0x30 apic1=0 pin1=2 apic2=-1 pin2=-1
Sep  1 09:46:17 shrinivaasanka-Inspiron-1545 kernel: [    0.075634] smpboot: CPU0: Intel(R) Core(TM)2 Duo CPU     T6400  @ 2.00GHz (fam: 06, model: 17, stepping: 0a)
Sep  1 09:46:17 shrinivaasanka-Inspiron-1545 kernel: [    0.076000] Performance Events: PEBS fmt0+, 4-deep LBR, Core2 events, Intel PMU driver.
Sep  1 09:46:17 shrinivaasanka-Inspiron-1545 kernel: [    0.076000] ... version:                2
Sep  1 09:46:17 shrinivaasanka-Inspiron-1545 kernel: [    0.076000] ... bit width:              40
Sep  1 09:46:17 shrinivaasanka-Inspiron-1545 kernel: [    0.076000] ... generic registers:      2
Sep  1 09:46:17 shrinivaasanka-Inspiron-1545 kernel: [    0.076000] ... value mask:             000000ffffffffff
Sep  1 09:46:17 shrinivaasanka-Inspiron-1545 kernel: [    0.076000] ... max period:             000000007fffffff
Sep  1 09:46:17 shrinivaasanka-Inspiron-1545 kernel: [    0.076000] ... fixed-purpose events:   3
Sep  1 09:46:17 shrinivaasanka-Inspiron-1545 kernel: [    0.076000] ... event mask:             0000000700000003
Sep  1 09:46:17 shrinivaasanka-Inspiron-1545 kernel: [    0.076000] CPU 1 irqstacks, hard=f5ce6000 soft=f5cf0000
Sep  1 09:46:17 shrinivaasanka-Inspiron-1545 kernel: [    0.076000] x86: Booting SMP configuration:
Sep  1 09:46:17 shrinivaasanka-Inspiron-1545 kernel: [    0.076000] .... node  #0, CPUs:      #1
Sep  1 09:46:17 shrinivaasanka-Inspiron-1545 kernel: [    0.008000] Initializing CPU#1
Sep  1 09:46:17 shrinivaasanka-Inspiron-1545 kernel: [    0.088041] x86: Booted up 1 node, 2 CPUs
Sep  1 09:46:17 shrinivaasanka-Inspiron-1545 kernel: [    0.088179] smpboot: Total of 2 processors activated (7979.26 BogoMIPS)
Sep  1 09:46:17 shrinivaasanka-Inspiron-1545 kernel: [    0.088318] NMI watchdog: enabled on all CPUs, permanently consumes one hw-PMU counter.
Sep  1 09:46:17 shrinivaasanka-Inspiron-1545 kernel: [    0.089911] devtmpfs: initialized
Sep  1 09:46:17 shrinivaasanka-Inspiron-1545 kernel: [    0.089911] evm: security.selinux
Sep  1 09:46:17 shrinivaasanka-Inspiron-1545 kernel: [    0.089911] evm: security.SMACK64
Sep  1 09:46:17 shrinivaasanka-Inspiron-1545 kernel: [    0.089911] evm: security.ima
Sep  1 09:46:17 shrinivaasanka-Inspiron-1545 kernel: [    0.089911] evm: security.capability
Sep  1 09:46:17 shrinivaasanka-Inspiron-1545 kernel: [    0.089911] PM: Registering ACPI NVS region [mem 0xbd8bf400-0xbdac13ff] (2105344 bytes)
Sep  1 09:46:17 shrinivaasanka-Inspiron-1545 kernel: [    0.092287] pinctrl core: initialized pinctrl subsystem
Sep  1 09:46:17 shrinivaasanka-Inspiron-1545 kernel: [    0.092440] regulator-dummy: no parameters
Sep  1 09:46:17 shrinivaasanka-Inspiron-1545 kernel: [    0.092531] RTC time:  9:45:48, date: 09/01/14
Sep  1 09:46:17 shrinivaasanka-Inspiron-1545 kernel: [    0.092632] NET: Registered protocol family 16
Sep  1 09:46:17 shrinivaasanka-Inspiron-1545 kernel: [    0.092891] EISA bus registered
Sep  1 09:46:17 shrinivaasanka-Inspiron-1545 kernel: [    0.092939] cpuidle: using governor ladder
Sep  1 09:46:17 shrinivaasanka-Inspiron-1545 kernel: [    0.092987] cpuidle: using governor menu
Sep  1 09:46:17 shrinivaasanka-Inspiron-1545 kernel: [    0.093124] ACPI: bus type PCI registered
Sep  1 09:46:17 shrinivaasanka-Inspiron-1545 kernel: [    0.093174] acpiphp: ACPI Hot Plug PCI Controller Driver version: 0.5
Sep  1 09:46:17 shrinivaasanka-Inspiron-1545 kernel: [    0.093318] PCI: MMCONFIG for domain 0000 [bus 00-3f] at [mem 0xf8000000-0xfbffffff] (base 0xf8000000)
Sep  1 09:46:17 shrinivaasanka-Inspiron-1545 kernel: [    0.093385] PCI: MMCONFIG at [mem 0xf8000000-0xfbffffff] reserved in E820
Sep  1 09:46:17 shrinivaasanka-Inspiron-1545 kernel: [    0.093437] PCI: Using MMCONFIG for extended config space
Sep  1 09:46:17 shrinivaasanka-Inspiron-1545 kernel: [    0.093486] PCI: Using configuration type 1 for base access
Sep  1 09:46:17 shrinivaasanka-Inspiron-1545 kernel: [    0.093546] dmi type 0xB1 record - unknown flag
Sep  1 09:46:17 shrinivaasanka-Inspiron-1545 kernel: [    0.096115] ACPI: Added _OSI(Module Device)
Sep  1 09:46:17 shrinivaasanka-Inspiron-1545 kernel: [    0.096164] ACPI: Added _OSI(Processor Device)
Sep  1 09:46:17 shrinivaasanka-Inspiron-1545 kernel: [    0.096213] ACPI: Added _OSI(3.0 _SCP Extensions)
Sep  1 09:46:17 shrinivaasanka-Inspiron-1545 kernel: [    0.096213] ACPI: Added _OSI(Processor Aggregator Device)
Sep  1 09:46:17 shrinivaasanka-Inspiron-1545 kernel: [    0.116127] [Firmware Bug]: ACPI: BIOS _OSI(Linux) query ignored
Sep  1 09:46:17 shrinivaasanka-Inspiron-1545 kernel: [    0.119801] ACPI: SSDT 0xBDAC29CF 00023F (v01 PmRef  BspIst   00003000 INTL 20050624)
Sep  1 09:46:17 shrinivaasanka-Inspiron-1545 kernel: [    0.120265] ACPI: Dynamic OEM Table Load:
Sep  1 09:46:17 shrinivaasanka-Inspiron-1545 kernel: [    0.120374] ACPI: SSDT 0x00000000 00023F (v01 PmRef  BspIst   00003000 INTL 20050624)
Sep  1 09:46:17 shrinivaasanka-Inspiron-1545 kernel: [    0.120628] ACPI: SSDT 0xBDAC2DE5 0005C6 (v01 PmRef  BspCst   00003001 INTL 20050624)
Sep  1 09:46:17 shrinivaasanka-Inspiron-1545 kernel: [    0.121195] ACPI: Dynamic OEM Table Load:
Sep  1 09:46:17 shrinivaasanka-Inspiron-1545 kernel: [    0.121304] ACPI: SSDT 0x00000000 0005C6 (v01 PmRef  BspCst   00003001 INTL 20050624)
Sep  1 09:46:17 shrinivaasanka-Inspiron-1545 kernel: [    0.121712] ACPI: SSDT 0xBDAC2C0E 0001D7 (v01 PmRef  ApIst    00003000 INTL 20050624)
Sep  1 09:46:17 shrinivaasanka-Inspiron-1545 kernel: [    0.122184] ACPI: Dynamic OEM Table Load:
Sep  1 09:46:17 shrinivaasanka-Inspiron-1545 kernel: [    0.122293] ACPI: SSDT 0x00000000 0001D7 (v01 PmRef  ApIst    00003000 INTL 20050624)
Sep  1 09:46:17 shrinivaasanka-Inspiron-1545 kernel: [    0.122496] ACPI: SSDT 0xBDAC33AB 00008D (v01 PmRef  ApCst    00003000 INTL 20050624)
Sep  1 09:46:17 shrinivaasanka-Inspiron-1545 kernel: [    0.122894] ACPI: Dynamic OEM Table Load:
Sep  1 09:46:17 shrinivaasanka-Inspiron-1545 kernel: [    0.123003] ACPI: SSDT 0x00000000 00008D (v01 PmRef  ApCst    00003000 INTL 20050624)
Sep  1 09:46:17 shrinivaasanka-Inspiron-1545 kernel: [    0.123344] ACPI: Interpreter enabled
Sep  1 09:46:17 shrinivaasanka-Inspiron-1545 kernel: [    0.123402] ACPI Exception: AE_NOT_FOUND, While evaluating Sleep State [\_S1_] (20140214/hwxface-580)
Sep  1 09:46:17 shrinivaasanka-Inspiron-1545 kernel: [    0.123530] ACPI Exception: AE_NOT_FOUND, While evaluating Sleep State [\_S2_] (20140214/hwxface-580)
Sep  1 09:46:17 shrinivaasanka-Inspiron-1545 kernel: [    0.123668] ACPI: (supports S0 S3 S4 S5)
Sep  1 09:46:17 shrinivaasanka-Inspiron-1545 kernel: [    0.123717] ACPI: Using IOAPIC for interrupt routing
Sep  1 09:46:17 shrinivaasanka-Inspiron-1545 kernel: [    0.123798] PCI: Using host bridge windows from ACPI; if necessary, use "pci=nocrs" and report a bug
Sep  1 09:46:17 shrinivaasanka-Inspiron-1545 kernel: [    0.209766] ACPI: PCI Root Bridge [PCI0] (domain 0000 [bus 00-ff])
Sep  1 09:46:17 shrinivaasanka-Inspiron-1545 kernel: [    0.209823] acpi PNP0A03:00: _OSC: OS supports [ExtendedConfig ASPM ClockPM Segments MSI]
Sep  1 09:46:17 shrinivaasanka-Inspiron-1545 kernel: [    0.209892] acpi PNP0A03:00: _OSC failed (AE_NOT_FOUND); disabling ASPM
Sep  1 09:46:17 shrinivaasanka-Inspiron-1545 kernel: [    0.244737] acpi PNP0A03:00: [Firmware Info]: MMCONFIG for domain 0000 [bus 00-3f] only partially covers this bridge
Sep  1 09:46:17 shrinivaasanka-Inspiron-1545 kernel: [    0.245068] PCI host bridge to bus 0000:00
Sep  1 09:46:17 shrinivaasanka-Inspiron-1545 kernel: [    0.245118] pci_bus 0000:00: root bus resource [bus 00-ff]
Sep  1 09:46:17 shrinivaasanka-Inspiron-1545 kernel: [    0.245169] pci_bus 0000:00: root bus resource [io  0x0000-0x0cf7]
Sep  1 09:46:17 shrinivaasanka-Inspiron-1545 kernel: [    0.245220] pci_bus 0000:00: root bus resource [io  0x0d00-0xffff]
Sep  1 09:46:17 shrinivaasanka-Inspiron-1545 kernel: [    0.245272] pci_bus 0000:00: root bus resource [mem 0x000a0000-0x000bffff]
Sep  1 09:46:17 shrinivaasanka-Inspiron-1545 kernel: [    0.245325] pci_bus 0000:00: root bus resource [mem 0x000d0000-0x000dffff]
Sep  1 09:46:17 shrinivaasanka-Inspiron-1545 kernel: [    0.245378] pci_bus 0000:00: root bus resource [mem 0xc0000000-0xf7ffffff]
Sep  1 09:46:17 shrinivaasanka-Inspiron-1545 kernel: [    0.245430] pci_bus 0000:00: root bus resource [mem 0xfc000000-0xfebfffff]
Sep  1 09:46:17 shrinivaasanka-Inspiron-1545 kernel: [    0.245483] pci_bus 0000:00: root bus resource [mem 0xfec10000-0xfecfffff]
Sep  1 09:46:17 shrinivaasanka-Inspiron-1545 kernel: [    0.245536] pci_bus 0000:00: root bus resource [mem 0xfed1c000-0xfed1ffff]
Sep  1 09:46:17 shrinivaasanka-Inspiron-1545 kernel: [    0.245588] pci_bus 0000:00: root bus resource [mem 0xfed90000-0xfed9ffff]
Sep  1 09:46:17 shrinivaasanka-Inspiron-1545 kernel: [    0.245641] pci_bus 0000:00: root bus resource [mem 0xfeda7000-0xfedfffff]
Sep  1 09:46:17 shrinivaasanka-Inspiron-1545 kernel: [    0.245694] pci_bus 0000:00: root bus resource [mem 0xfee10000-0xff9fffff]
Sep  1 09:46:17 shrinivaasanka-Inspiron-1545 kernel: [    0.245747] pci_bus 0000:00: root bus resource [mem 0xffc00000-0xffdfffff]
Sep  1 09:46:17 shrinivaasanka-Inspiron-1545 kernel: [    0.245808] pci 0000:00:00.0: [8086:2a40] type 00 class 0x060000
Sep  1 09:46:17 shrinivaasanka-Inspiron-1545 kernel: [    0.245834] DMAR: Forcing write-buffer flush capability
Sep  1 09:46:17 shrinivaasanka-Inspiron-1545 kernel: [    0.245883] DMAR: Disabling IOMMU for graphics on this chipset
Sep  1 09:46:17 shrinivaasanka-Inspiron-1545 kernel: [    0.246048] pci 0000:00:02.0: [8086:2a42] type 00 class 0x030000
Sep  1 09:46:17 shrinivaasanka-Inspiron-1545 kernel: [    0.246065] pci 0000:00:02.0: reg 0x10: [mem 0xf6c00000-0xf6ffffff 64bit]
Sep  1 09:46:17 shrinivaasanka-Inspiron-1545 kernel: [    0.246075] pci 0000:00:02.0: reg 0x18: [mem 0xe0000000-0xefffffff 64bit pref]
Sep  1 09:46:17 shrinivaasanka-Inspiron-1545 kernel: [    0.246082] pci 0000:00:02.0: reg 0x20: [io  0xefe8-0xefef]
Sep  1 09:46:17 shrinivaasanka-Inspiron-1545 kernel: [    0.246212] pci 0000:00:02.1: [8086:2a43] type 00 class 0x038000
Sep  1 09:46:17 shrinivaasanka-Inspiron-1545 kernel: [    0.246226] pci 0000:00:02.1: reg 0x10: [mem 0xf6b00000-0xf6bfffff 64bit]
Sep  1 09:46:17 shrinivaasanka-Inspiron-1545 kernel: [    0.246414] pci 0000:00:1a.0: [8086:2937] type 00 class 0x0c0300
Sep  1 09:46:17 shrinivaasanka-Inspiron-1545 kernel: [    0.246477] pci 0000:00:1a.0: reg 0x20: [io  0x6f60-0x6f7f]
Sep  1 09:46:17 shrinivaasanka-Inspiron-1545 kernel: [    0.250069] pci 0000:00:1a.0: System wakeup disabled by ACPI
Sep  1 09:46:17 shrinivaasanka-Inspiron-1545 kernel: [    0.250188] pci 0000:00:1a.1: [8086:2938] type 00 class 0x0c0300
Sep  1 09:46:17 shrinivaasanka-Inspiron-1545 kernel: [    0.250253] pci 0000:00:1a.1: reg 0x20: [io  0x6f80-0x6f9f]
Sep  1 09:46:17 shrinivaasanka-Inspiron-1545 kernel: [    0.253667] pci 0000:00:1a.1: System wakeup disabled by ACPI
Sep  1 09:46:17 shrinivaasanka-Inspiron-1545 kernel: [    0.253786] pci 0000:00:1a.2: [8086:2939] type 00 class 0x0c0300
Sep  1 09:46:17 shrinivaasanka-Inspiron-1545 kernel: [    0.253850] pci 0000:00:1a.2: reg 0x20: [io  0x6fa0-0x6fbf]
Sep  1 09:46:17 shrinivaasanka-Inspiron-1545 kernel: [    0.257905] pci 0000:00:1a.2: System wakeup disabled by ACPI
Sep  1 09:46:17 shrinivaasanka-Inspiron-1545 kernel: [    0.258035] pci 0000:00:1a.7: [8086:293c] type 00 class 0x0c0320
Sep  1 09:46:17 shrinivaasanka-Inspiron-1545 kernel: [    0.258064] pci 0000:00:1a.7: reg 0x10: [mem 0xfed1c400-0xfed1c7ff]
Sep  1 09:46:17 shrinivaasanka-Inspiron-1545 kernel: [    0.258188] pci 0000:00:1a.7: PME# supported from D0 D3hot D3cold
Sep  1 09:46:17 shrinivaasanka-Inspiron-1545 kernel: [    0.261836] pci 0000:00:1a.7: System wakeup disabled by ACPI
Sep  1 09:46:17 shrinivaasanka-Inspiron-1545 kernel: [    0.261963] pci 0000:00:1b.0: [8086:293e] type 00 class 0x040300
Sep  1 09:46:17 shrinivaasanka-Inspiron-1545 kernel: [    0.261988] pci 0000:00:1b.0: reg 0x10: [mem 0xf6afc000-0xf6afffff 64bit]
Sep  1 09:46:17 shrinivaasanka-Inspiron-1545 kernel: [    0.262109] pci 0000:00:1b.0: PME# supported from D0 D3hot D3cold
Sep  1 09:46:17 shrinivaasanka-Inspiron-1545 kernel: [    0.262179] pci 0000:00:1b.0: System wakeup disabled by ACPI
Sep  1 09:46:17 shrinivaasanka-Inspiron-1545 kernel: [    0.262296] pci 0000:00:1c.0: [8086:2940] type 01 class 0x060400
Sep  1 09:46:17 shrinivaasanka-Inspiron-1545 kernel: [    0.262421] pci 0000:00:1c.0: PME# supported from D0 D3hot D3cold
Sep  1 09:46:17 shrinivaasanka-Inspiron-1545 kernel: [    0.262493] pci 0000:00:1c.0: System wakeup disabled by ACPI
Sep  1 09:46:17 shrinivaasanka-Inspiron-1545 kernel: [    0.262610] pci 0000:00:1c.1: [8086:2942] type 01 class 0x060400
Sep  1 09:46:17 shrinivaasanka-Inspiron-1545 kernel: [    0.262734] pci 0000:00:1c.1: PME# supported from D0 D3hot D3cold
Sep  1 09:46:17 shrinivaasanka-Inspiron-1545 kernel: [    0.262807] pci 0000:00:1c.1: System wakeup disabled by ACPI
Sep  1 09:46:17 shrinivaasanka-Inspiron-1545 kernel: [    0.262922] pci 0000:00:1c.2: [8086:2944] type 01 class 0x060400
Sep  1 09:46:17 shrinivaasanka-Inspiron-1545 kernel: [    0.263046] pci 0000:00:1c.2: PME# supported from D0 D3hot D3cold
Sep  1 09:46:17 shrinivaasanka-Inspiron-1545 kernel: [    0.263118] pci 0000:00:1c.2: System wakeup disabled by ACPI
Sep  1 09:46:17 shrinivaasanka-Inspiron-1545 kernel: [    0.263236] pci 0000:00:1c.4: [8086:2948] type 01 class 0x060400
Sep  1 09:46:17 shrinivaasanka-Inspiron-1545 kernel: [    0.263360] pci 0000:00:1c.4: PME# supported from D0 D3hot D3cold
Sep  1 09:46:17 shrinivaasanka-Inspiron-1545 kernel: [    0.263433] pci 0000:00:1c.4: System wakeup disabled by ACPI
Sep  1 09:46:17 shrinivaasanka-Inspiron-1545 kernel: [    0.263555] pci 0000:00:1d.0: [8086:2934] type 00 class 0x0c0300
Sep  1 09:46:17 shrinivaasanka-Inspiron-1545 kernel: [    0.263620] pci 0000:00:1d.0: reg 0x20: [io  0x6f00-0x6f1f]
Sep  1 09:46:17 shrinivaasanka-Inspiron-1545 kernel: [    0.267335] pci 0000:00:1d.0: System wakeup disabled by ACPI
Sep  1 09:46:17 shrinivaasanka-Inspiron-1545 kernel: [    0.267454] pci 0000:00:1d.1: [8086:2935] type 00 class 0x0c0300
Sep  1 09:46:17 shrinivaasanka-Inspiron-1545 kernel: [    0.267518] pci 0000:00:1d.1: reg 0x20: [io  0x6f20-0x6f3f]
Sep  1 09:46:17 shrinivaasanka-Inspiron-1545 kernel: [    0.270950] pci 0000:00:1d.1: System wakeup disabled by ACPI
Sep  1 09:46:17 shrinivaasanka-Inspiron-1545 kernel: [    0.271067] pci 0000:00:1d.2: [8086:2936] type 00 class 0x0c0300
Sep  1 09:46:17 shrinivaasanka-Inspiron-1545 kernel: [    0.271131] pci 0000:00:1d.2: reg 0x20: [io  0x6f40-0x6f5f]
Sep  1 09:46:17 shrinivaasanka-Inspiron-1545 kernel: [    0.275129] pci 0000:00:1d.2: System wakeup disabled by ACPI
Sep  1 09:46:17 shrinivaasanka-Inspiron-1545 kernel: [    0.275259] pci 0000:00:1d.7: [8086:293a] type 00 class 0x0c0320
Sep  1 09:46:17 shrinivaasanka-Inspiron-1545 kernel: [    0.275289] pci 0000:00:1d.7: reg 0x10: [mem 0xfed1c000-0xfed1c3ff]
Sep  1 09:46:17 shrinivaasanka-Inspiron-1545 kernel: [    0.275414] pci 0000:00:1d.7: PME# supported from D0 D3hot D3cold
Sep  1 09:46:17 shrinivaasanka-Inspiron-1545 kernel: [    0.279128] pci 0000:00:1d.7: System wakeup disabled by ACPI
Sep  1 09:46:17 shrinivaasanka-Inspiron-1545 kernel: [    0.279249] pci 0000:00:1e.0: [8086:2448] type 01 class 0x060401
Sep  1 09:46:17 shrinivaasanka-Inspiron-1545 kernel: [    0.279386] pci 0000:00:1e.0: System wakeup disabled by ACPI
Sep  1 09:46:17 shrinivaasanka-Inspiron-1545 kernel: [    0.279507] pci 0000:00:1f.0: [8086:2919] type 00 class 0x060100
Sep  1 09:46:17 shrinivaasanka-Inspiron-1545 kernel: [    0.279774] pci 0000:00:1f.2: [8086:2929] type 00 class 0x010601
Sep  1 09:46:17 shrinivaasanka-Inspiron-1545 kernel: [    0.279806] pci 0000:00:1f.2: reg 0x10: [io  0x6e70-0x6e77]
Sep  1 09:46:17 shrinivaasanka-Inspiron-1545 kernel: [    0.279820] pci 0000:00:1f.2: reg 0x14: [io  0x6e78-0x6e7b]
Sep  1 09:46:17 shrinivaasanka-Inspiron-1545 kernel: [    0.279833] pci 0000:00:1f.2: reg 0x18: [io  0x6e80-0x6e87]
Sep  1 09:46:17 shrinivaasanka-Inspiron-1545 kernel: [    0.279845] pci 0000:00:1f.2: reg 0x1c: [io  0x6e88-0x6e8b]
Sep  1 09:46:17 shrinivaasanka-Inspiron-1545 kernel: [    0.279858] pci 0000:00:1f.2: reg 0x20: [io  0x6ea0-0x6ebf]
Sep  1 09:46:17 shrinivaasanka-Inspiron-1545 kernel: [    0.279872] pci 0000:00:1f.2: reg 0x24: [mem 0xfed1c800-0xfed1cfff]
Sep  1 09:46:17 shrinivaasanka-Inspiron-1545 kernel: [    0.279950] pci 0000:00:1f.2: PME# supported from D3hot
Sep  1 09:46:17 shrinivaasanka-Inspiron-1545 kernel: [    0.280105] pci 0000:00:1f.3: [8086:2930] type 00 class 0x0c0500
Sep  1 09:46:17 shrinivaasanka-Inspiron-1545 kernel: [    0.280129] pci 0000:00:1f.3: reg 0x10: [mem 0xf6afbf00-0xf6afbfff 64bit]
Sep  1 09:46:17 shrinivaasanka-Inspiron-1545 kernel: [    0.280163] pci 0000:00:1f.3: reg 0x20: [io  0x1100-0x111f]
Sep  1 09:46:17 shrinivaasanka-Inspiron-1545 kernel: [    0.280387] pci 0000:00:1c.0: PCI bridge to [bus 0b]
Sep  1 09:46:17 shrinivaasanka-Inspiron-1545 kernel: [    0.280806] pci 0000:0c:00.0: [14e4:4315] type 00 class 0x028000
Sep  1 09:46:17 shrinivaasanka-Inspiron-1545 kernel: [    0.280879] pci 0000:0c:00.0: reg 0x10: [mem 0xf69fc000-0xf69fffff 64bit]
Sep  1 09:46:17 shrinivaasanka-Inspiron-1545 kernel: [    0.281330] pci 0000:0c:00.0: supports D1 D2
Sep  1 09:46:17 shrinivaasanka-Inspiron-1545 kernel: [    0.281333] pci 0000:0c:00.0: PME# supported from D0 D3hot D3cold
Sep  1 09:46:17 shrinivaasanka-Inspiron-1545 kernel: [    0.281753] pci 0000:00:1c.1: PCI bridge to [bus 0c]
Sep  1 09:46:17 shrinivaasanka-Inspiron-1545 kernel: [    0.281809] pci 0000:00:1c.1:   bridge window [mem 0xf6900000-0xf69fffff]
Sep  1 09:46:17 shrinivaasanka-Inspiron-1545 kernel: [    0.281946] pci 0000:09:00.0: [11ab:4354] type 00 class 0x020000
Sep  1 09:46:17 shrinivaasanka-Inspiron-1545 kernel: [    0.281983] pci 0000:09:00.0: reg 0x10: [mem 0xf68fc000-0xf68fffff 64bit]
Sep  1 09:46:17 shrinivaasanka-Inspiron-1545 kernel: [    0.282002] pci 0000:09:00.0: reg 0x18: [io  0xde00-0xdeff]
Sep  1 09:46:17 shrinivaasanka-Inspiron-1545 kernel: [    0.282170] pci 0000:09:00.0: supports D1 D2
Sep  1 09:46:17 shrinivaasanka-Inspiron-1545 kernel: [    0.282173] pci 0000:09:00.0: PME# supported from D0 D1 D2 D3hot D3cold
Sep  1 09:46:17 shrinivaasanka-Inspiron-1545 kernel: [    0.288024] pci 0000:00:1c.2: PCI bridge to [bus 09]
Sep  1 09:46:17 shrinivaasanka-Inspiron-1545 kernel: [    0.288078] pci 0000:00:1c.2:   bridge window [io  0xd000-0xdfff]
Sep  1 09:46:17 shrinivaasanka-Inspiron-1545 kernel: [    0.288083] pci 0000:00:1c.2:   bridge window [mem 0xf6800000-0xf68fffff]
Sep  1 09:46:17 shrinivaasanka-Inspiron-1545 kernel: [    0.288214] acpiphp: Slot [1] registered
Sep  1 09:46:17 shrinivaasanka-Inspiron-1545 kernel: [    0.288268] pci 0000:00:1c.4: PCI bridge to [bus 0d-0e]
Sep  1 09:46:17 shrinivaasanka-Inspiron-1545 kernel: [    0.288322] pci 0000:00:1c.4:   bridge window [io  0xc000-0xcfff]
Sep  1 09:46:17 shrinivaasanka-Inspiron-1545 kernel: [    0.288327] pci 0000:00:1c.4:   bridge window [mem 0xf6600000-0xf67fffff]
Sep  1 09:46:17 shrinivaasanka-Inspiron-1545 kernel: [    0.288336] pci 0000:00:1c.4:   bridge window [mem 0xf0000000-0xf01fffff 64bit pref]
Sep  1 09:46:17 shrinivaasanka-Inspiron-1545 kernel: [    0.288472] pci 0000:00:1e.0: PCI bridge to [bus 03] (subtractive decode)
Sep  1 09:46:17 shrinivaasanka-Inspiron-1545 kernel: [    0.288537] pci 0000:00:1e.0:   bridge window [io  0x0000-0x0cf7] (subtractive decode)
Sep  1 09:46:17 shrinivaasanka-Inspiron-1545 kernel: [    0.288540] pci 0000:00:1e.0:   bridge window [io  0x0d00-0xffff] (subtractive decode)
Sep  1 09:46:17 shrinivaasanka-Inspiron-1545 kernel: [    0.288542] pci 0000:00:1e.0:   bridge window [mem 0x000a0000-0x000bffff] (subtractive decode)
Sep  1 09:46:17 shrinivaasanka-Inspiron-1545 kernel: [    0.288545] pci 0000:00:1e.0:   bridge window [mem 0x000d0000-0x000dffff] (subtractive decode)
Sep  1 09:46:17 shrinivaasanka-Inspiron-1545 kernel: [    0.288548] pci 0000:00:1e.0:   bridge window [mem 0xc0000000-0xf7ffffff] (subtractive decode)
Sep  1 09:46:17 shrinivaasanka-Inspiron-1545 kernel: [    0.288550] pci 0000:00:1e.0:   bridge window [mem 0xfc000000-0xfebfffff] (subtractive decode)
Sep  1 09:46:17 shrinivaasanka-Inspiron-1545 kernel: [    0.288553] pci 0000:00:1e.0:   bridge window [mem 0xfec10000-0xfecfffff] (subtractive decode)
Sep  1 09:46:17 shrinivaasanka-Inspiron-1545 kernel: [    0.288556] pci 0000:00:1e.0:   bridge window [mem 0xfed1c000-0xfed1ffff] (subtractive decode)
Sep  1 09:46:17 shrinivaasanka-Inspiron-1545 kernel: [    0.288558] pci 0000:00:1e.0:   bridge window [mem 0xfed90000-0xfed9ffff] (subtractive decode)
Sep  1 09:46:17 shrinivaasanka-Inspiron-1545 kernel: [    0.288561] pci 0000:00:1e.0:   bridge window [mem 0xfeda7000-0xfedfffff] (subtractive decode)
Sep  1 09:46:17 shrinivaasanka-Inspiron-1545 kernel: [    0.288564] pci 0000:00:1e.0:   bridge window [mem 0xfee10000-0xff9fffff] (subtractive decode)
Sep  1 09:46:17 shrinivaasanka-Inspiron-1545 kernel: [    0.288566] pci 0000:00:1e.0:   bridge window [mem 0xffc00000-0xffdfffff] (subtractive decode)
Sep  1 09:46:17 shrinivaasanka-Inspiron-1545 kernel: [    0.288800] pci_bus 0000:00: on NUMA node 0
Sep  1 09:46:17 shrinivaasanka-Inspiron-1545 kernel: [    0.289099] ACPI: PCI Interrupt Link [LNKA] (IRQs *10 11)
Sep  1 09:46:17 shrinivaasanka-Inspiron-1545 kernel: [    0.289369] ACPI: PCI Interrupt Link [LNKB] (IRQs 5 7) *4
Sep  1 09:46:17 shrinivaasanka-Inspiron-1545 kernel: [    0.289666] ACPI: PCI Interrupt Link [LNKC] (IRQs *10 11)
Sep  1 09:46:17 shrinivaasanka-Inspiron-1545 kernel: [    0.289918] ACPI: PCI Interrupt Link [LNKD] (IRQs 5 7 10 11) *0, disabled.
Sep  1 09:46:17 shrinivaasanka-Inspiron-1545 kernel: [    0.290306] ACPI: PCI Interrupt Link [LNKE] (IRQs 3 4 5 6 7 10 *11 12 14 15)
Sep  1 09:46:17 shrinivaasanka-Inspiron-1545 kernel: [    0.290814] ACPI: PCI Interrupt Link [LNKF] (IRQs 3 4 5 6 *7 10 11 12 14 15)
Sep  1 09:46:17 shrinivaasanka-Inspiron-1545 kernel: [    0.291324] ACPI: PCI Interrupt Link [LNKG] (IRQs 3 4 *5 6 7 10 11 12 14 15)
Sep  1 09:46:17 shrinivaasanka-Inspiron-1545 kernel: [    0.291817] ACPI: PCI Interrupt Link [LNKH] (IRQs 3 4 5 6 7 10 11 12 14 15) *0, disabled.
Sep  1 09:46:17 shrinivaasanka-Inspiron-1545 kernel: [    0.292385] ACPI: Enabled 4 GPEs in block 00 to 3F
Sep  1 09:46:17 shrinivaasanka-Inspiron-1545 kernel: [    0.292625] vgaarb: device added: PCI:0000:00:02.0,decodes=io+mem,owns=io+mem,locks=none
Sep  1 09:46:17 shrinivaasanka-Inspiron-1545 kernel: [    0.292625] vgaarb: loaded
Sep  1 09:46:17 shrinivaasanka-Inspiron-1545 kernel: [    0.292625] vgaarb: bridge control possible 0000:00:02.0
Sep  1 09:46:17 shrinivaasanka-Inspiron-1545 kernel: [    0.292625] SCSI subsystem initialized
Sep  1 09:46:17 shrinivaasanka-Inspiron-1545 kernel: [    0.292625] libata version 3.00 loaded.
Sep  1 09:46:17 shrinivaasanka-Inspiron-1545 kernel: [    0.292625] ACPI: bus type USB registered
Sep  1 09:46:17 shrinivaasanka-Inspiron-1545 kernel: [    0.292625] usbcore: registered new interface driver usbfs
Sep  1 09:46:17 shrinivaasanka-Inspiron-1545 kernel: [    0.292625] usbcore: registered new interface driver hub
Sep  1 09:46:17 shrinivaasanka-Inspiron-1545 kernel: [    0.292625] usbcore: registered new device driver usb
Sep  1 09:46:17 shrinivaasanka-Inspiron-1545 kernel: [    0.292625] PCI: Using ACPI for IRQ routing
Sep  1 09:46:17 shrinivaasanka-Inspiron-1545 kernel: [    0.296393] PCI: pci_cache_line_size set to 64 bytes
Sep  1 09:46:17 shrinivaasanka-Inspiron-1545 kernel: [    0.296857] e820: reserve RAM buffer [mem 0x0009f000-0x0009ffff]
Sep  1 09:46:17 shrinivaasanka-Inspiron-1545 kernel: [    0.296860] e820: reserve RAM buffer [mem 0xbd8bf400-0xbfffffff]
Sep  1 09:46:17 shrinivaasanka-Inspiron-1545 kernel: [    0.297001] NetLabel: Initializing
Sep  1 09:46:17 shrinivaasanka-Inspiron-1545 kernel: [    0.297049] NetLabel:  domain hash size = 128
Sep  1 09:46:17 shrinivaasanka-Inspiron-1545 kernel: [    0.297096] NetLabel:  protocols = UNLABELED CIPSOv4
Sep  1 09:46:17 shrinivaasanka-Inspiron-1545 kernel: [    0.297158] NetLabel:  unlabeled traffic allowed by default
Sep  1 09:46:17 shrinivaasanka-Inspiron-1545 kernel: [    0.297226] HPET: 4 timers in total, 0 timers will be used for per-cpu timer
Sep  1 09:46:17 shrinivaasanka-Inspiron-1545 kernel: [    0.297226] hpet0: at MMIO 0xfed00000, IRQs 2, 8, 0, 0
Sep  1 09:46:17 shrinivaasanka-Inspiron-1545 kernel: [    0.297226] hpet0: 4 comparators, 64-bit 14.318180 MHz counter
Sep  1 09:46:17 shrinivaasanka-Inspiron-1545 kernel: [    0.300035] Switched to clocksource hpet
Sep  1 09:46:17 shrinivaasanka-Inspiron-1545 kernel: [    0.311124] AppArmor: AppArmor Filesystem Enabled
Sep  1 09:46:17 shrinivaasanka-Inspiron-1545 kernel: [    0.311216] pnp: PnP ACPI init
Sep  1 09:46:17 shrinivaasanka-Inspiron-1545 kernel: [    0.311286] ACPI: bus type PNP registered
Sep  1 09:46:17 shrinivaasanka-Inspiron-1545 kernel: [    0.311456] system 00:00: [mem 0xff800000-0xff8fffff] has been reserved
Sep  1 09:46:17 shrinivaasanka-Inspiron-1545 kernel: [    0.311510] system 00:00: [mem 0xffc00000-0xffcfffff] has been reserved
Sep  1 09:46:17 shrinivaasanka-Inspiron-1545 kernel: [    0.311565] system 00:00: Plug and Play ACPI device, IDs PNP0c02 (active)
Sep  1 09:46:17 shrinivaasanka-Inspiron-1545 kernel: [    0.311638] pnp 00:01: Plug and Play ACPI device, IDs PNP0f13 (active)
Sep  1 09:46:17 shrinivaasanka-Inspiron-1545 kernel: [    0.311692] pnp 00:02: Plug and Play ACPI device, IDs PNP0303 (active)
Sep  1 09:46:17 shrinivaasanka-Inspiron-1545 kernel: [    0.311748] pnp 00:03: Plug and Play ACPI device, IDs PNP0b00 (active)
Sep  1 09:46:17 shrinivaasanka-Inspiron-1545 kernel: [    0.311800] pnp 00:04: Plug and Play ACPI device, IDs PNP0800 (active)
Sep  1 09:46:17 shrinivaasanka-Inspiron-1545 kernel: [    0.311864] system 00:05: Plug and Play ACPI device, IDs PNP0c01 (active)
Sep  1 09:46:17 shrinivaasanka-Inspiron-1545 kernel: [    0.311885] pnp 00:06: [dma 4]
Sep  1 09:46:17 shrinivaasanka-Inspiron-1545 kernel: [    0.311923] pnp 00:06: Plug and Play ACPI device, IDs PNP0200 (active)
Sep  1 09:46:17 shrinivaasanka-Inspiron-1545 kernel: [    0.311977] pnp 00:07: Plug and Play ACPI device, IDs PNP0c04 (active)
Sep  1 09:46:17 shrinivaasanka-Inspiron-1545 kernel: [    0.312094] system 00:08: [mem 0xfed00000-0xfed003ff] has been reserved
Sep  1 09:46:17 shrinivaasanka-Inspiron-1545 kernel: [    0.312149] system 00:08: Plug and Play ACPI device, IDs PNP0103 PNP0c01 (active)
Sep  1 09:46:17 shrinivaasanka-Inspiron-1545 kernel: [    0.312385] system 00:09: [io  0x0900-0x097f] has been reserved
Sep  1 09:46:17 shrinivaasanka-Inspiron-1545 kernel: [    0.312438] system 00:09: [io  0x04d0-0x04d1] has been reserved
Sep  1 09:46:17 shrinivaasanka-Inspiron-1545 kernel: [    0.312490] system 00:09: [io  0x1000-0x1005] has been reserved
Sep  1 09:46:17 shrinivaasanka-Inspiron-1545 kernel: [    0.312542] system 00:09: [io  0x1008-0x100f] has been reserved
Sep  1 09:46:17 shrinivaasanka-Inspiron-1545 kernel: [    0.312595] system 00:09: Plug and Play ACPI device, IDs PNP0c01 (active)
Sep  1 09:46:17 shrinivaasanka-Inspiron-1545 kernel: [    0.312681] system 00:0a: [io  0xf400-0xf4fe] has been reserved
Sep  1 09:46:17 shrinivaasanka-Inspiron-1545 kernel: [    0.312733] system 00:0a: [io  0x1006-0x1007] has been reserved
Sep  1 09:46:17 shrinivaasanka-Inspiron-1545 kernel: [    0.312784] system 00:0a: [io  0x100a-0x1059] could not be reserved
Sep  1 09:46:17 shrinivaasanka-Inspiron-1545 kernel: [    0.312836] system 00:0a: [io  0x1060-0x107f] has been reserved
Sep  1 09:46:17 shrinivaasanka-Inspiron-1545 kernel: [    0.312887] system 00:0a: [io  0x1080-0x10bf] has been reserved
Sep  1 09:46:17 shrinivaasanka-Inspiron-1545 kernel: [    0.312939] system 00:0a: [io  0x1100-0x111f] has been reserved
Sep  1 09:46:17 shrinivaasanka-Inspiron-1545 kernel: [    0.312991] system 00:0a: [io  0x1010-0x102f] could not be reserved
Sep  1 09:46:17 shrinivaasanka-Inspiron-1545 kernel: [    0.313043] system 00:0a: [io  0x0809] has been reserved
Sep  1 09:46:17 shrinivaasanka-Inspiron-1545 kernel: [    0.313094] system 00:0a: Plug and Play ACPI device, IDs PNP0c01 (active)
Sep  1 09:46:17 shrinivaasanka-Inspiron-1545 kernel: [    0.331133] system 00:0b: [mem 0x00000000-0x0009efff] could not be reserved
Sep  1 09:46:17 shrinivaasanka-Inspiron-1545 kernel: [    0.331187] system 00:0b: [mem 0x0009f000-0x0009ffff] could not be reserved
Sep  1 09:46:17 shrinivaasanka-Inspiron-1545 kernel: [    0.331240] system 00:0b: [mem 0x000c0000-0x000cffff] could not be reserved
Sep  1 09:46:17 shrinivaasanka-Inspiron-1545 kernel: [    0.331293] system 00:0b: [mem 0x000e0000-0x000fffff] could not be reserved
Sep  1 09:46:17 shrinivaasanka-Inspiron-1545 kernel: [    0.331347] system 00:0b: [mem 0x00100000-0xbd8bf3ff] could not be reserved
Sep  1 09:46:17 shrinivaasanka-Inspiron-1545 kernel: [    0.331401] system 00:0b: [mem 0xbd8bf400-0xbdafffff] could not be reserved
Sep  1 09:46:17 shrinivaasanka-Inspiron-1545 kernel: [    0.331454] system 00:0b: [mem 0xbdb00000-0xbdbfffff] has been reserved
Sep  1 09:46:17 shrinivaasanka-Inspiron-1545 kernel: [    0.331507] system 00:0b: [mem 0xffe00000-0xffffffff] has been reserved
Sep  1 09:46:17 shrinivaasanka-Inspiron-1545 kernel: [    0.331558] system 00:0b: [mem 0xffa00000-0xffbfffff] has been reserved
Sep  1 09:46:17 shrinivaasanka-Inspiron-1545 kernel: [    0.331611] system 00:0b: [mem 0xfec00000-0xfec0ffff] could not be reserved
Sep  1 09:46:17 shrinivaasanka-Inspiron-1545 kernel: [    0.331664] system 00:0b: [mem 0xfee00000-0xfee0ffff] has been reserved
Sep  1 09:46:17 shrinivaasanka-Inspiron-1545 kernel: [    0.331717] system 00:0b: [mem 0xfed20000-0xfed8ffff] has been reserved
Sep  1 09:46:17 shrinivaasanka-Inspiron-1545 kernel: [    0.331770] system 00:0b: [mem 0xfeda0000-0xfeda3fff] has been reserved
Sep  1 09:46:17 shrinivaasanka-Inspiron-1545 kernel: [    0.331823] system 00:0b: [mem 0xfeda4000-0xfeda4fff] has been reserved
Sep  1 09:46:17 shrinivaasanka-Inspiron-1545 kernel: [    0.331875] system 00:0b: [mem 0xfeda5000-0xfeda5fff] has been reserved
Sep  1 09:46:17 shrinivaasanka-Inspiron-1545 kernel: [    0.331928] system 00:0b: [mem 0xfeda6000-0xfeda6fff] has been reserved
Sep  1 09:46:17 shrinivaasanka-Inspiron-1545 kernel: [    0.331982] system 00:0b: [mem 0xfed1c800-0xfed1cfff] has been reserved
Sep  1 09:46:17 shrinivaasanka-Inspiron-1545 kernel: [    0.332047] system 00:0b: [mem 0xfed18000-0xfed1bfff] has been reserved
Sep  1 09:46:17 shrinivaasanka-Inspiron-1545 kernel: [    0.332100] system 00:0b: [mem 0xf8000000-0xfbffffff] has been reserved
Sep  1 09:46:17 shrinivaasanka-Inspiron-1545 kernel: [    0.332153] system 00:0b: Plug and Play ACPI device, IDs PNP0c01 (active)
Sep  1 09:46:17 shrinivaasanka-Inspiron-1545 kernel: [    0.332196] pnp: PnP ACPI: found 12 devices
Sep  1 09:46:17 shrinivaasanka-Inspiron-1545 kernel: [    0.332245] ACPI: bus type PNP unregistered
Sep  1 09:46:17 shrinivaasanka-Inspiron-1545 kernel: [    0.332294] PnPBIOS: Disabled by ACPI PNP
Sep  1 09:46:17 shrinivaasanka-Inspiron-1545 kernel: [    0.370179] pci 0000:00:1c.0: bridge window [io  0x1000-0x0fff] to [bus 0b] add_size 1000
Sep  1 09:46:17 shrinivaasanka-Inspiron-1545 kernel: [    0.370185] pci 0000:00:1c.0: bridge window [mem 0x00100000-0x000fffff 64bit pref] to [bus 0b] add_size 200000
Sep  1 09:46:17 shrinivaasanka-Inspiron-1545 kernel: [    0.370188] pci 0000:00:1c.0: bridge window [mem 0x00100000-0x000fffff] to [bus 0b] add_size 200000
Sep  1 09:46:17 shrinivaasanka-Inspiron-1545 kernel: [    0.370200] pci 0000:00:1c.1: bridge window [io  0x1000-0x0fff] to [bus 0c] add_size 1000
Sep  1 09:46:17 shrinivaasanka-Inspiron-1545 kernel: [    0.370204] pci 0000:00:1c.1: bridge window [mem 0x00100000-0x000fffff 64bit pref] to [bus 0c] add_size 200000
Sep  1 09:46:17 shrinivaasanka-Inspiron-1545 kernel: [    0.370217] pci 0000:00:1c.2: bridge window [mem 0x00100000-0x000fffff 64bit pref] to [bus 09] add_size 200000
Sep  1 09:46:17 shrinivaasanka-Inspiron-1545 kernel: [    0.370243] pci 0000:00:1c.0: res[14]=[mem 0x00100000-0x000fffff] get_res_add_size add_size 200000
Sep  1 09:46:17 shrinivaasanka-Inspiron-1545 kernel: [    0.370246] pci 0000:00:1c.0: res[15]=[mem 0x00100000-0x000fffff 64bit pref] get_res_add_size add_size 200000
Sep  1 09:46:17 shrinivaasanka-Inspiron-1545 kernel: [    0.370249] pci 0000:00:1c.1: res[15]=[mem 0x00100000-0x000fffff 64bit pref] get_res_add_size add_size 200000
Sep  1 09:46:17 shrinivaasanka-Inspiron-1545 kernel: [    0.370252] pci 0000:00:1c.2: res[15]=[mem 0x00100000-0x000fffff 64bit pref] get_res_add_size add_size 200000
Sep  1 09:46:17 shrinivaasanka-Inspiron-1545 kernel: [    0.370255] pci 0000:00:1c.0: res[13]=[io  0x1000-0x0fff] get_res_add_size add_size 1000
Sep  1 09:46:17 shrinivaasanka-Inspiron-1545 kernel: [    0.370258] pci 0000:00:1c.1: res[13]=[io  0x1000-0x0fff] get_res_add_size add_size 1000
Sep  1 09:46:17 shrinivaasanka-Inspiron-1545 kernel: [    0.370267] pci 0000:00:1c.0: BAR 14: assigned [mem 0xc0000000-0xc01fffff]
Sep  1 09:46:17 shrinivaasanka-Inspiron-1545 kernel: [    0.370327] pci 0000:00:1c.0: BAR 15: assigned [mem 0xc0200000-0xc03fffff 64bit pref]
Sep  1 09:46:17 shrinivaasanka-Inspiron-1545 kernel: [    0.370399] pci 0000:00:1c.1: BAR 15: assigned [mem 0xc0400000-0xc05fffff 64bit pref]
Sep  1 09:46:17 shrinivaasanka-Inspiron-1545 kernel: [    0.370470] pci 0000:00:1c.2: BAR 15: assigned [mem 0xc0600000-0xc07fffff 64bit pref]
Sep  1 09:46:17 shrinivaasanka-Inspiron-1545 kernel: [    0.370535] pci 0000:00:1c.0: BAR 13: assigned [io  0x2000-0x2fff]
Sep  1 09:46:17 shrinivaasanka-Inspiron-1545 kernel: [    0.370588] pci 0000:00:1c.1: BAR 13: assigned [io  0x3000-0x3fff]
Sep  1 09:46:17 shrinivaasanka-Inspiron-1545 kernel: [    0.370640] pci 0000:00:1c.0: PCI bridge to [bus 0b]
Sep  1 09:46:17 shrinivaasanka-Inspiron-1545 kernel: [    0.370692] pci 0000:00:1c.0:   bridge window [io  0x2000-0x2fff]
Sep  1 09:46:17 shrinivaasanka-Inspiron-1545 kernel: [    0.370749] pci 0000:00:1c.0:   bridge window [mem 0xc0000000-0xc01fffff]
Sep  1 09:46:17 shrinivaasanka-Inspiron-1545 kernel: [    0.370804] pci 0000:00:1c.0:   bridge window [mem 0xc0200000-0xc03fffff 64bit pref]
Sep  1 09:46:17 shrinivaasanka-Inspiron-1545 kernel: [    0.370876] pci 0000:00:1c.1: PCI bridge to [bus 0c]
Sep  1 09:46:17 shrinivaasanka-Inspiron-1545 kernel: [    0.370927] pci 0000:00:1c.1:   bridge window [io  0x3000-0x3fff]
Sep  1 09:46:17 shrinivaasanka-Inspiron-1545 kernel: [    0.370982] pci 0000:00:1c.1:   bridge window [mem 0xf6900000-0xf69fffff]
Sep  1 09:46:17 shrinivaasanka-Inspiron-1545 kernel: [    0.371038] pci 0000:00:1c.1:   bridge window [mem 0xc0400000-0xc05fffff 64bit pref]
Sep  1 09:46:17 shrinivaasanka-Inspiron-1545 kernel: [    0.371108] pci 0000:00:1c.2: PCI bridge to [bus 09]
Sep  1 09:46:17 shrinivaasanka-Inspiron-1545 kernel: [    0.371160] pci 0000:00:1c.2:   bridge window [io  0xd000-0xdfff]
Sep  1 09:46:17 shrinivaasanka-Inspiron-1545 kernel: [    0.371216] pci 0000:00:1c.2:   bridge window [mem 0xf6800000-0xf68fffff]
Sep  1 09:46:17 shrinivaasanka-Inspiron-1545 kernel: [    0.371271] pci 0000:00:1c.2:   bridge window [mem 0xc0600000-0xc07fffff 64bit pref]
Sep  1 09:46:17 shrinivaasanka-Inspiron-1545 kernel: [    0.371341] pci 0000:00:1c.4: PCI bridge to [bus 0d-0e]
Sep  1 09:46:17 shrinivaasanka-Inspiron-1545 kernel: [    0.371393] pci 0000:00:1c.4:   bridge window [io  0xc000-0xcfff]
Sep  1 09:46:17 shrinivaasanka-Inspiron-1545 kernel: [    0.371449] pci 0000:00:1c.4:   bridge window [mem 0xf6600000-0xf67fffff]
Sep  1 09:46:17 shrinivaasanka-Inspiron-1545 kernel: [    0.371504] pci 0000:00:1c.4:   bridge window [mem 0xf0000000-0xf01fffff 64bit pref]
Sep  1 09:46:17 shrinivaasanka-Inspiron-1545 kernel: [    0.371575] pci 0000:00:1e.0: PCI bridge to [bus 03]
Sep  1 09:46:17 shrinivaasanka-Inspiron-1545 kernel: [    0.371640] pci_bus 0000:00: resource 4 [io  0x0000-0x0cf7]
Sep  1 09:46:17 shrinivaasanka-Inspiron-1545 kernel: [    0.371642] pci_bus 0000:00: resource 5 [io  0x0d00-0xffff]
Sep  1 09:46:17 shrinivaasanka-Inspiron-1545 kernel: [    0.371645] pci_bus 0000:00: resource 6 [mem 0x000a0000-0x000bffff]
Sep  1 09:46:17 shrinivaasanka-Inspiron-1545 kernel: [    0.371648] pci_bus 0000:00: resource 7 [mem 0x000d0000-0x000dffff]
Sep  1 09:46:17 shrinivaasanka-Inspiron-1545 kernel: [    0.371650] pci_bus 0000:00: resource 8 [mem 0xc0000000-0xf7ffffff]
Sep  1 09:46:17 shrinivaasanka-Inspiron-1545 kernel: [    0.371653] pci_bus 0000:00: resource 9 [mem 0xfc000000-0xfebfffff]
Sep  1 09:46:17 shrinivaasanka-Inspiron-1545 kernel: [    0.371655] pci_bus 0000:00: resource 10 [mem 0xfec10000-0xfecfffff]
Sep  1 09:46:17 shrinivaasanka-Inspiron-1545 kernel: [    0.371658] pci_bus 0000:00: resource 11 [mem 0xfed1c000-0xfed1ffff]
Sep  1 09:46:17 shrinivaasanka-Inspiron-1545 kernel: [    0.371660] pci_bus 0000:00: resource 12 [mem 0xfed90000-0xfed9ffff]
Sep  1 09:46:17 shrinivaasanka-Inspiron-1545 kernel: [    0.371663] pci_bus 0000:00: resource 13 [mem 0xfeda7000-0xfedfffff]
Sep  1 09:46:17 shrinivaasanka-Inspiron-1545 kernel: [    0.371665] pci_bus 0000:00: resource 14 [mem 0xfee10000-0xff9fffff]
Sep  1 09:46:17 shrinivaasanka-Inspiron-1545 kernel: [    0.371668] pci_bus 0000:00: resource 15 [mem 0xffc00000-0xffdfffff]
Sep  1 09:46:17 shrinivaasanka-Inspiron-1545 kernel: [    0.371671] pci_bus 0000:0b: resource 0 [io  0x2000-0x2fff]
Sep  1 09:46:17 shrinivaasanka-Inspiron-1545 kernel: [    0.371673] pci_bus 0000:0b: resource 1 [mem 0xc0000000-0xc01fffff]
Sep  1 09:46:17 shrinivaasanka-Inspiron-1545 kernel: [    0.371676] pci_bus 0000:0b: resource 2 [mem 0xc0200000-0xc03fffff 64bit pref]
Sep  1 09:46:17 shrinivaasanka-Inspiron-1545 kernel: [    0.371679] pci_bus 0000:0c: resource 0 [io  0x3000-0x3fff]
Sep  1 09:46:17 shrinivaasanka-Inspiron-1545 kernel: [    0.371682] pci_bus 0000:0c: resource 1 [mem 0xf6900000-0xf69fffff]
Sep  1 09:46:17 shrinivaasanka-Inspiron-1545 kernel: [    0.371684] pci_bus 0000:0c: resource 2 [mem 0xc0400000-0xc05fffff 64bit pref]
Sep  1 09:46:17 shrinivaasanka-Inspiron-1545 kernel: [    0.371687] pci_bus 0000:09: resource 0 [io  0xd000-0xdfff]
Sep  1 09:46:17 shrinivaasanka-Inspiron-1545 kernel: [    0.371690] pci_bus 0000:09: resource 1 [mem 0xf6800000-0xf68fffff]
Sep  1 09:46:17 shrinivaasanka-Inspiron-1545 kernel: [    0.371692] pci_bus 0000:09: resource 2 [mem 0xc0600000-0xc07fffff 64bit pref]
Sep  1 09:46:17 shrinivaasanka-Inspiron-1545 kernel: [    0.371695] pci_bus 0000:0d: resource 0 [io  0xc000-0xcfff]
Sep  1 09:46:17 shrinivaasanka-Inspiron-1545 kernel: [    0.371697] pci_bus 0000:0d: resource 1 [mem 0xf6600000-0xf67fffff]
Sep  1 09:46:17 shrinivaasanka-Inspiron-1545 kernel: [    0.371700] pci_bus 0000:0d: resource 2 [mem 0xf0000000-0xf01fffff 64bit pref]
Sep  1 09:46:17 shrinivaasanka-Inspiron-1545 kernel: [    0.371703] pci_bus 0000:03: resource 4 [io  0x0000-0x0cf7]
Sep  1 09:46:17 shrinivaasanka-Inspiron-1545 kernel: [    0.371705] pci_bus 0000:03: resource 5 [io  0x0d00-0xffff]
Sep  1 09:46:17 shrinivaasanka-Inspiron-1545 kernel: [    0.371708] pci_bus 0000:03: resource 6 [mem 0x000a0000-0x000bffff]
Sep  1 09:46:17 shrinivaasanka-Inspiron-1545 kernel: [    0.371710] pci_bus 0000:03: resource 7 [mem 0x000d0000-0x000dffff]
Sep  1 09:46:17 shrinivaasanka-Inspiron-1545 kernel: [    0.371713] pci_bus 0000:03: resource 8 [mem 0xc0000000-0xf7ffffff]
Sep  1 09:46:17 shrinivaasanka-Inspiron-1545 kernel: [    0.371715] pci_bus 0000:03: resource 9 [mem 0xfc000000-0xfebfffff]
Sep  1 09:46:17 shrinivaasanka-Inspiron-1545 kernel: [    0.371718] pci_bus 0000:03: resource 10 [mem 0xfec10000-0xfecfffff]
Sep  1 09:46:17 shrinivaasanka-Inspiron-1545 kernel: [    0.371721] pci_bus 0000:03: resource 11 [mem 0xfed1c000-0xfed1ffff]
Sep  1 09:46:17 shrinivaasanka-Inspiron-1545 kernel: [    0.371723] pci_bus 0000:03: resource 12 [mem 0xfed90000-0xfed9ffff]
Sep  1 09:46:17 shrinivaasanka-Inspiron-1545 kernel: [    0.371726] pci_bus 0000:03: resource 13 [mem 0xfeda7000-0xfedfffff]
Sep  1 09:46:17 shrinivaasanka-Inspiron-1545 kernel: [    0.371728] pci_bus 0000:03: resource 14 [mem 0xfee10000-0xff9fffff]
Sep  1 09:46:17 shrinivaasanka-Inspiron-1545 kernel: [    0.371731] pci_bus 0000:03: resource 15 [mem 0xffc00000-0xffdfffff]
Sep  1 09:46:17 shrinivaasanka-Inspiron-1545 kernel: [    0.371763] NET: Registered protocol family 2
Sep  1 09:46:17 shrinivaasanka-Inspiron-1545 kernel: [    0.371987] TCP established hash table entries: 8192 (order: 3, 32768 bytes)
Sep  1 09:46:17 shrinivaasanka-Inspiron-1545 kernel: [    0.372066] TCP bind hash table entries: 8192 (order: 4, 65536 bytes)
Sep  1 09:46:17 shrinivaasanka-Inspiron-1545 kernel: [    0.372145] TCP: Hash tables configured (established 8192 bind 8192)
Sep  1 09:46:17 shrinivaasanka-Inspiron-1545 kernel: [    0.372227] TCP: reno registered
Sep  1 09:46:17 shrinivaasanka-Inspiron-1545 kernel: [    0.372275] UDP hash table entries: 512 (order: 2, 16384 bytes)
Sep  1 09:46:17 shrinivaasanka-Inspiron-1545 kernel: [    0.372331] UDP-Lite hash table entries: 512 (order: 2, 16384 bytes)
Sep  1 09:46:17 shrinivaasanka-Inspiron-1545 kernel: [    0.372434] NET: Registered protocol family 1
Sep  1 09:46:17 shrinivaasanka-Inspiron-1545 kernel: [    0.372495] pci 0000:00:02.0: Boot video device
Sep  1 09:46:17 shrinivaasanka-Inspiron-1545 kernel: [    0.375775] PCI: CLS 64 bytes, default 64
Sep  1 09:46:17 shrinivaasanka-Inspiron-1545 kernel: [    0.375827] Trying to unpack rootfs image as initramfs...
Sep  1 09:46:17 shrinivaasanka-Inspiron-1545 kernel: [    5.766965] Freeing initrd memory: 214504K (ddcfc000 - eae76000)
Sep  1 09:46:17 shrinivaasanka-Inspiron-1545 kernel: [    5.767359] microcode: CPU0 sig=0x1067a, pf=0x80, revision=0xa07
Sep  1 09:46:17 shrinivaasanka-Inspiron-1545 kernel: [    5.767415] microcode: CPU1 sig=0x1067a, pf=0x80, revision=0xa07
Sep  1 09:46:17 shrinivaasanka-Inspiron-1545 kernel: [    5.767552] microcode: Microcode Update Driver: v2.00 <tigran@aivazian.fsnet.co.uk>, Peter Oruba
Sep  1 09:46:17 shrinivaasanka-Inspiron-1545 kernel: [    5.767644] Scanning for low memory corruption every 60 seconds
Sep  1 09:46:17 shrinivaasanka-Inspiron-1545 kernel: [    5.768062] futex hash table entries: 512 (order: 3, 32768 bytes)
Sep  1 09:46:17 shrinivaasanka-Inspiron-1545 kernel: [    5.768136] Initialise system trusted keyring
Sep  1 09:46:17 shrinivaasanka-Inspiron-1545 kernel: [    5.768208] audit: initializing netlink subsys (disabled)
Sep  1 09:46:17 shrinivaasanka-Inspiron-1545 kernel: [    5.768280] audit: type=2000 audit(1409564753.764:1): initialized
Sep  1 09:46:17 shrinivaasanka-Inspiron-1545 kernel: [    5.795815] bounce pool size: 64 pages
Sep  1 09:46:17 shrinivaasanka-Inspiron-1545 kernel: [    5.795874] HugeTLB registered 2 MB page size, pre-allocated 0 pages
Sep  1 09:46:17 shrinivaasanka-Inspiron-1545 kernel: [    5.798671] zbud: loaded
Sep  1 09:46:17 shrinivaasanka-Inspiron-1545 kernel: [    5.798802] VFS: Disk quotas dquot_6.5.2
Sep  1 09:46:17 shrinivaasanka-Inspiron-1545 kernel: [    5.798913] Dquot-cache hash table entries: 1024 (order 0, 4096 bytes)
Sep  1 09:46:17 shrinivaasanka-Inspiron-1545 kernel: [    5.799642] fuse init (API version 7.23)
Sep  1 09:46:17 shrinivaasanka-Inspiron-1545 kernel: [    5.799829] msgmni has been set to 1708
Sep  1 09:46:17 shrinivaasanka-Inspiron-1545 kernel: [    5.799957] Key type big_key registered
Sep  1 09:46:17 shrinivaasanka-Inspiron-1545 kernel: [    5.800565] Key type asymmetric registered
Sep  1 09:46:17 shrinivaasanka-Inspiron-1545 kernel: [    5.800615] Asymmetric key parser 'x509' registered
Sep  1 09:46:17 shrinivaasanka-Inspiron-1545 kernel: [    5.800683] Block layer SCSI generic (bsg) driver version 0.4 loaded (major 252)
Sep  1 09:46:17 shrinivaasanka-Inspiron-1545 kernel: [    5.800788] io scheduler noop registered
Sep  1 09:46:17 shrinivaasanka-Inspiron-1545 kernel: [    5.800839] io scheduler deadline registered (default)
Sep  1 09:46:17 shrinivaasanka-Inspiron-1545 kernel: [    5.800938] io scheduler cfq registered
Sep  1 09:46:17 shrinivaasanka-Inspiron-1545 kernel: [    5.801105] pcieport 0000:00:1c.0: device [8086:2940] has invalid IRQ; check vendor BIOS
Sep  1 09:46:17 shrinivaasanka-Inspiron-1545 kernel: [    5.801420] pcieport 0000:00:1c.0: irq 40 for MSI/MSI-X
Sep  1 09:46:17 shrinivaasanka-Inspiron-1545 kernel: [    5.801524] pcieport 0000:00:1c.1: device [8086:2942] has invalid IRQ; check vendor BIOS
Sep  1 09:46:17 shrinivaasanka-Inspiron-1545 kernel: [    5.801792] pcieport 0000:00:1c.1: irq 41 for MSI/MSI-X
Sep  1 09:46:17 shrinivaasanka-Inspiron-1545 kernel: [    5.801892] pcieport 0000:00:1c.2: device [8086:2944] has invalid IRQ; check vendor BIOS
Sep  1 09:46:17 shrinivaasanka-Inspiron-1545 kernel: [    5.802160] pcieport 0000:00:1c.2: irq 42 for MSI/MSI-X
Sep  1 09:46:17 shrinivaasanka-Inspiron-1545 kernel: [    5.802258] pcieport 0000:00:1c.4: device [8086:2948] has invalid IRQ; check vendor BIOS
Sep  1 09:46:17 shrinivaasanka-Inspiron-1545 kernel: [    5.802527] pcieport 0000:00:1c.4: irq 43 for MSI/MSI-X
Sep  1 09:46:17 shrinivaasanka-Inspiron-1545 kernel: [    5.802663] pci_hotplug: PCI Hot Plug PCI Core version: 0.5
Sep  1 09:46:17 shrinivaasanka-Inspiron-1545 kernel: [    5.802736] pciehp: PCI Express Hot Plug Controller Driver version: 0.4
Sep  1 09:46:17 shrinivaasanka-Inspiron-1545 kernel: [    5.802868] intel_idle: does not run on family 6 model 23
Sep  1 09:46:17 shrinivaasanka-Inspiron-1545 kernel: [    5.802878] ipmi message handler version 39.2
Sep  1 09:46:17 shrinivaasanka-Inspiron-1545 kernel: [    5.803051] ACPI: AC Adapter [AC] (on-line)
Sep  1 09:46:17 shrinivaasanka-Inspiron-1545 kernel: [    5.803242] input: Lid Switch as /devices/LNXSYSTM:00/LNXSYBUS:00/PNP0C0D:00/input/input0
Sep  1 09:46:17 shrinivaasanka-Inspiron-1545 kernel: [    5.804312] ACPI: Lid Switch [LID]
Sep  1 09:46:17 shrinivaasanka-Inspiron-1545 kernel: [    5.804424] input: Power Button as /devices/LNXSYSTM:00/LNXSYBUS:00/PNP0C0C:00/input/input1
Sep  1 09:46:17 shrinivaasanka-Inspiron-1545 kernel: [    5.804492] ACPI: Power Button [PBTN]
Sep  1 09:46:17 shrinivaasanka-Inspiron-1545 kernel: [    5.804601] input: Sleep Button as /devices/LNXSYSTM:00/LNXSYBUS:00/PNP0C0E:00/input/input2
Sep  1 09:46:17 shrinivaasanka-Inspiron-1545 kernel: [    5.804667] ACPI: Sleep Button [SBTN]
Sep  1 09:46:17 shrinivaasanka-Inspiron-1545 kernel: [    5.804861] Monitor-Mwait will be used to enter C-1 state
Sep  1 09:46:17 shrinivaasanka-Inspiron-1545 kernel: [    5.804868] Monitor-Mwait will be used to enter C-2 state
Sep  1 09:46:17 shrinivaasanka-Inspiron-1545 kernel: [    5.804872] Monitor-Mwait will be used to enter C-3 state
Sep  1 09:46:17 shrinivaasanka-Inspiron-1545 kernel: [    5.804876] tsc: Marking TSC unstable due to TSC halts in idle
Sep  1 09:46:17 shrinivaasanka-Inspiron-1545 kernel: [    5.804935] ACPI: acpi_idle registered with cpuidle
Sep  1 09:46:17 shrinivaasanka-Inspiron-1545 kernel: [    5.822171] thermal LNXTHERM:00: registered as thermal_zone0
Sep  1 09:46:17 shrinivaasanka-Inspiron-1545 kernel: [    5.822222] ACPI: Thermal Zone [THM] (48 C)
Sep  1 09:46:17 shrinivaasanka-Inspiron-1545 kernel: [    5.822309] GHES: HEST is not enabled!
Sep  1 09:46:17 shrinivaasanka-Inspiron-1545 kernel: [    5.822375] isapnp: Scanning for PnP cards...
Sep  1 09:46:17 shrinivaasanka-Inspiron-1545 kernel: [    5.871237] ACPI: Battery Slot [BAT0] (battery present)
Sep  1 09:46:17 shrinivaasanka-Inspiron-1545 kernel: [    6.197458] isapnp: No Plug & Play device found
Sep  1 09:46:17 shrinivaasanka-Inspiron-1545 kernel: [    6.197649] Serial: 8250/16550 driver, 32 ports, IRQ sharing enabled
Sep  1 09:46:17 shrinivaasanka-Inspiron-1545 kernel: [    6.200750] Linux agpgart interface v0.103
Sep  1 09:46:17 shrinivaasanka-Inspiron-1545 kernel: [    6.200919] agpgart-intel 0000:00:00.0: Intel GM45 Chipset
Sep  1 09:46:17 shrinivaasanka-Inspiron-1545 kernel: [    6.201014] agpgart-intel 0000:00:00.0: detected gtt size: 2097152K total, 262144K mappable
Sep  1 09:46:17 shrinivaasanka-Inspiron-1545 kernel: [    6.201778] agpgart-intel 0000:00:00.0: detected 32768K stolen memory
Sep  1 09:46:17 shrinivaasanka-Inspiron-1545 kernel: [    6.202009] agpgart-intel 0000:00:00.0: AGP aperture is 256M @ 0xe0000000
Sep  1 09:46:17 shrinivaasanka-Inspiron-1545 kernel: [    6.204474] brd: module loaded
Sep  1 09:46:17 shrinivaasanka-Inspiron-1545 kernel: [    6.205751] loop: module loaded
Sep  1 09:46:17 shrinivaasanka-Inspiron-1545 kernel: [    6.206471] libphy: Fixed MDIO Bus: probed
Sep  1 09:46:17 shrinivaasanka-Inspiron-1545 kernel: [    6.206686] tun: Universal TUN/TAP device driver, 1.6
Sep  1 09:46:17 shrinivaasanka-Inspiron-1545 kernel: [    6.206736] tun: (C) 1999-2004 Max Krasnyansky <maxk@qualcomm.com>
Sep  1 09:46:17 shrinivaasanka-Inspiron-1545 kernel: [    6.206858] PPP generic driver version 2.4.2
Sep  1 09:46:17 shrinivaasanka-Inspiron-1545 kernel: [    6.206982] ehci_hcd: USB 2.0 'Enhanced' Host Controller (EHCI) Driver
Sep  1 09:46:17 shrinivaasanka-Inspiron-1545 kernel: [    6.207038] ehci-pci: EHCI PCI platform driver
Sep  1 09:46:17 shrinivaasanka-Inspiron-1545 kernel: [    6.207346] ehci-pci 0000:00:1a.7: EHCI Host Controller
Sep  1 09:46:17 shrinivaasanka-Inspiron-1545 kernel: [    6.207404] ehci-pci 0000:00:1a.7: new USB bus registered, assigned bus number 1
Sep  1 09:46:17 shrinivaasanka-Inspiron-1545 kernel: [    6.207483] ehci-pci 0000:00:1a.7: debug port 1
Sep  1 09:46:17 shrinivaasanka-Inspiron-1545 kernel: [    6.211423] ehci-pci 0000:00:1a.7: cache line size of 64 is not supported
Sep  1 09:46:17 shrinivaasanka-Inspiron-1545 kernel: [    6.211444] ehci-pci 0000:00:1a.7: irq 22, io mem 0xfed1c400
Sep  1 09:46:17 shrinivaasanka-Inspiron-1545 kernel: [    6.220051] ehci-pci 0000:00:1a.7: USB 2.0 started, EHCI 1.00
Sep  1 09:46:17 shrinivaasanka-Inspiron-1545 kernel: [    6.220211] usb usb1: New USB device found, idVendor=1d6b, idProduct=0002
Sep  1 09:46:17 shrinivaasanka-Inspiron-1545 kernel: [    6.220262] usb usb1: New USB device strings: Mfr=3, Product=2, SerialNumber=1
Sep  1 09:46:17 shrinivaasanka-Inspiron-1545 kernel: [    6.220327] usb usb1: Product: EHCI Host Controller
Sep  1 09:46:17 shrinivaasanka-Inspiron-1545 kernel: [    6.220377] usb usb1: Manufacturer: Linux 3.15.5 ehci_hcd
Sep  1 09:46:17 shrinivaasanka-Inspiron-1545 kernel: [    6.220427] usb usb1: SerialNumber: 0000:00:1a.7
Sep  1 09:46:17 shrinivaasanka-Inspiron-1545 kernel: [    6.220669] hub 1-0:1.0: USB hub found
Sep  1 09:46:17 shrinivaasanka-Inspiron-1545 kernel: [    6.220723] hub 1-0:1.0: 6 ports detected
Sep  1 09:46:17 shrinivaasanka-Inspiron-1545 kernel: [    6.221318] ehci-pci 0000:00:1d.7: EHCI Host Controller
Sep  1 09:46:17 shrinivaasanka-Inspiron-1545 kernel: [    6.221374] ehci-pci 0000:00:1d.7: new USB bus registered, assigned bus number 2
Sep  1 09:46:17 shrinivaasanka-Inspiron-1545 kernel: [    6.221452] ehci-pci 0000:00:1d.7: debug port 1
Sep  1 09:46:17 shrinivaasanka-Inspiron-1545 kernel: [    6.225400] ehci-pci 0000:00:1d.7: cache line size of 64 is not supported
Sep  1 09:46:17 shrinivaasanka-Inspiron-1545 kernel: [    6.225419] ehci-pci 0000:00:1d.7: irq 20, io mem 0xfed1c000
Sep  1 09:46:17 shrinivaasanka-Inspiron-1545 kernel: [    6.236055] ehci-pci 0000:00:1d.7: USB 2.0 started, EHCI 1.00
Sep  1 09:46:17 shrinivaasanka-Inspiron-1545 kernel: [    6.236187] usb usb2: New USB device found, idVendor=1d6b, idProduct=0002
Sep  1 09:46:17 shrinivaasanka-Inspiron-1545 kernel: [    6.236249] usb usb2: New USB device strings: Mfr=3, Product=2, SerialNumber=1
Sep  1 09:46:17 shrinivaasanka-Inspiron-1545 kernel: [    6.236313] usb usb2: Product: EHCI Host Controller
Sep  1 09:46:17 shrinivaasanka-Inspiron-1545 kernel: [    6.236362] usb usb2: Manufacturer: Linux 3.15.5 ehci_hcd
Sep  1 09:46:17 shrinivaasanka-Inspiron-1545 kernel: [    6.236412] usb usb2: SerialNumber: 0000:00:1d.7
Sep  1 09:46:17 shrinivaasanka-Inspiron-1545 kernel: [    6.236649] hub 2-0:1.0: USB hub found
Sep  1 09:46:17 shrinivaasanka-Inspiron-1545 kernel: [    6.236703] hub 2-0:1.0: 6 ports detected
Sep  1 09:46:17 shrinivaasanka-Inspiron-1545 kernel: [    6.237074] ehci-platform: EHCI generic platform driver
Sep  1 09:46:17 shrinivaasanka-Inspiron-1545 kernel: [    6.237135] ohci_hcd: USB 1.1 'Open' Host Controller (OHCI) Driver
Sep  1 09:46:17 shrinivaasanka-Inspiron-1545 kernel: [    6.237189] ohci-pci: OHCI PCI platform driver
Sep  1 09:46:17 shrinivaasanka-Inspiron-1545 kernel: [    6.237943] ohci-platform: OHCI generic platform driver
Sep  1 09:46:17 shrinivaasanka-Inspiron-1545 kernel: [    6.238001] uhci_hcd: USB Universal Host Controller Interface driver
Sep  1 09:46:17 shrinivaasanka-Inspiron-1545 kernel: [    6.238277] uhci_hcd 0000:00:1a.0: UHCI Host Controller
Sep  1 09:46:17 shrinivaasanka-Inspiron-1545 kernel: [    6.238333] uhci_hcd 0000:00:1a.0: new USB bus registered, assigned bus number 3
Sep  1 09:46:17 shrinivaasanka-Inspiron-1545 kernel: [    6.238403] uhci_hcd 0000:00:1a.0: detected 2 ports
Sep  1 09:46:17 shrinivaasanka-Inspiron-1545 kernel: [    6.238473] uhci_hcd 0000:00:1a.0: irq 20, io base 0x00006f60
Sep  1 09:46:17 shrinivaasanka-Inspiron-1545 kernel: [    6.238577] usb usb3: New USB device found, idVendor=1d6b, idProduct=0001
Sep  1 09:46:17 shrinivaasanka-Inspiron-1545 kernel: [    6.238630] usb usb3: New USB device strings: Mfr=3, Product=2, SerialNumber=1
Sep  1 09:46:17 shrinivaasanka-Inspiron-1545 kernel: [    6.238693] usb usb3: Product: UHCI Host Controller
Sep  1 09:46:17 shrinivaasanka-Inspiron-1545 kernel: [    6.238743] usb usb3: Manufacturer: Linux 3.15.5 uhci_hcd
Sep  1 09:46:17 shrinivaasanka-Inspiron-1545 kernel: [    6.238792] usb usb3: SerialNumber: 0000:00:1a.0
Sep  1 09:46:17 shrinivaasanka-Inspiron-1545 kernel: [    6.239027] hub 3-0:1.0: USB hub found
Sep  1 09:46:17 shrinivaasanka-Inspiron-1545 kernel: [    6.239081] hub 3-0:1.0: 2 ports detected
Sep  1 09:46:17 shrinivaasanka-Inspiron-1545 kernel: [    6.239478] uhci_hcd 0000:00:1a.1: UHCI Host Controller
Sep  1 09:46:17 shrinivaasanka-Inspiron-1545 kernel: [    6.239533] uhci_hcd 0000:00:1a.1: new USB bus registered, assigned bus number 4
Sep  1 09:46:17 shrinivaasanka-Inspiron-1545 kernel: [    6.239603] uhci_hcd 0000:00:1a.1: detected 2 ports
Sep  1 09:46:17 shrinivaasanka-Inspiron-1545 kernel: [    6.239684] uhci_hcd 0000:00:1a.1: irq 21, io base 0x00006f80
Sep  1 09:46:17 shrinivaasanka-Inspiron-1545 kernel: [    6.239789] usb usb4: New USB device found, idVendor=1d6b, idProduct=0001
Sep  1 09:46:17 shrinivaasanka-Inspiron-1545 kernel: [    6.239843] usb usb4: New USB device strings: Mfr=3, Product=2, SerialNumber=1
Sep  1 09:46:17 shrinivaasanka-Inspiron-1545 kernel: [    6.239906] usb usb4: Product: UHCI Host Controller
Sep  1 09:46:17 shrinivaasanka-Inspiron-1545 kernel: [    6.239956] usb usb4: Manufacturer: Linux 3.15.5 uhci_hcd
Sep  1 09:46:17 shrinivaasanka-Inspiron-1545 kernel: [    6.240018] usb usb4: SerialNumber: 0000:00:1a.1
Sep  1 09:46:17 shrinivaasanka-Inspiron-1545 kernel: [    6.240256] hub 4-0:1.0: USB hub found
Sep  1 09:46:17 shrinivaasanka-Inspiron-1545 kernel: [    6.240311] hub 4-0:1.0: 2 ports detected
Sep  1 09:46:17 shrinivaasanka-Inspiron-1545 kernel: [    6.240706] uhci_hcd 0000:00:1a.2: UHCI Host Controller
Sep  1 09:46:17 shrinivaasanka-Inspiron-1545 kernel: [    6.240763] uhci_hcd 0000:00:1a.2: new USB bus registered, assigned bus number 5
Sep  1 09:46:17 shrinivaasanka-Inspiron-1545 kernel: [    6.240833] uhci_hcd 0000:00:1a.2: detected 2 ports
Sep  1 09:46:17 shrinivaasanka-Inspiron-1545 kernel: [    6.240902] uhci_hcd 0000:00:1a.2: irq 22, io base 0x00006fa0
Sep  1 09:46:17 shrinivaasanka-Inspiron-1545 kernel: [    6.241005] usb usb5: New USB device found, idVendor=1d6b, idProduct=0001
Sep  1 09:46:17 shrinivaasanka-Inspiron-1545 kernel: [    6.241058] usb usb5: New USB device strings: Mfr=3, Product=2, SerialNumber=1
Sep  1 09:46:17 shrinivaasanka-Inspiron-1545 kernel: [    6.241122] usb usb5: Product: UHCI Host Controller
Sep  1 09:46:17 shrinivaasanka-Inspiron-1545 kernel: [    6.241173] usb usb5: Manufacturer: Linux 3.15.5 uhci_hcd
Sep  1 09:46:17 shrinivaasanka-Inspiron-1545 kernel: [    6.241223] usb usb5: SerialNumber: 0000:00:1a.2
Sep  1 09:46:17 shrinivaasanka-Inspiron-1545 kernel: [    6.241451] hub 5-0:1.0: USB hub found
Sep  1 09:46:17 shrinivaasanka-Inspiron-1545 kernel: [    6.241505] hub 5-0:1.0: 2 ports detected
Sep  1 09:46:17 shrinivaasanka-Inspiron-1545 kernel: [    6.241909] uhci_hcd 0000:00:1d.0: UHCI Host Controller
Sep  1 09:46:17 shrinivaasanka-Inspiron-1545 kernel: [    6.241963] uhci_hcd 0000:00:1d.0: new USB bus registered, assigned bus number 6
Sep  1 09:46:17 shrinivaasanka-Inspiron-1545 kernel: [    6.242033] uhci_hcd 0000:00:1d.0: detected 2 ports
Sep  1 09:46:17 shrinivaasanka-Inspiron-1545 kernel: [    6.242102] uhci_hcd 0000:00:1d.0: irq 20, io base 0x00006f00
Sep  1 09:46:17 shrinivaasanka-Inspiron-1545 kernel: [    6.242205] usb usb6: New USB device found, idVendor=1d6b, idProduct=0001
Sep  1 09:46:17 shrinivaasanka-Inspiron-1545 kernel: [    6.242258] usb usb6: New USB device strings: Mfr=3, Product=2, SerialNumber=1
Sep  1 09:46:17 shrinivaasanka-Inspiron-1545 kernel: [    6.242321] usb usb6: Product: UHCI Host Controller
Sep  1 09:46:17 shrinivaasanka-Inspiron-1545 kernel: [    6.242371] usb usb6: Manufacturer: Linux 3.15.5 uhci_hcd
Sep  1 09:46:17 shrinivaasanka-Inspiron-1545 kernel: [    6.242421] usb usb6: SerialNumber: 0000:00:1d.0
Sep  1 09:46:17 shrinivaasanka-Inspiron-1545 kernel: [    6.242649] hub 6-0:1.0: USB hub found
Sep  1 09:46:17 shrinivaasanka-Inspiron-1545 kernel: [    6.242703] hub 6-0:1.0: 2 ports detected
Sep  1 09:46:17 shrinivaasanka-Inspiron-1545 kernel: [    6.243105] uhci_hcd 0000:00:1d.1: UHCI Host Controller
Sep  1 09:46:17 shrinivaasanka-Inspiron-1545 kernel: [    6.243159] uhci_hcd 0000:00:1d.1: new USB bus registered, assigned bus number 7
Sep  1 09:46:17 shrinivaasanka-Inspiron-1545 kernel: [    6.243229] uhci_hcd 0000:00:1d.1: detected 2 ports
Sep  1 09:46:17 shrinivaasanka-Inspiron-1545 kernel: [    6.243299] uhci_hcd 0000:00:1d.1: irq 21, io base 0x00006f20
Sep  1 09:46:17 shrinivaasanka-Inspiron-1545 kernel: [    6.243402] usb usb7: New USB device found, idVendor=1d6b, idProduct=0001
Sep  1 09:46:17 shrinivaasanka-Inspiron-1545 kernel: [    6.243453] usb usb7: New USB device strings: Mfr=3, Product=2, SerialNumber=1
Sep  1 09:46:17 shrinivaasanka-Inspiron-1545 kernel: [    6.243518] usb usb7: Product: UHCI Host Controller
Sep  1 09:46:17 shrinivaasanka-Inspiron-1545 kernel: [    6.243567] usb usb7: Manufacturer: Linux 3.15.5 uhci_hcd
Sep  1 09:46:17 shrinivaasanka-Inspiron-1545 kernel: [    6.243618] usb usb7: SerialNumber: 0000:00:1d.1
Sep  1 09:46:17 shrinivaasanka-Inspiron-1545 kernel: [    6.243847] hub 7-0:1.0: USB hub found
