Oct 11 10:20:53 shrinivaasanka-Inspiron-1545 kernel: [ 2978.896209] usb 6-2: USB disconnect, device number 3
Oct 11 10:20:53 shrinivaasanka-Inspiron-1545 kernel: [ 2978.896729] option1 ttyUSB0: usb_wwan_indat_callback: resubmit read urb failed. (-19)
Oct 11 10:20:53 shrinivaasanka-Inspiron-1545 kernel: [ 2978.896747] option1 ttyUSB1: usb_wwan_indat_callback: resubmit read urb failed. (-19)
Oct 11 10:20:53 shrinivaasanka-Inspiron-1545 kernel: [ 2978.896766] option1 ttyUSB2: usb_wwan_indat_callback: resubmit read urb failed. (-19)
Oct 11 10:20:53 shrinivaasanka-Inspiron-1545 kernel: [ 2978.897721] option1 ttyUSB0: usb_wwan_indat_callback: resubmit read urb failed. (-19)
Oct 11 10:20:53 shrinivaasanka-Inspiron-1545 kernel: [ 2978.897742] option1 ttyUSB0: usb_wwan_indat_callback: resubmit read urb failed. (-19)
Oct 11 10:20:53 shrinivaasanka-Inspiron-1545 kernel: [ 2978.897760] option1 ttyUSB0: usb_wwan_indat_callback: resubmit read urb failed. (-19)
Oct 11 10:20:53 shrinivaasanka-Inspiron-1545 kernel: [ 2978.897781] option1 ttyUSB1: usb_wwan_indat_callback: resubmit read urb failed. (-19)
Oct 11 10:20:53 shrinivaasanka-Inspiron-1545 kernel: [ 2978.897799] option1 ttyUSB2: usb_wwan_indat_callback: resubmit read urb failed. (-19)
Oct 11 10:20:53 shrinivaasanka-Inspiron-1545 kernel: [ 2978.898702] option1 ttyUSB1: usb_wwan_indat_callback: resubmit read urb failed. (-19)
Oct 11 10:20:53 shrinivaasanka-Inspiron-1545 kernel: [ 2978.898726] option1 ttyUSB2: usb_wwan_indat_callback: resubmit read urb failed. (-19)
Oct 11 10:20:53 shrinivaasanka-Inspiron-1545 kernel: [ 2978.899699] option1 ttyUSB1: usb_wwan_indat_callback: resubmit read urb failed. (-19)
Oct 11 10:20:53 shrinivaasanka-Inspiron-1545 kernel: [ 2978.899719] option1 ttyUSB2: usb_wwan_indat_callback: resubmit read urb failed. (-19)
Oct 11 10:20:53 shrinivaasanka-Inspiron-1545 kernel: [ 2978.901861] option1 ttyUSB0: GSM modem (1-port) converter now disconnected from ttyUSB0
Oct 11 10:20:53 shrinivaasanka-Inspiron-1545 kernel: [ 2978.901892] option 6-2:1.0: device disconnected
Oct 11 10:20:53 shrinivaasanka-Inspiron-1545 kernel: [ 2978.905596] option1 ttyUSB1: GSM modem (1-port) converter now disconnected from ttyUSB1
Oct 11 10:20:53 shrinivaasanka-Inspiron-1545 kernel: [ 2978.905627] option 6-2:1.1: device disconnected
Oct 11 10:20:53 shrinivaasanka-Inspiron-1545 kernel: [ 2978.907832] option1 ttyUSB2: GSM modem (1-port) converter now disconnected from ttyUSB2
Oct 11 10:20:53 shrinivaasanka-Inspiron-1545 kernel: [ 2978.907863] option 6-2:1.2: device disconnected
Oct 11 10:21:29 shrinivaasanka-Inspiron-1545 kernel: [ 3015.144176] usb 2-3: new high-speed USB device number 4 using ehci-pci
Oct 11 10:21:30 shrinivaasanka-Inspiron-1545 kernel: [ 3015.278673] usb 2-3: New USB device found, idVendor=1004, idProduct=633e
Oct 11 10:21:30 shrinivaasanka-Inspiron-1545 kernel: [ 3015.278681] usb 2-3: New USB device strings: Mfr=1, Product=2, SerialNumber=3
Oct 11 10:21:30 shrinivaasanka-Inspiron-1545 kernel: [ 3015.278686] usb 2-3: Product: LGE Android Phone
Oct 11 10:21:30 shrinivaasanka-Inspiron-1545 kernel: [ 3015.278690] usb 2-3: Manufacturer: LG Electronics Inc.
Oct 11 10:21:30 shrinivaasanka-Inspiron-1545 kernel: [ 3015.278695] usb 2-3: SerialNumber: LGD2958a2aa51
Oct 11 10:38:41 shrinivaasanka-Inspiron-1545 kernel: [ 4046.853753] usb 2-3: USB disconnect, device number 4
Oct 11 10:40:00 shrinivaasanka-Inspiron-1545 kernel: [ 4125.920163] usb 7-1: new full-speed USB device number 2 using uhci_hcd
Oct 11 10:40:00 shrinivaasanka-Inspiron-1545 kernel: [ 4126.078376] usb 7-1: New USB device found, idVendor=12d1, idProduct=1505
Oct 11 10:40:00 shrinivaasanka-Inspiron-1545 kernel: [ 4126.078384] usb 7-1: New USB device strings: Mfr=1, Product=2, SerialNumber=4
Oct 11 10:40:00 shrinivaasanka-Inspiron-1545 kernel: [ 4126.078389] usb 7-1: Product: HUAWEI Mobile
Oct 11 10:40:00 shrinivaasanka-Inspiron-1545 kernel: [ 4126.078394] usb 7-1: Manufacturer: HUAÿWEI TECHNOLOGIES
Oct 11 10:40:00 shrinivaasanka-Inspiron-1545 kernel: [ 4126.078398] usb 7-1: SerialNumber: ÿÿÿÿÿÿÿÿÿÿÿÿÿÿÿÿÿÿÿ
Oct 11 10:40:00 shrinivaasanka-Inspiron-1545 kernel: [ 4126.081444] usb-storage 7-1:1.0: USB Mass Storage device detected
Oct 11 10:40:00 shrinivaasanka-Inspiron-1545 kernel: [ 4126.081681] scsi host12: usb-storage 7-1:1.0
Oct 11 10:40:01 shrinivaasanka-Inspiron-1545 kernel: [ 4127.084859] scsi 12:0:0:0: CD-ROM            HUAWEI   Mass Storage     2.31 PQ: 0 ANSI: 0
Oct 11 10:40:01 shrinivaasanka-Inspiron-1545 kernel: [ 4127.103934] sr 12:0:0:0: [sr1] scsi-1 drive
Oct 11 10:40:01 shrinivaasanka-Inspiron-1545 kernel: [ 4127.104423] sr 12:0:0:0: Attached scsi CD-ROM sr1
Oct 11 10:40:01 shrinivaasanka-Inspiron-1545 kernel: [ 4127.104646] sr 12:0:0:0: Attached scsi generic sg3 type 5
Oct 11 10:40:06 shrinivaasanka-Inspiron-1545 kernel: [ 4131.996388] usb 7-1: USB disconnect, device number 2
Oct 11 10:40:10 shrinivaasanka-Inspiron-1545 kernel: [ 4135.360177] usb 7-1: new full-speed USB device number 3 using uhci_hcd
Oct 11 10:40:10 shrinivaasanka-Inspiron-1545 kernel: [ 4135.517480] usb 7-1: New USB device found, idVendor=12d1, idProduct=140b
Oct 11 10:40:10 shrinivaasanka-Inspiron-1545 kernel: [ 4135.517488] usb 7-1: New USB device strings: Mfr=1, Product=2, SerialNumber=4
Oct 11 10:40:10 shrinivaasanka-Inspiron-1545 kernel: [ 4135.517493] usb 7-1: Product: HUAWEI Mobile
Oct 11 10:40:10 shrinivaasanka-Inspiron-1545 kernel: [ 4135.517497] usb 7-1: Manufacturer: HUAÿWEI TECHNOLOGIES
Oct 11 10:40:10 shrinivaasanka-Inspiron-1545 kernel: [ 4135.517502] usb 7-1: SerialNumber: ÿÿÿÿÿÿÿÿÿÿÿÿÿÿÿÿÿÿÿ
Oct 11 10:40:10 shrinivaasanka-Inspiron-1545 kernel: [ 4135.522492] usb-storage 7-1:1.0: USB Mass Storage device detected
Oct 11 10:40:10 shrinivaasanka-Inspiron-1545 kernel: [ 4135.522672] option 7-1:1.0: GSM modem (1-port) converter detected
Oct 11 10:40:10 shrinivaasanka-Inspiron-1545 kernel: [ 4135.522871] usb 7-1: GSM modem (1-port) converter now attached to ttyUSB0
Oct 11 10:40:10 shrinivaasanka-Inspiron-1545 kernel: [ 4135.524493] usb-storage 7-1:1.1: USB Mass Storage device detected
Oct 11 10:40:10 shrinivaasanka-Inspiron-1545 kernel: [ 4135.524720] option 7-1:1.1: GSM modem (1-port) converter detected
Oct 11 10:40:10 shrinivaasanka-Inspiron-1545 kernel: [ 4135.525014] usb 7-1: GSM modem (1-port) converter now attached to ttyUSB3
Oct 11 10:40:10 shrinivaasanka-Inspiron-1545 kernel: [ 4135.527473] usb-storage 7-1:1.2: USB Mass Storage device detected
Oct 11 10:40:10 shrinivaasanka-Inspiron-1545 kernel: [ 4135.527645] option 7-1:1.2: GSM modem (1-port) converter detected
Oct 11 10:40:10 shrinivaasanka-Inspiron-1545 kernel: [ 4135.527842] usb 7-1: GSM modem (1-port) converter now attached to ttyUSB4
Oct 11 10:40:10 shrinivaasanka-Inspiron-1545 kernel: [ 4135.528076] usb-storage 7-1:1.3: USB Mass Storage device detected
Oct 11 10:40:10 shrinivaasanka-Inspiron-1545 kernel: [ 4135.529424] scsi host16: usb-storage 7-1:1.3
Oct 11 10:40:11 shrinivaasanka-Inspiron-1545 kernel: [ 4136.532917] scsi 16:0:0:0: CD-ROM            HUAWEI   Mass Storage     2.31 PQ: 0 ANSI: 0
Oct 11 10:40:11 shrinivaasanka-Inspiron-1545 kernel: [ 4136.535909] scsi 16:0:0:1: Direct-Access     HUAWEI   SD Storage       2.31 PQ: 0 ANSI: 2
Oct 11 10:40:11 shrinivaasanka-Inspiron-1545 kernel: [ 4136.555031] sr 16:0:0:0: [sr1] scsi-1 drive
Oct 11 10:40:11 shrinivaasanka-Inspiron-1545 kernel: [ 4136.555616] sr 16:0:0:0: Attached scsi CD-ROM sr1
Oct 11 10:40:11 shrinivaasanka-Inspiron-1545 kernel: [ 4136.556549] sr 16:0:0:0: Attached scsi generic sg3 type 5
Oct 11 10:40:11 shrinivaasanka-Inspiron-1545 kernel: [ 4136.557458] sd 16:0:0:1: Attached scsi generic sg4 type 0
Oct 11 10:40:11 shrinivaasanka-Inspiron-1545 kernel: [ 4136.571936] sd 16:0:0:1: [sdc] Attached SCSI removable disk
Oct 11 10:42:34 shrinivaasanka-Inspiron-1545 kernel: [ 4279.904237] usb 7-1: USB disconnect, device number 3
Oct 11 10:42:34 shrinivaasanka-Inspiron-1545 kernel: [ 4279.904631] option1 ttyUSB0: GSM modem (1-port) converter now disconnected from ttyUSB0
Oct 11 10:42:34 shrinivaasanka-Inspiron-1545 kernel: [ 4279.904673] option 7-1:1.0: device disconnected
Oct 11 10:42:34 shrinivaasanka-Inspiron-1545 kernel: [ 4279.904979] option1 ttyUSB3: GSM modem (1-port) converter now disconnected from ttyUSB3
Oct 11 10:42:34 shrinivaasanka-Inspiron-1545 kernel: [ 4279.905009] option 7-1:1.1: device disconnected
Oct 11 10:42:34 shrinivaasanka-Inspiron-1545 kernel: [ 4279.905299] option1 ttyUSB4: GSM modem (1-port) converter now disconnected from ttyUSB4
Oct 11 10:42:34 shrinivaasanka-Inspiron-1545 kernel: [ 4279.905329] option 7-1:1.2: device disconnected
Oct 11 10:42:42 shrinivaasanka-Inspiron-1545 kernel: [ 4287.756165] usb 6-2: new full-speed USB device number 4 using uhci_hcd
Oct 11 10:42:42 shrinivaasanka-Inspiron-1545 kernel: [ 4287.910412] usb 6-2: New USB device found, idVendor=12d1, idProduct=1505
Oct 11 10:42:42 shrinivaasanka-Inspiron-1545 kernel: [ 4287.910420] usb 6-2: New USB device strings: Mfr=1, Product=2, SerialNumber=4
Oct 11 10:42:42 shrinivaasanka-Inspiron-1545 kernel: [ 4287.910425] usb 6-2: Product: HUAWEI Mobile
Oct 11 10:42:42 shrinivaasanka-Inspiron-1545 kernel: [ 4287.910430] usb 6-2: Manufacturer: HUAÿWEI TECHNOLOGIES
Oct 11 10:42:42 shrinivaasanka-Inspiron-1545 kernel: [ 4287.910434] usb 6-2: SerialNumber: ÿÿÿÿÿÿÿÿÿÿÿÿÿÿÿÿÿÿÿ
Oct 11 10:42:42 shrinivaasanka-Inspiron-1545 kernel: [ 4287.913539] usb-storage 6-2:1.0: USB Mass Storage device detected
Oct 11 10:42:42 shrinivaasanka-Inspiron-1545 kernel: [ 4287.913682] scsi host17: usb-storage 6-2:1.0
Oct 11 10:42:43 shrinivaasanka-Inspiron-1545 kernel: [ 4289.080253] usb 6-2: USB disconnect, device number 4
Oct 11 10:42:47 shrinivaasanka-Inspiron-1545 kernel: [ 4292.252179] usb 6-2: new full-speed USB device number 5 using uhci_hcd
Oct 11 10:42:47 shrinivaasanka-Inspiron-1545 kernel: [ 4292.411395] usb 6-2: New USB device found, idVendor=12d1, idProduct=140b
Oct 11 10:42:47 shrinivaasanka-Inspiron-1545 kernel: [ 4292.411403] usb 6-2: New USB device strings: Mfr=1, Product=2, SerialNumber=4
Oct 11 10:42:47 shrinivaasanka-Inspiron-1545 kernel: [ 4292.411411] usb 6-2: Product: HUAWEI Mobile
Oct 11 10:42:47 shrinivaasanka-Inspiron-1545 kernel: [ 4292.411415] usb 6-2: Manufacturer: HUAÿWEI TECHNOLOGIES
Oct 11 10:42:47 shrinivaasanka-Inspiron-1545 kernel: [ 4292.411420] usb 6-2: SerialNumber: ÿÿÿÿÿÿÿÿÿÿÿÿÿÿÿÿÿÿÿ
Oct 11 10:42:47 shrinivaasanka-Inspiron-1545 kernel: [ 4292.417502] usb-storage 6-2:1.0: USB Mass Storage device detected
Oct 11 10:42:47 shrinivaasanka-Inspiron-1545 kernel: [ 4292.417734] option 6-2:1.0: GSM modem (1-port) converter detected
Oct 11 10:42:47 shrinivaasanka-Inspiron-1545 kernel: [ 4292.417987] usb 6-2: GSM modem (1-port) converter now attached to ttyUSB0
Oct 11 10:42:47 shrinivaasanka-Inspiron-1545 kernel: [ 4292.420502] usb-storage 6-2:1.1: USB Mass Storage device detected
Oct 11 10:42:47 shrinivaasanka-Inspiron-1545 kernel: [ 4292.420727] option 6-2:1.1: GSM modem (1-port) converter detected
Oct 11 10:42:47 shrinivaasanka-Inspiron-1545 kernel: [ 4292.420973] usb 6-2: GSM modem (1-port) converter now attached to ttyUSB3
Oct 11 10:42:47 shrinivaasanka-Inspiron-1545 kernel: [ 4292.423385] usb-storage 6-2:1.2: USB Mass Storage device detected
Oct 11 10:42:47 shrinivaasanka-Inspiron-1545 kernel: [ 4292.423549] option 6-2:1.2: GSM modem (1-port) converter detected
Oct 11 10:42:47 shrinivaasanka-Inspiron-1545 kernel: [ 4292.423734] usb 6-2: GSM modem (1-port) converter now attached to ttyUSB4
Oct 11 10:42:47 shrinivaasanka-Inspiron-1545 kernel: [ 4292.423915] usb-storage 6-2:1.3: USB Mass Storage device detected
Oct 11 10:42:47 shrinivaasanka-Inspiron-1545 kernel: [ 4292.424352] scsi host21: usb-storage 6-2:1.3
Oct 11 10:42:48 shrinivaasanka-Inspiron-1545 kernel: [ 4293.428972] scsi 21:0:0:0: CD-ROM            HUAWEI   Mass Storage     2.31 PQ: 0 ANSI: 0
Oct 11 10:42:48 shrinivaasanka-Inspiron-1545 kernel: [ 4293.431846] scsi 21:0:0:1: Direct-Access     HUAWEI   SD Storage       2.31 PQ: 0 ANSI: 2
Oct 11 10:42:48 shrinivaasanka-Inspiron-1545 kernel: [ 4293.450843] sr 21:0:0:0: [sr1] scsi-1 drive
Oct 11 10:42:48 shrinivaasanka-Inspiron-1545 kernel: [ 4293.451182] sr 21:0:0:0: Attached scsi CD-ROM sr1
Oct 11 10:42:48 shrinivaasanka-Inspiron-1545 kernel: [ 4293.451400] sr 21:0:0:0: Attached scsi generic sg3 type 5
Oct 11 10:42:48 shrinivaasanka-Inspiron-1545 kernel: [ 4293.451921] sd 21:0:0:1: Attached scsi generic sg4 type 0
Oct 11 10:42:48 shrinivaasanka-Inspiron-1545 kernel: [ 4293.468996] sd 21:0:0:1: [sdc] Attached SCSI removable disk
Oct 11 10:43:51 shrinivaasanka-Inspiron-1545 kernel: [ 4356.598111] sd 21:0:0:1: [sdc] 3862528 512-byte logical blocks: (1.97 GB/1.84 GiB)
Oct 11 10:43:51 shrinivaasanka-Inspiron-1545 kernel: [ 4356.646307]  sdc: sdc1
Oct 11 10:44:45 shrinivaasanka-Inspiron-1545 kernel: [ 4410.600200] usb 6-2: USB disconnect, device number 5
Oct 11 10:44:45 shrinivaasanka-Inspiron-1545 kernel: [ 4410.600555] option1 ttyUSB0: GSM modem (1-port) converter now disconnected from ttyUSB0
Oct 11 10:44:45 shrinivaasanka-Inspiron-1545 kernel: [ 4410.600602] option 6-2:1.0: device disconnected
Oct 11 10:44:45 shrinivaasanka-Inspiron-1545 kernel: [ 4410.600821] option1 ttyUSB3: usb_wwan_indat_callback: resubmit read urb failed. (-19)
Oct 11 10:44:45 shrinivaasanka-Inspiron-1545 kernel: [ 4410.600839] option1 ttyUSB3: usb_wwan_indat_callback: resubmit read urb failed. (-19)
Oct 11 10:44:45 shrinivaasanka-Inspiron-1545 kernel: [ 4410.600853] option1 ttyUSB3: usb_wwan_indat_callback: resubmit read urb failed. (-19)
Oct 11 10:44:45 shrinivaasanka-Inspiron-1545 kernel: [ 4410.600867] option1 ttyUSB3: usb_wwan_indat_callback: resubmit read urb failed. (-19)
Oct 11 10:44:45 shrinivaasanka-Inspiron-1545 kernel: [ 4410.600888] option1 ttyUSB4: usb_wwan_indat_callback: resubmit read urb failed. (-19)
Oct 11 10:44:45 shrinivaasanka-Inspiron-1545 kernel: [ 4410.601818] option1 ttyUSB4: usb_wwan_indat_callback: resubmit read urb failed. (-19)
Oct 11 10:44:45 shrinivaasanka-Inspiron-1545 kernel: [ 4410.602425] option1 ttyUSB3: GSM modem (1-port) converter now disconnected from ttyUSB3
Oct 11 10:44:45 shrinivaasanka-Inspiron-1545 kernel: [ 4410.602454] option 6-2:1.1: device disconnected
Oct 11 10:44:45 shrinivaasanka-Inspiron-1545 kernel: [ 4410.602799] option1 ttyUSB4: usb_wwan_indat_callback: resubmit read urb failed. (-19)
Oct 11 10:44:45 shrinivaasanka-Inspiron-1545 kernel: [ 4410.602817] option1 ttyUSB4: usb_wwan_indat_callback: resubmit read urb failed. (-19)
Oct 11 10:44:45 shrinivaasanka-Inspiron-1545 kernel: [ 4410.604723] option1 ttyUSB4: GSM modem (1-port) converter now disconnected from ttyUSB4
Oct 11 10:44:45 shrinivaasanka-Inspiron-1545 kernel: [ 4410.604753] option 6-2:1.2: device disconnected
Oct 11 10:45:10 shrinivaasanka-Inspiron-1545 kernel: [ 4435.760101] usb 6-2: new full-speed USB device number 6 using uhci_hcd
Oct 11 10:45:10 shrinivaasanka-Inspiron-1545 kernel: [ 4435.922384] usb 6-2: New USB device found, idVendor=12d1, idProduct=1505
Oct 11 10:45:10 shrinivaasanka-Inspiron-1545 kernel: [ 4435.922392] usb 6-2: New USB device strings: Mfr=1, Product=2, SerialNumber=4
Oct 11 10:45:10 shrinivaasanka-Inspiron-1545 kernel: [ 4435.922397] usb 6-2: Product: HUAWEI Mobile
Oct 11 10:45:10 shrinivaasanka-Inspiron-1545 kernel: [ 4435.922401] usb 6-2: Manufacturer: HUAÿWEI TECHNOLOGIES
Oct 11 10:45:10 shrinivaasanka-Inspiron-1545 kernel: [ 4435.922405] usb 6-2: SerialNumber: ÿÿÿÿÿÿÿÿÿÿÿÿÿÿÿÿÿÿÿ
Oct 11 10:45:10 shrinivaasanka-Inspiron-1545 kernel: [ 4435.925537] usb-storage 6-2:1.0: USB Mass Storage device detected
Oct 11 10:45:10 shrinivaasanka-Inspiron-1545 kernel: [ 4435.925725] scsi host22: usb-storage 6-2:1.0
Oct 11 10:45:11 shrinivaasanka-Inspiron-1545 kernel: [ 4436.928957] scsi 22:0:0:0: CD-ROM            HUAWEI   Mass Storage     2.31 PQ: 0 ANSI: 0
Oct 11 10:45:11 shrinivaasanka-Inspiron-1545 kernel: [ 4436.947927] sr 22:0:0:0: [sr1] scsi-1 drive
Oct 11 10:45:11 shrinivaasanka-Inspiron-1545 kernel: [ 4436.948323] sr 22:0:0:0: Attached scsi CD-ROM sr1
Oct 11 10:45:11 shrinivaasanka-Inspiron-1545 kernel: [ 4436.948571] sr 22:0:0:0: Attached scsi generic sg3 type 5
Oct 11 10:45:13 shrinivaasanka-Inspiron-1545 kernel: [ 4438.468282] usb 6-2: USB disconnect, device number 6
Oct 11 10:45:16 shrinivaasanka-Inspiron-1545 kernel: [ 4441.888103] usb 6-2: new full-speed USB device number 7 using uhci_hcd
Oct 11 10:45:16 shrinivaasanka-Inspiron-1545 kernel: [ 4442.050416] usb 6-2: New USB device found, idVendor=12d1, idProduct=140b
Oct 11 10:45:16 shrinivaasanka-Inspiron-1545 kernel: [ 4442.050424] usb 6-2: New USB device strings: Mfr=1, Product=2, SerialNumber=4
Oct 11 10:45:16 shrinivaasanka-Inspiron-1545 kernel: [ 4442.050429] usb 6-2: Product: HUAWEI Mobile
Oct 11 10:45:16 shrinivaasanka-Inspiron-1545 kernel: [ 4442.050433] usb 6-2: Manufacturer: HUAÿWEI TECHNOLOGIES
Oct 11 10:45:16 shrinivaasanka-Inspiron-1545 kernel: [ 4442.050438] usb 6-2: SerialNumber: ÿÿÿÿÿÿÿÿÿÿÿÿÿÿÿÿÿÿÿ
Oct 11 10:45:16 shrinivaasanka-Inspiron-1545 kernel: [ 4442.056505] usb-storage 6-2:1.0: USB Mass Storage device detected
Oct 11 10:45:16 shrinivaasanka-Inspiron-1545 kernel: [ 4442.056722] option 6-2:1.0: GSM modem (1-port) converter detected
Oct 11 10:45:16 shrinivaasanka-Inspiron-1545 kernel: [ 4442.056969] usb 6-2: GSM modem (1-port) converter now attached to ttyUSB0
Oct 11 10:45:16 shrinivaasanka-Inspiron-1545 kernel: [ 4442.059509] usb-storage 6-2:1.1: USB Mass Storage device detected
Oct 11 10:45:16 shrinivaasanka-Inspiron-1545 kernel: [ 4442.059736] option 6-2:1.1: GSM modem (1-port) converter detected
Oct 11 10:45:16 shrinivaasanka-Inspiron-1545 kernel: [ 4442.059986] usb 6-2: GSM modem (1-port) converter now attached to ttyUSB5
Oct 11 10:45:16 shrinivaasanka-Inspiron-1545 kernel: [ 4442.062411] usb-storage 6-2:1.2: USB Mass Storage device detected
Oct 11 10:45:16 shrinivaasanka-Inspiron-1545 kernel: [ 4442.062665] option 6-2:1.2: GSM modem (1-port) converter detected
Oct 11 10:45:16 shrinivaasanka-Inspiron-1545 kernel: [ 4442.062875] usb 6-2: GSM modem (1-port) converter now attached to ttyUSB6
Oct 11 10:45:16 shrinivaasanka-Inspiron-1545 kernel: [ 4442.063058] usb-storage 6-2:1.3: USB Mass Storage device detected
Oct 11 10:45:16 shrinivaasanka-Inspiron-1545 kernel: [ 4442.063372] scsi host26: usb-storage 6-2:1.3
Oct 11 10:45:17 shrinivaasanka-Inspiron-1545 kernel: [ 4443.064994] scsi 26:0:0:0: CD-ROM            HUAWEI   Mass Storage     2.31 PQ: 0 ANSI: 0
Oct 11 10:45:17 shrinivaasanka-Inspiron-1545 kernel: [ 4443.067872] scsi 26:0:0:1: Direct-Access     HUAWEI   SD Storage       2.31 PQ: 0 ANSI: 2
Oct 11 10:45:17 shrinivaasanka-Inspiron-1545 kernel: [ 4443.086982] sr 26:0:0:0: [sr1] scsi-1 drive
Oct 11 10:45:17 shrinivaasanka-Inspiron-1545 kernel: [ 4443.087387] sr 26:0:0:0: Attached scsi CD-ROM sr1
Oct 11 10:45:17 shrinivaasanka-Inspiron-1545 kernel: [ 4443.087621] sr 26:0:0:0: Attached scsi generic sg3 type 5
Oct 11 10:45:17 shrinivaasanka-Inspiron-1545 kernel: [ 4443.088241] sd 26:0:0:1: Attached scsi generic sg4 type 0
Oct 11 10:45:17 shrinivaasanka-Inspiron-1545 kernel: [ 4443.107875] sd 26:0:0:1: [sdd] Attached SCSI removable disk
Oct 11 10:46:56 shrinivaasanka-Inspiron-1545 kernel: [ 4541.260472] sd 26:0:0:1: [sdd] 3862528 512-byte logical blocks: (1.97 GB/1.84 GiB)
Oct 11 10:46:56 shrinivaasanka-Inspiron-1545 kernel: [ 4541.325537]  sdd: sdd1
Oct 11 10:46:58 shrinivaasanka-Inspiron-1545 kernel: [ 4543.386477] option1 ttyUSB0: usb_wwan_indat_callback: resubmit read urb failed. (-2)
Oct 11 10:46:58 shrinivaasanka-Inspiron-1545 kernel: [ 4543.386498] option1 ttyUSB0: usb_wwan_indat_callback: resubmit read urb failed. (-2)
Oct 11 10:46:58 shrinivaasanka-Inspiron-1545 kernel: [ 4543.386513] option1 ttyUSB0: usb_wwan_indat_callback: resubmit read urb failed. (-2)
Oct 11 10:46:58 shrinivaasanka-Inspiron-1545 kernel: [ 4543.387686] option1 ttyUSB0: GSM modem (1-port) converter now disconnected from ttyUSB0
Oct 11 10:46:58 shrinivaasanka-Inspiron-1545 kernel: [ 4543.387715] option 6-2:1.0: device disconnected
Oct 11 10:46:58 shrinivaasanka-Inspiron-1545 kernel: [ 4543.387861] option1 ttyUSB5: GSM modem (1-port) converter now disconnected from ttyUSB5
Oct 11 10:46:58 shrinivaasanka-Inspiron-1545 kernel: [ 4543.387893] option 6-2:1.1: device disconnected
Oct 11 10:46:58 shrinivaasanka-Inspiron-1545 kernel: [ 4543.390503] option1 ttyUSB6: GSM modem (1-port) converter now disconnected from ttyUSB6
Oct 11 10:46:58 shrinivaasanka-Inspiron-1545 kernel: [ 4543.390544] option 6-2:1.2: device disconnected
Oct 11 10:46:58 shrinivaasanka-Inspiron-1545 kernel: [ 4543.444178] usb-storage 6-2:1.0: USB Mass Storage device detected
Oct 11 10:46:58 shrinivaasanka-Inspiron-1545 kernel: [ 4543.444219] usb 6-2: USB disconnect, device number 7
Oct 11 10:46:58 shrinivaasanka-Inspiron-1545 kernel: [ 4543.456858] option 6-2:1.0: GSM modem (1-port) converter detected
Oct 11 10:46:58 shrinivaasanka-Inspiron-1545 kernel: [ 4543.457085] usb 6-2: GSM modem (1-port) converter now attached to ttyUSB5
Oct 11 10:46:58 shrinivaasanka-Inspiron-1545 kernel: [ 4543.457127] usb-storage 6-2:1.1: USB Mass Storage device detected
Oct 11 10:46:58 shrinivaasanka-Inspiron-1545 kernel: [ 4543.464169] option 6-2:1.1: GSM modem (1-port) converter detected
Oct 11 10:46:58 shrinivaasanka-Inspiron-1545 kernel: [ 4543.464393] usb 6-2: GSM modem (1-port) converter now attached to ttyUSB6
Oct 11 10:46:58 shrinivaasanka-Inspiron-1545 kernel: [ 4543.464433] usb-storage 6-2:1.2: USB Mass Storage device detected
Oct 11 10:46:58 shrinivaasanka-Inspiron-1545 kernel: [ 4543.465184] option 6-2:1.2: GSM modem (1-port) converter detected
Oct 11 10:46:58 shrinivaasanka-Inspiron-1545 kernel: [ 4543.465519] usb 6-2: GSM modem (1-port) converter now attached to ttyUSB7
Oct 11 10:46:58 shrinivaasanka-Inspiron-1545 kernel: [ 4543.465815] option1 ttyUSB5: GSM modem (1-port) converter now disconnected from ttyUSB5
Oct 11 10:46:58 shrinivaasanka-Inspiron-1545 kernel: [ 4543.465848] option 6-2:1.0: device disconnected
Oct 11 10:46:58 shrinivaasanka-Inspiron-1545 kernel: [ 4543.466092] option1 ttyUSB6: GSM modem (1-port) converter now disconnected from ttyUSB6
Oct 11 10:46:58 shrinivaasanka-Inspiron-1545 kernel: [ 4543.466122] option 6-2:1.1: device disconnected
Oct 11 10:46:58 shrinivaasanka-Inspiron-1545 kernel: [ 4543.466359] option1 ttyUSB7: GSM modem (1-port) converter now disconnected from ttyUSB7
Oct 11 10:46:58 shrinivaasanka-Inspiron-1545 kernel: [ 4543.466407] option 6-2:1.2: device disconnected
Oct 11 10:46:58 shrinivaasanka-Inspiron-1545 kernel: [ 4543.472062] sd 26:0:0:1: [sdd] FAILED Result: hostbyte=DID_NO_CONNECT driverbyte=DRIVER_OK
Oct 11 10:46:58 shrinivaasanka-Inspiron-1545 kernel: [ 4543.472070] sd 26:0:0:1: [sdd] CDB: 
Oct 11 10:46:58 shrinivaasanka-Inspiron-1545 kernel: [ 4543.472073] Read(10): 28 00 00 00 08 00 00 00 08 00
Oct 11 10:46:58 shrinivaasanka-Inspiron-1545 kernel: [ 4543.472090] blk_update_request: I/O error, dev sdd, sector 2048
Oct 11 10:46:58 shrinivaasanka-Inspiron-1545 kernel: [ 4543.485246] Buffer I/O error on dev sdd, logical block 256, async page read
Oct 11 10:47:49 shrinivaasanka-Inspiron-1545 kernel: [ 4594.844165] usb 7-1: new full-speed USB device number 4 using uhci_hcd
Oct 11 10:47:49 shrinivaasanka-Inspiron-1545 kernel: [ 4594.998492] usb 7-1: New USB device found, idVendor=12d1, idProduct=1505
Oct 11 10:47:49 shrinivaasanka-Inspiron-1545 kernel: [ 4594.998500] usb 7-1: New USB device strings: Mfr=1, Product=2, SerialNumber=4
Oct 11 10:47:49 shrinivaasanka-Inspiron-1545 kernel: [ 4594.998505] usb 7-1: Product: HUAWEI Mobile
Oct 11 10:47:49 shrinivaasanka-Inspiron-1545 kernel: [ 4594.998509] usb 7-1: Manufacturer: HUAÿWEI TECHNOLOGIES
Oct 11 10:47:49 shrinivaasanka-Inspiron-1545 kernel: [ 4594.998514] usb 7-1: SerialNumber: ÿÿÿÿÿÿÿÿÿÿÿÿÿÿÿÿÿÿÿ
Oct 11 10:47:49 shrinivaasanka-Inspiron-1545 kernel: [ 4595.001541] usb-storage 7-1:1.0: USB Mass Storage device detected
Oct 11 10:47:49 shrinivaasanka-Inspiron-1545 kernel: [ 4595.005016] scsi host30: usb-storage 7-1:1.0
Oct 11 10:47:50 shrinivaasanka-Inspiron-1545 kernel: [ 4596.008923] scsi 30:0:0:0: CD-ROM            HUAWEI   Mass Storage     2.31 PQ: 0 ANSI: 0
Oct 11 10:47:50 shrinivaasanka-Inspiron-1545 kernel: [ 4596.027903] sr 30:0:0:0: [sr1] scsi-1 drive
Oct 11 10:47:50 shrinivaasanka-Inspiron-1545 kernel: [ 4596.031031] sr 30:0:0:0: Attached scsi CD-ROM sr1
Oct 11 10:47:50 shrinivaasanka-Inspiron-1545 kernel: [ 4596.031262] sr 30:0:0:0: Attached scsi generic sg3 type 5
Oct 11 10:47:55 shrinivaasanka-Inspiron-1545 kernel: [ 4600.676402] usb 7-1: USB disconnect, device number 4
Oct 11 10:47:58 shrinivaasanka-Inspiron-1545 kernel: [ 4604.052078] usb 7-1: new full-speed USB device number 5 using uhci_hcd
Oct 11 10:47:59 shrinivaasanka-Inspiron-1545 kernel: [ 4604.207476] usb 7-1: New USB device found, idVendor=12d1, idProduct=140b
Oct 11 10:47:59 shrinivaasanka-Inspiron-1545 kernel: [ 4604.207484] usb 7-1: New USB device strings: Mfr=1, Product=2, SerialNumber=4
Oct 11 10:47:59 shrinivaasanka-Inspiron-1545 kernel: [ 4604.207493] usb 7-1: Product: HUAWEI Mobile
Oct 11 10:47:59 shrinivaasanka-Inspiron-1545 kernel: [ 4604.207497] usb 7-1: Manufacturer: HUAÿWEI TECHNOLOGIES
Oct 11 10:47:59 shrinivaasanka-Inspiron-1545 kernel: [ 4604.207502] usb 7-1: SerialNumber: ÿÿÿÿÿÿÿÿÿÿÿÿÿÿÿÿÿÿÿ
Oct 11 10:47:59 shrinivaasanka-Inspiron-1545 kernel: [ 4604.213578] usb-storage 7-1:1.0: USB Mass Storage device detected
Oct 11 10:47:59 shrinivaasanka-Inspiron-1545 kernel: [ 4604.213804] option 7-1:1.0: GSM modem (1-port) converter detected
Oct 11 10:47:59 shrinivaasanka-Inspiron-1545 kernel: [ 4604.214081] usb 7-1: GSM modem (1-port) converter now attached to ttyUSB5
Oct 11 10:47:59 shrinivaasanka-Inspiron-1545 kernel: [ 4604.216498] usb-storage 7-1:1.1: USB Mass Storage device detected
Oct 11 10:47:59 shrinivaasanka-Inspiron-1545 kernel: [ 4604.216731] option 7-1:1.1: GSM modem (1-port) converter detected
Oct 11 10:47:59 shrinivaasanka-Inspiron-1545 kernel: [ 4604.217767] usb 7-1: GSM modem (1-port) converter now attached to ttyUSB6
Oct 11 10:47:59 shrinivaasanka-Inspiron-1545 kernel: [ 4604.219472] usb-storage 7-1:1.2: USB Mass Storage device detected
Oct 11 10:47:59 shrinivaasanka-Inspiron-1545 kernel: [ 4604.219651] option 7-1:1.2: GSM modem (1-port) converter detected
Oct 11 10:47:59 shrinivaasanka-Inspiron-1545 kernel: [ 4604.219867] usb 7-1: GSM modem (1-port) converter now attached to ttyUSB7
Oct 11 10:47:59 shrinivaasanka-Inspiron-1545 kernel: [ 4604.220107] usb-storage 7-1:1.3: USB Mass Storage device detected
Oct 11 10:47:59 shrinivaasanka-Inspiron-1545 kernel: [ 4604.222453] scsi host34: usb-storage 7-1:1.3
Oct 11 10:48:00 shrinivaasanka-Inspiron-1545 kernel: [ 4605.224965] scsi 34:0:0:0: CD-ROM            HUAWEI   Mass Storage     2.31 PQ: 0 ANSI: 0
Oct 11 10:48:00 shrinivaasanka-Inspiron-1545 kernel: [ 4605.227928] scsi 34:0:0:1: Direct-Access     HUAWEI   SD Storage       2.31 PQ: 0 ANSI: 2
Oct 11 10:48:00 shrinivaasanka-Inspiron-1545 kernel: [ 4605.246933] sr 34:0:0:0: [sr1] scsi-1 drive
Oct 11 10:48:00 shrinivaasanka-Inspiron-1545 kernel: [ 4605.247407] sr 34:0:0:0: Attached scsi CD-ROM sr1
Oct 11 10:48:00 shrinivaasanka-Inspiron-1545 kernel: [ 4605.247768] sr 34:0:0:0: Attached scsi generic sg3 type 5
Oct 11 10:48:00 shrinivaasanka-Inspiron-1545 kernel: [ 4605.248638] sd 34:0:0:1: Attached scsi generic sg4 type 0
Oct 11 10:48:00 shrinivaasanka-Inspiron-1545 kernel: [ 4605.265939] sd 34:0:0:1: [sdc] Attached SCSI removable disk
Oct 11 10:50:51 shrinivaasanka-Inspiron-1545 kernel: [ 4776.887896] option1 ttyUSB5: GSM modem (1-port) converter now disconnected from ttyUSB5
Oct 11 10:50:51 shrinivaasanka-Inspiron-1545 kernel: [ 4776.888797] option 7-1:1.0: device disconnected
Oct 11 10:50:51 shrinivaasanka-Inspiron-1545 kernel: [ 4777.097968] option1 ttyUSB6: usb_wwan_indat_callback: resubmit read urb failed. (-2)
Oct 11 10:50:51 shrinivaasanka-Inspiron-1545 kernel: [ 4777.097988] option1 ttyUSB6: usb_wwan_indat_callback: resubmit read urb failed. (-2)
Oct 11 10:50:51 shrinivaasanka-Inspiron-1545 kernel: [ 4777.098003] option1 ttyUSB6: usb_wwan_indat_callback: resubmit read urb failed. (-2)
Oct 11 10:50:51 shrinivaasanka-Inspiron-1545 kernel: [ 4777.099183] option1 ttyUSB6: GSM modem (1-port) converter now disconnected from ttyUSB6
Oct 11 10:50:51 shrinivaasanka-Inspiron-1545 kernel: [ 4777.099207] option 7-1:1.1: device disconnected
Oct 11 10:50:51 shrinivaasanka-Inspiron-1545 kernel: [ 4777.099966] option1 ttyUSB7: usb_wwan_indat_callback: resubmit read urb failed. (-2)
Oct 11 10:50:51 shrinivaasanka-Inspiron-1545 kernel: [ 4777.099986] option1 ttyUSB7: usb_wwan_indat_callback: resubmit read urb failed. (-2)
Oct 11 10:50:51 shrinivaasanka-Inspiron-1545 kernel: [ 4777.100001] option1 ttyUSB7: usb_wwan_indat_callback: resubmit read urb failed. (-2)
Oct 11 10:50:51 shrinivaasanka-Inspiron-1545 kernel: [ 4777.101246] option1 ttyUSB7: GSM modem (1-port) converter now disconnected from ttyUSB7
Oct 11 10:50:51 shrinivaasanka-Inspiron-1545 kernel: [ 4777.101272] option 7-1:1.2: device disconnected
Oct 11 10:50:52 shrinivaasanka-Inspiron-1545 kernel: [ 4777.156275] usb-storage 7-1:1.1: USB Mass Storage device detected
Oct 11 10:50:52 shrinivaasanka-Inspiron-1545 kernel: [ 4777.156321] usb 7-1: USB disconnect, device number 5
Oct 11 10:50:52 shrinivaasanka-Inspiron-1545 kernel: [ 4777.163308] option 7-1:1.1: GSM modem (1-port) converter detected
Oct 11 10:50:52 shrinivaasanka-Inspiron-1545 kernel: [ 4777.163515] usb 7-1: GSM modem (1-port) converter now attached to ttyUSB5
Oct 11 10:50:52 shrinivaasanka-Inspiron-1545 kernel: [ 4777.163555] usb-storage 7-1:1.2: USB Mass Storage device detected
Oct 11 10:50:52 shrinivaasanka-Inspiron-1545 kernel: [ 4777.163831] option 7-1:1.2: GSM modem (1-port) converter detected
Oct 11 10:50:52 shrinivaasanka-Inspiron-1545 kernel: [ 4777.163989] usb 7-1: GSM modem (1-port) converter now attached to ttyUSB8
Oct 11 10:50:52 shrinivaasanka-Inspiron-1545 kernel: [ 4777.165884] option1 ttyUSB5: GSM modem (1-port) converter now disconnected from ttyUSB5
Oct 11 10:50:52 shrinivaasanka-Inspiron-1545 kernel: [ 4777.165913] option 7-1:1.1: device disconnected
Oct 11 10:50:52 shrinivaasanka-Inspiron-1545 kernel: [ 4777.166540] option1 ttyUSB8: GSM modem (1-port) converter now disconnected from ttyUSB8
Oct 11 10:50:52 shrinivaasanka-Inspiron-1545 kernel: [ 4777.166566] option 7-1:1.2: device disconnected
Oct 11 10:50:52 shrinivaasanka-Inspiron-1545 kernel: [ 4777.167202] scsi 34:0:0:0: rejecting I/O to offline device
Oct 11 10:50:52 shrinivaasanka-Inspiron-1545 kernel: [ 4777.167209] scsi 34:0:0:0: killing request
Oct 11 10:50:55 shrinivaasanka-Inspiron-1545 kernel: [ 4780.452161] usb 7-1: new full-speed USB device number 6 using uhci_hcd
Oct 11 10:50:55 shrinivaasanka-Inspiron-1545 kernel: [ 4780.609477] usb 7-1: New USB device found, idVendor=12d1, idProduct=140b
Oct 11 10:50:55 shrinivaasanka-Inspiron-1545 kernel: [ 4780.609485] usb 7-1: New USB device strings: Mfr=1, Product=2, SerialNumber=4
Oct 11 10:50:55 shrinivaasanka-Inspiron-1545 kernel: [ 4780.609490] usb 7-1: Product: HUAWEI Mobile
Oct 11 10:50:55 shrinivaasanka-Inspiron-1545 kernel: [ 4780.609495] usb 7-1: Manufacturer: HUAÿWEI TECHNOLOGIES
Oct 11 10:50:55 shrinivaasanka-Inspiron-1545 kernel: [ 4780.609499] usb 7-1: SerialNumber: ÿÿÿÿÿÿÿÿÿÿÿÿÿÿÿÿÿÿÿ
Oct 11 10:50:55 shrinivaasanka-Inspiron-1545 kernel: [ 4780.614462] usb-storage 7-1:1.0: USB Mass Storage device detected
Oct 11 10:50:55 shrinivaasanka-Inspiron-1545 kernel: [ 4780.614660] option 7-1:1.0: GSM modem (1-port) converter detected
Oct 11 10:50:55 shrinivaasanka-Inspiron-1545 kernel: [ 4780.614870] usb 7-1: GSM modem (1-port) converter now attached to ttyUSB5
Oct 11 10:50:55 shrinivaasanka-Inspiron-1545 kernel: [ 4780.616388] usb-storage 7-1:1.1: USB Mass Storage device detected
Oct 11 10:50:55 shrinivaasanka-Inspiron-1545 kernel: [ 4780.616594] option 7-1:1.1: GSM modem (1-port) converter detected
Oct 11 10:50:55 shrinivaasanka-Inspiron-1545 kernel: [ 4780.616794] usb 7-1: GSM modem (1-port) converter now attached to ttyUSB8
Oct 11 10:50:55 shrinivaasanka-Inspiron-1545 kernel: [ 4780.618450] usb-storage 7-1:1.2: USB Mass Storage device detected
Oct 11 10:50:55 shrinivaasanka-Inspiron-1545 kernel: [ 4780.618577] option 7-1:1.2: GSM modem (1-port) converter detected
Oct 11 10:50:55 shrinivaasanka-Inspiron-1545 kernel: [ 4780.618735] usb 7-1: GSM modem (1-port) converter now attached to ttyUSB9
Oct 11 10:50:55 shrinivaasanka-Inspiron-1545 kernel: [ 4780.618908] usb-storage 7-1:1.3: USB Mass Storage device detected
Oct 11 10:50:55 shrinivaasanka-Inspiron-1545 kernel: [ 4780.619430] scsi host40: usb-storage 7-1:1.3
Oct 11 10:50:56 shrinivaasanka-Inspiron-1545 kernel: [ 4781.620920] scsi 40:0:0:0: CD-ROM            HUAWEI   Mass Storage     2.31 PQ: 0 ANSI: 0
Oct 11 10:50:56 shrinivaasanka-Inspiron-1545 kernel: [ 4781.623902] scsi 40:0:0:1: Direct-Access     HUAWEI   SD Storage       2.31 PQ: 0 ANSI: 2
Oct 11 10:50:56 shrinivaasanka-Inspiron-1545 kernel: [ 4781.646914] sr 40:0:0:0: [sr1] scsi-1 drive
Oct 11 10:50:56 shrinivaasanka-Inspiron-1545 kernel: [ 4781.647260] sr 40:0:0:0: Attached scsi CD-ROM sr1
Oct 11 10:50:56 shrinivaasanka-Inspiron-1545 kernel: [ 4781.647517] sr 40:0:0:0: Attached scsi generic sg3 type 5
Oct 11 10:50:56 shrinivaasanka-Inspiron-1545 kernel: [ 4781.648165] sd 40:0:0:1: Attached scsi generic sg4 type 0
Oct 11 10:50:56 shrinivaasanka-Inspiron-1545 kernel: [ 4781.664269] sd 40:0:0:1: [sdc] Attached SCSI removable disk
Oct 11 10:52:00 shrinivaasanka-Inspiron-1545 kernel: [ 4845.558579] sd 40:0:0:1: [sdc] 3862528 512-byte logical blocks: (1.97 GB/1.84 GiB)
Oct 11 10:52:00 shrinivaasanka-Inspiron-1545 kernel: [ 4845.605648]  sdc: sdc1
Oct 11 10:52:32 shrinivaasanka-Inspiron-1545 kernel: [ 4878.080282] usb 7-1: USB disconnect, device number 6
Oct 11 10:52:32 shrinivaasanka-Inspiron-1545 kernel: [ 4878.080621] option1 ttyUSB8: usb_wwan_indat_callback: resubmit read urb failed. (-19)
Oct 11 10:52:32 shrinivaasanka-Inspiron-1545 kernel: [ 4878.080640] option1 ttyUSB9: usb_wwan_indat_callback: resubmit read urb failed. (-19)
Oct 11 10:52:32 shrinivaasanka-Inspiron-1545 kernel: [ 4878.080703] option1 ttyUSB5: GSM modem (1-port) converter now disconnected from ttyUSB5
Oct 11 10:52:32 shrinivaasanka-Inspiron-1545 kernel: [ 4878.080734] option 7-1:1.0: device disconnected
Oct 11 10:52:32 shrinivaasanka-Inspiron-1545 kernel: [ 4878.081617] option1 ttyUSB8: usb_wwan_indat_callback: resubmit read urb failed. (-19)
Oct 11 10:52:32 shrinivaasanka-Inspiron-1545 kernel: [ 4878.081634] option1 ttyUSB8: usb_wwan_indat_callback: resubmit read urb failed. (-19)
Oct 11 10:52:32 shrinivaasanka-Inspiron-1545 kernel: [ 4878.081650] option1 ttyUSB8: usb_wwan_indat_callback: resubmit read urb failed. (-19)
Oct 11 10:52:32 shrinivaasanka-Inspiron-1545 kernel: [ 4878.081670] option1 ttyUSB9: usb_wwan_indat_callback: resubmit read urb failed. (-19)
Oct 11 10:52:32 shrinivaasanka-Inspiron-1545 kernel: [ 4878.082325] option1 ttyUSB8: GSM modem (1-port) converter now disconnected from ttyUSB8
Oct 11 10:52:32 shrinivaasanka-Inspiron-1545 kernel: [ 4878.082348] option 7-1:1.1: device disconnected
Oct 11 10:52:32 shrinivaasanka-Inspiron-1545 kernel: [ 4878.082625] option1 ttyUSB9: usb_wwan_indat_callback: resubmit read urb failed. (-19)
Oct 11 10:52:32 shrinivaasanka-Inspiron-1545 kernel: [ 4878.082644] option1 ttyUSB9: usb_wwan_indat_callback: resubmit read urb failed. (-19)
Oct 11 10:52:32 shrinivaasanka-Inspiron-1545 kernel: [ 4878.083793] option1 ttyUSB9: GSM modem (1-port) converter now disconnected from ttyUSB9
Oct 11 10:52:32 shrinivaasanka-Inspiron-1545 kernel: [ 4878.083816] option 7-1:1.2: device disconnected
Oct 11 10:58:38 shrinivaasanka-Inspiron-1545 kernel: [ 5243.308168] usb 6-2: new full-speed USB device number 8 using uhci_hcd
Oct 11 10:58:38 shrinivaasanka-Inspiron-1545 kernel: [ 5243.462475] usb 6-2: New USB device found, idVendor=12d1, idProduct=1505
Oct 11 10:58:38 shrinivaasanka-Inspiron-1545 kernel: [ 5243.462482] usb 6-2: New USB device strings: Mfr=1, Product=2, SerialNumber=4
Oct 11 10:58:38 shrinivaasanka-Inspiron-1545 kernel: [ 5243.462488] usb 6-2: Product: HUAWEI Mobile
Oct 11 10:58:38 shrinivaasanka-Inspiron-1545 kernel: [ 5243.462492] usb 6-2: Manufacturer: HUAÿWEI TECHNOLOGIES
Oct 11 10:58:38 shrinivaasanka-Inspiron-1545 kernel: [ 5243.462497] usb 6-2: SerialNumber: ÿÿÿÿÿÿÿÿÿÿÿÿÿÿÿÿÿÿÿ
Oct 11 10:58:38 shrinivaasanka-Inspiron-1545 kernel: [ 5243.465542] usb-storage 6-2:1.0: USB Mass Storage device detected
Oct 11 10:58:38 shrinivaasanka-Inspiron-1545 kernel: [ 5243.465788] scsi host41: usb-storage 6-2:1.0
Oct 11 10:58:39 shrinivaasanka-Inspiron-1545 kernel: [ 5244.468940] scsi 41:0:0:0: CD-ROM            HUAWEI   Mass Storage     2.31 PQ: 0 ANSI: 0
Oct 11 10:58:39 shrinivaasanka-Inspiron-1545 kernel: [ 5244.487929] sr 41:0:0:0: [sr1] scsi-1 drive
Oct 11 10:58:39 shrinivaasanka-Inspiron-1545 kernel: [ 5244.488766] sr 41:0:0:0: Attached scsi CD-ROM sr1
Oct 11 10:58:39 shrinivaasanka-Inspiron-1545 kernel: [ 5244.489136] sr 41:0:0:0: Attached scsi generic sg3 type 5
Oct 11 10:58:43 shrinivaasanka-Inspiron-1545 kernel: [ 5249.140364] usb 6-2: USB disconnect, device number 8
Oct 11 10:58:47 shrinivaasanka-Inspiron-1545 kernel: [ 5252.532171] usb 6-2: new full-speed USB device number 9 using uhci_hcd
Oct 11 10:58:47 shrinivaasanka-Inspiron-1545 kernel: [ 5252.691361] usb 6-2: New USB device found, idVendor=12d1, idProduct=140b
Oct 11 10:58:47 shrinivaasanka-Inspiron-1545 kernel: [ 5252.691369] usb 6-2: New USB device strings: Mfr=1, Product=2, SerialNumber=4
Oct 11 10:58:47 shrinivaasanka-Inspiron-1545 kernel: [ 5252.691374] usb 6-2: Product: HUAWEI Mobile
Oct 11 10:58:47 shrinivaasanka-Inspiron-1545 kernel: [ 5252.691379] usb 6-2: Manufacturer: HUAÿWEI TECHNOLOGIES
Oct 11 10:58:47 shrinivaasanka-Inspiron-1545 kernel: [ 5252.691383] usb 6-2: SerialNumber: ÿÿÿÿÿÿÿÿÿÿÿÿÿÿÿÿÿÿÿ
Oct 11 10:58:47 shrinivaasanka-Inspiron-1545 kernel: [ 5252.697448] usb-storage 6-2:1.0: USB Mass Storage device detected
Oct 11 10:58:47 shrinivaasanka-Inspiron-1545 kernel: [ 5252.697685] option 6-2:1.0: GSM modem (1-port) converter detected
Oct 11 10:58:47 shrinivaasanka-Inspiron-1545 kernel: [ 5252.697958] usb 6-2: GSM modem (1-port) converter now attached to ttyUSB5
Oct 11 10:58:47 shrinivaasanka-Inspiron-1545 kernel: [ 5252.700529] usb-storage 6-2:1.1: USB Mass Storage device detected
Oct 11 10:58:47 shrinivaasanka-Inspiron-1545 kernel: [ 5252.700764] option 6-2:1.1: GSM modem (1-port) converter detected
Oct 11 10:58:47 shrinivaasanka-Inspiron-1545 kernel: [ 5252.701005] usb 6-2: GSM modem (1-port) converter now attached to ttyUSB10
Oct 11 10:58:47 shrinivaasanka-Inspiron-1545 kernel: [ 5252.703449] usb-storage 6-2:1.2: USB Mass Storage device detected
Oct 11 10:58:47 shrinivaasanka-Inspiron-1545 kernel: [ 5252.703684] option 6-2:1.2: GSM modem (1-port) converter detected
Oct 11 10:58:47 shrinivaasanka-Inspiron-1545 kernel: [ 5252.703968] usb 6-2: GSM modem (1-port) converter now attached to ttyUSB11
Oct 11 10:58:47 shrinivaasanka-Inspiron-1545 kernel: [ 5252.704219] usb-storage 6-2:1.3: USB Mass Storage device detected
Oct 11 10:58:47 shrinivaasanka-Inspiron-1545 kernel: [ 5252.705339] scsi host45: usb-storage 6-2:1.3
Oct 11 10:58:48 shrinivaasanka-Inspiron-1545 kernel: [ 5253.708939] scsi 45:0:0:0: CD-ROM            HUAWEI   Mass Storage     2.31 PQ: 0 ANSI: 0
Oct 11 10:58:48 shrinivaasanka-Inspiron-1545 kernel: [ 5253.711810] scsi 45:0:0:1: Direct-Access     HUAWEI   SD Storage       2.31 PQ: 0 ANSI: 2
Oct 11 10:58:48 shrinivaasanka-Inspiron-1545 kernel: [ 5253.730921] sr 45:0:0:0: [sr1] scsi-1 drive
Oct 11 10:58:48 shrinivaasanka-Inspiron-1545 kernel: [ 5253.731292] sr 45:0:0:0: Attached scsi CD-ROM sr1
Oct 11 10:58:48 shrinivaasanka-Inspiron-1545 kernel: [ 5253.731574] sr 45:0:0:0: Attached scsi generic sg3 type 5
Oct 11 10:58:48 shrinivaasanka-Inspiron-1545 kernel: [ 5253.733698] sd 45:0:0:1: Attached scsi generic sg4 type 0
Oct 11 10:58:48 shrinivaasanka-Inspiron-1545 kernel: [ 5253.747809] sd 45:0:0:1: [sdc] Attached SCSI removable disk
Oct 11 11:01:40 shrinivaasanka-Inspiron-1545 kernel: [ 5425.271749] sd 45:0:0:1: [sdc] 3862528 512-byte logical blocks: (1.97 GB/1.84 GiB)
Oct 11 11:01:40 shrinivaasanka-Inspiron-1545 kernel: [ 5425.354845]  sdc: sdc1
Oct 11 11:01:44 shrinivaasanka-Inspiron-1545 kernel: [ 5429.179665] FAT-fs (sdc1): Volume was not properly unmounted. Some data may be corrupt. Please run fsck.
Oct 11 11:57:39 shrinivaasanka-Inspiron-1545 kernel: [ 8784.576226] usb 6-2: USB disconnect, device number 9
Oct 11 11:57:39 shrinivaasanka-Inspiron-1545 kernel: [ 8784.576598] option1 ttyUSB5: GSM modem (1-port) converter now disconnected from ttyUSB5
Oct 11 11:57:39 shrinivaasanka-Inspiron-1545 kernel: [ 8784.576639] option 6-2:1.0: device disconnected
Oct 11 11:57:39 shrinivaasanka-Inspiron-1545 kernel: [ 8784.576910] option1 ttyUSB10: usb_wwan_indat_callback: resubmit read urb failed. (-19)
Oct 11 11:57:39 shrinivaasanka-Inspiron-1545 kernel: [ 8784.576928] option1 ttyUSB10: usb_wwan_indat_callback: resubmit read urb failed. (-19)
Oct 11 11:57:39 shrinivaasanka-Inspiron-1545 kernel: [ 8784.576945] option1 ttyUSB10: usb_wwan_indat_callback: resubmit read urb failed. (-19)
Oct 11 11:57:39 shrinivaasanka-Inspiron-1545 kernel: [ 8784.576959] option1 ttyUSB10: usb_wwan_indat_callback: resubmit read urb failed. (-19)
Oct 11 11:57:39 shrinivaasanka-Inspiron-1545 kernel: [ 8784.576983] option1 ttyUSB11: usb_wwan_indat_callback: resubmit read urb failed. (-19)
Oct 11 11:57:39 shrinivaasanka-Inspiron-1545 kernel: [ 8784.577921] option1 ttyUSB11: usb_wwan_indat_callback: resubmit read urb failed. (-19)
Oct 11 11:57:39 shrinivaasanka-Inspiron-1545 kernel: [ 8784.578844] option1 ttyUSB10: GSM modem (1-port) converter now disconnected from ttyUSB10
Oct 11 11:57:39 shrinivaasanka-Inspiron-1545 kernel: [ 8784.578872] option 6-2:1.1: device disconnected
Oct 11 11:57:39 shrinivaasanka-Inspiron-1545 kernel: [ 8784.578894] option1 ttyUSB11: usb_wwan_indat_callback: resubmit read urb failed. (-19)
Oct 11 11:57:39 shrinivaasanka-Inspiron-1545 kernel: [ 8784.579897] option1 ttyUSB11: usb_wwan_indat_callback: resubmit read urb failed. (-19)
Oct 11 11:57:39 shrinivaasanka-Inspiron-1545 kernel: [ 8784.581138] option1 ttyUSB11: GSM modem (1-port) converter now disconnected from ttyUSB11
Oct 11 11:57:39 shrinivaasanka-Inspiron-1545 kernel: [ 8784.581168] option 6-2:1.2: device disconnected
Oct 11 11:57:55 shrinivaasanka-Inspiron-1545 kernel: [ 8800.304173] usb 6-2: new full-speed USB device number 10 using uhci_hcd
Oct 11 11:57:55 shrinivaasanka-Inspiron-1545 kernel: [ 8800.459469] usb 6-2: New USB device found, idVendor=12d1, idProduct=1505
Oct 11 11:57:55 shrinivaasanka-Inspiron-1545 kernel: [ 8800.459477] usb 6-2: New USB device strings: Mfr=1, Product=2, SerialNumber=4
Oct 11 11:57:55 shrinivaasanka-Inspiron-1545 kernel: [ 8800.459482] usb 6-2: Product: HUAWEI Mobile
Oct 11 11:57:55 shrinivaasanka-Inspiron-1545 kernel: [ 8800.459487] usb 6-2: Manufacturer: HUAÿWEI TECHNOLOGIES
Oct 11 11:57:55 shrinivaasanka-Inspiron-1545 kernel: [ 8800.459491] usb 6-2: SerialNumber: ÿÿÿÿÿÿÿÿÿÿÿÿÿÿÿÿÿÿÿ
Oct 11 11:57:55 shrinivaasanka-Inspiron-1545 kernel: [ 8800.462535] usb-storage 6-2:1.0: USB Mass Storage device detected
Oct 11 11:57:55 shrinivaasanka-Inspiron-1545 kernel: [ 8800.462707] scsi host46: usb-storage 6-2:1.0
Oct 11 11:57:56 shrinivaasanka-Inspiron-1545 kernel: [ 8801.464912] scsi 46:0:0:0: CD-ROM            HUAWEI   Mass Storage     2.31 PQ: 0 ANSI: 0
Oct 11 11:57:56 shrinivaasanka-Inspiron-1545 kernel: [ 8801.483888] sr 46:0:0:0: [sr1] scsi-1 drive
Oct 11 11:57:56 shrinivaasanka-Inspiron-1545 kernel: [ 8801.487749] sr 46:0:0:0: Attached scsi CD-ROM sr1
Oct 11 11:57:56 shrinivaasanka-Inspiron-1545 kernel: [ 8801.487989] sr 46:0:0:0: Attached scsi generic sg3 type 5
Oct 11 11:58:01 shrinivaasanka-Inspiron-1545 kernel: [ 8806.260378] usb 6-2: USB disconnect, device number 10
Oct 11 11:58:04 shrinivaasanka-Inspiron-1545 kernel: [ 8809.700176] usb 6-2: new full-speed USB device number 11 using uhci_hcd
Oct 11 11:58:04 shrinivaasanka-Inspiron-1545 kernel: [ 8809.861485] usb 6-2: New USB device found, idVendor=12d1, idProduct=140b
Oct 11 11:58:04 shrinivaasanka-Inspiron-1545 kernel: [ 8809.861493] usb 6-2: New USB device strings: Mfr=1, Product=2, SerialNumber=4
Oct 11 11:58:04 shrinivaasanka-Inspiron-1545 kernel: [ 8809.861498] usb 6-2: Product: HUAWEI Mobile
Oct 11 11:58:04 shrinivaasanka-Inspiron-1545 kernel: [ 8809.861502] usb 6-2: Manufacturer: HUAÿWEI TECHNOLOGIES
Oct 11 11:58:04 shrinivaasanka-Inspiron-1545 kernel: [ 8809.861507] usb 6-2: SerialNumber: ÿÿÿÿÿÿÿÿÿÿÿÿÿÿÿÿÿÿÿ
Oct 11 11:58:04 shrinivaasanka-Inspiron-1545 kernel: [ 8809.866459] usb-storage 6-2:1.0: USB Mass Storage device detected
Oct 11 11:58:04 shrinivaasanka-Inspiron-1545 kernel: [ 8809.866641] option 6-2:1.0: GSM modem (1-port) converter detected
Oct 11 11:58:04 shrinivaasanka-Inspiron-1545 kernel: [ 8809.866860] usb 6-2: GSM modem (1-port) converter now attached to ttyUSB5
Oct 11 11:58:04 shrinivaasanka-Inspiron-1545 kernel: [ 8809.868445] usb-storage 6-2:1.1: USB Mass Storage device detected
Oct 11 11:58:04 shrinivaasanka-Inspiron-1545 kernel: [ 8809.868586] option 6-2:1.1: GSM modem (1-port) converter detected
Oct 11 11:58:04 shrinivaasanka-Inspiron-1545 kernel: [ 8809.868782] usb 6-2: GSM modem (1-port) converter now attached to ttyUSB12
Oct 11 11:58:04 shrinivaasanka-Inspiron-1545 kernel: [ 8809.870430] usb-storage 6-2:1.2: USB Mass Storage device detected
Oct 11 11:58:04 shrinivaasanka-Inspiron-1545 kernel: [ 8809.870559] option 6-2:1.2: GSM modem (1-port) converter detected
Oct 11 11:58:04 shrinivaasanka-Inspiron-1545 kernel: [ 8809.870734] usb 6-2: GSM modem (1-port) converter now attached to ttyUSB13
Oct 11 11:58:04 shrinivaasanka-Inspiron-1545 kernel: [ 8809.870911] usb-storage 6-2:1.3: USB Mass Storage device detected
Oct 11 11:58:04 shrinivaasanka-Inspiron-1545 kernel: [ 8809.871422] scsi host50: usb-storage 6-2:1.3
Oct 11 11:58:05 shrinivaasanka-Inspiron-1545 kernel: [ 8810.873047] scsi 50:0:0:0: CD-ROM            HUAWEI   Mass Storage     2.31 PQ: 0 ANSI: 0
Oct 11 11:58:05 shrinivaasanka-Inspiron-1545 kernel: [ 8810.875944] scsi 50:0:0:1: Direct-Access     HUAWEI   SD Storage       2.31 PQ: 0 ANSI: 2
Oct 11 11:58:05 shrinivaasanka-Inspiron-1545 kernel: [ 8810.894934] sr 50:0:0:0: [sr1] scsi-1 drive
Oct 11 11:58:05 shrinivaasanka-Inspiron-1545 kernel: [ 8810.895290] sr 50:0:0:0: Attached scsi CD-ROM sr1
Oct 11 11:58:05 shrinivaasanka-Inspiron-1545 kernel: [ 8810.895511] sr 50:0:0:0: Attached scsi generic sg3 type 5
Oct 11 11:58:05 shrinivaasanka-Inspiron-1545 kernel: [ 8810.896049] sd 50:0:0:1: Attached scsi generic sg4 type 0
Oct 11 11:58:05 shrinivaasanka-Inspiron-1545 kernel: [ 8810.915931] sd 50:0:0:1: [sdc] Attached SCSI removable disk
Oct 11 11:59:06 shrinivaasanka-Inspiron-1545 kernel: [ 8871.376243] usb 6-2: USB disconnect, device number 11
Oct 11 11:59:06 shrinivaasanka-Inspiron-1545 kernel: [ 8871.376638] option1 ttyUSB5: GSM modem (1-port) converter now disconnected from ttyUSB5
Oct 11 11:59:06 shrinivaasanka-Inspiron-1545 kernel: [ 8871.376671] option 6-2:1.0: device disconnected
Oct 11 11:59:06 shrinivaasanka-Inspiron-1545 kernel: [ 8871.376952] option1 ttyUSB12: GSM modem (1-port) converter now disconnected from ttyUSB12
Oct 11 11:59:06 shrinivaasanka-Inspiron-1545 kernel: [ 8871.376978] option 6-2:1.1: device disconnected
Oct 11 11:59:06 shrinivaasanka-Inspiron-1545 kernel: [ 8871.377254] option1 ttyUSB13: GSM modem (1-port) converter now disconnected from ttyUSB13
Oct 11 11:59:06 shrinivaasanka-Inspiron-1545 kernel: [ 8871.377279] option 6-2:1.2: device disconnected
Oct 11 11:59:14 shrinivaasanka-Inspiron-1545 kernel: [ 8879.272165] usb 7-1: new full-speed USB device number 7 using uhci_hcd
Oct 11 11:59:14 shrinivaasanka-Inspiron-1545 kernel: [ 8879.426480] usb 7-1: New USB device found, idVendor=12d1, idProduct=1505
Oct 11 11:59:14 shrinivaasanka-Inspiron-1545 kernel: [ 8879.426488] usb 7-1: New USB device strings: Mfr=1, Product=2, SerialNumber=4
Oct 11 11:59:14 shrinivaasanka-Inspiron-1545 kernel: [ 8879.426493] usb 7-1: Product: HUAWEI Mobile
Oct 11 11:59:14 shrinivaasanka-Inspiron-1545 kernel: [ 8879.426497] usb 7-1: Manufacturer: HUAÿWEI TECHNOLOGIES
Oct 11 11:59:14 shrinivaasanka-Inspiron-1545 kernel: [ 8879.426502] usb 7-1: SerialNumber: ÿÿÿÿÿÿÿÿÿÿÿÿÿÿÿÿÿÿÿ
Oct 11 11:59:14 shrinivaasanka-Inspiron-1545 kernel: [ 8879.429517] usb-storage 7-1:1.0: USB Mass Storage device detected
Oct 11 11:59:14 shrinivaasanka-Inspiron-1545 kernel: [ 8879.429790] scsi host51: usb-storage 7-1:1.0
Oct 11 11:59:15 shrinivaasanka-Inspiron-1545 kernel: [ 8880.304147] usb 7-1: USB disconnect, device number 7
Oct 11 11:59:18 shrinivaasanka-Inspiron-1545 kernel: [ 8883.692163] usb 7-1: new full-speed USB device number 8 using uhci_hcd
Oct 11 11:59:18 shrinivaasanka-Inspiron-1545 kernel: [ 8883.847463] usb 7-1: New USB device found, idVendor=12d1, idProduct=140b
Oct 11 11:59:18 shrinivaasanka-Inspiron-1545 kernel: [ 8883.847472] usb 7-1: New USB device strings: Mfr=1, Product=2, SerialNumber=4
Oct 11 11:59:18 shrinivaasanka-Inspiron-1545 kernel: [ 8883.847477] usb 7-1: Product: HUAWEI Mobile
Oct 11 11:59:18 shrinivaasanka-Inspiron-1545 kernel: [ 8883.847481] usb 7-1: Manufacturer: HUAÿWEI TECHNOLOGIES
Oct 11 11:59:18 shrinivaasanka-Inspiron-1545 kernel: [ 8883.847486] usb 7-1: SerialNumber: ÿÿÿÿÿÿÿÿÿÿÿÿÿÿÿÿÿÿÿ
Oct 11 11:59:18 shrinivaasanka-Inspiron-1545 kernel: [ 8883.853569] usb-storage 7-1:1.0: USB Mass Storage device detected
Oct 11 11:59:18 shrinivaasanka-Inspiron-1545 kernel: [ 8883.853793] option 7-1:1.0: GSM modem (1-port) converter detected
Oct 11 11:59:18 shrinivaasanka-Inspiron-1545 kernel: [ 8883.854097] usb 7-1: GSM modem (1-port) converter now attached to ttyUSB5
Oct 11 11:59:18 shrinivaasanka-Inspiron-1545 kernel: [ 8883.856491] usb-storage 7-1:1.1: USB Mass Storage device detected
Oct 11 11:59:18 shrinivaasanka-Inspiron-1545 kernel: [ 8883.856712] option 7-1:1.1: GSM modem (1-port) converter detected
Oct 11 11:59:18 shrinivaasanka-Inspiron-1545 kernel: [ 8883.857758] usb 7-1: GSM modem (1-port) converter now attached to ttyUSB12
Oct 11 11:59:18 shrinivaasanka-Inspiron-1545 kernel: [ 8883.859564] usb-storage 7-1:1.2: USB Mass Storage device detected
Oct 11 11:59:18 shrinivaasanka-Inspiron-1545 kernel: [ 8883.859777] option 7-1:1.2: GSM modem (1-port) converter detected
Oct 11 11:59:18 shrinivaasanka-Inspiron-1545 kernel: [ 8883.860369] usb 7-1: GSM modem (1-port) converter now attached to ttyUSB13
Oct 11 11:59:18 shrinivaasanka-Inspiron-1545 kernel: [ 8883.860587] usb-storage 7-1:1.3: USB Mass Storage device detected
Oct 11 11:59:18 shrinivaasanka-Inspiron-1545 kernel: [ 8883.861399] scsi host55: usb-storage 7-1:1.3
Oct 11 11:59:19 shrinivaasanka-Inspiron-1545 kernel: [ 8884.864915] scsi 55:0:0:0: CD-ROM            HUAWEI   Mass Storage     2.31 PQ: 0 ANSI: 0
Oct 11 11:59:19 shrinivaasanka-Inspiron-1545 kernel: [ 8884.867900] scsi 55:0:0:1: Direct-Access     HUAWEI   SD Storage       2.31 PQ: 0 ANSI: 2
Oct 11 11:59:19 shrinivaasanka-Inspiron-1545 kernel: [ 8884.892914] sr 55:0:0:0: [sr1] scsi-1 drive
Oct 11 11:59:19 shrinivaasanka-Inspiron-1545 kernel: [ 8884.894100] sr 55:0:0:0: Attached scsi CD-ROM sr1
Oct 11 11:59:19 shrinivaasanka-Inspiron-1545 kernel: [ 8884.894307] sr 55:0:0:0: Attached scsi generic sg3 type 5
Oct 11 11:59:19 shrinivaasanka-Inspiron-1545 kernel: [ 8884.894770] sd 55:0:0:1: Attached scsi generic sg4 type 0
Oct 11 11:59:19 shrinivaasanka-Inspiron-1545 kernel: [ 8884.912069] sd 55:0:0:1: [sdc] Attached SCSI removable disk
Oct 11 12:00:32 shrinivaasanka-Inspiron-1545 kernel: [ 8957.928145] usb 3-1: USB disconnect, device number 2
Oct 11 12:00:32 shrinivaasanka-Inspiron-1545 kernel: [ 8957.928152] usb 3-1.1: USB disconnect, device number 3
Oct 11 12:00:32 shrinivaasanka-Inspiron-1545 kernel: [ 8957.988111] usb 3-1.2: USB disconnect, device number 4
Oct 11 12:00:32 shrinivaasanka-Inspiron-1545 kernel: [ 8957.989882] usb 3-1.3: USB disconnect, device number 5
Oct 11 12:00:34 shrinivaasanka-Inspiron-1545 kernel: [ 8959.896129] usb 3-1: new full-speed USB device number 6 using uhci_hcd
Oct 11 12:00:34 shrinivaasanka-Inspiron-1545 kernel: [ 8960.073399] usb 3-1: New USB device found, idVendor=0a5c, idProduct=4500
Oct 11 12:00:34 shrinivaasanka-Inspiron-1545 kernel: [ 8960.073407] usb 3-1: New USB device strings: Mfr=1, Product=2, SerialNumber=0
Oct 11 12:00:34 shrinivaasanka-Inspiron-1545 kernel: [ 8960.073412] usb 3-1: Product: BCM2046B1
Oct 11 12:00:34 shrinivaasanka-Inspiron-1545 kernel: [ 8960.073416] usb 3-1: Manufacturer: Broadcom
Oct 11 12:00:34 shrinivaasanka-Inspiron-1545 kernel: [ 8960.076530] hub 3-1:1.0: USB hub found
Oct 11 12:00:34 shrinivaasanka-Inspiron-1545 kernel: [ 8960.078403] hub 3-1:1.0: 3 ports detected
Oct 11 12:00:35 shrinivaasanka-Inspiron-1545 kernel: [ 8960.357634] usb 3-1.1: new full-speed USB device number 7 using uhci_hcd
Oct 11 12:00:35 shrinivaasanka-Inspiron-1545 kernel: [ 8960.476701] usb 3-1.1: New USB device found, idVendor=413c, idProduct=8161
Oct 11 12:00:35 shrinivaasanka-Inspiron-1545 kernel: [ 8960.476710] usb 3-1.1: New USB device strings: Mfr=0, Product=0, SerialNumber=0
Oct 11 12:00:35 shrinivaasanka-Inspiron-1545 kernel: [ 8960.484381] input: HID 413c:8161 as /devices/pci0000:00/0000:00:1a.0/usb3/3-1/3-1.1/3-1.1:1.0/0003:413C:8161.0003/input/input20
Oct 11 12:00:35 shrinivaasanka-Inspiron-1545 kernel: [ 8960.542575] hid-generic 0003:413C:8161.0003: input,hidraw0: USB HID v1.11 Keyboard [HID 413c:8161] on usb-0000:00:1a.0-1.1/input0
Oct 11 12:00:35 shrinivaasanka-Inspiron-1545 kernel: [ 8960.617744] usb 3-1.2: new full-speed USB device number 8 using uhci_hcd
Oct 11 12:00:35 shrinivaasanka-Inspiron-1545 kernel: [ 8960.739732] usb 3-1.2: New USB device found, idVendor=413c, idProduct=8162
Oct 11 12:00:35 shrinivaasanka-Inspiron-1545 kernel: [ 8960.739740] usb 3-1.2: New USB device strings: Mfr=0, Product=0, SerialNumber=0
Oct 11 12:00:35 shrinivaasanka-Inspiron-1545 kernel: [ 8960.749607] input: HID 413c:8162 as /devices/pci0000:00/0000:00:1a.0/usb3/3-1/3-1.2/3-1.2:1.0/0003:413C:8162.0004/input/input21
Oct 11 12:00:35 shrinivaasanka-Inspiron-1545 kernel: [ 8960.804588] hid-generic 0003:413C:8162.0004: input,hidraw1: USB HID v1.11 Mouse [HID 413c:8162] on usb-0000:00:1a.0-1.2/input0
Oct 11 12:00:36 shrinivaasanka-Inspiron-1545 kernel: [ 8961.362064] usb 3-1.3: new full-speed USB device number 9 using uhci_hcd
Oct 11 12:00:36 shrinivaasanka-Inspiron-1545 kernel: [ 8961.491186] usb 3-1.3: New USB device found, idVendor=413c, idProduct=8160
Oct 11 12:00:36 shrinivaasanka-Inspiron-1545 kernel: [ 8961.491194] usb 3-1.3: New USB device strings: Mfr=1, Product=2, SerialNumber=0
Oct 11 12:00:36 shrinivaasanka-Inspiron-1545 kernel: [ 8961.491200] usb 3-1.3: Product: Dell Wireless 365 Bluetooth Module
Oct 11 12:00:36 shrinivaasanka-Inspiron-1545 kernel: [ 8961.491204] usb 3-1.3: Manufacturer: Dell Computer Corp
Oct 11 12:05:57 shrinivaasanka-Inspiron-1545 kernel: [    0.000000] Initializing cgroup subsys cpuset
Oct 11 12:05:57 shrinivaasanka-Inspiron-1545 kernel: [    0.000000] Initializing cgroup subsys cpu
Oct 11 12:05:57 shrinivaasanka-Inspiron-1545 kernel: [    0.000000] Initializing cgroup subsys cpuacct
Oct 11 12:05:57 shrinivaasanka-Inspiron-1545 kernel: [    0.000000] Linux version 3.19.0-15-generic (buildd@tipua) (gcc version 4.9.2 (Ubuntu 4.9.2-10ubuntu13) ) #15-Ubuntu SMP Thu Apr 16 23:32:01 UTC 2015 (Ubuntu 3.19.0-15.15-generic 3.19.3)
Oct 11 12:05:57 shrinivaasanka-Inspiron-1545 kernel: [    0.000000] KERNEL supported cpus:
Oct 11 12:05:57 shrinivaasanka-Inspiron-1545 kernel: [    0.000000]   Intel GenuineIntel
Oct 11 12:05:57 shrinivaasanka-Inspiron-1545 kernel: [    0.000000]   AMD AuthenticAMD
Oct 11 12:05:57 shrinivaasanka-Inspiron-1545 kernel: [    0.000000]   NSC Geode by NSC
Oct 11 12:05:57 shrinivaasanka-Inspiron-1545 kernel: [    0.000000]   Cyrix CyrixInstead
Oct 11 12:05:57 shrinivaasanka-Inspiron-1545 kernel: [    0.000000]   Centaur CentaurHauls
Oct 11 12:05:57 shrinivaasanka-Inspiron-1545 kernel: [    0.000000]   Transmeta GenuineTMx86
Oct 11 12:05:57 shrinivaasanka-Inspiron-1545 kernel: [    0.000000]   Transmeta TransmetaCPU
Oct 11 12:05:57 shrinivaasanka-Inspiron-1545 kernel: [    0.000000]   UMC UMC UMC UMC
Oct 11 12:05:57 shrinivaasanka-Inspiron-1545 kernel: [    0.000000] e820: BIOS-provided physical RAM map:
Oct 11 12:05:57 shrinivaasanka-Inspiron-1545 kernel: [    0.000000] BIOS-e820: [mem 0x0000000000000000-0x000000000009efff] usable
Oct 11 12:05:57 shrinivaasanka-Inspiron-1545 kernel: [    0.000000] BIOS-e820: [mem 0x000000000009f000-0x000000000009ffff] reserved
Oct 11 12:05:57 shrinivaasanka-Inspiron-1545 kernel: [    0.000000] BIOS-e820: [mem 0x0000000000100000-0x00000000bd8bf3ff] usable
Oct 11 12:05:57 shrinivaasanka-Inspiron-1545 kernel: [    0.000000] BIOS-e820: [mem 0x00000000bd8bf400-0x00000000bdac13ff] ACPI NVS
Oct 11 12:05:57 shrinivaasanka-Inspiron-1545 kernel: [    0.000000] BIOS-e820: [mem 0x00000000bdac1400-0x00000000bfffffff] reserved
Oct 11 12:05:57 shrinivaasanka-Inspiron-1545 kernel: [    0.000000] BIOS-e820: [mem 0x00000000f8000000-0x00000000fbffffff] reserved
Oct 11 12:05:57 shrinivaasanka-Inspiron-1545 kernel: [    0.000000] BIOS-e820: [mem 0x00000000fec00000-0x00000000fec0ffff] reserved
Oct 11 12:05:57 shrinivaasanka-Inspiron-1545 kernel: [    0.000000] BIOS-e820: [mem 0x00000000fed18000-0x00000000fed1bfff] reserved
Oct 11 12:05:57 shrinivaasanka-Inspiron-1545 kernel: [    0.000000] BIOS-e820: [mem 0x00000000fed20000-0x00000000fed8ffff] reserved
Oct 11 12:05:57 shrinivaasanka-Inspiron-1545 kernel: [    0.000000] BIOS-e820: [mem 0x00000000feda0000-0x00000000feda5fff] reserved
Oct 11 12:05:57 shrinivaasanka-Inspiron-1545 kernel: [    0.000000] BIOS-e820: [mem 0x00000000fee00000-0x00000000fee0ffff] reserved
Oct 11 12:05:57 shrinivaasanka-Inspiron-1545 kernel: [    0.000000] BIOS-e820: [mem 0x00000000ffe00000-0x00000000ffffffff] reserved
Oct 11 12:05:57 shrinivaasanka-Inspiron-1545 kernel: [    0.000000] NX (Execute Disable) protection: active
Oct 11 12:05:57 shrinivaasanka-Inspiron-1545 kernel: [    0.000000] SMBIOS 2.4 present.
Oct 11 12:05:57 shrinivaasanka-Inspiron-1545 kernel: [    0.000000] DMI: Dell Inc. Inspiron 1545                   /0J037P, BIOS A14 12/07/2009
Oct 11 12:05:57 shrinivaasanka-Inspiron-1545 kernel: [    0.000000] e820: update [mem 0x00000000-0x00000fff] usable ==> reserved
Oct 11 12:05:57 shrinivaasanka-Inspiron-1545 kernel: [    0.000000] e820: remove [mem 0x000a0000-0x000fffff] usable
Oct 11 12:05:57 shrinivaasanka-Inspiron-1545 kernel: [    0.000000] e820: last_pfn = 0xbd8bf max_arch_pfn = 0x1000000
Oct 11 12:05:57 shrinivaasanka-Inspiron-1545 kernel: [    0.000000] MTRR default type: uncachable
Oct 11 12:05:57 shrinivaasanka-Inspiron-1545 kernel: [    0.000000] MTRR fixed ranges enabled:
Oct 11 12:05:57 shrinivaasanka-Inspiron-1545 kernel: [    0.000000]   00000-9FFFF write-back
Oct 11 12:05:57 shrinivaasanka-Inspiron-1545 kernel: [    0.000000]   A0000-BFFFF uncachable
Oct 11 12:05:57 shrinivaasanka-Inspiron-1545 kernel: [    0.000000]   C0000-CFFFF write-protect
Oct 11 12:05:57 shrinivaasanka-Inspiron-1545 kernel: [    0.000000]   D0000-EFFFF uncachable
Oct 11 12:05:57 shrinivaasanka-Inspiron-1545 kernel: [    0.000000]   F0000-FFFFF write-protect
Oct 11 12:05:57 shrinivaasanka-Inspiron-1545 kernel: [    0.000000] MTRR variable ranges enabled:
Oct 11 12:05:57 shrinivaasanka-Inspiron-1545 kernel: [    0.000000]   0 base 000000000 mask 800000000 write-back
Oct 11 12:05:57 shrinivaasanka-Inspiron-1545 kernel: [    0.000000]   1 base 0E0000000 mask FE0000000 uncachable
Oct 11 12:05:57 shrinivaasanka-Inspiron-1545 kernel: [    0.000000]   2 base 0BDC00000 mask FFFC00000 uncachable
Oct 11 12:05:57 shrinivaasanka-Inspiron-1545 kernel: [    0.000000]   3 base 0BE000000 mask FFE000000 uncachable
Oct 11 12:05:57 shrinivaasanka-Inspiron-1545 kernel: [    0.000000]   4 disabled
Oct 11 12:05:57 shrinivaasanka-Inspiron-1545 kernel: [    0.000000]   5 disabled
Oct 11 12:05:57 shrinivaasanka-Inspiron-1545 kernel: [    0.000000]   6 disabled
Oct 11 12:05:57 shrinivaasanka-Inspiron-1545 kernel: [    0.000000] PAT configuration [0-7]: WB  WC  UC- UC  WB  WC  UC- UC  
Oct 11 12:05:57 shrinivaasanka-Inspiron-1545 kernel: [    0.000000] original variable MTRRs
Oct 11 12:05:57 shrinivaasanka-Inspiron-1545 kernel: [    0.000000] reg 0, base: 0GB, range: 32GB, type WB
Oct 11 12:05:57 shrinivaasanka-Inspiron-1545 kernel: [    0.000000] reg 1, base: 3584MB, range: 512MB, type UC
Oct 11 12:05:57 shrinivaasanka-Inspiron-1545 kernel: [    0.000000] reg 2, base: 3036MB, range: 4MB, type UC
Oct 11 12:05:57 shrinivaasanka-Inspiron-1545 kernel: [    0.000000] reg 3, base: 3040MB, range: 32MB, type UC
Oct 11 12:05:57 shrinivaasanka-Inspiron-1545 kernel: [    0.000000] total RAM covered: 32220M
Oct 11 12:05:57 shrinivaasanka-Inspiron-1545 kernel: [    0.000000]  gran_size: 64K 	chunk_size: 64K 	num_reg: 7  	lose cover RAM: 29188M
Oct 11 12:05:57 shrinivaasanka-Inspiron-1545 kernel: [    0.000000]  gran_size: 64K 	chunk_size: 128K 	num_reg: 7  	lose cover RAM: 29188M
Oct 11 12:05:57 shrinivaasanka-Inspiron-1545 kernel: [    0.000000]  gran_size: 64K 	chunk_size: 256K 	num_reg: 7  	lose cover RAM: 29188M
Oct 11 12:05:57 shrinivaasanka-Inspiron-1545 kernel: [    0.000000]  gran_size: 64K 	chunk_size: 512K 	num_reg: 7  	lose cover RAM: 29188M
Oct 11 12:05:57 shrinivaasanka-Inspiron-1545 kernel: [    0.000000]  gran_size: 64K 	chunk_size: 1M 	num_reg: 7  	lose cover RAM: 29188M
Oct 11 12:05:57 shrinivaasanka-Inspiron-1545 kernel: [    0.000000]  gran_size: 64K 	chunk_size: 2M 	num_reg: 7  	lose cover RAM: 29188M
Oct 11 12:05:57 shrinivaasanka-Inspiron-1545 kernel: [    0.000000]  gran_size: 64K 	chunk_size: 4M 	num_reg: 7  	lose cover RAM: 29188M
Oct 11 12:05:57 shrinivaasanka-Inspiron-1545 kernel: [    0.000000]  gran_size: 64K 	chunk_size: 8M 	num_reg: 7  	lose cover RAM: 29184M
Oct 11 12:05:57 shrinivaasanka-Inspiron-1545 kernel: [    0.000000]  gran_size: 64K 	chunk_size: 16M 	num_reg: 7  	lose cover RAM: 29184M
Oct 11 12:05:57 shrinivaasanka-Inspiron-1545 kernel: [    0.000000]  gran_size: 64K 	chunk_size: 32M 	num_reg: 7  	lose cover RAM: 29184M
Oct 11 12:05:57 shrinivaasanka-Inspiron-1545 kernel: [    0.000000]  gran_size: 64K 	chunk_size: 64M 	num_reg: 7  	lose cover RAM: 16G
Oct 11 12:05:57 shrinivaasanka-Inspiron-1545 kernel: [    0.000000]  gran_size: 64K 	chunk_size: 128M 	num_reg: 7  	lose cover RAM: 16G
Oct 11 12:05:57 shrinivaasanka-Inspiron-1545 kernel: [    0.000000]  gran_size: 64K 	chunk_size: 256M 	num_reg: 7  	lose cover RAM: 16G
Oct 11 12:05:57 shrinivaasanka-Inspiron-1545 kernel: [    0.000000]  gran_size: 64K 	chunk_size: 512M 	num_reg: 7  	lose cover RAM: 16G
Oct 11 12:05:57 shrinivaasanka-Inspiron-1545 kernel: [    0.000000]  gran_size: 64K 	chunk_size: 1G 	num_reg: 7  	lose cover RAM: 16G
Oct 11 12:05:57 shrinivaasanka-Inspiron-1545 kernel: [    0.000000]  gran_size: 64K 	chunk_size: 2G 	num_reg: 7  	lose cover RAM: 29188M
Oct 11 12:05:57 shrinivaasanka-Inspiron-1545 kernel: [    0.000000]  gran_size: 128K 	chunk_size: 128K 	num_reg: 7  	lose cover RAM: 29188M
Oct 11 12:05:57 shrinivaasanka-Inspiron-1545 kernel: [    0.000000]  gran_size: 128K 	chunk_size: 256K 	num_reg: 7  	lose cover RAM: 29188M
Oct 11 12:05:57 shrinivaasanka-Inspiron-1545 kernel: [    0.000000]  gran_size: 128K 	chunk_size: 512K 	num_reg: 7  	lose cover RAM: 29188M
Oct 11 12:05:57 shrinivaasanka-Inspiron-1545 kernel: [    0.000000]  gran_size: 128K 	chunk_size: 1M 	num_reg: 7  	lose cover RAM: 29188M
Oct 11 12:05:57 shrinivaasanka-Inspiron-1545 kernel: [    0.000000]  gran_size: 128K 	chunk_size: 2M 	num_reg: 7  	lose cover RAM: 29188M
Oct 11 12:05:57 shrinivaasanka-Inspiron-1545 kernel: [    0.000000]  gran_size: 128K 	chunk_size: 4M 	num_reg: 7  	lose cover RAM: 29188M
Oct 11 12:05:57 shrinivaasanka-Inspiron-1545 kernel: [    0.000000]  gran_size: 128K 	chunk_size: 8M 	num_reg: 7  	lose cover RAM: 29184M
Oct 11 12:05:57 shrinivaasanka-Inspiron-1545 kernel: [    0.000000]  gran_size: 128K 	chunk_size: 16M 	num_reg: 7  	lose cover RAM: 29184M
Oct 11 12:05:57 shrinivaasanka-Inspiron-1545 kernel: [    0.000000]  gran_size: 128K 	chunk_size: 32M 	num_reg: 7  	lose cover RAM: 29184M
Oct 11 12:05:57 shrinivaasanka-Inspiron-1545 kernel: [    0.000000]  gran_size: 128K 	chunk_size: 64M 	num_reg: 7  	lose cover RAM: 16G
Oct 11 12:05:57 shrinivaasanka-Inspiron-1545 kernel: [    0.000000]  gran_size: 128K 	chunk_size: 128M 	num_reg: 7  	lose cover RAM: 16G
Oct 11 12:05:57 shrinivaasanka-Inspiron-1545 kernel: [    0.000000]  gran_size: 128K 	chunk_size: 256M 	num_reg: 7  	lose cover RAM: 16G
Oct 11 12:05:57 shrinivaasanka-Inspiron-1545 kernel: [    0.000000]  gran_size: 128K 	chunk_size: 512M 	num_reg: 7  	lose cover RAM: 16G
Oct 11 12:05:57 shrinivaasanka-Inspiron-1545 kernel: [    0.000000]  gran_size: 128K 	chunk_size: 1G 	num_reg: 7  	lose cover RAM: 16G
Oct 11 12:05:57 shrinivaasanka-Inspiron-1545 kernel: [    0.000000]  gran_size: 128K 	chunk_size: 2G 	num_reg: 7  	lose cover RAM: 29188M
Oct 11 12:05:57 shrinivaasanka-Inspiron-1545 kernel: [    0.000000]  gran_size: 256K 	chunk_size: 256K 	num_reg: 7  	lose cover RAM: 29188M
Oct 11 12:05:57 shrinivaasanka-Inspiron-1545 kernel: [    0.000000]  gran_size: 256K 	chunk_size: 512K 	num_reg: 7  	lose cover RAM: 29188M
Oct 11 12:05:57 shrinivaasanka-Inspiron-1545 kernel: [    0.000000]  gran_size: 256K 	chunk_size: 1M 	num_reg: 7  	lose cover RAM: 29188M
Oct 11 12:05:57 shrinivaasanka-Inspiron-1545 kernel: [    0.000000]  gran_size: 256K 	chunk_size: 2M 	num_reg: 7  	lose cover RAM: 29188M
Oct 11 12:05:57 shrinivaasanka-Inspiron-1545 kernel: [    0.000000]  gran_size: 256K 	chunk_size: 4M 	num_reg: 7  	lose cover RAM: 29188M
Oct 11 12:05:57 shrinivaasanka-Inspiron-1545 kernel: [    0.000000]  gran_size: 256K 	chunk_size: 8M 	num_reg: 7  	lose cover RAM: 29184M
Oct 11 12:05:57 shrinivaasanka-Inspiron-1545 kernel: [    0.000000]  gran_size: 256K 	chunk_size: 16M 	num_reg: 7  	lose cover RAM: 29184M
Oct 11 12:05:57 shrinivaasanka-Inspiron-1545 kernel: [    0.000000]  gran_size: 256K 	chunk_size: 32M 	num_reg: 7  	lose cover RAM: 29184M
Oct 11 12:05:57 shrinivaasanka-Inspiron-1545 kernel: [    0.000000]  gran_size: 256K 	chunk_size: 64M 	num_reg: 7  	lose cover RAM: 16G
Oct 11 12:05:57 shrinivaasanka-Inspiron-1545 kernel: [    0.000000]  gran_size: 256K 	chunk_size: 128M 	num_reg: 7  	lose cover RAM: 16G
Oct 11 12:05:57 shrinivaasanka-Inspiron-1545 kernel: [    0.000000]  gran_size: 256K 	chunk_size: 256M 	num_reg: 7  	lose cover RAM: 16G
Oct 11 12:05:57 shrinivaasanka-Inspiron-1545 kernel: [    0.000000]  gran_size: 256K 	chunk_size: 512M 	num_reg: 7  	lose cover RAM: 16G
Oct 11 12:05:57 shrinivaasanka-Inspiron-1545 kernel: [    0.000000]  gran_size: 256K 	chunk_size: 1G 	num_reg: 7  	lose cover RAM: 16G
Oct 11 12:05:57 shrinivaasanka-Inspiron-1545 kernel: [    0.000000]  gran_size: 256K 	chunk_size: 2G 	num_reg: 7  	lose cover RAM: 29188M
Oct 11 12:05:57 shrinivaasanka-Inspiron-1545 kernel: [    0.000000]  gran_size: 512K 	chunk_size: 512K 	num_reg: 7  	lose cover RAM: 29188M
Oct 11 12:05:57 shrinivaasanka-Inspiron-1545 kernel: [    0.000000]  gran_size: 512K 	chunk_size: 1M 	num_reg: 7  	lose cover RAM: 29188M
Oct 11 12:05:57 shrinivaasanka-Inspiron-1545 kernel: [    0.000000]  gran_size: 512K 	chunk_size: 2M 	num_reg: 7  	lose cover RAM: 29188M
Oct 11 12:05:57 shrinivaasanka-Inspiron-1545 kernel: [    0.000000]  gran_size: 512K 	chunk_size: 4M 	num_reg: 7  	lose cover RAM: 29188M
Oct 11 12:05:57 shrinivaasanka-Inspiron-1545 kernel: [    0.000000]  gran_size: 512K 	chunk_size: 8M 	num_reg: 7  	lose cover RAM: 29184M
Oct 11 12:05:57 shrinivaasanka-Inspiron-1545 kernel: [    0.000000]  gran_size: 512K 	chunk_size: 16M 	num_reg: 7  	lose cover RAM: 29184M
Oct 11 12:05:57 shrinivaasanka-Inspiron-1545 kernel: [    0.000000]  gran_size: 512K 	chunk_size: 32M 	num_reg: 7  	lose cover RAM: 29184M
Oct 11 12:05:57 shrinivaasanka-Inspiron-1545 kernel: [    0.000000]  gran_size: 512K 	chunk_size: 64M 	num_reg: 7  	lose cover RAM: 16G
Oct 11 12:05:57 shrinivaasanka-Inspiron-1545 kernel: [    0.000000]  gran_size: 512K 	chunk_size: 128M 	num_reg: 7  	lose cover RAM: 16G
Oct 11 12:05:57 shrinivaasanka-Inspiron-1545 kernel: [    0.000000]  gran_size: 512K 	chunk_size: 256M 	num_reg: 7  	lose cover RAM: 16G
Oct 11 12:05:57 shrinivaasanka-Inspiron-1545 kernel: [    0.000000]  gran_size: 512K 	chunk_size: 512M 	num_reg: 7  	lose cover RAM: 16G
Oct 11 12:05:57 shrinivaasanka-Inspiron-1545 kernel: [    0.000000]  gran_size: 512K 	chunk_size: 1G 	num_reg: 7  	lose cover RAM: 16G
Oct 11 12:05:57 shrinivaasanka-Inspiron-1545 kernel: [    0.000000]  gran_size: 512K 	chunk_size: 2G 	num_reg: 7  	lose cover RAM: 29188M
Oct 11 12:05:57 shrinivaasanka-Inspiron-1545 kernel: [    0.000000]  gran_size: 1M 	chunk_size: 1M 	num_reg: 7  	lose cover RAM: 29188M
Oct 11 12:05:57 shrinivaasanka-Inspiron-1545 kernel: [    0.000000]  gran_size: 1M 	chunk_size: 2M 	num_reg: 7  	lose cover RAM: 29188M
Oct 11 12:05:57 shrinivaasanka-Inspiron-1545 kernel: [    0.000000]  gran_size: 1M 	chunk_size: 4M 	num_reg: 7  	lose cover RAM: 29188M
Oct 11 12:05:57 shrinivaasanka-Inspiron-1545 kernel: [    0.000000]  gran_size: 1M 	chunk_size: 8M 	num_reg: 7  	lose cover RAM: 29184M
Oct 11 12:05:57 shrinivaasanka-Inspiron-1545 kernel: [    0.000000]  gran_size: 1M 	chunk_size: 16M 	num_reg: 7  	lose cover RAM: 29184M
Oct 11 12:05:57 shrinivaasanka-Inspiron-1545 kernel: [    0.000000]  gran_size: 1M 	chunk_size: 32M 	num_reg: 7  	lose cover RAM: 29184M
Oct 11 12:05:57 shrinivaasanka-Inspiron-1545 kernel: [    0.000000]  gran_size: 1M 	chunk_size: 64M 	num_reg: 7  	lose cover RAM: 16G
Oct 11 12:05:57 shrinivaasanka-Inspiron-1545 kernel: [    0.000000]  gran_size: 1M 	chunk_size: 128M 	num_reg: 7  	lose cover RAM: 16G
Oct 11 12:05:57 shrinivaasanka-Inspiron-1545 kernel: [    0.000000]  gran_size: 1M 	chunk_size: 256M 	num_reg: 7  	lose cover RAM: 16G
Oct 11 12:05:57 shrinivaasanka-Inspiron-1545 kernel: [    0.000000]  gran_size: 1M 	chunk_size: 512M 	num_reg: 7  	lose cover RAM: 16G
Oct 11 12:05:57 shrinivaasanka-Inspiron-1545 kernel: [    0.000000]  gran_size: 1M 	chunk_size: 1G 	num_reg: 7  	lose cover RAM: 16G
Oct 11 12:05:57 shrinivaasanka-Inspiron-1545 kernel: [    0.000000]  gran_size: 1M 	chunk_size: 2G 	num_reg: 7  	lose cover RAM: 29188M
Oct 11 12:05:57 shrinivaasanka-Inspiron-1545 kernel: [    0.000000]  gran_size: 2M 	chunk_size: 2M 	num_reg: 7  	lose cover RAM: 29188M
Oct 11 12:05:57 shrinivaasanka-Inspiron-1545 kernel: [    0.000000]  gran_size: 2M 	chunk_size: 4M 	num_reg: 7  	lose cover RAM: 29188M
Oct 11 12:05:57 shrinivaasanka-Inspiron-1545 kernel: [    0.000000]  gran_size: 2M 	chunk_size: 8M 	num_reg: 7  	lose cover RAM: 29184M
Oct 11 12:05:57 shrinivaasanka-Inspiron-1545 kernel: [    0.000000]  gran_size: 2M 	chunk_size: 16M 	num_reg: 7  	lose cover RAM: 29184M
Oct 11 12:05:57 shrinivaasanka-Inspiron-1545 kernel: [    0.000000]  gran_size: 2M 	chunk_size: 32M 	num_reg: 7  	lose cover RAM: 29184M
Oct 11 12:05:57 shrinivaasanka-Inspiron-1545 kernel: [    0.000000]  gran_size: 2M 	chunk_size: 64M 	num_reg: 7  	lose cover RAM: 16G
Oct 11 12:05:57 shrinivaasanka-Inspiron-1545 kernel: [    0.000000]  gran_size: 2M 	chunk_size: 128M 	num_reg: 7  	lose cover RAM: 16G
Oct 11 12:05:57 shrinivaasanka-Inspiron-1545 kernel: [    0.000000]  gran_size: 2M 	chunk_size: 256M 	num_reg: 7  	lose cover RAM: 16G
Oct 11 12:05:57 shrinivaasanka-Inspiron-1545 kernel: [    0.000000]  gran_size: 2M 	chunk_size: 512M 	num_reg: 7  	lose cover RAM: 16G
Oct 11 12:05:57 shrinivaasanka-Inspiron-1545 kernel: [    0.000000]  gran_size: 2M 	chunk_size: 1G 	num_reg: 7  	lose cover RAM: 16G
Oct 11 12:05:57 shrinivaasanka-Inspiron-1545 kernel: [    0.000000]  gran_size: 2M 	chunk_size: 2G 	num_reg: 7  	lose cover RAM: 29188M
Oct 11 12:05:57 shrinivaasanka-Inspiron-1545 kernel: [    0.000000]  gran_size: 4M 	chunk_size: 4M 	num_reg: 7  	lose cover RAM: 29188M
Oct 11 12:05:57 shrinivaasanka-Inspiron-1545 kernel: [    0.000000]  gran_size: 4M 	chunk_size: 8M 	num_reg: 7  	lose cover RAM: 29184M
Oct 11 12:05:57 shrinivaasanka-Inspiron-1545 kernel: [    0.000000]  gran_size: 4M 	chunk_size: 16M 	num_reg: 7  	lose cover RAM: 29184M
Oct 11 12:05:57 shrinivaasanka-Inspiron-1545 kernel: [    0.000000]  gran_size: 4M 	chunk_size: 32M 	num_reg: 7  	lose cover RAM: 29184M
Oct 11 12:05:57 shrinivaasanka-Inspiron-1545 kernel: [    0.000000]  gran_size: 4M 	chunk_size: 64M 	num_reg: 7  	lose cover RAM: 16G
Oct 11 12:05:57 shrinivaasanka-Inspiron-1545 kernel: [    0.000000]  gran_size: 4M 	chunk_size: 128M 	num_reg: 7  	lose cover RAM: 16G
Oct 11 12:05:57 shrinivaasanka-Inspiron-1545 kernel: [    0.000000]  gran_size: 4M 	chunk_size: 256M 	num_reg: 7  	lose cover RAM: 16G
Oct 11 12:05:57 shrinivaasanka-Inspiron-1545 kernel: [    0.000000]  gran_size: 4M 	chunk_size: 512M 	num_reg: 7  	lose cover RAM: 16G
Oct 11 12:05:57 shrinivaasanka-Inspiron-1545 kernel: [    0.000000]  gran_size: 4M 	chunk_size: 1G 	num_reg: 7  	lose cover RAM: 16G
Oct 11 12:05:57 shrinivaasanka-Inspiron-1545 kernel: [    0.000000]  gran_size: 4M 	chunk_size: 2G 	num_reg: 7  	lose cover RAM: 29188M
Oct 11 12:05:57 shrinivaasanka-Inspiron-1545 kernel: [    0.000000]  gran_size: 8M 	chunk_size: 8M 	num_reg: 7  	lose cover RAM: 29188M
Oct 11 12:05:57 shrinivaasanka-Inspiron-1545 kernel: [    0.000000]  gran_size: 8M 	chunk_size: 16M 	num_reg: 7  	lose cover RAM: 29188M
Oct 11 12:05:57 shrinivaasanka-Inspiron-1545 kernel: [    0.000000]  gran_size: 8M 	chunk_size: 32M 	num_reg: 7  	lose cover RAM: 29188M
Oct 11 12:05:57 shrinivaasanka-Inspiron-1545 kernel: [    0.000000]  gran_size: 8M 	chunk_size: 64M 	num_reg: 7  	lose cover RAM: 16388M
Oct 11 12:05:57 shrinivaasanka-Inspiron-1545 kernel: [    0.000000]  gran_size: 8M 	chunk_size: 128M 	num_reg: 7  	lose cover RAM: 16388M
Oct 11 12:05:57 shrinivaasanka-Inspiron-1545 kernel: [    0.000000]  gran_size: 8M 	chunk_size: 256M 	num_reg: 7  	lose cover RAM: 16388M
Oct 11 12:05:57 shrinivaasanka-Inspiron-1545 kernel: [    0.000000]  gran_size: 8M 	chunk_size: 512M 	num_reg: 7  	lose cover RAM: 16388M
Oct 11 12:05:57 shrinivaasanka-Inspiron-1545 kernel: [    0.000000]  gran_size: 8M 	chunk_size: 1G 	num_reg: 7  	lose cover RAM: 16388M
Oct 11 12:05:57 shrinivaasanka-Inspiron-1545 kernel: [    0.000000]  gran_size: 8M 	chunk_size: 2G 	num_reg: 7  	lose cover RAM: 29188M
Oct 11 12:05:57 shrinivaasanka-Inspiron-1545 kernel: [    0.000000]  gran_size: 16M 	chunk_size: 16M 	num_reg: 7  	lose cover RAM: 28684M
Oct 11 12:05:57 shrinivaasanka-Inspiron-1545 kernel: [    0.000000]  gran_size: 16M 	chunk_size: 32M 	num_reg: 7  	lose cover RAM: 29196M
Oct 11 12:05:57 shrinivaasanka-Inspiron-1545 kernel: [    0.000000]  gran_size: 16M 	chunk_size: 64M 	num_reg: 7  	lose cover RAM: 16396M
Oct 11 12:05:57 shrinivaasanka-Inspiron-1545 kernel: [    0.000000]  gran_size: 16M 	chunk_size: 128M 	num_reg: 7  	lose cover RAM: 16396M
Oct 11 12:05:57 shrinivaasanka-Inspiron-1545 kernel: [    0.000000]  gran_size: 16M 	chunk_size: 256M 	num_reg: 7  	lose cover RAM: 16396M
Oct 11 12:05:57 shrinivaasanka-Inspiron-1545 kernel: [    0.000000]  gran_size: 16M 	chunk_size: 512M 	num_reg: 7  	lose cover RAM: 16396M
Oct 11 12:05:57 shrinivaasanka-Inspiron-1545 kernel: [    0.000000]  gran_size: 16M 	chunk_size: 1G 	num_reg: 7  	lose cover RAM: 16396M
Oct 11 12:05:57 shrinivaasanka-Inspiron-1545 kernel: [    0.000000]  gran_size: 16M 	chunk_size: 2G 	num_reg: 7  	lose cover RAM: 28172M
Oct 11 12:05:57 shrinivaasanka-Inspiron-1545 kernel: [    0.000000]  gran_size: 32M 	chunk_size: 32M 	num_reg: 7  	lose cover RAM: 24604M
Oct 11 12:05:57 shrinivaasanka-Inspiron-1545 kernel: [    0.000000]  gran_size: 32M 	chunk_size: 64M 	num_reg: 7  	lose cover RAM: 24604M
Oct 11 12:05:57 shrinivaasanka-Inspiron-1545 kernel: [    0.000000]  gran_size: 32M 	chunk_size: 128M 	num_reg: 7  	lose cover RAM: 28M
Oct 11 12:05:57 shrinivaasanka-Inspiron-1545 kernel: [    0.000000]  gran_size: 32M 	chunk_size: 256M 	num_reg: 7  	lose cover RAM: 28M
Oct 11 12:05:57 shrinivaasanka-Inspiron-1545 kernel: [    0.000000]  gran_size: 32M 	chunk_size: 512M 	num_reg: 7  	lose cover RAM: 28M
Oct 11 12:05:57 shrinivaasanka-Inspiron-1545 kernel: [    0.000000]  gran_size: 32M 	chunk_size: 1G 	num_reg: 7  	lose cover RAM: 28M
Oct 11 12:05:57 shrinivaasanka-Inspiron-1545 kernel: [    0.000000]  gran_size: 32M 	chunk_size: 2G 	num_reg: 7  	lose cover RAM: 27164M
Oct 11 12:05:57 shrinivaasanka-Inspiron-1545 kernel: [    0.000000]  gran_size: 64M 	chunk_size: 64M 	num_reg: 7  	lose cover RAM: 24604M
Oct 11 12:05:57 shrinivaasanka-Inspiron-1545 kernel: [    0.000000]  gran_size: 64M 	chunk_size: 128M 	num_reg: 7  	lose cover RAM: 28M
Oct 11 12:05:57 shrinivaasanka-Inspiron-1545 kernel: [    0.000000]  gran_size: 64M 	chunk_size: 256M 	num_reg: 7  	lose cover RAM: 28M
Oct 11 12:05:57 shrinivaasanka-Inspiron-1545 kernel: [    0.000000]  gran_size: 64M 	chunk_size: 512M 	num_reg: 7  	lose cover RAM: 28M
Oct 11 12:05:57 shrinivaasanka-Inspiron-1545 kernel: [    0.000000]  gran_size: 64M 	chunk_size: 1G 	num_reg: 7  	lose cover RAM: 28M
Oct 11 12:05:57 shrinivaasanka-Inspiron-1545 kernel: [    0.000000]  gran_size: 64M 	chunk_size: 2G 	num_reg: 7  	lose cover RAM: 27164M
Oct 11 12:05:57 shrinivaasanka-Inspiron-1545 kernel: [    0.000000]  gran_size: 128M 	chunk_size: 128M 	num_reg: 7  	lose cover RAM: 16476M
Oct 11 12:05:57 shrinivaasanka-Inspiron-1545 kernel: [    0.000000]  gran_size: 128M 	chunk_size: 256M 	num_reg: 7  	lose cover RAM: 92M
Oct 11 12:05:57 shrinivaasanka-Inspiron-1545 kernel: [    0.000000]  gran_size: 128M 	chunk_size: 512M 	num_reg: 7  	lose cover RAM: 92M
Oct 11 12:05:57 shrinivaasanka-Inspiron-1545 kernel: [    0.000000]  gran_size: 128M 	chunk_size: 1G 	num_reg: 7  	lose cover RAM: 92M
Oct 11 12:05:57 shrinivaasanka-Inspiron-1545 kernel: [    0.000000]  gran_size: 128M 	chunk_size: 2G 	num_reg: 7  	lose cover RAM: 27740M
Oct 11 12:05:57 shrinivaasanka-Inspiron-1545 kernel: [    0.000000]  gran_size: 256M 	chunk_size: 256M 	num_reg: 7  	lose cover RAM: 220M
Oct 11 12:05:57 shrinivaasanka-Inspiron-1545 kernel: [    0.000000]  gran_size: 256M 	chunk_size: 512M 	num_reg: 7  	lose cover RAM: 220M
Oct 11 12:05:57 shrinivaasanka-Inspiron-1545 kernel: [    0.000000]  gran_size: 256M 	chunk_size: 1G 	num_reg: 7  	lose cover RAM: 220M
Oct 11 12:05:57 shrinivaasanka-Inspiron-1545 kernel: [    0.000000]  gran_size: 256M 	chunk_size: 2G 	num_reg: 7  	lose cover RAM: 26844M
Oct 11 12:05:57 shrinivaasanka-Inspiron-1545 kernel: [    0.000000]  gran_size: 512M 	chunk_size: 512M 	num_reg: 6  	lose cover RAM: 476M
Oct 11 12:05:57 shrinivaasanka-Inspiron-1545 kernel: [    0.000000]  gran_size: 512M 	chunk_size: 1G 	num_reg: 7  	lose cover RAM: 476M
Oct 11 12:05:57 shrinivaasanka-Inspiron-1545 kernel: [    0.000000]  gran_size: 512M 	chunk_size: 2G 	num_reg: 7  	lose cover RAM: 25052M
Oct 11 12:05:57 shrinivaasanka-Inspiron-1545 kernel: [    0.000000]  gran_size: 1G 	chunk_size: 1G 	num_reg: 4  	lose cover RAM: 1500M
Oct 11 12:05:57 shrinivaasanka-Inspiron-1545 kernel: [    0.000000]  gran_size: 1G 	chunk_size: 2G 	num_reg: 4  	lose cover RAM: 1500M
Oct 11 12:05:57 shrinivaasanka-Inspiron-1545 kernel: [    0.000000]  gran_size: 2G 	chunk_size: 2G 	num_reg: 4  	lose cover RAM: 1500M
Oct 11 12:05:57 shrinivaasanka-Inspiron-1545 kernel: [    0.000000] mtrr_cleanup: can not find optimal value
Oct 11 12:05:57 shrinivaasanka-Inspiron-1545 kernel: [    0.000000] please specify mtrr_gran_size/mtrr_chunk_size
Oct 11 12:05:57 shrinivaasanka-Inspiron-1545 kernel: [    0.000000] e820: update [mem 0xbdc00000-0xbfffffff] usable ==> reserved
Oct 11 12:05:57 shrinivaasanka-Inspiron-1545 kernel: [    0.000000] e820: update [mem 0xe0000000-0xffffffff] usable ==> reserved
Oct 11 12:05:57 shrinivaasanka-Inspiron-1545 kernel: [    0.000000] Scanning 1 areas for low memory corruption
Oct 11 12:05:57 shrinivaasanka-Inspiron-1545 kernel: [    0.000000] initial memory mapped: [mem 0x00000000-0x021fffff]
Oct 11 12:05:57 shrinivaasanka-Inspiron-1545 kernel: [    0.000000] Base memory trampoline at [c009b000] 9b000 size 16384
Oct 11 12:05:57 shrinivaasanka-Inspiron-1545 kernel: [    0.000000] init_memory_mapping: [mem 0x00000000-0x000fffff]
Oct 11 12:05:57 shrinivaasanka-Inspiron-1545 kernel: [    0.000000]  [mem 0x00000000-0x000fffff] page 4k
Oct 11 12:05:57 shrinivaasanka-Inspiron-1545 kernel: [    0.000000] init_memory_mapping: [mem 0x37800000-0x379fffff]
Oct 11 12:05:57 shrinivaasanka-Inspiron-1545 kernel: [    0.000000]  [mem 0x37800000-0x379fffff] page 2M
Oct 11 12:05:57 shrinivaasanka-Inspiron-1545 kernel: [    0.000000] init_memory_mapping: [mem 0x20000000-0x377fffff]
Oct 11 12:05:57 shrinivaasanka-Inspiron-1545 kernel: [    0.000000]  [mem 0x20000000-0x377fffff] page 2M
Oct 11 12:05:57 shrinivaasanka-Inspiron-1545 kernel: [    0.000000] init_memory_mapping: [mem 0x00100000-0x1fffffff]
Oct 11 12:05:57 shrinivaasanka-Inspiron-1545 kernel: [    0.000000]  [mem 0x00100000-0x001fffff] page 4k
Oct 11 12:05:57 shrinivaasanka-Inspiron-1545 kernel: [    0.000000]  [mem 0x00200000-0x1fffffff] page 2M
Oct 11 12:05:57 shrinivaasanka-Inspiron-1545 kernel: [    0.000000] init_memory_mapping: [mem 0x37a00000-0x37bfdfff]
Oct 11 12:05:57 shrinivaasanka-Inspiron-1545 kernel: [    0.000000]  [mem 0x37a00000-0x37bfdfff] page 4k
Oct 11 12:05:57 shrinivaasanka-Inspiron-1545 kernel: [    0.000000] BRK [0x01c52000, 0x01c52fff] PGTABLE
Oct 11 12:05:57 shrinivaasanka-Inspiron-1545 kernel: [    0.000000] BRK [0x01c53000, 0x01c53fff] PGTABLE
Oct 11 12:05:57 shrinivaasanka-Inspiron-1545 kernel: [    0.000000] RAMDISK: [mem 0x358f6000-0x36c72fff]
Oct 11 12:05:57 shrinivaasanka-Inspiron-1545 kernel: [    0.000000] ACPI: Early table checksum verification disabled
Oct 11 12:05:57 shrinivaasanka-Inspiron-1545 kernel: [    0.000000] ACPI: RSDP 0x000FBDD0 000024 (v02 DELL  )
Oct 11 12:05:57 shrinivaasanka-Inspiron-1545 kernel: [    0.000000] ACPI: XSDT 0xBDAC3E00 000054 (v01 DELL   WN09     27D90C07 ASL  00000061)
Oct 11 12:05:57 shrinivaasanka-Inspiron-1545 kernel: [    0.000000] ACPI: FACP 0xBDAC3C9C 0000F4 (v04 DELL   WN09     27D90C07 ASL  00000061)
Oct 11 12:05:57 shrinivaasanka-Inspiron-1545 kernel: [    0.000000] ACPI BIOS Warning (bug): 32/64X length mismatch in FADT/Gpe0Block: 128/64 (20141107/tbfadt-618)
Oct 11 12:05:57 shrinivaasanka-Inspiron-1545 kernel: [    0.000000] ACPI: DSDT 0xBDAC4400 005451 (v02 INT430 SYSFexxx 00001001 INTL 20050624)
Oct 11 12:05:57 shrinivaasanka-Inspiron-1545 kernel: [    0.000000] ACPI: FACS 0xBDAD2C00 000040
Oct 11 12:05:57 shrinivaasanka-Inspiron-1545 kernel: [    0.000000] ACPI: HPET 0xBDAC3F00 000038 (v01 DELL   WN09     00000001 ASL  00000061)
Oct 11 12:05:57 shrinivaasanka-Inspiron-1545 kernel: [    0.000000] ACPI: APIC 0xBDAC4000 000068 (v01 DELL   WN09     27D90C07 ASL  00000047)
Oct 11 12:05:57 shrinivaasanka-Inspiron-1545 kernel: [    0.000000] ACPI: MCFG 0xBDAC3FC0 00003E (v16 DELL   WN09     27D90C07 ASL  00000061)
Oct 11 12:05:57 shrinivaasanka-Inspiron-1545 kernel: [    0.000000] ACPI: SLIC 0xBDAC409C 000176 (v01 DELL   WN09     27D90C07 ASL  00000061)
Oct 11 12:05:57 shrinivaasanka-Inspiron-1545 kernel: [    0.000000] ACPI: SSDT 0xBDAC2363 00066C (v01 PmRef  CpuPm    00003000 INTL 20050624)
Oct 11 12:05:57 shrinivaasanka-Inspiron-1545 kernel: [    0.000000] ACPI: Local APIC address 0xfee00000
Oct 11 12:05:57 shrinivaasanka-Inspiron-1545 kernel: [    0.000000] 2140MB HIGHMEM available.
Oct 11 12:05:57 shrinivaasanka-Inspiron-1545 kernel: [    0.000000] 891MB LOWMEM available.
Oct 11 12:05:57 shrinivaasanka-Inspiron-1545 kernel: [    0.000000]   mapped low ram: 0 - 37bfe000
Oct 11 12:05:57 shrinivaasanka-Inspiron-1545 kernel: [    0.000000]   low ram: 0 - 37bfe000
Oct 11 12:05:57 shrinivaasanka-Inspiron-1545 kernel: [    0.000000] Reserving 128MB of memory at 384MB for crashkernel (System RAM: 3032MB)
Oct 11 12:05:57 shrinivaasanka-Inspiron-1545 kernel: [    0.000000] Zone ranges:
Oct 11 12:05:57 shrinivaasanka-Inspiron-1545 kernel: [    0.000000]   DMA      [mem 0x00001000-0x00ffffff]
Oct 11 12:05:57 shrinivaasanka-Inspiron-1545 kernel: [    0.000000]   Normal   [mem 0x01000000-0x37bfdfff]
Oct 11 12:05:57 shrinivaasanka-Inspiron-1545 kernel: [    0.000000]   HighMem  [mem 0x37bfe000-0xbd8befff]
Oct 11 12:05:57 shrinivaasanka-Inspiron-1545 kernel: [    0.000000] Movable zone start for each node
Oct 11 12:05:57 shrinivaasanka-Inspiron-1545 kernel: [    0.000000] Early memory node ranges
Oct 11 12:05:57 shrinivaasanka-Inspiron-1545 kernel: [    0.000000]   node   0: [mem 0x00001000-0x0009efff]
Oct 11 12:05:57 shrinivaasanka-Inspiron-1545 kernel: [    0.000000]   node   0: [mem 0x00100000-0xbd8befff]
Oct 11 12:05:57 shrinivaasanka-Inspiron-1545 kernel: [    0.000000] Initmem setup node 0 [mem 0x00001000-0xbd8befff]
Oct 11 12:05:57 shrinivaasanka-Inspiron-1545 kernel: [    0.000000] On node 0 totalpages: 776285
Oct 11 12:05:57 shrinivaasanka-Inspiron-1545 kernel: [    0.000000]   DMA zone: 40 pages used for memmap
Oct 11 12:05:57 shrinivaasanka-Inspiron-1545 kernel: [    0.000000]   DMA zone: 0 pages reserved
Oct 11 12:05:57 shrinivaasanka-Inspiron-1545 kernel: [    0.000000]   DMA zone: 3998 pages, LIFO batch:0
Oct 11 12:05:57 shrinivaasanka-Inspiron-1545 kernel: [    0.000000]   Normal zone: 2190 pages used for memmap
Oct 11 12:05:57 shrinivaasanka-Inspiron-1545 kernel: [    0.000000]   Normal zone: 224254 pages, LIFO batch:31
Oct 11 12:05:57 shrinivaasanka-Inspiron-1545 kernel: [    0.000000]   HighMem zone: 548033 pages, LIFO batch:31
Oct 11 12:05:57 shrinivaasanka-Inspiron-1545 kernel: [    0.000000] Using APIC driver default
Oct 11 12:05:57 shrinivaasanka-Inspiron-1545 kernel: [    0.000000] Reserving Intel graphics stolen memory at 0xbe000000-0xbfffffff
Oct 11 12:05:57 shrinivaasanka-Inspiron-1545 kernel: [    0.000000] ACPI: PM-Timer IO Port: 0x1008
Oct 11 12:05:57 shrinivaasanka-Inspiron-1545 kernel: [    0.000000] ACPI: Local APIC address 0xfee00000
Oct 11 12:05:57 shrinivaasanka-Inspiron-1545 kernel: [    0.000000] ACPI: LAPIC (acpi_id[0x00] lapic_id[0x00] enabled)
Oct 11 12:05:57 shrinivaasanka-Inspiron-1545 kernel: [    0.000000] ACPI: LAPIC (acpi_id[0x01] lapic_id[0x01] enabled)
Oct 11 12:05:57 shrinivaasanka-Inspiron-1545 kernel: [    0.000000] ACPI: LAPIC_NMI (acpi_id[0x00] high edge lint[0x1])
Oct 11 12:05:57 shrinivaasanka-Inspiron-1545 kernel: [    0.000000] ACPI: LAPIC_NMI (acpi_id[0x01] high edge lint[0x1])
Oct 11 12:05:57 shrinivaasanka-Inspiron-1545 kernel: [    0.000000] ACPI: IOAPIC (id[0x02] address[0xfec00000] gsi_base[0])
Oct 11 12:05:57 shrinivaasanka-Inspiron-1545 kernel: [    0.000000] IOAPIC[0]: apic_id 2, version 32, address 0xfec00000, GSI 0-23
Oct 11 12:05:57 shrinivaasanka-Inspiron-1545 kernel: [    0.000000] ACPI: INT_SRC_OVR (bus 0 bus_irq 0 global_irq 2 dfl dfl)
Oct 11 12:05:57 shrinivaasanka-Inspiron-1545 kernel: [    0.000000] ACPI: INT_SRC_OVR (bus 0 bus_irq 9 global_irq 9 high level)
Oct 11 12:05:57 shrinivaasanka-Inspiron-1545 kernel: [    0.000000] ACPI: IRQ0 used by override.
Oct 11 12:05:57 shrinivaasanka-Inspiron-1545 kernel: [    0.000000] ACPI: IRQ9 used by override.
Oct 11 12:05:57 shrinivaasanka-Inspiron-1545 kernel: [    0.000000] Using ACPI (MADT) for SMP configuration information
Oct 11 12:05:57 shrinivaasanka-Inspiron-1545 kernel: [    0.000000] ACPI: HPET id: 0x8086a201 base: 0xfed00000
Oct 11 12:05:57 shrinivaasanka-Inspiron-1545 kernel: [    0.000000] smpboot: Allowing 2 CPUs, 0 hotplug CPUs
Oct 11 12:05:57 shrinivaasanka-Inspiron-1545 kernel: [    0.000000] PM: Registered nosave memory: [mem 0x00000000-0x00000fff]
Oct 11 12:05:57 shrinivaasanka-Inspiron-1545 kernel: [    0.000000] PM: Registered nosave memory: [mem 0x0009f000-0x0009ffff]
Oct 11 12:05:57 shrinivaasanka-Inspiron-1545 kernel: [    0.000000] PM: Registered nosave memory: [mem 0x000a0000-0x000fffff]
Oct 11 12:05:57 shrinivaasanka-Inspiron-1545 kernel: [    0.000000] e820: [mem 0xc0000000-0xf7ffffff] available for PCI devices
Oct 11 12:05:57 shrinivaasanka-Inspiron-1545 kernel: [    0.000000] Booting paravirtualized kernel on bare hardware
Oct 11 12:05:57 shrinivaasanka-Inspiron-1545 kernel: [    0.000000] setup_percpu: NR_CPUS:8 nr_cpumask_bits:8 nr_cpu_ids:2 nr_node_ids:1
Oct 11 12:05:57 shrinivaasanka-Inspiron-1545 kernel: [    0.000000] PERCPU: Embedded 17 pages/cpu @f6cb5000 s40320 r0 d29312 u69632
Oct 11 12:05:57 shrinivaasanka-Inspiron-1545 kernel: [    0.000000] pcpu-alloc: s40320 r0 d29312 u69632 alloc=17*4096
Oct 11 12:05:57 shrinivaasanka-Inspiron-1545 kernel: [    0.000000] pcpu-alloc: [0] 0 [0] 1 
Oct 11 12:05:57 shrinivaasanka-Inspiron-1545 kernel: [    0.000000] Built 1 zonelists in Zone order, mobility grouping on.  Total pages: 774055
Oct 11 12:05:57 shrinivaasanka-Inspiron-1545 kernel: [    0.000000] Kernel command line: BOOT_IMAGE=/boot/vmlinuz-3.19.0-15-generic root=UUID=6944b01d-ff0d-43eb-8699-cca469511742 ro quiet splash crashkernel=384M-:128M vt.handoff=7
Oct 11 12:05:57 shrinivaasanka-Inspiron-1545 kernel: [    0.000000] PID hash table entries: 4096 (order: 2, 16384 bytes)
Oct 11 12:05:57 shrinivaasanka-Inspiron-1545 kernel: [    0.000000] Dentry cache hash table entries: 131072 (order: 7, 524288 bytes)
Oct 11 12:05:57 shrinivaasanka-Inspiron-1545 kernel: [    0.000000] Inode-cache hash table entries: 65536 (order: 6, 262144 bytes)
Oct 11 12:05:57 shrinivaasanka-Inspiron-1545 kernel: [    0.000000] CPU0 microcode updated early to revision 0xa0b, date = 2010-09-28
Oct 11 12:05:57 shrinivaasanka-Inspiron-1545 kernel: [    0.000000] Initializing CPU#0
Oct 11 12:05:57 shrinivaasanka-Inspiron-1545 kernel: [    0.000000] xsave: enabled xstate_bv 0x3, cntxt size 0x240 using standard form
Oct 11 12:05:57 shrinivaasanka-Inspiron-1545 kernel: [    0.000000] Initializing HighMem for node 0 (00037bfe:000bd8bf)
Oct 11 12:05:57 shrinivaasanka-Inspiron-1545 kernel: [    0.000000] Initializing Movable for node 0 (00000000:00000000)
Oct 11 12:05:57 shrinivaasanka-Inspiron-1545 kernel: [    0.000000] Memory: 2909604K/3105140K available (7108K kernel code, 709K rwdata, 2996K rodata, 888K init, 796K bss, 195536K reserved, 0K cma-reserved, 2192132K highmem)
Oct 11 12:05:57 shrinivaasanka-Inspiron-1545 kernel: [    0.000000] virtual kernel memory layout:
Oct 11 12:05:57 shrinivaasanka-Inspiron-1545 kernel: [    0.000000]     fixmap  : 0xfff15000 - 0xfffff000   ( 936 kB)
Oct 11 12:05:57 shrinivaasanka-Inspiron-1545 kernel: [    0.000000]     pkmap   : 0xffc00000 - 0xffe00000   (2048 kB)
Oct 11 12:05:57 shrinivaasanka-Inspiron-1545 kernel: [    0.000000]     vmalloc : 0xf83fe000 - 0xffbfe000   ( 120 MB)
Oct 11 12:05:57 shrinivaasanka-Inspiron-1545 kernel: [    0.000000]     lowmem  : 0xc0000000 - 0xf7bfe000   ( 891 MB)
Oct 11 12:05:57 shrinivaasanka-Inspiron-1545 kernel: [    0.000000]       .init : 0xc1a93000 - 0xc1b71000   ( 888 kB)
Oct 11 12:05:57 shrinivaasanka-Inspiron-1545 kernel: [    0.000000]       .data : 0xc16f16b6 - 0xc1a91780   (3712 kB)
Oct 11 12:05:57 shrinivaasanka-Inspiron-1545 kernel: [    0.000000]       .text : 0xc1000000 - 0xc16f16b6   (7109 kB)
Oct 11 12:05:57 shrinivaasanka-Inspiron-1545 kernel: [    0.000000] Checking if this processor honours the WP bit even in supervisor mode...Ok.
Oct 11 12:05:57 shrinivaasanka-Inspiron-1545 kernel: [    0.000000] SLUB: HWalign=64, Order=0-3, MinObjects=0, CPUs=2, Nodes=1
Oct 11 12:05:57 shrinivaasanka-Inspiron-1545 kernel: [    0.000000] Hierarchical RCU implementation.
Oct 11 12:05:57 shrinivaasanka-Inspiron-1545 kernel: [    0.000000] 	RCU dyntick-idle grace-period acceleration is enabled.
Oct 11 12:05:57 shrinivaasanka-Inspiron-1545 kernel: [    0.000000] 	RCU restricting CPUs from NR_CPUS=8 to nr_cpu_ids=2.
Oct 11 12:05:57 shrinivaasanka-Inspiron-1545 kernel: [    0.000000] RCU: Adjusting geometry for rcu_fanout_leaf=16, nr_cpu_ids=2
Oct 11 12:05:57 shrinivaasanka-Inspiron-1545 kernel: [    0.000000] NR_IRQS:2304 nr_irqs:440 16
Oct 11 12:05:57 shrinivaasanka-Inspiron-1545 kernel: [    0.000000] CPU 0 irqstacks, hard=f4436000 soft=f4438000
Oct 11 12:05:57 shrinivaasanka-Inspiron-1545 kernel: [    0.000000] vt handoff: transparent VT on vt#7
Oct 11 12:05:57 shrinivaasanka-Inspiron-1545 kernel: [    0.000000] Console: colour dummy device 80x25
Oct 11 12:05:57 shrinivaasanka-Inspiron-1545 kernel: [    0.000000] console [tty0] enabled
Oct 11 12:05:57 shrinivaasanka-Inspiron-1545 kernel: [    0.000000] hpet clockevent registered
Oct 11 12:05:57 shrinivaasanka-Inspiron-1545 kernel: [    0.000000] tsc: Fast TSC calibration using PIT
Oct 11 12:05:57 shrinivaasanka-Inspiron-1545 kernel: [    0.000000] tsc: Detected 1994.993 MHz processor
Oct 11 12:05:57 shrinivaasanka-Inspiron-1545 kernel: [    0.004016] Calibrating delay loop (skipped), value calculated using timer frequency.. 3989.98 BogoMIPS (lpj=7979972)
Oct 11 12:05:57 shrinivaasanka-Inspiron-1545 kernel: [    0.004022] pid_max: default: 32768 minimum: 301
Oct 11 12:05:57 shrinivaasanka-Inspiron-1545 kernel: [    0.004032] ACPI: Core revision 20141107
Oct 11 12:05:57 shrinivaasanka-Inspiron-1545 kernel: [    0.015862] ACPI: All ACPI Tables successfully acquired
Oct 11 12:05:57 shrinivaasanka-Inspiron-1545 kernel: [    0.016043] Security Framework initialized
Oct 11 12:05:57 shrinivaasanka-Inspiron-1545 kernel: [    0.016068] AppArmor: AppArmor initialized
Oct 11 12:05:57 shrinivaasanka-Inspiron-1545 kernel: [    0.016071] Yama: becoming mindful.
Oct 11 12:05:57 shrinivaasanka-Inspiron-1545 kernel: [    0.016148] Mount-cache hash table entries: 2048 (order: 1, 8192 bytes)
Oct 11 12:05:57 shrinivaasanka-Inspiron-1545 kernel: [    0.016152] Mountpoint-cache hash table entries: 2048 (order: 1, 8192 bytes)
Oct 11 12:05:57 shrinivaasanka-Inspiron-1545 kernel: [    0.016553] Initializing cgroup subsys memory
Oct 11 12:05:57 shrinivaasanka-Inspiron-1545 kernel: [    0.016564] Initializing cgroup subsys devices
Oct 11 12:05:57 shrinivaasanka-Inspiron-1545 kernel: [    0.016570] Initializing cgroup subsys freezer
Oct 11 12:05:57 shrinivaasanka-Inspiron-1545 kernel: [    0.016575] Initializing cgroup subsys net_cls
Oct 11 12:05:57 shrinivaasanka-Inspiron-1545 kernel: [    0.016580] Initializing cgroup subsys blkio
Oct 11 12:05:57 shrinivaasanka-Inspiron-1545 kernel: [    0.016585] Initializing cgroup subsys perf_event
Oct 11 12:05:57 shrinivaasanka-Inspiron-1545 kernel: [    0.016590] Initializing cgroup subsys net_prio
Oct 11 12:05:57 shrinivaasanka-Inspiron-1545 kernel: [    0.016595] Initializing cgroup subsys hugetlb
Oct 11 12:05:57 shrinivaasanka-Inspiron-1545 kernel: [    0.016632] CPU: Physical Processor ID: 0
Oct 11 12:05:57 shrinivaasanka-Inspiron-1545 kernel: [    0.016635] CPU: Processor Core ID: 0
Oct 11 12:05:57 shrinivaasanka-Inspiron-1545 kernel: [    0.016643] mce: CPU supports 6 MCE banks
Oct 11 12:05:57 shrinivaasanka-Inspiron-1545 kernel: [    0.016655] CPU0: Thermal monitoring enabled (TM2)
Oct 11 12:05:57 shrinivaasanka-Inspiron-1545 kernel: [    0.016667] Last level iTLB entries: 4KB 128, 2MB 4, 4MB 4
Oct 11 12:05:57 shrinivaasanka-Inspiron-1545 kernel: [    0.016667] Last level dTLB entries: 4KB 256, 2MB 0, 4MB 32, 1GB 0
Oct 11 12:05:57 shrinivaasanka-Inspiron-1545 kernel: [    0.020474] Freeing SMP alternatives memory: 32K (c1b71000 - c1b79000)
Oct 11 12:05:57 shrinivaasanka-Inspiron-1545 kernel: [    0.022522] ftrace: allocating 29374 entries in 58 pages
Oct 11 12:05:57 shrinivaasanka-Inspiron-1545 kernel: [    0.036127] Enabling APIC mode:  Flat.  Using 1 I/O APICs
Oct 11 12:05:57 shrinivaasanka-Inspiron-1545 kernel: [    0.036609] ..TIMER: vector=0x30 apic1=0 pin1=2 apic2=-1 pin2=-1
Oct 11 12:05:57 shrinivaasanka-Inspiron-1545 kernel: [    0.080205] smpboot: CPU0: Intel(R) Core(TM)2 Duo CPU     T6400  @ 2.00GHz (fam: 06, model: 17, stepping: 0a)
Oct 11 12:05:57 shrinivaasanka-Inspiron-1545 kernel: [    0.084000] Performance Events: PEBS fmt0+, 4-deep LBR, Core2 events, Intel PMU driver.
Oct 11 12:05:57 shrinivaasanka-Inspiron-1545 kernel: [    0.084000] ... version:                2
Oct 11 12:05:57 shrinivaasanka-Inspiron-1545 kernel: [    0.084000] ... bit width:              40
Oct 11 12:05:57 shrinivaasanka-Inspiron-1545 kernel: [    0.084000] ... generic registers:      2
Oct 11 12:05:57 shrinivaasanka-Inspiron-1545 kernel: [    0.084000] ... value mask:             000000ffffffffff
Oct 11 12:05:57 shrinivaasanka-Inspiron-1545 kernel: [    0.084000] ... max period:             000000007fffffff
Oct 11 12:05:57 shrinivaasanka-Inspiron-1545 kernel: [    0.084000] ... fixed-purpose events:   3
Oct 11 12:05:57 shrinivaasanka-Inspiron-1545 kernel: [    0.084000] ... event mask:             0000000700000003
Oct 11 12:05:57 shrinivaasanka-Inspiron-1545 kernel: [    0.084000] CPU 1 irqstacks, hard=f455a000 soft=f455c000
Oct 11 12:05:57 shrinivaasanka-Inspiron-1545 kernel: [    0.084000] x86: Booting SMP configuration:
Oct 11 12:05:57 shrinivaasanka-Inspiron-1545 kernel: [    0.084000] .... node  #0, CPUs:      #1
Oct 11 12:05:57 shrinivaasanka-Inspiron-1545 kernel: [    0.008000] CPU1 microcode updated early to revision 0xa0b, date = 2010-09-28
Oct 11 12:05:57 shrinivaasanka-Inspiron-1545 kernel: [    0.008000] Initializing CPU#1
Oct 11 12:05:57 shrinivaasanka-Inspiron-1545 kernel: [    0.100041] x86: Booted up 1 node, 2 CPUs
Oct 11 12:05:57 shrinivaasanka-Inspiron-1545 kernel: [    0.100049] smpboot: Total of 2 processors activated (7979.97 BogoMIPS)
Oct 11 12:05:57 shrinivaasanka-Inspiron-1545 kernel: [    0.100129] NMI watchdog: enabled on all CPUs, permanently consumes one hw-PMU counter.
Oct 11 12:05:57 shrinivaasanka-Inspiron-1545 kernel: [    0.104155] devtmpfs: initialized
Oct 11 12:05:57 shrinivaasanka-Inspiron-1545 kernel: [    0.104811] evm: security.selinux
Oct 11 12:05:57 shrinivaasanka-Inspiron-1545 kernel: [    0.104815] evm: security.SMACK64
Oct 11 12:05:57 shrinivaasanka-Inspiron-1545 kernel: [    0.104818] evm: security.SMACK64EXEC
Oct 11 12:05:57 shrinivaasanka-Inspiron-1545 kernel: [    0.104820] evm: security.SMACK64TRANSMUTE
Oct 11 12:05:57 shrinivaasanka-Inspiron-1545 kernel: [    0.104822] evm: security.SMACK64MMAP
Oct 11 12:05:57 shrinivaasanka-Inspiron-1545 kernel: [    0.104825] evm: security.ima
Oct 11 12:05:57 shrinivaasanka-Inspiron-1545 kernel: [    0.104827] evm: security.capability
Oct 11 12:05:57 shrinivaasanka-Inspiron-1545 kernel: [    0.104879] PM: Registering ACPI NVS region [mem 0xbd8bf400-0xbdac13ff] (2105344 bytes)
Oct 11 12:05:57 shrinivaasanka-Inspiron-1545 kernel: [    0.104879] pinctrl core: initialized pinctrl subsystem
Oct 11 12:05:57 shrinivaasanka-Inspiron-1545 kernel: [    0.104879] RTC time:  6:32:40, date: 10/11/15
Oct 11 12:05:57 shrinivaasanka-Inspiron-1545 kernel: [    0.104879] NET: Registered protocol family 16
Oct 11 12:05:57 shrinivaasanka-Inspiron-1545 kernel: [    0.104996] EISA bus registered
Oct 11 12:05:57 shrinivaasanka-Inspiron-1545 kernel: [    0.116010] cpuidle: using governor ladder
Oct 11 12:05:57 shrinivaasanka-Inspiron-1545 kernel: [    0.128005] cpuidle: using governor menu
Oct 11 12:05:57 shrinivaasanka-Inspiron-1545 kernel: [    0.128233] ACPI: bus type PCI registered
Oct 11 12:05:57 shrinivaasanka-Inspiron-1545 kernel: [    0.128237] acpiphp: ACPI Hot Plug PCI Controller Driver version: 0.5
Oct 11 12:05:57 shrinivaasanka-Inspiron-1545 kernel: [    0.128404] PCI: MMCONFIG for domain 0000 [bus 00-3f] at [mem 0xf8000000-0xfbffffff] (base 0xf8000000)
