Jul 17 17:20:38 shrinivaasanka-Inspiron-1545 kernel: [    0.000000]  gran_size: 256K 	chunk_size: 4M 	num_reg: 7  	lose cover RAM: 29188M
Jul 17 17:20:38 shrinivaasanka-Inspiron-1545 kernel: [    0.000000]  gran_size: 256K 	chunk_size: 8M 	num_reg: 7  	lose cover RAM: 29184M
Jul 17 17:20:38 shrinivaasanka-Inspiron-1545 kernel: [    0.000000]  gran_size: 256K 	chunk_size: 16M 	num_reg: 7  	lose cover RAM: 29184M
Jul 17 17:20:38 shrinivaasanka-Inspiron-1545 kernel: [    0.000000]  gran_size: 256K 	chunk_size: 32M 	num_reg: 7  	lose cover RAM: 29184M
Jul 17 17:20:38 shrinivaasanka-Inspiron-1545 kernel: [    0.000000]  gran_size: 256K 	chunk_size: 64M 	num_reg: 7  	lose cover RAM: 16G
Jul 17 17:20:38 shrinivaasanka-Inspiron-1545 kernel: [    0.000000]  gran_size: 256K 	chunk_size: 128M 	num_reg: 7  	lose cover RAM: 16G
Jul 17 17:20:38 shrinivaasanka-Inspiron-1545 kernel: [    0.000000]  gran_size: 256K 	chunk_size: 256M 	num_reg: 7  	lose cover RAM: 16G
Jul 17 17:20:38 shrinivaasanka-Inspiron-1545 kernel: [    0.000000]  gran_size: 256K 	chunk_size: 512M 	num_reg: 7  	lose cover RAM: 16G
Jul 17 17:20:38 shrinivaasanka-Inspiron-1545 kernel: [    0.000000]  gran_size: 256K 	chunk_size: 1G 	num_reg: 7  	lose cover RAM: 16G
Jul 17 17:20:38 shrinivaasanka-Inspiron-1545 kernel: [    0.000000]  gran_size: 256K 	chunk_size: 2G 	num_reg: 7  	lose cover RAM: 29188M
Jul 17 17:20:38 shrinivaasanka-Inspiron-1545 kernel: [    0.000000]  gran_size: 512K 	chunk_size: 512K 	num_reg: 7  	lose cover RAM: 29188M
Jul 17 17:20:38 shrinivaasanka-Inspiron-1545 kernel: [    0.000000]  gran_size: 512K 	chunk_size: 1M 	num_reg: 7  	lose cover RAM: 29188M
Jul 17 17:20:38 shrinivaasanka-Inspiron-1545 kernel: [    0.000000]  gran_size: 512K 	chunk_size: 2M 	num_reg: 7  	lose cover RAM: 29188M
Jul 17 17:20:38 shrinivaasanka-Inspiron-1545 kernel: [    0.000000]  gran_size: 512K 	chunk_size: 4M 	num_reg: 7  	lose cover RAM: 29188M
Jul 17 17:20:38 shrinivaasanka-Inspiron-1545 kernel: [    0.000000]  gran_size: 512K 	chunk_size: 8M 	num_reg: 7  	lose cover RAM: 29184M
Jul 17 17:20:38 shrinivaasanka-Inspiron-1545 kernel: [    0.000000]  gran_size: 512K 	chunk_size: 16M 	num_reg: 7  	lose cover RAM: 29184M
Jul 17 17:20:38 shrinivaasanka-Inspiron-1545 kernel: [    0.000000]  gran_size: 512K 	chunk_size: 32M 	num_reg: 7  	lose cover RAM: 29184M
Jul 17 17:20:38 shrinivaasanka-Inspiron-1545 kernel: [    0.000000]  gran_size: 512K 	chunk_size: 64M 	num_reg: 7  	lose cover RAM: 16G
Jul 17 17:20:38 shrinivaasanka-Inspiron-1545 kernel: [    0.000000]  gran_size: 512K 	chunk_size: 128M 	num_reg: 7  	lose cover RAM: 16G
Jul 17 17:20:38 shrinivaasanka-Inspiron-1545 kernel: [    0.000000]  gran_size: 512K 	chunk_size: 256M 	num_reg: 7  	lose cover RAM: 16G
Jul 17 17:20:38 shrinivaasanka-Inspiron-1545 kernel: [    0.000000]  gran_size: 512K 	chunk_size: 512M 	num_reg: 7  	lose cover RAM: 16G
Jul 17 17:20:38 shrinivaasanka-Inspiron-1545 kernel: [    0.000000]  gran_size: 512K 	chunk_size: 1G 	num_reg: 7  	lose cover RAM: 16G
Jul 17 17:20:38 shrinivaasanka-Inspiron-1545 kernel: [    0.000000]  gran_size: 512K 	chunk_size: 2G 	num_reg: 7  	lose cover RAM: 29188M
Jul 17 17:20:38 shrinivaasanka-Inspiron-1545 kernel: [    0.000000]  gran_size: 1M 	chunk_size: 1M 	num_reg: 7  	lose cover RAM: 29188M
Jul 17 17:20:38 shrinivaasanka-Inspiron-1545 kernel: [    0.000000]  gran_size: 1M 	chunk_size: 2M 	num_reg: 7  	lose cover RAM: 29188M
Jul 17 17:20:38 shrinivaasanka-Inspiron-1545 kernel: [    0.000000]  gran_size: 1M 	chunk_size: 4M 	num_reg: 7  	lose cover RAM: 29188M
Jul 17 17:20:38 shrinivaasanka-Inspiron-1545 kernel: [    0.000000]  gran_size: 1M 	chunk_size: 8M 	num_reg: 7  	lose cover RAM: 29184M
Jul 17 17:20:38 shrinivaasanka-Inspiron-1545 kernel: [    0.000000]  gran_size: 1M 	chunk_size: 16M 	num_reg: 7  	lose cover RAM: 29184M
Jul 17 17:20:38 shrinivaasanka-Inspiron-1545 kernel: [    0.000000]  gran_size: 1M 	chunk_size: 32M 	num_reg: 7  	lose cover RAM: 29184M
Jul 17 17:20:38 shrinivaasanka-Inspiron-1545 kernel: [    0.000000]  gran_size: 1M 	chunk_size: 64M 	num_reg: 7  	lose cover RAM: 16G
Jul 17 17:20:38 shrinivaasanka-Inspiron-1545 kernel: [    0.000000]  gran_size: 1M 	chunk_size: 128M 	num_reg: 7  	lose cover RAM: 16G
Jul 17 17:20:38 shrinivaasanka-Inspiron-1545 kernel: [    0.000000]  gran_size: 1M 	chunk_size: 256M 	num_reg: 7  	lose cover RAM: 16G
Jul 17 17:20:38 shrinivaasanka-Inspiron-1545 kernel: [    0.000000]  gran_size: 1M 	chunk_size: 512M 	num_reg: 7  	lose cover RAM: 16G
Jul 17 17:20:38 shrinivaasanka-Inspiron-1545 kernel: [    0.000000]  gran_size: 1M 	chunk_size: 1G 	num_reg: 7  	lose cover RAM: 16G
Jul 17 17:20:38 shrinivaasanka-Inspiron-1545 kernel: [    0.000000]  gran_size: 1M 	chunk_size: 2G 	num_reg: 7  	lose cover RAM: 29188M
Jul 17 17:20:38 shrinivaasanka-Inspiron-1545 kernel: [    0.000000]  gran_size: 2M 	chunk_size: 2M 	num_reg: 7  	lose cover RAM: 29188M
Jul 17 17:20:38 shrinivaasanka-Inspiron-1545 kernel: [    0.000000]  gran_size: 2M 	chunk_size: 4M 	num_reg: 7  	lose cover RAM: 29188M
Jul 17 17:20:38 shrinivaasanka-Inspiron-1545 kernel: [    0.000000]  gran_size: 2M 	chunk_size: 8M 	num_reg: 7  	lose cover RAM: 29184M
Jul 17 17:20:38 shrinivaasanka-Inspiron-1545 kernel: [    0.000000]  gran_size: 2M 	chunk_size: 16M 	num_reg: 7  	lose cover RAM: 29184M
Jul 17 17:20:38 shrinivaasanka-Inspiron-1545 kernel: [    0.000000]  gran_size: 2M 	chunk_size: 32M 	num_reg: 7  	lose cover RAM: 29184M
Jul 17 17:20:38 shrinivaasanka-Inspiron-1545 kernel: [    0.000000]  gran_size: 2M 	chunk_size: 64M 	num_reg: 7  	lose cover RAM: 16G
Jul 17 17:20:38 shrinivaasanka-Inspiron-1545 kernel: [    0.000000]  gran_size: 2M 	chunk_size: 128M 	num_reg: 7  	lose cover RAM: 16G
Jul 17 17:20:38 shrinivaasanka-Inspiron-1545 kernel: [    0.000000]  gran_size: 2M 	chunk_size: 256M 	num_reg: 7  	lose cover RAM: 16G
Jul 17 17:20:38 shrinivaasanka-Inspiron-1545 kernel: [    0.000000]  gran_size: 2M 	chunk_size: 512M 	num_reg: 7  	lose cover RAM: 16G
Jul 17 17:20:38 shrinivaasanka-Inspiron-1545 kernel: [    0.000000]  gran_size: 2M 	chunk_size: 1G 	num_reg: 7  	lose cover RAM: 16G
Jul 17 17:20:38 shrinivaasanka-Inspiron-1545 kernel: [    0.000000]  gran_size: 2M 	chunk_size: 2G 	num_reg: 7  	lose cover RAM: 29188M
Jul 17 17:20:38 shrinivaasanka-Inspiron-1545 kernel: [    0.000000]  gran_size: 4M 	chunk_size: 4M 	num_reg: 7  	lose cover RAM: 29188M
Jul 17 17:20:38 shrinivaasanka-Inspiron-1545 kernel: [    0.000000]  gran_size: 4M 	chunk_size: 8M 	num_reg: 7  	lose cover RAM: 29184M
Jul 17 17:20:38 shrinivaasanka-Inspiron-1545 kernel: [    0.000000]  gran_size: 4M 	chunk_size: 16M 	num_reg: 7  	lose cover RAM: 29184M
Jul 17 17:20:38 shrinivaasanka-Inspiron-1545 kernel: [    0.000000]  gran_size: 4M 	chunk_size: 32M 	num_reg: 7  	lose cover RAM: 29184M
Jul 17 17:20:38 shrinivaasanka-Inspiron-1545 kernel: [    0.000000]  gran_size: 4M 	chunk_size: 64M 	num_reg: 7  	lose cover RAM: 16G
Jul 17 17:20:38 shrinivaasanka-Inspiron-1545 kernel: [    0.000000]  gran_size: 4M 	chunk_size: 128M 	num_reg: 7  	lose cover RAM: 16G
Jul 17 17:20:38 shrinivaasanka-Inspiron-1545 kernel: [    0.000000]  gran_size: 4M 	chunk_size: 256M 	num_reg: 7  	lose cover RAM: 16G
Jul 17 17:20:38 shrinivaasanka-Inspiron-1545 kernel: [    0.000000]  gran_size: 4M 	chunk_size: 512M 	num_reg: 7  	lose cover RAM: 16G
Jul 17 17:20:38 shrinivaasanka-Inspiron-1545 kernel: [    0.000000]  gran_size: 4M 	chunk_size: 1G 	num_reg: 7  	lose cover RAM: 16G
Jul 17 17:20:38 shrinivaasanka-Inspiron-1545 kernel: [    0.000000]  gran_size: 4M 	chunk_size: 2G 	num_reg: 7  	lose cover RAM: 29188M
Jul 17 17:20:38 shrinivaasanka-Inspiron-1545 kernel: [    0.000000]  gran_size: 8M 	chunk_size: 8M 	num_reg: 7  	lose cover RAM: 29188M
Jul 17 17:20:38 shrinivaasanka-Inspiron-1545 kernel: [    0.000000]  gran_size: 8M 	chunk_size: 16M 	num_reg: 7  	lose cover RAM: 29188M
Jul 17 17:20:38 shrinivaasanka-Inspiron-1545 kernel: [    0.000000]  gran_size: 8M 	chunk_size: 32M 	num_reg: 7  	lose cover RAM: 29188M
Jul 17 17:20:38 shrinivaasanka-Inspiron-1545 kernel: [    0.000000]  gran_size: 8M 	chunk_size: 64M 	num_reg: 7  	lose cover RAM: 16388M
Jul 17 17:20:38 shrinivaasanka-Inspiron-1545 kernel: [    0.000000]  gran_size: 8M 	chunk_size: 128M 	num_reg: 7  	lose cover RAM: 16388M
Jul 17 17:20:38 shrinivaasanka-Inspiron-1545 kernel: [    0.000000]  gran_size: 8M 	chunk_size: 256M 	num_reg: 7  	lose cover RAM: 16388M
Jul 17 17:20:38 shrinivaasanka-Inspiron-1545 kernel: [    0.000000]  gran_size: 8M 	chunk_size: 512M 	num_reg: 7  	lose cover RAM: 16388M
Jul 17 17:20:38 shrinivaasanka-Inspiron-1545 kernel: [    0.000000]  gran_size: 8M 	chunk_size: 1G 	num_reg: 7  	lose cover RAM: 16388M
Jul 17 17:20:38 shrinivaasanka-Inspiron-1545 kernel: [    0.000000]  gran_size: 8M 	chunk_size: 2G 	num_reg: 7  	lose cover RAM: 29188M
Jul 17 17:20:38 shrinivaasanka-Inspiron-1545 kernel: [    0.000000]  gran_size: 16M 	chunk_size: 16M 	num_reg: 7  	lose cover RAM: 28684M
Jul 17 17:20:38 shrinivaasanka-Inspiron-1545 kernel: [    0.000000]  gran_size: 16M 	chunk_size: 32M 	num_reg: 7  	lose cover RAM: 29196M
Jul 17 17:20:38 shrinivaasanka-Inspiron-1545 kernel: [    0.000000]  gran_size: 16M 	chunk_size: 64M 	num_reg: 7  	lose cover RAM: 16396M
Jul 17 17:20:38 shrinivaasanka-Inspiron-1545 kernel: [    0.000000]  gran_size: 16M 	chunk_size: 128M 	num_reg: 7  	lose cover RAM: 16396M
Jul 17 17:20:38 shrinivaasanka-Inspiron-1545 kernel: [    0.000000]  gran_size: 16M 	chunk_size: 256M 	num_reg: 7  	lose cover RAM: 16396M
Jul 17 17:20:38 shrinivaasanka-Inspiron-1545 kernel: [    0.000000]  gran_size: 16M 	chunk_size: 512M 	num_reg: 7  	lose cover RAM: 16396M
Jul 17 17:20:38 shrinivaasanka-Inspiron-1545 kernel: [    0.000000]  gran_size: 16M 	chunk_size: 1G 	num_reg: 7  	lose cover RAM: 16396M
Jul 17 17:20:38 shrinivaasanka-Inspiron-1545 kernel: [    0.000000]  gran_size: 16M 	chunk_size: 2G 	num_reg: 7  	lose cover RAM: 28172M
Jul 17 17:20:38 shrinivaasanka-Inspiron-1545 kernel: [    0.000000]  gran_size: 32M 	chunk_size: 32M 	num_reg: 7  	lose cover RAM: 24604M
Jul 17 17:20:38 shrinivaasanka-Inspiron-1545 kernel: [    0.000000]  gran_size: 32M 	chunk_size: 64M 	num_reg: 7  	lose cover RAM: 24604M
Jul 17 17:20:38 shrinivaasanka-Inspiron-1545 kernel: [    0.000000]  gran_size: 32M 	chunk_size: 128M 	num_reg: 7  	lose cover RAM: 28M
Jul 17 17:20:38 shrinivaasanka-Inspiron-1545 kernel: [    0.000000]  gran_size: 32M 	chunk_size: 256M 	num_reg: 7  	lose cover RAM: 28M
Jul 17 17:20:38 shrinivaasanka-Inspiron-1545 kernel: [    0.000000]  gran_size: 32M 	chunk_size: 512M 	num_reg: 7  	lose cover RAM: 28M
Jul 17 17:20:38 shrinivaasanka-Inspiron-1545 kernel: [    0.000000]  gran_size: 32M 	chunk_size: 1G 	num_reg: 7  	lose cover RAM: 28M
Jul 17 17:20:38 shrinivaasanka-Inspiron-1545 kernel: [    0.000000]  gran_size: 32M 	chunk_size: 2G 	num_reg: 7  	lose cover RAM: 27164M
Jul 17 17:20:38 shrinivaasanka-Inspiron-1545 kernel: [    0.000000]  gran_size: 64M 	chunk_size: 64M 	num_reg: 7  	lose cover RAM: 24604M
Jul 17 17:20:38 shrinivaasanka-Inspiron-1545 kernel: [    0.000000]  gran_size: 64M 	chunk_size: 128M 	num_reg: 7  	lose cover RAM: 28M
Jul 17 17:20:38 shrinivaasanka-Inspiron-1545 kernel: [    0.000000]  gran_size: 64M 	chunk_size: 256M 	num_reg: 7  	lose cover RAM: 28M
Jul 17 17:20:38 shrinivaasanka-Inspiron-1545 kernel: [    0.000000]  gran_size: 64M 	chunk_size: 512M 	num_reg: 7  	lose cover RAM: 28M
Jul 17 17:20:38 shrinivaasanka-Inspiron-1545 kernel: [    0.000000]  gran_size: 64M 	chunk_size: 1G 	num_reg: 7  	lose cover RAM: 28M
Jul 17 17:20:38 shrinivaasanka-Inspiron-1545 kernel: [    0.000000]  gran_size: 64M 	chunk_size: 2G 	num_reg: 7  	lose cover RAM: 27164M
Jul 17 17:20:38 shrinivaasanka-Inspiron-1545 kernel: [    0.000000]  gran_size: 128M 	chunk_size: 128M 	num_reg: 7  	lose cover RAM: 16476M
Jul 17 17:20:38 shrinivaasanka-Inspiron-1545 kernel: [    0.000000]  gran_size: 128M 	chunk_size: 256M 	num_reg: 7  	lose cover RAM: 92M
Jul 17 17:20:38 shrinivaasanka-Inspiron-1545 kernel: [    0.000000]  gran_size: 128M 	chunk_size: 512M 	num_reg: 7  	lose cover RAM: 92M
Jul 17 17:20:38 shrinivaasanka-Inspiron-1545 kernel: [    0.000000]  gran_size: 128M 	chunk_size: 1G 	num_reg: 7  	lose cover RAM: 92M
Jul 17 17:20:38 shrinivaasanka-Inspiron-1545 kernel: [    0.000000]  gran_size: 128M 	chunk_size: 2G 	num_reg: 7  	lose cover RAM: 27740M
Jul 17 17:20:38 shrinivaasanka-Inspiron-1545 kernel: [    0.000000]  gran_size: 256M 	chunk_size: 256M 	num_reg: 7  	lose cover RAM: 220M
Jul 17 17:20:38 shrinivaasanka-Inspiron-1545 kernel: [    0.000000]  gran_size: 256M 	chunk_size: 512M 	num_reg: 7  	lose cover RAM: 220M
Jul 17 17:20:38 shrinivaasanka-Inspiron-1545 kernel: [    0.000000]  gran_size: 256M 	chunk_size: 1G 	num_reg: 7  	lose cover RAM: 220M
Jul 17 17:20:38 shrinivaasanka-Inspiron-1545 kernel: [    0.000000]  gran_size: 256M 	chunk_size: 2G 	num_reg: 7  	lose cover RAM: 26844M
Jul 17 17:20:38 shrinivaasanka-Inspiron-1545 kernel: [    0.000000]  gran_size: 512M 	chunk_size: 512M 	num_reg: 6  	lose cover RAM: 476M
Jul 17 17:20:38 shrinivaasanka-Inspiron-1545 kernel: [    0.000000]  gran_size: 512M 	chunk_size: 1G 	num_reg: 7  	lose cover RAM: 476M
Jul 17 17:20:38 shrinivaasanka-Inspiron-1545 kernel: [    0.000000]  gran_size: 512M 	chunk_size: 2G 	num_reg: 7  	lose cover RAM: 25052M
Jul 17 17:20:38 shrinivaasanka-Inspiron-1545 kernel: [    0.000000]  gran_size: 1G 	chunk_size: 1G 	num_reg: 4  	lose cover RAM: 1500M
Jul 17 17:20:38 shrinivaasanka-Inspiron-1545 kernel: [    0.000000]  gran_size: 1G 	chunk_size: 2G 	num_reg: 4  	lose cover RAM: 1500M
Jul 17 17:20:38 shrinivaasanka-Inspiron-1545 kernel: [    0.000000]  gran_size: 2G 	chunk_size: 2G 	num_reg: 4  	lose cover RAM: 1500M
Jul 17 17:20:38 shrinivaasanka-Inspiron-1545 kernel: [    0.000000] mtrr_cleanup: can not find optimal value
Jul 17 17:20:38 shrinivaasanka-Inspiron-1545 kernel: [    0.000000] please specify mtrr_gran_size/mtrr_chunk_size
Jul 17 17:20:38 shrinivaasanka-Inspiron-1545 kernel: [    0.000000] e820: update [mem 0xbdc00000-0xbfffffff] usable ==> reserved
Jul 17 17:20:38 shrinivaasanka-Inspiron-1545 kernel: [    0.000000] e820: update [mem 0xe0000000-0xffffffff] usable ==> reserved
Jul 17 17:20:38 shrinivaasanka-Inspiron-1545 kernel: [    0.000000] Scanning 1 areas for low memory corruption
Jul 17 17:20:38 shrinivaasanka-Inspiron-1545 kernel: [    0.000000] initial memory mapped: [mem 0x00000000-0x021fffff]
Jul 17 17:20:38 shrinivaasanka-Inspiron-1545 kernel: [    0.000000] Base memory trampoline at [c009b000] 9b000 size 16384
Jul 17 17:20:38 shrinivaasanka-Inspiron-1545 kernel: [    0.000000] init_memory_mapping: [mem 0x00000000-0x000fffff]
Jul 17 17:20:38 shrinivaasanka-Inspiron-1545 kernel: [    0.000000]  [mem 0x00000000-0x000fffff] page 4k
Jul 17 17:20:38 shrinivaasanka-Inspiron-1545 kernel: [    0.000000] init_memory_mapping: [mem 0x37800000-0x379fffff]
Jul 17 17:20:38 shrinivaasanka-Inspiron-1545 kernel: [    0.000000]  [mem 0x37800000-0x379fffff] page 2M
Jul 17 17:20:38 shrinivaasanka-Inspiron-1545 kernel: [    0.000000] init_memory_mapping: [mem 0x20000000-0x377fffff]
Jul 17 17:20:38 shrinivaasanka-Inspiron-1545 kernel: [    0.000000]  [mem 0x20000000-0x377fffff] page 2M
Jul 17 17:20:38 shrinivaasanka-Inspiron-1545 kernel: [    0.000000] init_memory_mapping: [mem 0x00100000-0x1fffffff]
Jul 17 17:20:38 shrinivaasanka-Inspiron-1545 kernel: [    0.000000]  [mem 0x00100000-0x001fffff] page 4k
Jul 17 17:20:38 shrinivaasanka-Inspiron-1545 kernel: [    0.000000]  [mem 0x00200000-0x1fffffff] page 2M
Jul 17 17:20:38 shrinivaasanka-Inspiron-1545 kernel: [    0.000000] init_memory_mapping: [mem 0x37a00000-0x37bfdfff]
Jul 17 17:20:38 shrinivaasanka-Inspiron-1545 kernel: [    0.000000]  [mem 0x37a00000-0x37bfdfff] page 4k
Jul 17 17:20:38 shrinivaasanka-Inspiron-1545 kernel: [    0.000000] BRK [0x01c72000, 0x01c72fff] PGTABLE
Jul 17 17:20:38 shrinivaasanka-Inspiron-1545 kernel: [    0.000000] BRK [0x01c73000, 0x01c73fff] PGTABLE
Jul 17 17:20:38 shrinivaasanka-Inspiron-1545 kernel: [    0.000000] RAMDISK: [mem 0x1c7ce000-0x2a3defff]
Jul 17 17:20:38 shrinivaasanka-Inspiron-1545 kernel: [    0.000000] ACPI: Early table checksum verification disabled
Jul 17 17:20:38 shrinivaasanka-Inspiron-1545 kernel: [    0.000000] ACPI: RSDP 0x00000000000FBDD0 000024 (v02 DELL  )
Jul 17 17:20:38 shrinivaasanka-Inspiron-1545 kernel: [    0.000000] ACPI: XSDT 0x00000000BDAC3E00 000054 (v01 DELL   WN09     27D90C07 ASL  00000061)
Jul 17 17:20:38 shrinivaasanka-Inspiron-1545 kernel: [    0.000000] ACPI: FACP 0x00000000BDAC3C9C 0000F4 (v04 DELL   WN09     27D90C07 ASL  00000061)
Jul 17 17:20:38 shrinivaasanka-Inspiron-1545 kernel: [    0.000000] ACPI BIOS Warning (bug): 32/64X length mismatch in FADT/Gpe0Block: 128/64 (20150204/tbfadt-618)
Jul 17 17:20:38 shrinivaasanka-Inspiron-1545 kernel: [    0.000000] ACPI: DSDT 0x00000000BDAC4400 005451 (v02 INT430 SYSFexxx 00001001 INTL 20050624)
Jul 17 17:20:38 shrinivaasanka-Inspiron-1545 kernel: [    0.000000] ACPI: FACS 0x00000000BDAD2C00 000040
Jul 17 17:20:38 shrinivaasanka-Inspiron-1545 kernel: [    0.000000] ACPI: HPET 0x00000000BDAC3F00 000038 (v01 DELL   WN09     00000001 ASL  00000061)
Jul 17 17:20:38 shrinivaasanka-Inspiron-1545 kernel: [    0.000000] ACPI: APIC 0x00000000BDAC4000 000068 (v01 DELL   WN09     27D90C07 ASL  00000047)
Jul 17 17:20:38 shrinivaasanka-Inspiron-1545 kernel: [    0.000000] ACPI: MCFG 0x00000000BDAC3FC0 00003E (v16 DELL   WN09     27D90C07 ASL  00000061)
Jul 17 17:20:38 shrinivaasanka-Inspiron-1545 kernel: [    0.000000] ACPI: SLIC 0x00000000BDAC409C 000176 (v01 DELL   WN09     27D90C07 ASL  00000061)
Jul 17 17:20:38 shrinivaasanka-Inspiron-1545 kernel: [    0.000000] ACPI: SSDT 0x00000000BDAC2363 00066C (v01 PmRef  CpuPm    00003000 INTL 20050624)
Jul 17 17:20:38 shrinivaasanka-Inspiron-1545 kernel: [    0.000000] ACPI: Local APIC address 0xfee00000
Jul 17 17:20:38 shrinivaasanka-Inspiron-1545 kernel: [    0.000000] 2140MB HIGHMEM available.
Jul 17 17:20:38 shrinivaasanka-Inspiron-1545 kernel: [    0.000000] 891MB LOWMEM available.
Jul 17 17:20:38 shrinivaasanka-Inspiron-1545 kernel: [    0.000000]   mapped low ram: 0 - 37bfe000
Jul 17 17:20:38 shrinivaasanka-Inspiron-1545 kernel: [    0.000000]   low ram: 0 - 37bfe000
Jul 17 17:20:38 shrinivaasanka-Inspiron-1545 kernel: [    0.000000] Zone ranges:
Jul 17 17:20:38 shrinivaasanka-Inspiron-1545 kernel: [    0.000000]   DMA      [mem 0x0000000000001000-0x0000000000ffffff]
Jul 17 17:20:38 shrinivaasanka-Inspiron-1545 kernel: [    0.000000]   Normal   [mem 0x0000000001000000-0x0000000037bfdfff]
Jul 17 17:20:38 shrinivaasanka-Inspiron-1545 kernel: [    0.000000]   HighMem  [mem 0x0000000037bfe000-0x00000000bd8befff]
Jul 17 17:20:38 shrinivaasanka-Inspiron-1545 kernel: [    0.000000] Movable zone start for each node
Jul 17 17:20:38 shrinivaasanka-Inspiron-1545 kernel: [    0.000000] Early memory node ranges
Jul 17 17:20:38 shrinivaasanka-Inspiron-1545 kernel: [    0.000000]   node   0: [mem 0x0000000000001000-0x000000000009efff]
Jul 17 17:20:38 shrinivaasanka-Inspiron-1545 kernel: [    0.000000]   node   0: [mem 0x0000000000100000-0x00000000bd8befff]
Jul 17 17:20:38 shrinivaasanka-Inspiron-1545 kernel: [    0.000000] Initmem setup node 0 [mem 0x0000000000001000-0x00000000bd8befff]
Jul 17 17:20:38 shrinivaasanka-Inspiron-1545 kernel: [    0.000000] On node 0 totalpages: 776285
Jul 17 17:20:38 shrinivaasanka-Inspiron-1545 kernel: [    0.000000]   DMA zone: 40 pages used for memmap
Jul 17 17:20:38 shrinivaasanka-Inspiron-1545 kernel: [    0.000000]   DMA zone: 0 pages reserved
Jul 17 17:20:38 shrinivaasanka-Inspiron-1545 kernel: [    0.000000]   DMA zone: 3998 pages, LIFO batch:0
Jul 17 17:20:38 shrinivaasanka-Inspiron-1545 kernel: [    0.000000]   Normal zone: 2190 pages used for memmap
Jul 17 17:20:38 shrinivaasanka-Inspiron-1545 kernel: [    0.000000]   Normal zone: 224254 pages, LIFO batch:31
Jul 17 17:20:38 shrinivaasanka-Inspiron-1545 kernel: [    0.000000]   HighMem zone: 548033 pages, LIFO batch:31
Jul 17 17:20:38 shrinivaasanka-Inspiron-1545 kernel: [    0.000000] Using APIC driver default
Jul 17 17:20:38 shrinivaasanka-Inspiron-1545 kernel: [    0.000000] Reserving Intel graphics stolen memory at 0xbe000000-0xbfffffff
Jul 17 17:20:38 shrinivaasanka-Inspiron-1545 kernel: [    0.000000] ACPI: PM-Timer IO Port: 0x1008
Jul 17 17:20:38 shrinivaasanka-Inspiron-1545 kernel: [    0.000000] ACPI: Local APIC address 0xfee00000
Jul 17 17:20:38 shrinivaasanka-Inspiron-1545 kernel: [    0.000000] ACPI: LAPIC (acpi_id[0x00] lapic_id[0x00] enabled)
Jul 17 17:20:38 shrinivaasanka-Inspiron-1545 kernel: [    0.000000] ACPI: LAPIC (acpi_id[0x01] lapic_id[0x01] enabled)
Jul 17 17:20:38 shrinivaasanka-Inspiron-1545 kernel: [    0.000000] ACPI: LAPIC_NMI (acpi_id[0x00] high edge lint[0x1])
Jul 17 17:20:38 shrinivaasanka-Inspiron-1545 kernel: [    0.000000] ACPI: LAPIC_NMI (acpi_id[0x01] high edge lint[0x1])
Jul 17 17:20:38 shrinivaasanka-Inspiron-1545 kernel: [    0.000000] ACPI: IOAPIC (id[0x02] address[0xfec00000] gsi_base[0])
Jul 17 17:20:38 shrinivaasanka-Inspiron-1545 kernel: [    0.000000] IOAPIC[0]: apic_id 2, version 32, address 0xfec00000, GSI 0-23
Jul 17 17:20:38 shrinivaasanka-Inspiron-1545 kernel: [    0.000000] ACPI: INT_SRC_OVR (bus 0 bus_irq 0 global_irq 2 dfl dfl)
Jul 17 17:20:38 shrinivaasanka-Inspiron-1545 kernel: [    0.000000] ACPI: INT_SRC_OVR (bus 0 bus_irq 9 global_irq 9 high level)
Jul 17 17:20:38 shrinivaasanka-Inspiron-1545 kernel: [    0.000000] ACPI: IRQ0 used by override.
Jul 17 17:20:38 shrinivaasanka-Inspiron-1545 kernel: [    0.000000] ACPI: IRQ9 used by override.
Jul 17 17:20:38 shrinivaasanka-Inspiron-1545 kernel: [    0.000000] Using ACPI (MADT) for SMP configuration information
Jul 17 17:20:38 shrinivaasanka-Inspiron-1545 kernel: [    0.000000] ACPI: HPET id: 0x8086a201 base: 0xfed00000
Jul 17 17:20:38 shrinivaasanka-Inspiron-1545 kernel: [    0.000000] smpboot: Allowing 2 CPUs, 0 hotplug CPUs
Jul 17 17:20:38 shrinivaasanka-Inspiron-1545 kernel: [    0.000000] PM: Registered nosave memory: [mem 0x00000000-0x00000fff]
Jul 17 17:20:38 shrinivaasanka-Inspiron-1545 kernel: [    0.000000] PM: Registered nosave memory: [mem 0x0009f000-0x0009ffff]
Jul 17 17:20:38 shrinivaasanka-Inspiron-1545 kernel: [    0.000000] PM: Registered nosave memory: [mem 0x000a0000-0x000fffff]
Jul 17 17:20:38 shrinivaasanka-Inspiron-1545 kernel: [    0.000000] e820: [mem 0xc0000000-0xf7ffffff] available for PCI devices
Jul 17 17:20:38 shrinivaasanka-Inspiron-1545 kernel: [    0.000000] Booting paravirtualized kernel on bare hardware
Jul 17 17:20:38 shrinivaasanka-Inspiron-1545 kernel: [    0.000000] setup_percpu: NR_CPUS:8 nr_cpumask_bits:8 nr_cpu_ids:2 nr_node_ids:1
Jul 17 17:20:38 shrinivaasanka-Inspiron-1545 kernel: [    0.000000] PERCPU: Embedded 18 pages/cpu @f5db3000 s44876 r0 d28852 u73728
Jul 17 17:20:38 shrinivaasanka-Inspiron-1545 kernel: [    0.000000] pcpu-alloc: s44876 r0 d28852 u73728 alloc=18*4096
Jul 17 17:20:38 shrinivaasanka-Inspiron-1545 kernel: [    0.000000] pcpu-alloc: [0] 0 [0] 1 
Jul 17 17:20:38 shrinivaasanka-Inspiron-1545 kernel: [    0.000000] Built 1 zonelists in Zone order, mobility grouping on.  Total pages: 774055
Jul 17 17:20:38 shrinivaasanka-Inspiron-1545 kernel: [    0.000000] Kernel command line: BOOT_IMAGE=/boot/vmlinuz-4.0.5 root=UUID=a17d2cbc-55c6-4d07-9ff0-e058fee06d24 ro quiet splash vt.handoff=7 init=/sbin/upstart
Jul 17 17:20:38 shrinivaasanka-Inspiron-1545 kernel: [    0.000000] PID hash table entries: 4096 (order: 2, 16384 bytes)
Jul 17 17:20:38 shrinivaasanka-Inspiron-1545 kernel: [    0.000000] Dentry cache hash table entries: 131072 (order: 7, 524288 bytes)
Jul 17 17:20:38 shrinivaasanka-Inspiron-1545 kernel: [    0.000000] Inode-cache hash table entries: 65536 (order: 6, 262144 bytes)
Jul 17 17:20:38 shrinivaasanka-Inspiron-1545 kernel: [    0.000000] CPU0 microcode updated early to revision 0xa0b, date = 2010-09-28
Jul 17 17:20:38 shrinivaasanka-Inspiron-1545 kernel: [    0.000000] Initializing CPU#0
Jul 17 17:20:38 shrinivaasanka-Inspiron-1545 kernel: [    0.000000] xsave: enabled xstate_bv 0x3, cntxt size 0x240 using standard form
Jul 17 17:20:38 shrinivaasanka-Inspiron-1545 kernel: [    0.000000] Initializing HighMem for node 0 (00037bfe:000bd8bf)
Jul 17 17:20:38 shrinivaasanka-Inspiron-1545 kernel: [    0.000000] Initializing Movable for node 0 (00000000:00000000)
Jul 17 17:20:38 shrinivaasanka-Inspiron-1545 kernel: [    0.000000] Memory: 2835148K/3105140K available (7094K kernel code, 686K rwdata, 3164K rodata, 884K init, 796K bss, 269992K reserved, 0K cma-reserved, 2192132K highmem)
Jul 17 17:20:38 shrinivaasanka-Inspiron-1545 kernel: [    0.000000] virtual kernel memory layout:
Jul 17 17:20:38 shrinivaasanka-Inspiron-1545 kernel: [    0.000000]     fixmap  : 0xfff15000 - 0xfffff000   ( 936 kB)
Jul 17 17:20:38 shrinivaasanka-Inspiron-1545 kernel: [    0.000000]     pkmap   : 0xffc00000 - 0xffe00000   (2048 kB)
Jul 17 17:20:38 shrinivaasanka-Inspiron-1545 kernel: [    0.000000]     vmalloc : 0xf83fe000 - 0xffbfe000   ( 120 MB)
Jul 17 17:20:38 shrinivaasanka-Inspiron-1545 kernel: [    0.000000]     lowmem  : 0xc0000000 - 0xf7bfe000   ( 891 MB)
Jul 17 17:20:38 shrinivaasanka-Inspiron-1545 kernel: [    0.000000]       .init : 0xc1ab4000 - 0xc1b91000   ( 884 kB)
Jul 17 17:20:38 shrinivaasanka-Inspiron-1545 kernel: [    0.000000]       .data : 0xc16edd38 - 0xc1ab2980   (3859 kB)
Jul 17 17:20:38 shrinivaasanka-Inspiron-1545 kernel: [    0.000000]       .text : 0xc1000000 - 0xc16edd38   (7095 kB)
Jul 17 17:20:38 shrinivaasanka-Inspiron-1545 kernel: [    0.000000] Checking if this processor honours the WP bit even in supervisor mode...Ok.
Jul 17 17:20:38 shrinivaasanka-Inspiron-1545 kernel: [    0.000000] SLUB: HWalign=64, Order=0-3, MinObjects=0, CPUs=2, Nodes=1
Jul 17 17:20:38 shrinivaasanka-Inspiron-1545 kernel: [    0.000000] Hierarchical RCU implementation.
Jul 17 17:20:38 shrinivaasanka-Inspiron-1545 kernel: [    0.000000] 	RCU dyntick-idle grace-period acceleration is enabled.
Jul 17 17:20:38 shrinivaasanka-Inspiron-1545 kernel: [    0.000000] 	RCU restricting CPUs from NR_CPUS=8 to nr_cpu_ids=2.
Jul 17 17:20:38 shrinivaasanka-Inspiron-1545 kernel: [    0.000000] RCU: Adjusting geometry for rcu_fanout_leaf=16, nr_cpu_ids=2
Jul 17 17:20:38 shrinivaasanka-Inspiron-1545 kernel: [    0.000000] NR_IRQS:2304 nr_irqs:440 16
Jul 17 17:20:38 shrinivaasanka-Inspiron-1545 kernel: [    0.000000] CPU 0 irqstacks, hard=f5836000 soft=f5838000
Jul 17 17:20:38 shrinivaasanka-Inspiron-1545 kernel: [    0.000000] Console: colour dummy device 80x25
Jul 17 17:20:38 shrinivaasanka-Inspiron-1545 kernel: [    0.000000] console [tty0] enabled
Jul 17 17:20:38 shrinivaasanka-Inspiron-1545 kernel: [    0.000000] hpet clockevent registered
Jul 17 17:20:38 shrinivaasanka-Inspiron-1545 kernel: [    0.000000] tsc: Fast TSC calibration using PIT
Jul 17 17:20:38 shrinivaasanka-Inspiron-1545 kernel: [    0.000000] tsc: Detected 1994.890 MHz processor
Jul 17 17:20:38 shrinivaasanka-Inspiron-1545 kernel: [    0.004012] Calibrating delay loop (skipped), value calculated using timer frequency.. 3989.78 BogoMIPS (lpj=7979560)
Jul 17 17:20:38 shrinivaasanka-Inspiron-1545 kernel: [    0.004016] pid_max: default: 32768 minimum: 301
Jul 17 17:20:38 shrinivaasanka-Inspiron-1545 kernel: [    0.004023] ACPI: Core revision 20150204
Jul 17 17:20:38 shrinivaasanka-Inspiron-1545 kernel: [    0.011876] ACPI: All ACPI Tables successfully acquired
Jul 17 17:20:38 shrinivaasanka-Inspiron-1545 kernel: [    0.012026] Security Framework initialized
Jul 17 17:20:38 shrinivaasanka-Inspiron-1545 kernel: [    0.012043] AppArmor: AppArmor initialized
Jul 17 17:20:38 shrinivaasanka-Inspiron-1545 kernel: [    0.012044] Yama: becoming mindful.
Jul 17 17:20:38 shrinivaasanka-Inspiron-1545 kernel: [    0.012093] Mount-cache hash table entries: 2048 (order: 1, 8192 bytes)
Jul 17 17:20:38 shrinivaasanka-Inspiron-1545 kernel: [    0.012096] Mountpoint-cache hash table entries: 2048 (order: 1, 8192 bytes)
Jul 17 17:20:38 shrinivaasanka-Inspiron-1545 kernel: [    0.012356] Initializing cgroup subsys blkio
Jul 17 17:20:38 shrinivaasanka-Inspiron-1545 kernel: [    0.012360] Initializing cgroup subsys memory
Jul 17 17:20:38 shrinivaasanka-Inspiron-1545 kernel: [    0.012370] Initializing cgroup subsys devices
Jul 17 17:20:38 shrinivaasanka-Inspiron-1545 kernel: [    0.012373] Initializing cgroup subsys freezer
Jul 17 17:20:38 shrinivaasanka-Inspiron-1545 kernel: [    0.012377] Initializing cgroup subsys net_cls
Jul 17 17:20:38 shrinivaasanka-Inspiron-1545 kernel: [    0.012380] Initializing cgroup subsys perf_event
Jul 17 17:20:38 shrinivaasanka-Inspiron-1545 kernel: [    0.012384] Initializing cgroup subsys net_prio
Jul 17 17:20:38 shrinivaasanka-Inspiron-1545 kernel: [    0.012387] Initializing cgroup subsys hugetlb
Jul 17 17:20:38 shrinivaasanka-Inspiron-1545 kernel: [    0.012412] CPU: Physical Processor ID: 0
Jul 17 17:20:38 shrinivaasanka-Inspiron-1545 kernel: [    0.012414] CPU: Processor Core ID: 0
Jul 17 17:20:38 shrinivaasanka-Inspiron-1545 kernel: [    0.012419] mce: CPU supports 6 MCE banks
Jul 17 17:20:38 shrinivaasanka-Inspiron-1545 kernel: [    0.012428] CPU0: Thermal monitoring enabled (TM2)
Jul 17 17:20:38 shrinivaasanka-Inspiron-1545 kernel: [    0.012432] process: using mwait in idle threads
Jul 17 17:20:38 shrinivaasanka-Inspiron-1545 kernel: [    0.012439] Last level iTLB entries: 4KB 128, 2MB 4, 4MB 4
Jul 17 17:20:38 shrinivaasanka-Inspiron-1545 kernel: [    0.012441] Last level dTLB entries: 4KB 256, 2MB 0, 4MB 32, 1GB 0
Jul 17 17:20:38 shrinivaasanka-Inspiron-1545 kernel: [    0.012934] Freeing SMP alternatives memory: 32K (c1b91000 - c1b99000)
Jul 17 17:20:38 shrinivaasanka-Inspiron-1545 kernel: [    0.017180] ftrace: allocating 29235 entries in 58 pages
Jul 17 17:20:38 shrinivaasanka-Inspiron-1545 kernel: [    0.024103] Enabling APIC mode:  Flat.  Using 1 I/O APICs
Jul 17 17:20:38 shrinivaasanka-Inspiron-1545 kernel: [    0.024557] ..TIMER: vector=0x30 apic1=0 pin1=2 apic2=-1 pin2=-1
Jul 17 17:20:38 shrinivaasanka-Inspiron-1545 kernel: [    0.068000] smpboot: CPU0: Intel(R) Core(TM)2 Duo CPU     T6400  @ 2.00GHz (fam: 06, model: 17, stepping: 0a)
Jul 17 17:20:38 shrinivaasanka-Inspiron-1545 kernel: [    0.068000] Performance Events: PEBS fmt0+, 4-deep LBR, Core2 events, Intel PMU driver.
Jul 17 17:20:38 shrinivaasanka-Inspiron-1545 kernel: [    0.068000] ... version:                2
Jul 17 17:20:38 shrinivaasanka-Inspiron-1545 kernel: [    0.068000] ... bit width:              40
Jul 17 17:20:38 shrinivaasanka-Inspiron-1545 kernel: [    0.068000] ... generic registers:      2
Jul 17 17:20:38 shrinivaasanka-Inspiron-1545 kernel: [    0.068000] ... value mask:             000000ffffffffff
Jul 17 17:20:38 shrinivaasanka-Inspiron-1545 kernel: [    0.068000] ... max period:             000000007fffffff
Jul 17 17:20:38 shrinivaasanka-Inspiron-1545 kernel: [    0.068000] ... fixed-purpose events:   3
Jul 17 17:20:38 shrinivaasanka-Inspiron-1545 kernel: [    0.068000] ... event mask:             0000000700000003
Jul 17 17:20:38 shrinivaasanka-Inspiron-1545 kernel: [    0.068000] CPU 1 irqstacks, hard=f5954000 soft=f5956000
Jul 17 17:20:38 shrinivaasanka-Inspiron-1545 kernel: [    0.068000] x86: Booting SMP configuration:
Jul 17 17:20:38 shrinivaasanka-Inspiron-1545 kernel: [    0.068000] .... node  #0, CPUs:      #1
Jul 17 17:20:38 shrinivaasanka-Inspiron-1545 kernel: [    0.008000] CPU1 microcode updated early to revision 0xa0b, date = 2010-09-28
Jul 17 17:20:38 shrinivaasanka-Inspiron-1545 kernel: [    0.008000] Initializing CPU#1
Jul 17 17:20:38 shrinivaasanka-Inspiron-1545 kernel: [    0.080028] x86: Booted up 1 node, 2 CPUs
Jul 17 17:20:38 shrinivaasanka-Inspiron-1545 kernel: [    0.080034] smpboot: Total of 2 processors activated (7979.56 BogoMIPS)
Jul 17 17:20:38 shrinivaasanka-Inspiron-1545 kernel: [    0.080088] NMI watchdog: enabled on all CPUs, permanently consumes one hw-PMU counter.
Jul 17 17:20:38 shrinivaasanka-Inspiron-1545 kernel: [    0.081719] devtmpfs: initialized
Jul 17 17:20:38 shrinivaasanka-Inspiron-1545 kernel: [    0.081719] evm: security.selinux
Jul 17 17:20:38 shrinivaasanka-Inspiron-1545 kernel: [    0.081719] evm: security.SMACK64
Jul 17 17:20:38 shrinivaasanka-Inspiron-1545 kernel: [    0.081719] evm: security.SMACK64EXEC
Jul 17 17:20:38 shrinivaasanka-Inspiron-1545 kernel: [    0.081719] evm: security.SMACK64TRANSMUTE
Jul 17 17:20:38 shrinivaasanka-Inspiron-1545 kernel: [    0.081719] evm: security.SMACK64MMAP
Jul 17 17:20:38 shrinivaasanka-Inspiron-1545 kernel: [    0.081719] evm: security.ima
Jul 17 17:20:38 shrinivaasanka-Inspiron-1545 kernel: [    0.081719] evm: security.capability
Jul 17 17:20:38 shrinivaasanka-Inspiron-1545 kernel: [    0.081719] PM: Registering ACPI NVS region [mem 0xbd8bf400-0xbdac13ff] (2105344 bytes)
Jul 17 17:20:38 shrinivaasanka-Inspiron-1545 kernel: [    0.081719] pinctrl core: initialized pinctrl subsystem
Jul 17 17:20:38 shrinivaasanka-Inspiron-1545 kernel: [    0.081719] RTC time: 17:20:09, date: 07/17/15
Jul 17 17:20:38 shrinivaasanka-Inspiron-1545 kernel: [    0.081719] NET: Registered protocol family 16
Jul 17 17:20:38 shrinivaasanka-Inspiron-1545 kernel: [    0.081719] EISA bus registered
Jul 17 17:20:38 shrinivaasanka-Inspiron-1545 kernel: [    0.092007] cpuidle: using governor ladder
Jul 17 17:20:38 shrinivaasanka-Inspiron-1545 kernel: [    0.104003] cpuidle: using governor menu
Jul 17 17:20:38 shrinivaasanka-Inspiron-1545 kernel: [    0.104147] ACPI: bus type PCI registered
Jul 17 17:20:38 shrinivaasanka-Inspiron-1545 kernel: [    0.104150] acpiphp: ACPI Hot Plug PCI Controller Driver version: 0.5
Jul 17 17:20:38 shrinivaasanka-Inspiron-1545 kernel: [    0.104254] PCI: MMCONFIG for domain 0000 [bus 00-3f] at [mem 0xf8000000-0xfbffffff] (base 0xf8000000)
Jul 17 17:20:38 shrinivaasanka-Inspiron-1545 kernel: [    0.104257] PCI: MMCONFIG at [mem 0xf8000000-0xfbffffff] reserved in E820
Jul 17 17:20:38 shrinivaasanka-Inspiron-1545 kernel: [    0.104259] PCI: Using MMCONFIG for extended config space
Jul 17 17:20:38 shrinivaasanka-Inspiron-1545 kernel: [    0.104261] PCI: Using configuration type 1 for base access
Jul 17 17:20:38 shrinivaasanka-Inspiron-1545 kernel: [    0.104273] dmi type 0xB1 record - unknown flag
Jul 17 17:20:38 shrinivaasanka-Inspiron-1545 kernel: [    0.116145] ACPI: Added _OSI(Module Device)
Jul 17 17:20:38 shrinivaasanka-Inspiron-1545 kernel: [    0.116148] ACPI: Added _OSI(Processor Device)
Jul 17 17:20:38 shrinivaasanka-Inspiron-1545 kernel: [    0.116150] ACPI: Added _OSI(3.0 _SCP Extensions)
Jul 17 17:20:38 shrinivaasanka-Inspiron-1545 kernel: [    0.116152] ACPI: Added _OSI(Processor Aggregator Device)
Jul 17 17:20:38 shrinivaasanka-Inspiron-1545 kernel: [    0.128120] [Firmware Bug]: ACPI: BIOS _OSI(Linux) query ignored
Jul 17 17:20:38 shrinivaasanka-Inspiron-1545 kernel: [    0.131545] ACPI: Dynamic OEM Table Load:
Jul 17 17:20:38 shrinivaasanka-Inspiron-1545 kernel: [    0.131553] ACPI: SSDT 0x00000000F5A29000 00023F (v01 PmRef  BspIst   00003000 INTL 20050624)
Jul 17 17:20:38 shrinivaasanka-Inspiron-1545 kernel: [    0.132019] ACPI: Dynamic OEM Table Load:
Jul 17 17:20:38 shrinivaasanka-Inspiron-1545 kernel: [    0.132026] ACPI: SSDT 0x00000000F5812800 0005C6 (v01 PmRef  BspCst   00003001 INTL 20050624)
Jul 17 17:20:38 shrinivaasanka-Inspiron-1545 kernel: [    0.132764] ACPI: Dynamic OEM Table Load:
Jul 17 17:20:38 shrinivaasanka-Inspiron-1545 kernel: [    0.132770] ACPI: SSDT 0x00000000F58AAE00 0001D7 (v01 PmRef  ApIst    00003000 INTL 20050624)
Jul 17 17:20:38 shrinivaasanka-Inspiron-1545 kernel: [    0.133195] ACPI: Dynamic OEM Table Load:
Jul 17 17:20:38 shrinivaasanka-Inspiron-1545 kernel: [    0.133200] ACPI: SSDT 0x00000000F59389C0 00008D (v01 PmRef  ApCst    00003000 INTL 20050624)
Jul 17 17:20:38 shrinivaasanka-Inspiron-1545 kernel: [    0.133694] ACPI: Interpreter enabled
Jul 17 17:20:38 shrinivaasanka-Inspiron-1545 kernel: [    0.133707] ACPI Exception: AE_NOT_FOUND, While evaluating Sleep State [\_S1_] (20150204/hwxface-580)
Jul 17 17:20:38 shrinivaasanka-Inspiron-1545 kernel: [    0.133712] ACPI Exception: AE_NOT_FOUND, While evaluating Sleep State [\_S2_] (20150204/hwxface-580)
Jul 17 17:20:38 shrinivaasanka-Inspiron-1545 kernel: [    0.133729] ACPI: (supports S0 S3 S4 S5)
Jul 17 17:20:38 shrinivaasanka-Inspiron-1545 kernel: [    0.133731] ACPI: Using IOAPIC for interrupt routing
Jul 17 17:20:38 shrinivaasanka-Inspiron-1545 kernel: [    0.133764] PCI: Using host bridge windows from ACPI; if necessary, use "pci=nocrs" and report a bug
Jul 17 17:20:38 shrinivaasanka-Inspiron-1545 kernel: [    0.218398] ACPI: PCI Root Bridge [PCI0] (domain 0000 [bus 00-ff])
Jul 17 17:20:38 shrinivaasanka-Inspiron-1545 kernel: [    0.218406] acpi PNP0A03:00: _OSC: OS supports [ExtendedConfig ASPM ClockPM Segments MSI]
Jul 17 17:20:38 shrinivaasanka-Inspiron-1545 kernel: [    0.218413] acpi PNP0A03:00: _OSC failed (AE_NOT_FOUND); disabling ASPM
Jul 17 17:20:38 shrinivaasanka-Inspiron-1545 kernel: [    0.235591] acpi PNP0A03:00: [Firmware Info]: MMCONFIG for domain 0000 [bus 00-3f] only partially covers this bridge
Jul 17 17:20:38 shrinivaasanka-Inspiron-1545 kernel: [    0.235853] PCI host bridge to bus 0000:00
Jul 17 17:20:38 shrinivaasanka-Inspiron-1545 kernel: [    0.235858] pci_bus 0000:00: root bus resource [bus 00-ff]
Jul 17 17:20:38 shrinivaasanka-Inspiron-1545 kernel: [    0.235862] pci_bus 0000:00: root bus resource [io  0x0000-0x0cf7 window]
Jul 17 17:20:38 shrinivaasanka-Inspiron-1545 kernel: [    0.235865] pci_bus 0000:00: root bus resource [io  0x0d00-0xffff window]
Jul 17 17:20:38 shrinivaasanka-Inspiron-1545 kernel: [    0.235868] pci_bus 0000:00: root bus resource [mem 0x000a0000-0x000bffff window]
Jul 17 17:20:38 shrinivaasanka-Inspiron-1545 kernel: [    0.235870] pci_bus 0000:00: root bus resource [mem 0x000d0000-0x000dffff window]
Jul 17 17:20:38 shrinivaasanka-Inspiron-1545 kernel: [    0.235873] pci_bus 0000:00: root bus resource [mem 0xc0000000-0xf7ffffff window]
Jul 17 17:20:38 shrinivaasanka-Inspiron-1545 kernel: [    0.235876] pci_bus 0000:00: root bus resource [mem 0xfc000000-0xfebfffff window]
Jul 17 17:20:38 shrinivaasanka-Inspiron-1545 kernel: [    0.235879] pci_bus 0000:00: root bus resource [mem 0xfec10000-0xfecfffff window]
Jul 17 17:20:38 shrinivaasanka-Inspiron-1545 kernel: [    0.235882] pci_bus 0000:00: root bus resource [mem 0xfed1c000-0xfed1ffff window]
Jul 17 17:20:38 shrinivaasanka-Inspiron-1545 kernel: [    0.235885] pci_bus 0000:00: root bus resource [mem 0xfed90000-0xfed9ffff window]
Jul 17 17:20:38 shrinivaasanka-Inspiron-1545 kernel: [    0.235888] pci_bus 0000:00: root bus resource [mem 0xfeda7000-0xfedfffff window]
Jul 17 17:20:38 shrinivaasanka-Inspiron-1545 kernel: [    0.235890] pci_bus 0000:00: root bus resource [mem 0xfee10000-0xff9fffff window]
Jul 17 17:20:38 shrinivaasanka-Inspiron-1545 kernel: [    0.235893] pci_bus 0000:00: root bus resource [mem 0xffc00000-0xffdfffff window]
Jul 17 17:20:38 shrinivaasanka-Inspiron-1545 kernel: [    0.235906] pci 0000:00:00.0: [8086:2a40] type 00 class 0x060000
Jul 17 17:20:38 shrinivaasanka-Inspiron-1545 kernel: [    0.235936] DMAR: Forcing write-buffer flush capability
Jul 17 17:20:38 shrinivaasanka-Inspiron-1545 kernel: [    0.235938] DMAR: Disabling IOMMU for graphics on this chipset
Jul 17 17:20:38 shrinivaasanka-Inspiron-1545 kernel: [    0.236065] pci 0000:00:02.0: [8086:2a42] type 00 class 0x030000
Jul 17 17:20:38 shrinivaasanka-Inspiron-1545 kernel: [    0.236081] pci 0000:00:02.0: reg 0x10: [mem 0xf6c00000-0xf6ffffff 64bit]
Jul 17 17:20:38 shrinivaasanka-Inspiron-1545 kernel: [    0.236091] pci 0000:00:02.0: reg 0x18: [mem 0xe0000000-0xefffffff 64bit pref]
Jul 17 17:20:38 shrinivaasanka-Inspiron-1545 kernel: [    0.236099] pci 0000:00:02.0: reg 0x20: [io  0xefe8-0xefef]
Jul 17 17:20:38 shrinivaasanka-Inspiron-1545 kernel: [    0.236235] pci 0000:00:02.1: [8086:2a43] type 00 class 0x038000
Jul 17 17:20:38 shrinivaasanka-Inspiron-1545 kernel: [    0.236249] pci 0000:00:02.1: reg 0x10: [mem 0xf6b00000-0xf6bfffff 64bit]
Jul 17 17:20:38 shrinivaasanka-Inspiron-1545 kernel: [    0.236439] pci 0000:00:1a.0: [8086:2937] type 00 class 0x0c0300
Jul 17 17:20:38 shrinivaasanka-Inspiron-1545 kernel: [    0.236503] pci 0000:00:1a.0: reg 0x20: [io  0x6f60-0x6f7f]
Jul 17 17:20:38 shrinivaasanka-Inspiron-1545 kernel: [    0.240513] pci 0000:00:1a.0: System wakeup disabled by ACPI
Jul 17 17:20:38 shrinivaasanka-Inspiron-1545 kernel: [    0.240586] pci 0000:00:1a.1: [8086:2938] type 00 class 0x0c0300
Jul 17 17:20:38 shrinivaasanka-Inspiron-1545 kernel: [    0.240651] pci 0000:00:1a.1: reg 0x20: [io  0x6f80-0x6f9f]
Jul 17 17:20:38 shrinivaasanka-Inspiron-1545 kernel: [    0.244083] pci 0000:00:1a.1: System wakeup disabled by ACPI
Jul 17 17:20:38 shrinivaasanka-Inspiron-1545 kernel: [    0.244154] pci 0000:00:1a.2: [8086:2939] type 00 class 0x0c0300
Jul 17 17:20:38 shrinivaasanka-Inspiron-1545 kernel: [    0.244219] pci 0000:00:1a.2: reg 0x20: [io  0x6fa0-0x6fbf]
Jul 17 17:20:38 shrinivaasanka-Inspiron-1545 kernel: [    0.248438] pci 0000:00:1a.2: System wakeup disabled by ACPI
Jul 17 17:20:38 shrinivaasanka-Inspiron-1545 kernel: [    0.248519] pci 0000:00:1a.7: [8086:293c] type 00 class 0x0c0320
Jul 17 17:20:38 shrinivaasanka-Inspiron-1545 kernel: [    0.248550] pci 0000:00:1a.7: reg 0x10: [mem 0xfed1c400-0xfed1c7ff]
Jul 17 17:20:38 shrinivaasanka-Inspiron-1545 kernel: [    0.248677] pci 0000:00:1a.7: PME# supported from D0 D3hot D3cold
Jul 17 17:20:38 shrinivaasanka-Inspiron-1545 kernel: [    0.252464] pci 0000:00:1a.7: System wakeup disabled by ACPI
Jul 17 17:20:38 shrinivaasanka-Inspiron-1545 kernel: [    0.252541] pci 0000:00:1b.0: [8086:293e] type 00 class 0x040300
Jul 17 17:20:38 shrinivaasanka-Inspiron-1545 kernel: [    0.252569] pci 0000:00:1b.0: reg 0x10: [mem 0xf6afc000-0xf6afffff 64bit]
Jul 17 17:20:38 shrinivaasanka-Inspiron-1545 kernel: [    0.252693] pci 0000:00:1b.0: PME# supported from D0 D3hot D3cold
Jul 17 17:20:38 shrinivaasanka-Inspiron-1545 kernel: [    0.252764] pci 0000:00:1b.0: System wakeup disabled by ACPI
Jul 17 17:20:38 shrinivaasanka-Inspiron-1545 kernel: [    0.252833] pci 0000:00:1c.0: [8086:2940] type 01 class 0x060400
Jul 17 17:20:38 shrinivaasanka-Inspiron-1545 kernel: [    0.252963] pci 0000:00:1c.0: PME# supported from D0 D3hot D3cold
Jul 17 17:20:38 shrinivaasanka-Inspiron-1545 kernel: [    0.253037] pci 0000:00:1c.0: System wakeup disabled by ACPI
Jul 17 17:20:38 shrinivaasanka-Inspiron-1545 kernel: [    0.253106] pci 0000:00:1c.1: [8086:2942] type 01 class 0x060400
Jul 17 17:20:38 shrinivaasanka-Inspiron-1545 kernel: [    0.253236] pci 0000:00:1c.1: PME# supported from D0 D3hot D3cold
Jul 17 17:20:38 shrinivaasanka-Inspiron-1545 kernel: [    0.253311] pci 0000:00:1c.1: System wakeup disabled by ACPI
Jul 17 17:20:38 shrinivaasanka-Inspiron-1545 kernel: [    0.253381] pci 0000:00:1c.2: [8086:2944] type 01 class 0x060400
Jul 17 17:20:38 shrinivaasanka-Inspiron-1545 kernel: [    0.253511] pci 0000:00:1c.2: PME# supported from D0 D3hot D3cold
Jul 17 17:20:38 shrinivaasanka-Inspiron-1545 kernel: [    0.253584] pci 0000:00:1c.2: System wakeup disabled by ACPI
Jul 17 17:20:38 shrinivaasanka-Inspiron-1545 kernel: [    0.253653] pci 0000:00:1c.4: [8086:2948] type 01 class 0x060400
Jul 17 17:20:38 shrinivaasanka-Inspiron-1545 kernel: [    0.253783] pci 0000:00:1c.4: PME# supported from D0 D3hot D3cold
Jul 17 17:20:38 shrinivaasanka-Inspiron-1545 kernel: [    0.253855] pci 0000:00:1c.4: System wakeup disabled by ACPI
Jul 17 17:20:38 shrinivaasanka-Inspiron-1545 kernel: [    0.253927] pci 0000:00:1d.0: [8086:2934] type 00 class 0x0c0300
Jul 17 17:20:38 shrinivaasanka-Inspiron-1545 kernel: [    0.253991] pci 0000:00:1d.0: reg 0x20: [io  0x6f00-0x6f1f]
Jul 17 17:20:38 shrinivaasanka-Inspiron-1545 kernel: [    0.257208] pci 0000:00:1d.0: System wakeup disabled by ACPI
Jul 17 17:20:38 shrinivaasanka-Inspiron-1545 kernel: [    0.257280] pci 0000:00:1d.1: [8086:2935] type 00 class 0x0c0300
Jul 17 17:20:38 shrinivaasanka-Inspiron-1545 kernel: [    0.257344] pci 0000:00:1d.1: reg 0x20: [io  0x6f20-0x6f3f]
Jul 17 17:20:38 shrinivaasanka-Inspiron-1545 kernel: [    0.260511] pci 0000:00:1d.1: System wakeup disabled by ACPI
Jul 17 17:20:38 shrinivaasanka-Inspiron-1545 kernel: [    0.260583] pci 0000:00:1d.2: [8086:2936] type 00 class 0x0c0300
Jul 17 17:20:38 shrinivaasanka-Inspiron-1545 kernel: [    0.260647] pci 0000:00:1d.2: reg 0x20: [io  0x6f40-0x6f5f]
Jul 17 17:20:38 shrinivaasanka-Inspiron-1545 kernel: [    0.265583] pci 0000:00:1d.2: System wakeup disabled by ACPI
Jul 17 17:20:38 shrinivaasanka-Inspiron-1545 kernel: [    0.265667] pci 0000:00:1d.7: [8086:293a] type 00 class 0x0c0320
Jul 17 17:20:38 shrinivaasanka-Inspiron-1545 kernel: [    0.265697] pci 0000:00:1d.7: reg 0x10: [mem 0xfed1c000-0xfed1c3ff]
Jul 17 17:20:38 shrinivaasanka-Inspiron-1545 kernel: [    0.265825] pci 0000:00:1d.7: PME# supported from D0 D3hot D3cold
Jul 17 17:20:38 shrinivaasanka-Inspiron-1545 kernel: [    0.269556] pci 0000:00:1d.7: System wakeup disabled by ACPI
Jul 17 17:20:38 shrinivaasanka-Inspiron-1545 kernel: [    0.269625] pci 0000:00:1e.0: [8086:2448] type 01 class 0x060401
Jul 17 17:20:38 shrinivaasanka-Inspiron-1545 kernel: [    0.269767] pci 0000:00:1e.0: System wakeup disabled by ACPI
Jul 17 17:20:38 shrinivaasanka-Inspiron-1545 kernel: [    0.269839] pci 0000:00:1f.0: [8086:2919] type 00 class 0x060100
Jul 17 17:20:38 shrinivaasanka-Inspiron-1545 kernel: [    0.270115] pci 0000:00:1f.2: [8086:2929] type 00 class 0x010601
Jul 17 17:20:38 shrinivaasanka-Inspiron-1545 kernel: [    0.270147] pci 0000:00:1f.2: reg 0x10: [io  0x6e70-0x6e77]
Jul 17 17:20:38 shrinivaasanka-Inspiron-1545 kernel: [    0.270160] pci 0000:00:1f.2: reg 0x14: [io  0x6e78-0x6e7b]
Jul 17 17:20:38 shrinivaasanka-Inspiron-1545 kernel: [    0.270173] pci 0000:00:1f.2: reg 0x18: [io  0x6e80-0x6e87]
Jul 17 17:20:38 shrinivaasanka-Inspiron-1545 kernel: [    0.270186] pci 0000:00:1f.2: reg 0x1c: [io  0x6e88-0x6e8b]
Jul 17 17:20:38 shrinivaasanka-Inspiron-1545 kernel: [    0.270199] pci 0000:00:1f.2: reg 0x20: [io  0x6ea0-0x6ebf]
Jul 17 17:20:38 shrinivaasanka-Inspiron-1545 kernel: [    0.270212] pci 0000:00:1f.2: reg 0x24: [mem 0xfed1c800-0xfed1cfff]
Jul 17 17:20:38 shrinivaasanka-Inspiron-1545 kernel: [    0.270293] pci 0000:00:1f.2: PME# supported from D3hot
Jul 17 17:20:38 shrinivaasanka-Inspiron-1545 kernel: [    0.270421] pci 0000:00:1f.3: [8086:2930] type 00 class 0x0c0500
Jul 17 17:20:38 shrinivaasanka-Inspiron-1545 kernel: [    0.270446] pci 0000:00:1f.3: reg 0x10: [mem 0xf6afbf00-0xf6afbfff 64bit]
Jul 17 17:20:38 shrinivaasanka-Inspiron-1545 kernel: [    0.270480] pci 0000:00:1f.3: reg 0x20: [io  0x1100-0x111f]
Jul 17 17:20:38 shrinivaasanka-Inspiron-1545 kernel: [    0.270709] pci 0000:00:1c.0: PCI bridge to [bus 0b]
Jul 17 17:20:38 shrinivaasanka-Inspiron-1545 kernel: [    0.271083] pci 0000:0c:00.0: [14e4:4315] type 00 class 0x028000
Jul 17 17:20:38 shrinivaasanka-Inspiron-1545 kernel: [    0.271165] pci 0000:0c:00.0: reg 0x10: [mem 0xf69fc000-0xf69fffff 64bit]
Jul 17 17:20:38 shrinivaasanka-Inspiron-1545 kernel: [    0.271623] pci 0000:0c:00.0: supports D1 D2
Jul 17 17:20:38 shrinivaasanka-Inspiron-1545 kernel: [    0.271625] pci 0000:0c:00.0: PME# supported from D0 D3hot D3cold
Jul 17 17:20:38 shrinivaasanka-Inspiron-1545 kernel: [    0.272092] pci 0000:00:1c.1: PCI bridge to [bus 0c]
Jul 17 17:20:38 shrinivaasanka-Inspiron-1545 kernel: [    0.272102] pci 0000:00:1c.1:   bridge window [mem 0xf6900000-0xf69fffff]
Jul 17 17:20:38 shrinivaasanka-Inspiron-1545 kernel: [    0.272238] pci 0000:09:00.0: [11ab:4354] type 00 class 0x020000
Jul 17 17:20:38 shrinivaasanka-Inspiron-1545 kernel: [    0.272280] pci 0000:09:00.0: reg 0x10: [mem 0xf68fc000-0xf68fffff 64bit]
Jul 17 17:20:38 shrinivaasanka-Inspiron-1545 kernel: [    0.272299] pci 0000:09:00.0: reg 0x18: [io  0xde00-0xdeff]
Jul 17 17:20:38 shrinivaasanka-Inspiron-1545 kernel: [    0.272472] pci 0000:09:00.0: supports D1 D2
Jul 17 17:20:38 shrinivaasanka-Inspiron-1545 kernel: [    0.272475] pci 0000:09:00.0: PME# supported from D0 D1 D2 D3hot D3cold
Jul 17 17:20:38 shrinivaasanka-Inspiron-1545 kernel: [    0.280027] pci 0000:00:1c.2: PCI bridge to [bus 09]
Jul 17 17:20:38 shrinivaasanka-Inspiron-1545 kernel: [    0.280033] pci 0000:00:1c.2:   bridge window [io  0xd000-0xdfff]
Jul 17 17:20:38 shrinivaasanka-Inspiron-1545 kernel: [    0.280038] pci 0000:00:1c.2:   bridge window [mem 0xf6800000-0xf68fffff]
Jul 17 17:20:38 shrinivaasanka-Inspiron-1545 kernel: [    0.280168] acpiphp: Slot [1] registered
Jul 17 17:20:38 shrinivaasanka-Inspiron-1545 kernel: [    0.280176] pci 0000:00:1c.4: PCI bridge to [bus 0d-0e]
Jul 17 17:20:38 shrinivaasanka-Inspiron-1545 kernel: [    0.280182] pci 0000:00:1c.4:   bridge window [io  0xc000-0xcfff]
Jul 17 17:20:38 shrinivaasanka-Inspiron-1545 kernel: [    0.280188] pci 0000:00:1c.4:   bridge window [mem 0xf6600000-0xf67fffff]
Jul 17 17:20:38 shrinivaasanka-Inspiron-1545 kernel: [    0.280197] pci 0000:00:1c.4:   bridge window [mem 0xf0000000-0xf01fffff 64bit pref]
Jul 17 17:20:38 shrinivaasanka-Inspiron-1545 kernel: [    0.280335] pci 0000:00:1e.0: PCI bridge to [bus 03] (subtractive decode)
Jul 17 17:20:38 shrinivaasanka-Inspiron-1545 kernel: [    0.280350] pci 0000:00:1e.0:   bridge window [io  0x0000-0x0cf7 window] (subtractive decode)
Jul 17 17:20:38 shrinivaasanka-Inspiron-1545 kernel: [    0.280353] pci 0000:00:1e.0:   bridge window [io  0x0d00-0xffff window] (subtractive decode)
Jul 17 17:20:38 shrinivaasanka-Inspiron-1545 kernel: [    0.280356] pci 0000:00:1e.0:   bridge window [mem 0x000a0000-0x000bffff window] (subtractive decode)
Jul 17 17:20:38 shrinivaasanka-Inspiron-1545 kernel: [    0.280359] pci 0000:00:1e.0:   bridge window [mem 0x000d0000-0x000dffff window] (subtractive decode)
Jul 17 17:20:38 shrinivaasanka-Inspiron-1545 kernel: [    0.280362] pci 0000:00:1e.0:   bridge window [mem 0xc0000000-0xf7ffffff window] (subtractive decode)
Jul 17 17:20:38 shrinivaasanka-Inspiron-1545 kernel: [    0.280365] pci 0000:00:1e.0:   bridge window [mem 0xfc000000-0xfebfffff window] (subtractive decode)
Jul 17 17:20:38 shrinivaasanka-Inspiron-1545 kernel: [    0.280368] pci 0000:00:1e.0:   bridge window [mem 0xfec10000-0xfecfffff window] (subtractive decode)
Jul 17 17:20:38 shrinivaasanka-Inspiron-1545 kernel: [    0.280371] pci 0000:00:1e.0:   bridge window [mem 0xfed1c000-0xfed1ffff window] (subtractive decode)
Jul 17 17:20:38 shrinivaasanka-Inspiron-1545 kernel: [    0.280374] pci 0000:00:1e.0:   bridge window [mem 0xfed90000-0xfed9ffff window] (subtractive decode)
Jul 17 17:20:38 shrinivaasanka-Inspiron-1545 kernel: [    0.280377] pci 0000:00:1e.0:   bridge window [mem 0xfeda7000-0xfedfffff window] (subtractive decode)
Jul 17 17:20:38 shrinivaasanka-Inspiron-1545 kernel: [    0.280380] pci 0000:00:1e.0:   bridge window [mem 0xfee10000-0xff9fffff window] (subtractive decode)
Jul 17 17:20:38 shrinivaasanka-Inspiron-1545 kernel: [    0.280382] pci 0000:00:1e.0:   bridge window [mem 0xffc00000-0xffdfffff window] (subtractive decode)
Jul 17 17:20:38 shrinivaasanka-Inspiron-1545 kernel: [    0.280622] pci_bus 0000:00: on NUMA node 0
Jul 17 17:20:38 shrinivaasanka-Inspiron-1545 kernel: [    0.281110] ACPI: PCI Interrupt Link [LNKA] (IRQs *10 11)
Jul 17 17:20:38 shrinivaasanka-Inspiron-1545 kernel: [    0.281214] ACPI: PCI Interrupt Link [LNKB] (IRQs 5 7) *4
Jul 17 17:20:38 shrinivaasanka-Inspiron-1545 kernel: [    0.281317] ACPI: PCI Interrupt Link [LNKC] (IRQs *10 11)
Jul 17 17:20:38 shrinivaasanka-Inspiron-1545 kernel: [    0.281404] ACPI: PCI Interrupt Link [LNKD] (IRQs 5 7 10 11) *0, disabled.
Jul 17 17:20:38 shrinivaasanka-Inspiron-1545 kernel: [    0.281508] ACPI: PCI Interrupt Link [LNKE] (IRQs 3 4 5 6 7 10 *11 12 14 15)
Jul 17 17:20:38 shrinivaasanka-Inspiron-1545 kernel: [    0.281614] ACPI: PCI Interrupt Link [LNKF] (IRQs 3 4 5 6 *7 10 11 12 14 15)
Jul 17 17:20:38 shrinivaasanka-Inspiron-1545 kernel: [    0.281719] ACPI: PCI Interrupt Link [LNKG] (IRQs 3 4 *5 6 7 10 11 12 14 15)
Jul 17 17:20:38 shrinivaasanka-Inspiron-1545 kernel: [    0.281810] ACPI: PCI Interrupt Link [LNKH] (IRQs 3 4 5 6 7 10 11 12 14 15) *0, disabled.
Jul 17 17:20:38 shrinivaasanka-Inspiron-1545 kernel: [    0.282139] ACPI: Enabled 4 GPEs in block 00 to 3F
Jul 17 17:20:38 shrinivaasanka-Inspiron-1545 kernel: [    0.282270] vgaarb: setting as boot device: PCI:0000:00:02.0
Jul 17 17:20:38 shrinivaasanka-Inspiron-1545 kernel: [    0.282270] vgaarb: device added: PCI:0000:00:02.0,decodes=io+mem,owns=io+mem,locks=none
Jul 17 17:20:38 shrinivaasanka-Inspiron-1545 kernel: [    0.282270] vgaarb: loaded
Jul 17 17:20:38 shrinivaasanka-Inspiron-1545 kernel: [    0.282270] vgaarb: bridge control possible 0000:00:02.0
Jul 17 17:20:38 shrinivaasanka-Inspiron-1545 kernel: [    0.282270] SCSI subsystem initialized
Jul 17 17:20:38 shrinivaasanka-Inspiron-1545 kernel: [    0.282270] libata version 3.00 loaded.
Jul 17 17:20:38 shrinivaasanka-Inspiron-1545 kernel: [    0.282270] ACPI: bus type USB registered
Jul 17 17:20:38 shrinivaasanka-Inspiron-1545 kernel: [    0.282270] usbcore: registered new interface driver usbfs
Jul 17 17:20:38 shrinivaasanka-Inspiron-1545 kernel: [    0.282270] usbcore: registered new interface driver hub
Jul 17 17:20:38 shrinivaasanka-Inspiron-1545 kernel: [    0.282270] usbcore: registered new device driver usb
Jul 17 17:20:38 shrinivaasanka-Inspiron-1545 kernel: [    0.282270] PCI: Using ACPI for IRQ routing
Jul 17 17:20:38 shrinivaasanka-Inspiron-1545 kernel: [    0.285667] PCI: pci_cache_line_size set to 64 bytes
Jul 17 17:20:38 shrinivaasanka-Inspiron-1545 kernel: [    0.286132] e820: reserve RAM buffer [mem 0x0009f000-0x0009ffff]
Jul 17 17:20:38 shrinivaasanka-Inspiron-1545 kernel: [    0.286136] e820: reserve RAM buffer [mem 0xbd8bf400-0xbfffffff]
Jul 17 17:20:38 shrinivaasanka-Inspiron-1545 kernel: [    0.286301] NetLabel: Initializing
Jul 17 17:20:38 shrinivaasanka-Inspiron-1545 kernel: [    0.286303] NetLabel:  domain hash size = 128
Jul 17 17:20:38 shrinivaasanka-Inspiron-1545 kernel: [    0.286305] NetLabel:  protocols = UNLABELED CIPSOv4
Jul 17 17:20:38 shrinivaasanka-Inspiron-1545 kernel: [    0.286319] NetLabel:  unlabeled traffic allowed by default
Jul 17 17:20:38 shrinivaasanka-Inspiron-1545 kernel: [    0.286355] HPET: 4 timers in total, 0 timers will be used for per-cpu timer
Jul 17 17:20:38 shrinivaasanka-Inspiron-1545 kernel: [    0.286355] hpet0: at MMIO 0xfed00000, IRQs 2, 8, 0, 0
Jul 17 17:20:38 shrinivaasanka-Inspiron-1545 kernel: [    0.286355] hpet0: 4 comparators, 64-bit 14.318180 MHz counter
Jul 17 17:20:38 shrinivaasanka-Inspiron-1545 kernel: [    0.288045] Switched to clocksource hpet
Jul 17 17:20:38 shrinivaasanka-Inspiron-1545 kernel: [    0.299192] AppArmor: AppArmor Filesystem Enabled
Jul 17 17:20:38 shrinivaasanka-Inspiron-1545 kernel: [    0.299301] pnp: PnP ACPI init
Jul 17 17:20:38 shrinivaasanka-Inspiron-1545 kernel: [    0.299431] system 00:00: [mem 0xff800000-0xff8fffff] has been reserved
Jul 17 17:20:38 shrinivaasanka-Inspiron-1545 kernel: [    0.299435] system 00:00: [mem 0xffc00000-0xffcfffff] has been reserved
Jul 17 17:20:38 shrinivaasanka-Inspiron-1545 kernel: [    0.299440] system 00:00: Plug and Play ACPI device, IDs PNP0c02 (active)
Jul 17 17:20:38 shrinivaasanka-Inspiron-1545 kernel: [    0.299511] pnp 00:01: Plug and Play ACPI device, IDs PNP0f13 (active)
Jul 17 17:20:38 shrinivaasanka-Inspiron-1545 kernel: [    0.299566] pnp 00:02: Plug and Play ACPI device, IDs PNP0303 (active)
Jul 17 17:20:38 shrinivaasanka-Inspiron-1545 kernel: [    0.299622] pnp 00:03: Plug and Play ACPI device, IDs PNP0b00 (active)
Jul 17 17:20:38 shrinivaasanka-Inspiron-1545 kernel: [    0.299685] system 00:04: Plug and Play ACPI device, IDs PNP0c01 (active)
Jul 17 17:20:38 shrinivaasanka-Inspiron-1545 kernel: [    0.299783] system 00:05: [mem 0xfed00000-0xfed003ff] has been reserved
Jul 17 17:20:38 shrinivaasanka-Inspiron-1545 kernel: [    0.299787] system 00:05: Plug and Play ACPI device, IDs PNP0103 PNP0c01 (active)
Jul 17 17:20:38 shrinivaasanka-Inspiron-1545 kernel: [    0.300025] system 00:06: [io  0x0900-0x097f] has been reserved
Jul 17 17:20:38 shrinivaasanka-Inspiron-1545 kernel: [    0.300029] system 00:06: [io  0x04d0-0x04d1] has been reserved
Jul 17 17:20:38 shrinivaasanka-Inspiron-1545 kernel: [    0.300032] system 00:06: [io  0x1000-0x1005] could not be reserved
Jul 17 17:20:38 shrinivaasanka-Inspiron-1545 kernel: [    0.300036] system 00:06: [io  0x1008-0x100f] could not be reserved
Jul 17 17:20:38 shrinivaasanka-Inspiron-1545 kernel: [    0.300040] system 00:06: Plug and Play ACPI device, IDs PNP0c01 (active)
Jul 17 17:20:38 shrinivaasanka-Inspiron-1545 kernel: [    0.300109] system 00:07: [io  0xf400-0xf4fe] has been reserved
Jul 17 17:20:38 shrinivaasanka-Inspiron-1545 kernel: [    0.300113] system 00:07: [io  0x1006-0x1007] has been reserved
Jul 17 17:20:38 shrinivaasanka-Inspiron-1545 kernel: [    0.300116] system 00:07: [io  0x100a-0x1059] could not be reserved
Jul 17 17:20:38 shrinivaasanka-Inspiron-1545 kernel: [    0.300119] system 00:07: [io  0x1060-0x107f] has been reserved
Jul 17 17:20:38 shrinivaasanka-Inspiron-1545 kernel: [    0.300125] system 00:07: [io  0x1080-0x10bf] has been reserved
Jul 17 17:20:38 shrinivaasanka-Inspiron-1545 kernel: [    0.300128] system 00:07: [io  0x1100-0x111f] has been reserved
Jul 17 17:20:38 shrinivaasanka-Inspiron-1545 kernel: [    0.300131] system 00:07: [io  0x1010-0x102f] could not be reserved
Jul 17 17:20:38 shrinivaasanka-Inspiron-1545 kernel: [    0.300134] system 00:07: [io  0x0809] has been reserved
Jul 17 17:20:38 shrinivaasanka-Inspiron-1545 kernel: [    0.300138] system 00:07: Plug and Play ACPI device, IDs PNP0c01 (active)
Jul 17 17:20:38 shrinivaasanka-Inspiron-1545 kernel: [    0.318589] system 00:08: [mem 0x00000000-0x0009efff] could not be reserved
Jul 17 17:20:38 shrinivaasanka-Inspiron-1545 kernel: [    0.318594] system 00:08: [mem 0x0009f000-0x0009ffff] could not be reserved
Jul 17 17:20:38 shrinivaasanka-Inspiron-1545 kernel: [    0.318597] system 00:08: [mem 0x000c0000-0x000cffff] could not be reserved
Jul 17 17:20:38 shrinivaasanka-Inspiron-1545 kernel: [    0.318600] system 00:08: [mem 0x000e0000-0x000fffff] could not be reserved
Jul 17 17:20:38 shrinivaasanka-Inspiron-1545 kernel: [    0.318604] system 00:08: [mem 0x00100000-0xbd8bf3ff] could not be reserved
Jul 17 17:20:38 shrinivaasanka-Inspiron-1545 kernel: [    0.318607] system 00:08: [mem 0xbd8bf400-0xbdafffff] could not be reserved
Jul 17 17:20:38 shrinivaasanka-Inspiron-1545 kernel: [    0.318610] system 00:08: [mem 0xbdb00000-0xbdbfffff] has been reserved
Jul 17 17:20:38 shrinivaasanka-Inspiron-1545 kernel: [    0.318613] system 00:08: [mem 0xffe00000-0xffffffff] has been reserved
Jul 17 17:20:38 shrinivaasanka-Inspiron-1545 kernel: [    0.318617] system 00:08: [mem 0xffa00000-0xffbfffff] has been reserved
Jul 17 17:20:38 shrinivaasanka-Inspiron-1545 kernel: [    0.318620] system 00:08: [mem 0xfec00000-0xfec0ffff] could not be reserved
Jul 17 17:20:38 shrinivaasanka-Inspiron-1545 kernel: [    0.318623] system 00:08: [mem 0xfee00000-0xfee0ffff] has been reserved
Jul 17 17:20:38 shrinivaasanka-Inspiron-1545 kernel: [    0.318627] system 00:08: [mem 0xfed20000-0xfed8ffff] has been reserved
Jul 17 17:20:38 shrinivaasanka-Inspiron-1545 kernel: [    0.318630] system 00:08: [mem 0xfeda0000-0xfeda3fff] has been reserved
Jul 17 17:20:38 shrinivaasanka-Inspiron-1545 kernel: [    0.318633] system 00:08: [mem 0xfeda4000-0xfeda4fff] has been reserved
Jul 17 17:20:38 shrinivaasanka-Inspiron-1545 kernel: [    0.318636] system 00:08: [mem 0xfeda5000-0xfeda5fff] has been reserved
Jul 17 17:20:38 shrinivaasanka-Inspiron-1545 kernel: [    0.318640] system 00:08: [mem 0xfeda6000-0xfeda6fff] has been reserved
Jul 17 17:20:38 shrinivaasanka-Inspiron-1545 kernel: [    0.318643] system 00:08: [mem 0xfed1c800-0xfed1cfff] has been reserved
Jul 17 17:20:38 shrinivaasanka-Inspiron-1545 kernel: [    0.318646] system 00:08: [mem 0xfed18000-0xfed1bfff] has been reserved
Jul 17 17:20:38 shrinivaasanka-Inspiron-1545 kernel: [    0.318649] system 00:08: [mem 0xf8000000-0xfbffffff] has been reserved
Jul 17 17:20:38 shrinivaasanka-Inspiron-1545 kernel: [    0.318653] system 00:08: Plug and Play ACPI device, IDs PNP0c01 (active)
Jul 17 17:20:38 shrinivaasanka-Inspiron-1545 kernel: [    0.318699] pnp: PnP ACPI: found 9 devices
Jul 17 17:20:38 shrinivaasanka-Inspiron-1545 kernel: [    0.318705] PnPBIOS: Disabled by ACPI PNP
Jul 17 17:20:38 shrinivaasanka-Inspiron-1545 kernel: [    0.356509] pci 0000:00:1c.0: bridge window [io  0x1000-0x0fff] to [bus 0b] add_size 1000
Jul 17 17:20:38 shrinivaasanka-Inspiron-1545 kernel: [    0.356515] pci 0000:00:1c.0: bridge window [mem 0x00100000-0x000fffff 64bit pref] to [bus 0b] add_size 200000
Jul 17 17:20:38 shrinivaasanka-Inspiron-1545 kernel: [    0.356519] pci 0000:00:1c.0: bridge window [mem 0x00100000-0x000fffff] to [bus 0b] add_size 200000
Jul 17 17:20:38 shrinivaasanka-Inspiron-1545 kernel: [    0.356531] pci 0000:00:1c.1: bridge window [io  0x1000-0x0fff] to [bus 0c] add_size 1000
Jul 17 17:20:38 shrinivaasanka-Inspiron-1545 kernel: [    0.356535] pci 0000:00:1c.1: bridge window [mem 0x00100000-0x000fffff 64bit pref] to [bus 0c] add_size 200000
Jul 17 17:20:38 shrinivaasanka-Inspiron-1545 kernel: [    0.356548] pci 0000:00:1c.2: bridge window [mem 0x00100000-0x000fffff 64bit pref] to [bus 09] add_size 200000
Jul 17 17:20:38 shrinivaasanka-Inspiron-1545 kernel: [    0.356575] pci 0000:00:1c.0: res[14]=[mem 0x00100000-0x000fffff] get_res_add_size add_size 200000
Jul 17 17:20:38 shrinivaasanka-Inspiron-1545 kernel: [    0.356578] pci 0000:00:1c.0: res[15]=[mem 0x00100000-0x000fffff 64bit pref] get_res_add_size add_size 200000
Jul 17 17:20:38 shrinivaasanka-Inspiron-1545 kernel: [    0.356581] pci 0000:00:1c.1: res[15]=[mem 0x00100000-0x000fffff 64bit pref] get_res_add_size add_size 200000
Jul 17 17:20:38 shrinivaasanka-Inspiron-1545 kernel: [    0.356584] pci 0000:00:1c.2: res[15]=[mem 0x00100000-0x000fffff 64bit pref] get_res_add_size add_size 200000
Jul 17 17:20:38 shrinivaasanka-Inspiron-1545 kernel: [    0.356587] pci 0000:00:1c.0: res[13]=[io  0x1000-0x0fff] get_res_add_size add_size 1000
Jul 17 17:20:38 shrinivaasanka-Inspiron-1545 kernel: [    0.356590] pci 0000:00:1c.1: res[13]=[io  0x1000-0x0fff] get_res_add_size add_size 1000
Jul 17 17:20:38 shrinivaasanka-Inspiron-1545 kernel: [    0.356598] pci 0000:00:1c.0: BAR 14: assigned [mem 0xc0000000-0xc01fffff]
Jul 17 17:20:38 shrinivaasanka-Inspiron-1545 kernel: [    0.356609] pci 0000:00:1c.0: BAR 15: assigned [mem 0xc0200000-0xc03fffff 64bit pref]
Jul 17 17:20:38 shrinivaasanka-Inspiron-1545 kernel: [    0.356620] pci 0000:00:1c.1: BAR 15: assigned [mem 0xc0400000-0xc05fffff 64bit pref]
Jul 17 17:20:38 shrinivaasanka-Inspiron-1545 kernel: [    0.356630] pci 0000:00:1c.2: BAR 15: assigned [mem 0xc0600000-0xc07fffff 64bit pref]
Jul 17 17:20:38 shrinivaasanka-Inspiron-1545 kernel: [    0.356634] pci 0000:00:1c.0: BAR 13: assigned [io  0x2000-0x2fff]
Jul 17 17:20:38 shrinivaasanka-Inspiron-1545 kernel: [    0.356639] pci 0000:00:1c.1: BAR 13: assigned [io  0x3000-0x3fff]
Jul 17 17:20:38 shrinivaasanka-Inspiron-1545 kernel: [    0.356642] pci 0000:00:1c.0: PCI bridge to [bus 0b]
Jul 17 17:20:38 shrinivaasanka-Inspiron-1545 kernel: [    0.356647] pci 0000:00:1c.0:   bridge window [io  0x2000-0x2fff]
Jul 17 17:20:38 shrinivaasanka-Inspiron-1545 kernel: [    0.356654] pci 0000:00:1c.0:   bridge window [mem 0xc0000000-0xc01fffff]
Jul 17 17:20:38 shrinivaasanka-Inspiron-1545 kernel: [    0.356660] pci 0000:00:1c.0:   bridge window [mem 0xc0200000-0xc03fffff 64bit pref]
Jul 17 17:20:38 shrinivaasanka-Inspiron-1545 kernel: [    0.356669] pci 0000:00:1c.1: PCI bridge to [bus 0c]
Jul 17 17:20:38 shrinivaasanka-Inspiron-1545 kernel: [    0.356673] pci 0000:00:1c.1:   bridge window [io  0x3000-0x3fff]
Jul 17 17:20:38 shrinivaasanka-Inspiron-1545 kernel: [    0.356680] pci 0000:00:1c.1:   bridge window [mem 0xf6900000-0xf69fffff]
Jul 17 17:20:38 shrinivaasanka-Inspiron-1545 kernel: [    0.356685] pci 0000:00:1c.1:   bridge window [mem 0xc0400000-0xc05fffff 64bit pref]
Jul 17 17:20:38 shrinivaasanka-Inspiron-1545 kernel: [    0.356694] pci 0000:00:1c.2: PCI bridge to [bus 09]
Jul 17 17:20:38 shrinivaasanka-Inspiron-1545 kernel: [    0.356698] pci 0000:00:1c.2:   bridge window [io  0xd000-0xdfff]
Jul 17 17:20:38 shrinivaasanka-Inspiron-1545 kernel: [    0.356705] pci 0000:00:1c.2:   bridge window [mem 0xf6800000-0xf68fffff]
Jul 17 17:20:38 shrinivaasanka-Inspiron-1545 kernel: [    0.356711] pci 0000:00:1c.2:   bridge window [mem 0xc0600000-0xc07fffff 64bit pref]
Jul 17 17:20:38 shrinivaasanka-Inspiron-1545 kernel: [    0.356719] pci 0000:00:1c.4: PCI bridge to [bus 0d-0e]
Jul 17 17:20:38 shrinivaasanka-Inspiron-1545 kernel: [    0.356723] pci 0000:00:1c.4:   bridge window [io  0xc000-0xcfff]
Jul 17 17:20:38 shrinivaasanka-Inspiron-1545 kernel: [    0.356730] pci 0000:00:1c.4:   bridge window [mem 0xf6600000-0xf67fffff]
Jul 17 17:20:38 shrinivaasanka-Inspiron-1545 kernel: [    0.356736] pci 0000:00:1c.4:   bridge window [mem 0xf0000000-0xf01fffff 64bit pref]
Jul 17 17:20:38 shrinivaasanka-Inspiron-1545 kernel: [    0.356744] pci 0000:00:1e.0: PCI bridge to [bus 03]
Jul 17 17:20:38 shrinivaasanka-Inspiron-1545 kernel: [    0.356761] pci_bus 0000:00: resource 4 [io  0x0000-0x0cf7 window]
Jul 17 17:20:38 shrinivaasanka-Inspiron-1545 kernel: [    0.356764] pci_bus 0000:00: resource 5 [io  0x0d00-0xffff window]
Jul 17 17:20:38 shrinivaasanka-Inspiron-1545 kernel: [    0.356767] pci_bus 0000:00: resource 6 [mem 0x000a0000-0x000bffff window]
Jul 17 17:20:38 shrinivaasanka-Inspiron-1545 kernel: [    0.356770] pci_bus 0000:00: resource 7 [mem 0x000d0000-0x000dffff window]
Jul 17 17:20:38 shrinivaasanka-Inspiron-1545 kernel: [    0.356773] pci_bus 0000:00: resource 8 [mem 0xc0000000-0xf7ffffff window]
Jul 17 17:20:38 shrinivaasanka-Inspiron-1545 kernel: [    0.356775] pci_bus 0000:00: resource 9 [mem 0xfc000000-0xfebfffff window]
Jul 17 17:20:38 shrinivaasanka-Inspiron-1545 kernel: [    0.356778] pci_bus 0000:00: resource 10 [mem 0xfec10000-0xfecfffff window]
Jul 17 17:20:38 shrinivaasanka-Inspiron-1545 kernel: [    0.356781] pci_bus 0000:00: resource 11 [mem 0xfed1c000-0xfed1ffff window]
Jul 17 17:20:38 shrinivaasanka-Inspiron-1545 kernel: [    0.356784] pci_bus 0000:00: resource 12 [mem 0xfed90000-0xfed9ffff window]
Jul 17 17:20:38 shrinivaasanka-Inspiron-1545 kernel: [    0.356786] pci_bus 0000:00: resource 13 [mem 0xfeda7000-0xfedfffff window]
Jul 17 17:20:38 shrinivaasanka-Inspiron-1545 kernel: [    0.356789] pci_bus 0000:00: resource 14 [mem 0xfee10000-0xff9fffff window]
Jul 17 17:20:38 shrinivaasanka-Inspiron-1545 kernel: [    0.356792] pci_bus 0000:00: resource 15 [mem 0xffc00000-0xffdfffff window]
Jul 17 17:20:38 shrinivaasanka-Inspiron-1545 kernel: [    0.356795] pci_bus 0000:0b: resource 0 [io  0x2000-0x2fff]
Jul 17 17:20:38 shrinivaasanka-Inspiron-1545 kernel: [    0.356798] pci_bus 0000:0b: resource 1 [mem 0xc0000000-0xc01fffff]
Jul 17 17:20:38 shrinivaasanka-Inspiron-1545 kernel: [    0.356801] pci_bus 0000:0b: resource 2 [mem 0xc0200000-0xc03fffff 64bit pref]
Jul 17 17:20:38 shrinivaasanka-Inspiron-1545 kernel: [    0.356803] pci_bus 0000:0c: resource 0 [io  0x3000-0x3fff]
Jul 17 17:20:38 shrinivaasanka-Inspiron-1545 kernel: [    0.356806] pci_bus 0000:0c: resource 1 [mem 0xf6900000-0xf69fffff]
Jul 17 17:20:38 shrinivaasanka-Inspiron-1545 kernel: [    0.356809] pci_bus 0000:0c: resource 2 [mem 0xc0400000-0xc05fffff 64bit pref]
Jul 17 17:20:38 shrinivaasanka-Inspiron-1545 kernel: [    0.356812] pci_bus 0000:09: resource 0 [io  0xd000-0xdfff]
Jul 17 17:20:38 shrinivaasanka-Inspiron-1545 kernel: [    0.356814] pci_bus 0000:09: resource 1 [mem 0xf6800000-0xf68fffff]
Jul 17 17:20:38 shrinivaasanka-Inspiron-1545 kernel: [    0.356817] pci_bus 0000:09: resource 2 [mem 0xc0600000-0xc07fffff 64bit pref]
Jul 17 17:20:38 shrinivaasanka-Inspiron-1545 kernel: [    0.356820] pci_bus 0000:0d: resource 0 [io  0xc000-0xcfff]
Jul 17 17:20:38 shrinivaasanka-Inspiron-1545 kernel: [    0.356822] pci_bus 0000:0d: resource 1 [mem 0xf6600000-0xf67fffff]
Jul 17 17:20:38 shrinivaasanka-Inspiron-1545 kernel: [    0.356825] pci_bus 0000:0d: resource 2 [mem 0xf0000000-0xf01fffff 64bit pref]
Jul 17 17:20:38 shrinivaasanka-Inspiron-1545 kernel: [    0.356828] pci_bus 0000:03: resource 4 [io  0x0000-0x0cf7 window]
Jul 17 17:20:38 shrinivaasanka-Inspiron-1545 kernel: [    0.356831] pci_bus 0000:03: resource 5 [io  0x0d00-0xffff window]
Jul 17 17:20:38 shrinivaasanka-Inspiron-1545 kernel: [    0.356834] pci_bus 0000:03: resource 6 [mem 0x000a0000-0x000bffff window]
Jul 17 17:20:38 shrinivaasanka-Inspiron-1545 kernel: [    0.356836] pci_bus 0000:03: resource 7 [mem 0x000d0000-0x000dffff window]
Jul 17 17:20:38 shrinivaasanka-Inspiron-1545 kernel: [    0.356839] pci_bus 0000:03: resource 8 [mem 0xc0000000-0xf7ffffff window]
Jul 17 17:20:38 shrinivaasanka-Inspiron-1545 kernel: [    0.356842] pci_bus 0000:03: resource 9 [mem 0xfc000000-0xfebfffff window]
Jul 17 17:20:38 shrinivaasanka-Inspiron-1545 kernel: [    0.356845] pci_bus 0000:03: resource 10 [mem 0xfec10000-0xfecfffff window]
Jul 17 17:20:38 shrinivaasanka-Inspiron-1545 kernel: [    0.356848] pci_bus 0000:03: resource 11 [mem 0xfed1c000-0xfed1ffff window]
Jul 17 17:20:38 shrinivaasanka-Inspiron-1545 kernel: [    0.356851] pci_bus 0000:03: resource 12 [mem 0xfed90000-0xfed9ffff window]
Jul 17 17:20:38 shrinivaasanka-Inspiron-1545 kernel: [    0.356853] pci_bus 0000:03: resource 13 [mem 0xfeda7000-0xfedfffff window]
Jul 17 17:20:38 shrinivaasanka-Inspiron-1545 kernel: [    0.356856] pci_bus 0000:03: resource 14 [mem 0xfee10000-0xff9fffff window]
Jul 17 17:20:38 shrinivaasanka-Inspiron-1545 kernel: [    0.356859] pci_bus 0000:03: resource 15 [mem 0xffc00000-0xffdfffff window]
Jul 17 17:20:38 shrinivaasanka-Inspiron-1545 kernel: [    0.356899] NET: Registered protocol family 2
Jul 17 17:20:38 shrinivaasanka-Inspiron-1545 kernel: [    0.357136] TCP established hash table entries: 8192 (order: 3, 32768 bytes)
Jul 17 17:20:38 shrinivaasanka-Inspiron-1545 kernel: [    0.357154] TCP bind hash table entries: 8192 (order: 4, 65536 bytes)
Jul 17 17:20:38 shrinivaasanka-Inspiron-1545 kernel: [    0.357185] TCP: Hash tables configured (established 8192 bind 8192)
Jul 17 17:20:38 shrinivaasanka-Inspiron-1545 kernel: [    0.357223] TCP: reno registered
Jul 17 17:20:38 shrinivaasanka-Inspiron-1545 kernel: [    0.357226] UDP hash table entries: 512 (order: 2, 16384 bytes)
Jul 17 17:20:38 shrinivaasanka-Inspiron-1545 kernel: [    0.357236] UDP-Lite hash table entries: 512 (order: 2, 16384 bytes)
Jul 17 17:20:38 shrinivaasanka-Inspiron-1545 kernel: [    0.357287] NET: Registered protocol family 1
Jul 17 17:20:38 shrinivaasanka-Inspiron-1545 kernel: [    0.357306] pci 0000:00:02.0: Video device with shadowed ROM
Jul 17 17:20:38 shrinivaasanka-Inspiron-1545 kernel: [    0.360607] PCI: CLS 64 bytes, default 64
Jul 17 17:20:38 shrinivaasanka-Inspiron-1545 kernel: [    0.360668] Trying to unpack rootfs image as initramfs...
Jul 17 17:20:38 shrinivaasanka-Inspiron-1545 kernel: [    5.782144] Freeing initrd memory: 225348K (dc7ce000 - ea3df000)
Jul 17 17:20:38 shrinivaasanka-Inspiron-1545 kernel: [    5.782543] microcode: CPU0 sig=0x1067a, pf=0x80, revision=0xa0b
Jul 17 17:20:38 shrinivaasanka-Inspiron-1545 kernel: [    5.782556] microcode: CPU1 sig=0x1067a, pf=0x80, revision=0xa0b
Jul 17 17:20:38 shrinivaasanka-Inspiron-1545 kernel: [    5.782640] microcode: Microcode Update Driver: v2.00 <tigran@aivazian.fsnet.co.uk>, Peter Oruba
Jul 17 17:20:38 shrinivaasanka-Inspiron-1545 kernel: [    5.782682] Scanning for low memory corruption every 60 seconds
Jul 17 17:20:38 shrinivaasanka-Inspiron-1545 kernel: [    5.783082] futex hash table entries: 512 (order: 3, 32768 bytes)
Jul 17 17:20:38 shrinivaasanka-Inspiron-1545 kernel: [    5.783108] Initialise system trusted keyring
Jul 17 17:20:38 shrinivaasanka-Inspiron-1545 kernel: [    5.783140] audit: initializing netlink subsys (disabled)
Jul 17 17:20:38 shrinivaasanka-Inspiron-1545 kernel: [    5.783167] audit: type=2000 audit(1437153614.776:1): initialized
Jul 17 17:20:38 shrinivaasanka-Inspiron-1545 kernel: [    5.783564] HugeTLB registered 2 MB page size, pre-allocated 0 pages
Jul 17 17:20:38 shrinivaasanka-Inspiron-1545 kernel: [    5.786326] zpool: loaded
Jul 17 17:20:38 shrinivaasanka-Inspiron-1545 kernel: [    5.786329] zbud: loaded
Jul 17 17:20:38 shrinivaasanka-Inspiron-1545 kernel: [    5.786426] VFS: Disk quotas dquot_6.5.2
Jul 17 17:20:38 shrinivaasanka-Inspiron-1545 kernel: [    5.786485] VFS: Dquot-cache hash table entries: 1024 (order 0, 4096 bytes)
Jul 17 17:20:38 shrinivaasanka-Inspiron-1545 kernel: [    5.787172] fuse init (API version 7.23)
Jul 17 17:20:38 shrinivaasanka-Inspiron-1545 kernel: [    5.787404] Key type big_key registered
Jul 17 17:20:38 shrinivaasanka-Inspiron-1545 kernel: [    5.787927] Key type asymmetric registered
Jul 17 17:20:38 shrinivaasanka-Inspiron-1545 kernel: [    5.787931] Asymmetric key parser 'x509' registered
Jul 17 17:20:38 shrinivaasanka-Inspiron-1545 kernel: [    5.787951] bounce: pool size: 64 pages
Jul 17 17:20:38 shrinivaasanka-Inspiron-1545 kernel: [    5.788017] Block layer SCSI generic (bsg) driver version 0.4 loaded (major 251)
Jul 17 17:20:38 shrinivaasanka-Inspiron-1545 kernel: [    5.788132] io scheduler noop registered
Jul 17 17:20:38 shrinivaasanka-Inspiron-1545 kernel: [    5.788136] io scheduler deadline registered (default)
Jul 17 17:20:38 shrinivaasanka-Inspiron-1545 kernel: [    5.788187] io scheduler cfq registered
Jul 17 17:20:38 shrinivaasanka-Inspiron-1545 kernel: [    5.789610] pci_hotplug: PCI Hot Plug PCI Core version: 0.5
Jul 17 17:20:38 shrinivaasanka-Inspiron-1545 kernel: [    5.789636] pciehp: PCI Express Hot Plug Controller Driver version: 0.4
Jul 17 17:20:38 shrinivaasanka-Inspiron-1545 kernel: [    5.789686] vesafb: mode is 1024x768x32, linelength=4096, pages=0
Jul 17 17:20:38 shrinivaasanka-Inspiron-1545 kernel: [    5.789688] vesafb: scrolling: redraw
Jul 17 17:20:38 shrinivaasanka-Inspiron-1545 kernel: [    5.789691] vesafb: Truecolor: size=8:8:8:8, shift=24:16:8:0
Jul 17 17:20:38 shrinivaasanka-Inspiron-1545 kernel: [    5.789719] vesafb: framebuffer at 0xe0000000, mapped to 0xf8480000, using 3072k, total 3072k
Jul 17 17:20:38 shrinivaasanka-Inspiron-1545 kernel: [    5.813805] Console: switching to colour frame buffer device 128x48
Jul 17 17:20:38 shrinivaasanka-Inspiron-1545 kernel: [    5.837763] fb0: VESA VGA frame buffer device
Jul 17 17:20:38 shrinivaasanka-Inspiron-1545 kernel: [    5.837788] intel_idle: does not run on family 6 model 23
Jul 17 17:20:38 shrinivaasanka-Inspiron-1545 kernel: [    5.837921] ACPI: AC Adapter [AC] (on-line)
Jul 17 17:20:38 shrinivaasanka-Inspiron-1545 kernel: [    5.838070] input: Lid Switch as /devices/LNXSYSTM:00/LNXSYBUS:00/PNP0C0D:00/input/input0
Jul 17 17:20:38 shrinivaasanka-Inspiron-1545 kernel: [    5.838983] ACPI: Lid Switch [LID]
Jul 17 17:20:38 shrinivaasanka-Inspiron-1545 kernel: [    5.839048] input: Power Button as /devices/LNXSYSTM:00/LNXSYBUS:00/PNP0C0C:00/input/input1
Jul 17 17:20:38 shrinivaasanka-Inspiron-1545 kernel: [    5.839053] ACPI: Power Button [PBTN]
Jul 17 17:20:38 shrinivaasanka-Inspiron-1545 kernel: [    5.839118] input: Sleep Button as /devices/LNXSYSTM:00/LNXSYBUS:00/PNP0C0E:00/input/input2
Jul 17 17:20:38 shrinivaasanka-Inspiron-1545 kernel: [    5.839121] ACPI: Sleep Button [SBTN]
Jul 17 17:20:38 shrinivaasanka-Inspiron-1545 kernel: [    5.839254] Monitor-Mwait will be used to enter C-1 state
Jul 17 17:20:38 shrinivaasanka-Inspiron-1545 kernel: [    5.839260] Monitor-Mwait will be used to enter C-2 state
Jul 17 17:20:38 shrinivaasanka-Inspiron-1545 kernel: [    5.839265] Monitor-Mwait will be used to enter C-3 state
Jul 17 17:20:38 shrinivaasanka-Inspiron-1545 kernel: [    5.839269] tsc: Marking TSC unstable due to TSC halts in idle
Jul 17 17:20:38 shrinivaasanka-Inspiron-1545 kernel: [    5.839281] ACPI: acpi_idle registered with cpuidle
Jul 17 17:20:38 shrinivaasanka-Inspiron-1545 kernel: [    5.855707] thermal LNXTHERM:00: registered as thermal_zone0
Jul 17 17:20:38 shrinivaasanka-Inspiron-1545 kernel: [    5.855710] ACPI: Thermal Zone [THM] (64 C)
Jul 17 17:20:38 shrinivaasanka-Inspiron-1545 kernel: [    5.855759] GHES: HEST is not enabled!
Jul 17 17:20:38 shrinivaasanka-Inspiron-1545 kernel: [    5.855789] isapnp: Scanning for PnP cards...
Jul 17 17:20:38 shrinivaasanka-Inspiron-1545 kernel: [    5.905938] ACPI: Battery Slot [BAT0] (battery present)
Jul 17 17:20:38 shrinivaasanka-Inspiron-1545 kernel: [    6.189844] isapnp: No Plug & Play device found
Jul 17 17:20:38 shrinivaasanka-Inspiron-1545 kernel: [    6.189994] Serial: 8250/16550 driver, 32 ports, IRQ sharing enabled
Jul 17 17:20:38 shrinivaasanka-Inspiron-1545 kernel: [    6.193187] Linux agpgart interface v0.103
Jul 17 17:20:38 shrinivaasanka-Inspiron-1545 kernel: [    6.193316] agpgart-intel 0000:00:00.0: Intel GM45 Chipset
Jul 17 17:20:38 shrinivaasanka-Inspiron-1545 kernel: [    6.193340] agpgart-intel 0000:00:00.0: detected gtt size: 2097152K total, 262144K mappable
Jul 17 17:20:38 shrinivaasanka-Inspiron-1545 kernel: [    6.193950] agpgart-intel 0000:00:00.0: detected 32768K stolen memory
Jul 17 17:20:38 shrinivaasanka-Inspiron-1545 kernel: [    6.194134] agpgart-intel 0000:00:00.0: AGP aperture is 256M @ 0xe0000000
Jul 17 17:20:38 shrinivaasanka-Inspiron-1545 kernel: [    6.198024] brd: module loaded
Jul 17 17:20:38 shrinivaasanka-Inspiron-1545 kernel: [    6.199763] loop: module loaded
Jul 17 17:20:38 shrinivaasanka-Inspiron-1545 kernel: [    6.200157] libphy: Fixed MDIO Bus: probed
Jul 17 17:20:38 shrinivaasanka-Inspiron-1545 kernel: [    6.200162] tun: Universal TUN/TAP device driver, 1.6
Jul 17 17:20:38 shrinivaasanka-Inspiron-1545 kernel: [    6.200164] tun: (C) 1999-2004 Max Krasnyansky <maxk@qualcomm.com>
Jul 17 17:20:38 shrinivaasanka-Inspiron-1545 kernel: [    6.200240] PPP generic driver version 2.4.2
Jul 17 17:20:38 shrinivaasanka-Inspiron-1545 kernel: [    6.200371] ehci_hcd: USB 2.0 'Enhanced' Host Controller (EHCI) Driver
Jul 17 17:20:38 shrinivaasanka-Inspiron-1545 kernel: [    6.200377] ehci-pci: EHCI PCI platform driver
Jul 17 17:20:38 shrinivaasanka-Inspiron-1545 kernel: [    6.200655] ehci-pci 0000:00:1a.7: EHCI Host Controller
Jul 17 17:20:38 shrinivaasanka-Inspiron-1545 kernel: [    6.200664] ehci-pci 0000:00:1a.7: new USB bus registered, assigned bus number 1
Jul 17 17:20:38 shrinivaasanka-Inspiron-1545 kernel: [    6.200683] ehci-pci 0000:00:1a.7: debug port 1
Jul 17 17:20:38 shrinivaasanka-Inspiron-1545 kernel: [    6.204595] ehci-pci 0000:00:1a.7: cache line size of 64 is not supported
Jul 17 17:20:38 shrinivaasanka-Inspiron-1545 kernel: [    6.204614] ehci-pci 0000:00:1a.7: irq 22, io mem 0xfed1c400
Jul 17 17:20:38 shrinivaasanka-Inspiron-1545 kernel: [    6.216040] ehci-pci 0000:00:1a.7: USB 2.0 started, EHCI 1.00
Jul 17 17:20:38 shrinivaasanka-Inspiron-1545 kernel: [    6.216130] usb usb1: New USB device found, idVendor=1d6b, idProduct=0002
Jul 17 17:20:38 shrinivaasanka-Inspiron-1545 kernel: [    6.216135] usb usb1: New USB device strings: Mfr=3, Product=2, SerialNumber=1
Jul 17 17:20:38 shrinivaasanka-Inspiron-1545 kernel: [    6.216140] usb usb1: Product: EHCI Host Controller
Jul 17 17:20:38 shrinivaasanka-Inspiron-1545 kernel: [    6.216144] usb usb1: Manufacturer: Linux 4.0.5 ehci_hcd
Jul 17 17:20:38 shrinivaasanka-Inspiron-1545 kernel: [    6.216148] usb usb1: SerialNumber: 0000:00:1a.7
Jul 17 17:20:38 shrinivaasanka-Inspiron-1545 kernel: [    6.216373] hub 1-0:1.0: USB hub found
Jul 17 17:20:38 shrinivaasanka-Inspiron-1545 kernel: [    6.216385] hub 1-0:1.0: 6 ports detected
Jul 17 17:20:38 shrinivaasanka-Inspiron-1545 kernel: [    6.216937] ehci-pci 0000:00:1d.7: EHCI Host Controller
Jul 17 17:20:38 shrinivaasanka-Inspiron-1545 kernel: [    6.216945] ehci-pci 0000:00:1d.7: new USB bus registered, assigned bus number 2
Jul 17 17:20:38 shrinivaasanka-Inspiron-1545 kernel: [    6.216961] ehci-pci 0000:00:1d.7: debug port 1
Jul 17 17:20:38 shrinivaasanka-Inspiron-1545 kernel: [    6.220861] ehci-pci 0000:00:1d.7: cache line size of 64 is not supported
Jul 17 17:20:38 shrinivaasanka-Inspiron-1545 kernel: [    6.220878] ehci-pci 0000:00:1d.7: irq 20, io mem 0xfed1c000
Jul 17 17:20:38 shrinivaasanka-Inspiron-1545 kernel: [    6.232219] ehci-pci 0000:00:1d.7: USB 2.0 started, EHCI 1.00
Jul 17 17:20:38 shrinivaasanka-Inspiron-1545 kernel: [    6.232295] usb usb2: New USB device found, idVendor=1d6b, idProduct=0002
Jul 17 17:20:38 shrinivaasanka-Inspiron-1545 kernel: [    6.232300] usb usb2: New USB device strings: Mfr=3, Product=2, SerialNumber=1
Jul 17 17:20:38 shrinivaasanka-Inspiron-1545 kernel: [    6.232304] usb usb2: Product: EHCI Host Controller
Jul 17 17:20:38 shrinivaasanka-Inspiron-1545 kernel: [    6.232308] usb usb2: Manufacturer: Linux 4.0.5 ehci_hcd
Jul 17 17:20:38 shrinivaasanka-Inspiron-1545 kernel: [    6.232312] usb usb2: SerialNumber: 0000:00:1d.7
Jul 17 17:20:38 shrinivaasanka-Inspiron-1545 kernel: [    6.232520] hub 2-0:1.0: USB hub found
Jul 17 17:20:38 shrinivaasanka-Inspiron-1545 kernel: [    6.232529] hub 2-0:1.0: 6 ports detected
Jul 17 17:20:38 shrinivaasanka-Inspiron-1545 kernel: [    6.232843] ehci-platform: EHCI generic platform driver
Jul 17 17:20:38 shrinivaasanka-Inspiron-1545 kernel: [    6.232858] ohci_hcd: USB 1.1 'Open' Host Controller (OHCI) Driver
Jul 17 17:20:38 shrinivaasanka-Inspiron-1545 kernel: [    6.232863] ohci-pci: OHCI PCI platform driver
Jul 17 17:20:38 shrinivaasanka-Inspiron-1545 kernel: [    6.232882] ohci-platform: OHCI generic platform driver
Jul 17 17:20:38 shrinivaasanka-Inspiron-1545 kernel: [    6.232895] uhci_hcd: USB Universal Host Controller Interface driver
Jul 17 17:20:38 shrinivaasanka-Inspiron-1545 kernel: [    6.233109] uhci_hcd 0000:00:1a.0: UHCI Host Controller
Jul 17 17:20:38 shrinivaasanka-Inspiron-1545 kernel: [    6.233118] uhci_hcd 0000:00:1a.0: new USB bus registered, assigned bus number 3
Jul 17 17:20:38 shrinivaasanka-Inspiron-1545 kernel: [    6.233126] uhci_hcd 0000:00:1a.0: detected 2 ports
Jul 17 17:20:38 shrinivaasanka-Inspiron-1545 kernel: [    6.233152] uhci_hcd 0000:00:1a.0: irq 20, io base 0x00006f60
Jul 17 17:20:38 shrinivaasanka-Inspiron-1545 kernel: [    6.233212] usb usb3: New USB device found, idVendor=1d6b, idProduct=0001
Jul 17 17:20:38 shrinivaasanka-Inspiron-1545 kernel: [    6.233215] usb usb3: New USB device strings: Mfr=3, Product=2, SerialNumber=1
Jul 17 17:20:38 shrinivaasanka-Inspiron-1545 kernel: [    6.233218] usb usb3: Product: UHCI Host Controller
Jul 17 17:20:38 shrinivaasanka-Inspiron-1545 kernel: [    6.233221] usb usb3: Manufacturer: Linux 4.0.5 uhci_hcd
Jul 17 17:20:38 shrinivaasanka-Inspiron-1545 kernel: [    6.233223] usb usb3: SerialNumber: 0000:00:1a.0
Jul 17 17:20:38 shrinivaasanka-Inspiron-1545 kernel: [    6.233406] hub 3-0:1.0: USB hub found
Jul 17 17:20:38 shrinivaasanka-Inspiron-1545 kernel: [    6.233415] hub 3-0:1.0: 2 ports detected
Jul 17 17:20:38 shrinivaasanka-Inspiron-1545 kernel: [    6.233764] uhci_hcd 0000:00:1a.1: UHCI Host Controller
Jul 17 17:20:38 shrinivaasanka-Inspiron-1545 kernel: [    6.233771] uhci_hcd 0000:00:1a.1: new USB bus registered, assigned bus number 4
Jul 17 17:20:38 shrinivaasanka-Inspiron-1545 kernel: [    6.233780] uhci_hcd 0000:00:1a.1: detected 2 ports
Jul 17 17:20:38 shrinivaasanka-Inspiron-1545 kernel: [    6.233816] uhci_hcd 0000:00:1a.1: irq 21, io base 0x00006f80
Jul 17 17:20:38 shrinivaasanka-Inspiron-1545 kernel: [    6.233873] usb usb4: New USB device found, idVendor=1d6b, idProduct=0001
Jul 17 17:20:38 shrinivaasanka-Inspiron-1545 kernel: [    6.233875] usb usb4: New USB device strings: Mfr=3, Product=2, SerialNumber=1
Jul 17 17:20:38 shrinivaasanka-Inspiron-1545 kernel: [    6.233878] usb usb4: Product: UHCI Host Controller
Jul 17 17:20:38 shrinivaasanka-Inspiron-1545 kernel: [    6.233881] usb usb4: Manufacturer: Linux 4.0.5 uhci_hcd
Jul 17 17:20:38 shrinivaasanka-Inspiron-1545 kernel: [    6.233883] usb usb4: SerialNumber: 0000:00:1a.1
Jul 17 17:20:38 shrinivaasanka-Inspiron-1545 kernel: [    6.234060] hub 4-0:1.0: USB hub found
Jul 17 17:20:38 shrinivaasanka-Inspiron-1545 kernel: [    6.234069] hub 4-0:1.0: 2 ports detected
Jul 17 17:20:38 shrinivaasanka-Inspiron-1545 kernel: [    6.234415] uhci_hcd 0000:00:1a.2: UHCI Host Controller
Jul 17 17:20:38 shrinivaasanka-Inspiron-1545 kernel: [    6.234422] uhci_hcd 0000:00:1a.2: new USB bus registered, assigned bus number 5
Jul 17 17:20:38 shrinivaasanka-Inspiron-1545 kernel: [    6.234430] uhci_hcd 0000:00:1a.2: detected 2 ports
Jul 17 17:20:38 shrinivaasanka-Inspiron-1545 kernel: [    6.234454] uhci_hcd 0000:00:1a.2: irq 22, io base 0x00006fa0
Jul 17 17:20:38 shrinivaasanka-Inspiron-1545 kernel: [    6.234510] usb usb5: New USB device found, idVendor=1d6b, idProduct=0001
Jul 17 17:20:38 shrinivaasanka-Inspiron-1545 kernel: [    6.234513] usb usb5: New USB device strings: Mfr=3, Product=2, SerialNumber=1
Jul 17 17:20:38 shrinivaasanka-Inspiron-1545 kernel: [    6.234516] usb usb5: Product: UHCI Host Controller
Jul 17 17:20:38 shrinivaasanka-Inspiron-1545 kernel: [    6.234518] usb usb5: Manufacturer: Linux 4.0.5 uhci_hcd
Jul 17 17:20:38 shrinivaasanka-Inspiron-1545 kernel: [    6.234521] usb usb5: SerialNumber: 0000:00:1a.2
Jul 17 17:20:38 shrinivaasanka-Inspiron-1545 kernel: [    6.234704] hub 5-0:1.0: USB hub found
Jul 17 17:20:38 shrinivaasanka-Inspiron-1545 kernel: [    6.234713] hub 5-0:1.0: 2 ports detected
Jul 17 17:20:38 shrinivaasanka-Inspiron-1545 kernel: [    6.235058] uhci_hcd 0000:00:1d.0: UHCI Host Controller
Jul 17 17:20:38 shrinivaasanka-Inspiron-1545 kernel: [    6.235067] uhci_hcd 0000:00:1d.0: new USB bus registered, assigned bus number 6
Jul 17 17:20:38 shrinivaasanka-Inspiron-1545 kernel: [    6.235076] uhci_hcd 0000:00:1d.0: detected 2 ports
Jul 17 17:20:38 shrinivaasanka-Inspiron-1545 kernel: [    6.235098] uhci_hcd 0000:00:1d.0: irq 20, io base 0x00006f00
Jul 17 17:20:38 shrinivaasanka-Inspiron-1545 kernel: [    6.235154] usb usb6: New USB device found, idVendor=1d6b, idProduct=0001
Jul 17 17:20:38 shrinivaasanka-Inspiron-1545 kernel: [    6.235157] usb usb6: New USB device strings: Mfr=3, Product=2, SerialNumber=1
Jul 17 17:20:38 shrinivaasanka-Inspiron-1545 kernel: [    6.235160] usb usb6: Product: UHCI Host Controller
Jul 17 17:20:38 shrinivaasanka-Inspiron-1545 kernel: [    6.235162] usb usb6: Manufacturer: Linux 4.0.5 uhci_hcd
Jul 17 17:20:38 shrinivaasanka-Inspiron-1545 kernel: [    6.235165] usb usb6: SerialNumber: 0000:00:1d.0
Jul 17 17:20:38 shrinivaasanka-Inspiron-1545 kernel: [    6.235344] hub 6-0:1.0: USB hub found
Jul 17 17:20:38 shrinivaasanka-Inspiron-1545 kernel: [    6.235353] hub 6-0:1.0: 2 ports detected
Jul 17 17:20:38 shrinivaasanka-Inspiron-1545 kernel: [    6.235698] uhci_hcd 0000:00:1d.1: UHCI Host Controller
Jul 17 17:20:38 shrinivaasanka-Inspiron-1545 kernel: [    6.235705] uhci_hcd 0000:00:1d.1: new USB bus registered, assigned bus number 7
Jul 17 17:20:38 shrinivaasanka-Inspiron-1545 kernel: [    6.235714] uhci_hcd 0000:00:1d.1: detected 2 ports
Jul 17 17:20:38 shrinivaasanka-Inspiron-1545 kernel: [    6.235736] uhci_hcd 0000:00:1d.1: irq 21, io base 0x00006f20
Jul 17 17:20:38 shrinivaasanka-Inspiron-1545 kernel: [    6.235795] usb usb7: New USB device found, idVendor=1d6b, idProduct=0001
Jul 17 17:20:38 shrinivaasanka-Inspiron-1545 kernel: [    6.235798] usb usb7: New USB device strings: Mfr=3, Product=2, SerialNumber=1
Jul 17 17:20:38 shrinivaasanka-Inspiron-1545 kernel: [    6.235801] usb usb7: Product: UHCI Host Controller
Jul 17 17:20:38 shrinivaasanka-Inspiron-1545 kernel: [    6.235803] usb usb7: Manufacturer: Linux 4.0.5 uhci_hcd
Jul 17 17:20:38 shrinivaasanka-Inspiron-1545 kernel: [    6.235805] usb usb7: SerialNumber: 0000:00:1d.1
Jul 17 17:20:38 shrinivaasanka-Inspiron-1545 kernel: [    6.235980] hub 7-0:1.0: USB hub found
Jul 17 17:20:38 shrinivaasanka-Inspiron-1545 kernel: [    6.235989] hub 7-0:1.0: 2 ports detected
Jul 17 17:20:38 shrinivaasanka-Inspiron-1545 kernel: [    6.236350] uhci_hcd 0000:00:1d.2: UHCI Host Controller
Jul 17 17:20:38 shrinivaasanka-Inspiron-1545 kernel: [    6.236358] uhci_hcd 0000:00:1d.2: new USB bus registered, assigned bus number 8
Jul 17 17:20:38 shrinivaasanka-Inspiron-1545 kernel: [    6.236366] uhci_hcd 0000:00:1d.2: detected 2 ports
Jul 17 17:20:38 shrinivaasanka-Inspiron-1545 kernel: [    6.236389] uhci_hcd 0000:00:1d.2: irq 22, io base 0x00006f40
Jul 17 17:20:38 shrinivaasanka-Inspiron-1545 kernel: [    6.236450] usb usb8: New USB device found, idVendor=1d6b, idProduct=0001
Jul 17 17:20:38 shrinivaasanka-Inspiron-1545 kernel: [    6.236452] usb usb8: New USB device strings: Mfr=3, Product=2, SerialNumber=1
Jul 17 17:20:38 shrinivaasanka-Inspiron-1545 kernel: [    6.236455] usb usb8: Product: UHCI Host Controller
Jul 17 17:20:38 shrinivaasanka-Inspiron-1545 kernel: [    6.236457] usb usb8: Manufacturer: Linux 4.0.5 uhci_hcd
Jul 17 17:20:38 shrinivaasanka-Inspiron-1545 kernel: [    6.236460] usb usb8: SerialNumber: 0000:00:1d.2
Jul 17 17:20:38 shrinivaasanka-Inspiron-1545 kernel: [    6.236636] hub 8-0:1.0: USB hub found
Jul 17 17:20:38 shrinivaasanka-Inspiron-1545 kernel: [    6.236645] hub 8-0:1.0: 2 ports detected
Jul 17 17:20:38 shrinivaasanka-Inspiron-1545 kernel: [    6.236870] i8042: PNP: PS/2 Controller [PNP0303:KBC,PNP0f13:PS2M] at 0x60,0x64 irq 1,12
Jul 17 17:20:38 shrinivaasanka-Inspiron-1545 kernel: [    6.255987] i8042: Detected active multiplexing controller, rev 1.1
Jul 17 17:20:38 shrinivaasanka-Inspiron-1545 kernel: [    6.269244] serio: i8042 KBD port at 0x60,0x64 irq 1
Jul 17 17:20:38 shrinivaasanka-Inspiron-1545 kernel: [    6.269250] serio: i8042 AUX0 port at 0x60,0x64 irq 12
Jul 17 17:20:38 shrinivaasanka-Inspiron-1545 kernel: [    6.269291] serio: i8042 AUX1 port at 0x60,0x64 irq 12
Jul 17 17:20:38 shrinivaasanka-Inspiron-1545 kernel: [    6.269327] serio: i8042 AUX2 port at 0x60,0x64 irq 12
Jul 17 17:20:38 shrinivaasanka-Inspiron-1545 kernel: [    6.269367] serio: i8042 AUX3 port at 0x60,0x64 irq 12
Jul 17 17:20:38 shrinivaasanka-Inspiron-1545 kernel: [    6.269573] mousedev: PS/2 mouse device common for all mice
Jul 17 17:20:38 shrinivaasanka-Inspiron-1545 kernel: [    6.270080] rtc_cmos 00:03: RTC can wake from S4
Jul 17 17:20:38 shrinivaasanka-Inspiron-1545 kernel: [    6.270267] rtc_cmos 00:03: rtc core: registered rtc_cmos as rtc0
Jul 17 17:20:38 shrinivaasanka-Inspiron-1545 kernel: [    6.270302] rtc_cmos 00:03: alarms up to one month, y3k, 114 bytes nvram, hpet irqs
Jul 17 17:20:38 shrinivaasanka-Inspiron-1545 kernel: [    6.270315] i2c /dev entries driver
Jul 17 17:20:38 shrinivaasanka-Inspiron-1545 kernel: [    6.270385] device-mapper: uevent: version 1.0.3
Jul 17 17:20:38 shrinivaasanka-Inspiron-1545 kernel: [    6.270504] device-mapper: ioctl: 4.30.0-ioctl (2014-12-22) initialised: dm-devel@redhat.com
Jul 17 17:20:38 shrinivaasanka-Inspiron-1545 kernel: [    6.270539] platform eisa.0: Probing EISA bus 0
Jul 17 17:20:38 shrinivaasanka-Inspiron-1545 kernel: [    6.270542] platform eisa.0: EISA: Cannot allocate resource for mainboard
Jul 17 17:20:38 shrinivaasanka-Inspiron-1545 kernel: [    6.270545] platform eisa.0: Cannot allocate resource for EISA slot 1
Jul 17 17:20:38 shrinivaasanka-Inspiron-1545 kernel: [    6.270548] platform eisa.0: Cannot allocate resource for EISA slot 2
Jul 17 17:20:38 shrinivaasanka-Inspiron-1545 kernel: [    6.270550] platform eisa.0: Cannot allocate resource for EISA slot 3
Jul 17 17:20:38 shrinivaasanka-Inspiron-1545 kernel: [    6.270553] platform eisa.0: Cannot allocate resource for EISA slot 4
Jul 17 17:20:38 shrinivaasanka-Inspiron-1545 kernel: [    6.270556] platform eisa.0: Cannot allocate resource for EISA slot 5
Jul 17 17:20:38 shrinivaasanka-Inspiron-1545 kernel: [    6.270558] platform eisa.0: Cannot allocate resource for EISA slot 6
Jul 17 17:20:38 shrinivaasanka-Inspiron-1545 kernel: [    6.270561] platform eisa.0: Cannot allocate resource for EISA slot 7
Jul 17 17:20:38 shrinivaasanka-Inspiron-1545 kernel: [    6.270563] platform eisa.0: Cannot allocate resource for EISA slot 8
Jul 17 17:20:38 shrinivaasanka-Inspiron-1545 kernel: [    6.270566] platform eisa.0: EISA: Detected 0 cards
Jul 17 17:20:38 shrinivaasanka-Inspiron-1545 kernel: [    6.270586] cpufreq-nforce2: No nForce2 chipset.
Jul 17 17:20:38 shrinivaasanka-Inspiron-1545 kernel: [    6.270595] ledtrig-cpu: registered to indicate activity on CPUs
Jul 17 17:20:38 shrinivaasanka-Inspiron-1545 kernel: [    6.270607] PCCT header not found.
Jul 17 17:20:38 shrinivaasanka-Inspiron-1545 kernel: [    6.270754] TCP: cubic registered
Jul 17 17:20:38 shrinivaasanka-Inspiron-1545 kernel: [    6.270932] NET: Registered protocol family 10
Jul 17 17:20:38 shrinivaasanka-Inspiron-1545 kernel: [    6.271222] NET: Registered protocol family 17
Jul 17 17:20:38 shrinivaasanka-Inspiron-1545 kernel: [    6.271238] Key type dns_resolver registered
Jul 17 17:20:38 shrinivaasanka-Inspiron-1545 kernel: [    6.271538] Using IPI No-Shortcut mode
Jul 17 17:20:38 shrinivaasanka-Inspiron-1545 kernel: [    6.271802] Loading compiled-in X.509 certificates
Jul 17 17:20:38 shrinivaasanka-Inspiron-1545 kernel: [    6.276298] Loaded X.509 cert 'Magrathea: Glacier signing key: 90c4deb7a43c53d72fabbadb7d100e06980e6a93'
Jul 17 17:20:38 shrinivaasanka-Inspiron-1545 kernel: [    6.276318] registered taskstats version 1
Jul 17 17:20:38 shrinivaasanka-Inspiron-1545 kernel: [    6.279303] Key type trusted registered
Jul 17 17:20:38 shrinivaasanka-Inspiron-1545 kernel: [    6.284482] Key type encrypted registered
Jul 17 17:20:38 shrinivaasanka-Inspiron-1545 kernel: [    6.284491] AppArmor: AppArmor sha1 policy hashing enabled
Jul 17 17:20:38 shrinivaasanka-Inspiron-1545 kernel: [    6.284496] ima: No TPM chip found, activating TPM-bypass!
Jul 17 17:20:38 shrinivaasanka-Inspiron-1545 kernel: [    6.284524] evm: HMAC attrs: 0x1
Jul 17 17:20:38 shrinivaasanka-Inspiron-1545 kernel: [    6.285253]   Magic number: 7:358:340
Jul 17 17:20:38 shrinivaasanka-Inspiron-1545 kernel: [    6.285370] rtc_cmos 00:03: setting system clock to 2015-07-17 17:20:15 UTC (1437153615)
Jul 17 17:20:38 shrinivaasanka-Inspiron-1545 kernel: [    6.287034] BIOS EDD facility v0.16 2004-Jun-25, 0 devices found
Jul 17 17:20:38 shrinivaasanka-Inspiron-1545 kernel: [    6.287037] EDD information not available.
Jul 17 17:20:38 shrinivaasanka-Inspiron-1545 kernel: [    6.287129] PM: Hibernation image not present or could not be loaded.
Jul 17 17:20:38 shrinivaasanka-Inspiron-1545 kernel: [    6.287540] Freeing unused kernel memory: 884K (c1ab4000 - c1b91000)
Jul 17 17:20:38 shrinivaasanka-Inspiron-1545 kernel: [    6.287611] Write protecting the kernel text: 7096k
Jul 17 17:20:38 shrinivaasanka-Inspiron-1545 kernel: [    6.287660] Write protecting the kernel read-only data: 3172k
Jul 17 17:20:38 shrinivaasanka-Inspiron-1545 kernel: [    6.287662] NX-protecting the kernel data: 5192k
Jul 17 17:20:38 shrinivaasanka-Inspiron-1545 kernel: [    6.300886] input: AT Translated Set 2 keyboard as /devices/platform/i8042/serio0/input/input3
Jul 17 17:20:38 shrinivaasanka-Inspiron-1545 kernel: [    6.305035] random: systemd-udevd urandom read with 1 bits of entropy available
Jul 17 17:20:38 shrinivaasanka-Inspiron-1545 kernel: [    6.395608] wmi: Mapper loaded
Jul 17 17:20:38 shrinivaasanka-Inspiron-1545 kernel: [    6.492712] ahci 0000:00:1f.2: version 3.0
Jul 17 17:20:38 shrinivaasanka-Inspiron-1545 kernel: [    6.493050] ahci 0000:00:1f.2: SSS flag set, parallel bus scan disabled
Jul 17 17:20:38 shrinivaasanka-Inspiron-1545 kernel: [    6.493091] ahci 0000:00:1f.2: AHCI 0001.0200 32 slots 4 ports 3 Gbps 0x33 impl SATA mode
Jul 17 17:20:38 shrinivaasanka-Inspiron-1545 kernel: [    6.493095] ahci 0000:00:1f.2: flags: 64bit ncq sntf stag pm led clo pio slum part ccc ems 
Jul 17 17:20:38 shrinivaasanka-Inspiron-1545 kernel: [    6.539280] scsi host0: ahci
Jul 17 17:20:38 shrinivaasanka-Inspiron-1545 kernel: [    6.548368] scsi host1: ahci
Jul 17 17:20:38 shrinivaasanka-Inspiron-1545 kernel: [    6.550475] [drm] Initialized drm 1.1.0 20060810
Jul 17 17:20:38 shrinivaasanka-Inspiron-1545 kernel: [    6.552693] sky2: driver version 1.30
Jul 17 17:20:38 shrinivaasanka-Inspiron-1545 kernel: [    6.552846] sky2 0000:09:00.0: Yukon-2 FE+ chip revision 0
Jul 17 17:20:38 shrinivaasanka-Inspiron-1545 kernel: [    6.553246] sky2 0000:09:00.0 eth0: addr 00:23:ae:20:78:38
Jul 17 17:20:38 shrinivaasanka-Inspiron-1545 kernel: [    6.596039] scsi host2: ahci
Jul 17 17:20:38 shrinivaasanka-Inspiron-1545 kernel: [    6.598936] scsi host3: ahci
Jul 17 17:20:38 shrinivaasanka-Inspiron-1545 kernel: [    6.607243] scsi host4: ahci
Jul 17 17:20:38 shrinivaasanka-Inspiron-1545 kernel: [    6.616144] scsi host5: ahci
Jul 17 17:20:38 shrinivaasanka-Inspiron-1545 kernel: [    6.616312] ata1: SATA max UDMA/133 abar m2048@0xfed1c800 port 0xfed1c900 irq 28
Jul 17 17:20:38 shrinivaasanka-Inspiron-1545 kernel: [    6.616316] ata2: SATA max UDMA/133 abar m2048@0xfed1c800 port 0xfed1c980 irq 28
Jul 17 17:20:38 shrinivaasanka-Inspiron-1545 kernel: [    6.616319] ata3: DUMMY
Jul 17 17:20:38 shrinivaasanka-Inspiron-1545 kernel: [    6.616321] ata4: DUMMY
Jul 17 17:20:38 shrinivaasanka-Inspiron-1545 kernel: [    6.616325] ata5: SATA max UDMA/133 abar m2048@0xfed1c800 port 0xfed1cb00 irq 28
Jul 17 17:20:38 shrinivaasanka-Inspiron-1545 kernel: [    6.616328] ata6: SATA max UDMA/133 abar m2048@0xfed1c800 port 0xfed1cb80 irq 28
Jul 17 17:20:38 shrinivaasanka-Inspiron-1545 kernel: [    6.788049] usb 3-1: new full-speed USB device number 2 using uhci_hcd
Jul 17 17:20:38 shrinivaasanka-Inspiron-1545 kernel: [    6.864053] usb 1-5: new high-speed USB device number 3 using ehci-pci
Jul 17 17:20:38 shrinivaasanka-Inspiron-1545 kernel: [    6.936052] ata1: SATA link up 3.0 Gbps (SStatus 123 SControl 300)
Jul 17 17:20:38 shrinivaasanka-Inspiron-1545 kernel: [    6.968069] usb 3-1: New USB device found, idVendor=0a5c, idProduct=4500
Jul 17 17:20:38 shrinivaasanka-Inspiron-1545 kernel: [    6.968073] usb 3-1: New USB device strings: Mfr=1, Product=2, SerialNumber=0
Jul 17 17:20:38 shrinivaasanka-Inspiron-1545 kernel: [    6.968076] usb 3-1: Product: BCM2046B1
Jul 17 17:20:38 shrinivaasanka-Inspiron-1545 kernel: [    6.968078] usb 3-1: Manufacturer: Broadcom
Jul 17 17:20:38 shrinivaasanka-Inspiron-1545 kernel: [    6.971125] hub 3-1:1.0: USB hub found
Jul 17 17:20:38 shrinivaasanka-Inspiron-1545 kernel: [    6.973068] hub 3-1:1.0: 3 ports detected
Jul 17 17:20:38 shrinivaasanka-Inspiron-1545 kernel: [    6.988442] ata1.00: ATA-8: WDC WD3200BEVT-75ZCT2, 11.01A11, max UDMA/133
Jul 17 17:20:38 shrinivaasanka-Inspiron-1545 kernel: [    6.988446] ata1.00: 625142448 sectors, multi 8: LBA48 NCQ (depth 31/32), AA
Jul 17 17:20:38 shrinivaasanka-Inspiron-1545 kernel: [    6.990931] ata1.00: configured for UDMA/133
Jul 17 17:20:38 shrinivaasanka-Inspiron-1545 kernel: [    6.991043] scsi 0:0:0:0: Direct-Access     ATA      WDC WD3200BEVT-7 1A11 PQ: 0 ANSI: 5
Jul 17 17:20:38 shrinivaasanka-Inspiron-1545 kernel: [    6.991320] sd 0:0:0:0: Attached scsi generic sg0 type 0
Jul 17 17:20:38 shrinivaasanka-Inspiron-1545 kernel: [    6.991427] sd 0:0:0:0: [sda] 625142448 512-byte logical blocks: (320 GB/298 GiB)
