Jul 18 10:37:39 shrinivaasanka-Inspiron-1545 kernel: [    0.000000] Initializing cgroup subsys cpuset
Jul 18 10:37:39 shrinivaasanka-Inspiron-1545 kernel: [    0.000000] Initializing cgroup subsys cpu
Jul 18 10:37:39 shrinivaasanka-Inspiron-1545 kernel: [    0.000000] Initializing cgroup subsys cpuacct
Jul 18 10:37:39 shrinivaasanka-Inspiron-1545 kernel: [    0.000000] Linux version 4.0.5 (root@shrinivaasanka-Inspiron-1545) (gcc version 4.9.2 (Ubuntu 4.9.2-10ubuntu13) ) #1 SMP Sat Jul 4 13:39:54 IST 2015
Jul 18 10:37:39 shrinivaasanka-Inspiron-1545 kernel: [    0.000000] KERNEL supported cpus:
Jul 18 10:37:39 shrinivaasanka-Inspiron-1545 kernel: [    0.000000]   Intel GenuineIntel
Jul 18 10:37:39 shrinivaasanka-Inspiron-1545 kernel: [    0.000000]   AMD AuthenticAMD
Jul 18 10:37:39 shrinivaasanka-Inspiron-1545 kernel: [    0.000000]   NSC Geode by NSC
Jul 18 10:37:39 shrinivaasanka-Inspiron-1545 kernel: [    0.000000]   Cyrix CyrixInstead
Jul 18 10:37:39 shrinivaasanka-Inspiron-1545 kernel: [    0.000000]   Centaur CentaurHauls
Jul 18 10:37:39 shrinivaasanka-Inspiron-1545 kernel: [    0.000000]   Transmeta GenuineTMx86
Jul 18 10:37:39 shrinivaasanka-Inspiron-1545 kernel: [    0.000000]   Transmeta TransmetaCPU
Jul 18 10:37:39 shrinivaasanka-Inspiron-1545 kernel: [    0.000000]   UMC UMC UMC UMC
Jul 18 10:37:39 shrinivaasanka-Inspiron-1545 kernel: [    0.000000] e820: BIOS-provided physical RAM map:
Jul 18 10:37:39 shrinivaasanka-Inspiron-1545 kernel: [    0.000000] BIOS-e820: [mem 0x0000000000000000-0x000000000009efff] usable
Jul 18 10:37:39 shrinivaasanka-Inspiron-1545 kernel: [    0.000000] BIOS-e820: [mem 0x000000000009f000-0x000000000009ffff] reserved
Jul 18 10:37:39 shrinivaasanka-Inspiron-1545 kernel: [    0.000000] BIOS-e820: [mem 0x0000000000100000-0x00000000bd8bf3ff] usable
Jul 18 10:37:39 shrinivaasanka-Inspiron-1545 kernel: [    0.000000] BIOS-e820: [mem 0x00000000bd8bf400-0x00000000bdac13ff] ACPI NVS
Jul 18 10:37:39 shrinivaasanka-Inspiron-1545 kernel: [    0.000000] BIOS-e820: [mem 0x00000000bdac1400-0x00000000bfffffff] reserved
Jul 18 10:37:39 shrinivaasanka-Inspiron-1545 kernel: [    0.000000] BIOS-e820: [mem 0x00000000f8000000-0x00000000fbffffff] reserved
Jul 18 10:37:39 shrinivaasanka-Inspiron-1545 kernel: [    0.000000] BIOS-e820: [mem 0x00000000fec00000-0x00000000fec0ffff] reserved
Jul 18 10:37:39 shrinivaasanka-Inspiron-1545 kernel: [    0.000000] BIOS-e820: [mem 0x00000000fed18000-0x00000000fed1bfff] reserved
Jul 18 10:37:39 shrinivaasanka-Inspiron-1545 kernel: [    0.000000] BIOS-e820: [mem 0x00000000fed20000-0x00000000fed8ffff] reserved
Jul 18 10:37:39 shrinivaasanka-Inspiron-1545 kernel: [    0.000000] BIOS-e820: [mem 0x00000000feda0000-0x00000000feda5fff] reserved
Jul 18 10:37:39 shrinivaasanka-Inspiron-1545 kernel: [    0.000000] BIOS-e820: [mem 0x00000000fee00000-0x00000000fee0ffff] reserved
Jul 18 10:37:39 shrinivaasanka-Inspiron-1545 kernel: [    0.000000] BIOS-e820: [mem 0x00000000ffe00000-0x00000000ffffffff] reserved
Jul 18 10:37:39 shrinivaasanka-Inspiron-1545 kernel: [    0.000000] NX (Execute Disable) protection: active
Jul 18 10:37:39 shrinivaasanka-Inspiron-1545 kernel: [    0.000000] SMBIOS 2.4 present.
Jul 18 10:37:39 shrinivaasanka-Inspiron-1545 kernel: [    0.000000] DMI: Dell Inc. Inspiron 1545                   /0J037P, BIOS A14 12/07/2009
Jul 18 10:37:39 shrinivaasanka-Inspiron-1545 kernel: [    0.000000] e820: update [mem 0x00000000-0x00000fff] usable ==> reserved
Jul 18 10:37:39 shrinivaasanka-Inspiron-1545 kernel: [    0.000000] e820: remove [mem 0x000a0000-0x000fffff] usable
Jul 18 10:37:39 shrinivaasanka-Inspiron-1545 kernel: [    0.000000] e820: last_pfn = 0xbd8bf max_arch_pfn = 0x1000000
Jul 18 10:37:39 shrinivaasanka-Inspiron-1545 kernel: [    0.000000] MTRR default type: uncachable
Jul 18 10:37:39 shrinivaasanka-Inspiron-1545 kernel: [    0.000000] MTRR fixed ranges enabled:
Jul 18 10:37:39 shrinivaasanka-Inspiron-1545 kernel: [    0.000000]   00000-9FFFF write-back
Jul 18 10:37:39 shrinivaasanka-Inspiron-1545 kernel: [    0.000000]   A0000-BFFFF uncachable
Jul 18 10:37:39 shrinivaasanka-Inspiron-1545 kernel: [    0.000000]   C0000-CFFFF write-protect
Jul 18 10:37:39 shrinivaasanka-Inspiron-1545 kernel: [    0.000000]   D0000-EFFFF uncachable
Jul 18 10:37:39 shrinivaasanka-Inspiron-1545 kernel: [    0.000000]   F0000-FFFFF write-protect
Jul 18 10:37:39 shrinivaasanka-Inspiron-1545 kernel: [    0.000000] MTRR variable ranges enabled:
Jul 18 10:37:39 shrinivaasanka-Inspiron-1545 kernel: [    0.000000]   0 base 000000000 mask 800000000 write-back
Jul 18 10:37:39 shrinivaasanka-Inspiron-1545 kernel: [    0.000000]   1 base 0E0000000 mask FE0000000 uncachable
Jul 18 10:37:39 shrinivaasanka-Inspiron-1545 kernel: [    0.000000]   2 base 0BDC00000 mask FFFC00000 uncachable
Jul 18 10:37:39 shrinivaasanka-Inspiron-1545 kernel: [    0.000000]   3 base 0BE000000 mask FFE000000 uncachable
Jul 18 10:37:39 shrinivaasanka-Inspiron-1545 kernel: [    0.000000]   4 disabled
Jul 18 10:37:39 shrinivaasanka-Inspiron-1545 kernel: [    0.000000]   5 disabled
Jul 18 10:37:39 shrinivaasanka-Inspiron-1545 kernel: [    0.000000]   6 disabled
Jul 18 10:37:39 shrinivaasanka-Inspiron-1545 kernel: [    0.000000] PAT configuration [0-7]: WB  WC  UC- UC  WB  WC  UC- UC  
Jul 18 10:37:39 shrinivaasanka-Inspiron-1545 kernel: [    0.000000] original variable MTRRs
Jul 18 10:37:39 shrinivaasanka-Inspiron-1545 kernel: [    0.000000] reg 0, base: 0GB, range: 32GB, type WB
Jul 18 10:37:39 shrinivaasanka-Inspiron-1545 kernel: [    0.000000] reg 1, base: 3584MB, range: 512MB, type UC
Jul 18 10:37:39 shrinivaasanka-Inspiron-1545 kernel: [    0.000000] reg 2, base: 3036MB, range: 4MB, type UC
Jul 18 10:37:39 shrinivaasanka-Inspiron-1545 kernel: [    0.000000] reg 3, base: 3040MB, range: 32MB, type UC
Jul 18 10:37:39 shrinivaasanka-Inspiron-1545 kernel: [    0.000000] total RAM covered: 32220M
Jul 18 10:37:39 shrinivaasanka-Inspiron-1545 kernel: [    0.000000]  gran_size: 64K 	chunk_size: 64K 	num_reg: 7  	lose cover RAM: 29188M
Jul 18 10:37:39 shrinivaasanka-Inspiron-1545 kernel: [    0.000000]  gran_size: 64K 	chunk_size: 128K 	num_reg: 7  	lose cover RAM: 29188M
Jul 18 10:37:39 shrinivaasanka-Inspiron-1545 kernel: [    0.000000]  gran_size: 64K 	chunk_size: 256K 	num_reg: 7  	lose cover RAM: 29188M
Jul 18 10:37:39 shrinivaasanka-Inspiron-1545 kernel: [    0.000000]  gran_size: 64K 	chunk_size: 512K 	num_reg: 7  	lose cover RAM: 29188M
Jul 18 10:37:39 shrinivaasanka-Inspiron-1545 kernel: [    0.000000]  gran_size: 64K 	chunk_size: 1M 	num_reg: 7  	lose cover RAM: 29188M
Jul 18 10:37:39 shrinivaasanka-Inspiron-1545 kernel: [    0.000000]  gran_size: 64K 	chunk_size: 2M 	num_reg: 7  	lose cover RAM: 29188M
Jul 18 10:37:39 shrinivaasanka-Inspiron-1545 kernel: [    0.000000]  gran_size: 64K 	chunk_size: 4M 	num_reg: 7  	lose cover RAM: 29188M
Jul 18 10:37:39 shrinivaasanka-Inspiron-1545 kernel: [    0.000000]  gran_size: 64K 	chunk_size: 8M 	num_reg: 7  	lose cover RAM: 29184M
Jul 18 10:37:39 shrinivaasanka-Inspiron-1545 kernel: [    0.000000]  gran_size: 64K 	chunk_size: 16M 	num_reg: 7  	lose cover RAM: 29184M
Jul 18 10:37:39 shrinivaasanka-Inspiron-1545 kernel: [    0.000000]  gran_size: 64K 	chunk_size: 32M 	num_reg: 7  	lose cover RAM: 29184M
Jul 18 10:37:39 shrinivaasanka-Inspiron-1545 kernel: [    0.000000]  gran_size: 64K 	chunk_size: 64M 	num_reg: 7  	lose cover RAM: 16G
Jul 18 10:37:39 shrinivaasanka-Inspiron-1545 kernel: [    0.000000]  gran_size: 64K 	chunk_size: 128M 	num_reg: 7  	lose cover RAM: 16G
Jul 18 10:37:39 shrinivaasanka-Inspiron-1545 kernel: [    0.000000]  gran_size: 64K 	chunk_size: 256M 	num_reg: 7  	lose cover RAM: 16G
Jul 18 10:37:39 shrinivaasanka-Inspiron-1545 kernel: [    0.000000]  gran_size: 64K 	chunk_size: 512M 	num_reg: 7  	lose cover RAM: 16G
Jul 18 10:37:39 shrinivaasanka-Inspiron-1545 kernel: [    0.000000]  gran_size: 64K 	chunk_size: 1G 	num_reg: 7  	lose cover RAM: 16G
Jul 18 10:37:39 shrinivaasanka-Inspiron-1545 kernel: [    0.000000]  gran_size: 64K 	chunk_size: 2G 	num_reg: 7  	lose cover RAM: 29188M
Jul 18 10:37:39 shrinivaasanka-Inspiron-1545 kernel: [    0.000000]  gran_size: 128K 	chunk_size: 128K 	num_reg: 7  	lose cover RAM: 29188M
Jul 18 10:37:39 shrinivaasanka-Inspiron-1545 kernel: [    0.000000]  gran_size: 128K 	chunk_size: 256K 	num_reg: 7  	lose cover RAM: 29188M
Jul 18 10:37:39 shrinivaasanka-Inspiron-1545 kernel: [    0.000000]  gran_size: 128K 	chunk_size: 512K 	num_reg: 7  	lose cover RAM: 29188M
Jul 18 10:37:39 shrinivaasanka-Inspiron-1545 kernel: [    0.000000]  gran_size: 128K 	chunk_size: 1M 	num_reg: 7  	lose cover RAM: 29188M
Jul 18 10:37:39 shrinivaasanka-Inspiron-1545 kernel: [    0.000000]  gran_size: 128K 	chunk_size: 2M 	num_reg: 7  	lose cover RAM: 29188M
Jul 18 10:37:39 shrinivaasanka-Inspiron-1545 kernel: [    0.000000]  gran_size: 128K 	chunk_size: 4M 	num_reg: 7  	lose cover RAM: 29188M
Jul 18 10:37:39 shrinivaasanka-Inspiron-1545 kernel: [    0.000000]  gran_size: 128K 	chunk_size: 8M 	num_reg: 7  	lose cover RAM: 29184M
Jul 18 10:37:39 shrinivaasanka-Inspiron-1545 kernel: [    0.000000]  gran_size: 128K 	chunk_size: 16M 	num_reg: 7  	lose cover RAM: 29184M
Jul 18 10:37:39 shrinivaasanka-Inspiron-1545 kernel: [    0.000000]  gran_size: 128K 	chunk_size: 32M 	num_reg: 7  	lose cover RAM: 29184M
Jul 18 10:37:39 shrinivaasanka-Inspiron-1545 kernel: [    0.000000]  gran_size: 128K 	chunk_size: 64M 	num_reg: 7  	lose cover RAM: 16G
Jul 18 10:37:39 shrinivaasanka-Inspiron-1545 kernel: [    0.000000]  gran_size: 128K 	chunk_size: 128M 	num_reg: 7  	lose cover RAM: 16G
Jul 18 10:37:39 shrinivaasanka-Inspiron-1545 kernel: [    0.000000]  gran_size: 128K 	chunk_size: 256M 	num_reg: 7  	lose cover RAM: 16G
Jul 18 10:37:39 shrinivaasanka-Inspiron-1545 kernel: [    0.000000]  gran_size: 128K 	chunk_size: 512M 	num_reg: 7  	lose cover RAM: 16G
Jul 18 10:37:39 shrinivaasanka-Inspiron-1545 kernel: [    0.000000]  gran_size: 128K 	chunk_size: 1G 	num_reg: 7  	lose cover RAM: 16G
Jul 18 10:37:39 shrinivaasanka-Inspiron-1545 kernel: [    0.000000]  gran_size: 128K 	chunk_size: 2G 	num_reg: 7  	lose cover RAM: 29188M
Jul 18 10:37:39 shrinivaasanka-Inspiron-1545 kernel: [    0.000000]  gran_size: 256K 	chunk_size: 256K 	num_reg: 7  	lose cover RAM: 29188M
Jul 18 10:37:39 shrinivaasanka-Inspiron-1545 kernel: [    0.000000]  gran_size: 256K 	chunk_size: 512K 	num_reg: 7  	lose cover RAM: 29188M
Jul 18 10:37:39 shrinivaasanka-Inspiron-1545 kernel: [    0.000000]  gran_size: 256K 	chunk_size: 1M 	num_reg: 7  	lose cover RAM: 29188M
Jul 18 10:37:39 shrinivaasanka-Inspiron-1545 kernel: [    0.000000]  gran_size: 256K 	chunk_size: 2M 	num_reg: 7  	lose cover RAM: 29188M
Jul 18 10:37:39 shrinivaasanka-Inspiron-1545 kernel: [    0.000000]  gran_size: 256K 	chunk_size: 4M 	num_reg: 7  	lose cover RAM: 29188M
Jul 18 10:37:39 shrinivaasanka-Inspiron-1545 kernel: [    0.000000]  gran_size: 256K 	chunk_size: 8M 	num_reg: 7  	lose cover RAM: 29184M
Jul 18 10:37:39 shrinivaasanka-Inspiron-1545 kernel: [    0.000000]  gran_size: 256K 	chunk_size: 16M 	num_reg: 7  	lose cover RAM: 29184M
Jul 18 10:37:39 shrinivaasanka-Inspiron-1545 kernel: [    0.000000]  gran_size: 256K 	chunk_size: 32M 	num_reg: 7  	lose cover RAM: 29184M
Jul 18 10:37:39 shrinivaasanka-Inspiron-1545 kernel: [    0.000000]  gran_size: 256K 	chunk_size: 64M 	num_reg: 7  	lose cover RAM: 16G
Jul 18 10:37:39 shrinivaasanka-Inspiron-1545 kernel: [    0.000000]  gran_size: 256K 	chunk_size: 128M 	num_reg: 7  	lose cover RAM: 16G
Jul 18 10:37:39 shrinivaasanka-Inspiron-1545 kernel: [    0.000000]  gran_size: 256K 	chunk_size: 256M 	num_reg: 7  	lose cover RAM: 16G
Jul 18 10:37:39 shrinivaasanka-Inspiron-1545 kernel: [    0.000000]  gran_size: 256K 	chunk_size: 512M 	num_reg: 7  	lose cover RAM: 16G
Jul 18 10:37:39 shrinivaasanka-Inspiron-1545 kernel: [    0.000000]  gran_size: 256K 	chunk_size: 1G 	num_reg: 7  	lose cover RAM: 16G
Jul 18 10:37:39 shrinivaasanka-Inspiron-1545 kernel: [    0.000000]  gran_size: 256K 	chunk_size: 2G 	num_reg: 7  	lose cover RAM: 29188M
Jul 18 10:37:39 shrinivaasanka-Inspiron-1545 kernel: [    0.000000]  gran_size: 512K 	chunk_size: 512K 	num_reg: 7  	lose cover RAM: 29188M
Jul 18 10:37:39 shrinivaasanka-Inspiron-1545 kernel: [    0.000000]  gran_size: 512K 	chunk_size: 1M 	num_reg: 7  	lose cover RAM: 29188M
Jul 18 10:37:39 shrinivaasanka-Inspiron-1545 kernel: [    0.000000]  gran_size: 512K 	chunk_size: 2M 	num_reg: 7  	lose cover RAM: 29188M
Jul 18 10:37:39 shrinivaasanka-Inspiron-1545 kernel: [    0.000000]  gran_size: 512K 	chunk_size: 4M 	num_reg: 7  	lose cover RAM: 29188M
Jul 18 10:37:39 shrinivaasanka-Inspiron-1545 kernel: [    0.000000]  gran_size: 512K 	chunk_size: 8M 	num_reg: 7  	lose cover RAM: 29184M
Jul 18 10:37:39 shrinivaasanka-Inspiron-1545 kernel: [    0.000000]  gran_size: 512K 	chunk_size: 16M 	num_reg: 7  	lose cover RAM: 29184M
Jul 18 10:37:39 shrinivaasanka-Inspiron-1545 kernel: [    0.000000]  gran_size: 512K 	chunk_size: 32M 	num_reg: 7  	lose cover RAM: 29184M
Jul 18 10:37:39 shrinivaasanka-Inspiron-1545 kernel: [    0.000000]  gran_size: 512K 	chunk_size: 64M 	num_reg: 7  	lose cover RAM: 16G
Jul 18 10:37:39 shrinivaasanka-Inspiron-1545 kernel: [    0.000000]  gran_size: 512K 	chunk_size: 128M 	num_reg: 7  	lose cover RAM: 16G
Jul 18 10:37:39 shrinivaasanka-Inspiron-1545 kernel: [    0.000000]  gran_size: 512K 	chunk_size: 256M 	num_reg: 7  	lose cover RAM: 16G
Jul 18 10:37:39 shrinivaasanka-Inspiron-1545 kernel: [    0.000000]  gran_size: 512K 	chunk_size: 512M 	num_reg: 7  	lose cover RAM: 16G
Jul 18 10:37:39 shrinivaasanka-Inspiron-1545 kernel: [    0.000000]  gran_size: 512K 	chunk_size: 1G 	num_reg: 7  	lose cover RAM: 16G
Jul 18 10:37:39 shrinivaasanka-Inspiron-1545 kernel: [    0.000000]  gran_size: 512K 	chunk_size: 2G 	num_reg: 7  	lose cover RAM: 29188M
Jul 18 10:37:39 shrinivaasanka-Inspiron-1545 kernel: [    0.000000]  gran_size: 1M 	chunk_size: 1M 	num_reg: 7  	lose cover RAM: 29188M
Jul 18 10:37:39 shrinivaasanka-Inspiron-1545 kernel: [    0.000000]  gran_size: 1M 	chunk_size: 2M 	num_reg: 7  	lose cover RAM: 29188M
Jul 18 10:37:39 shrinivaasanka-Inspiron-1545 kernel: [    0.000000]  gran_size: 1M 	chunk_size: 4M 	num_reg: 7  	lose cover RAM: 29188M
Jul 18 10:37:39 shrinivaasanka-Inspiron-1545 kernel: [    0.000000]  gran_size: 1M 	chunk_size: 8M 	num_reg: 7  	lose cover RAM: 29184M
Jul 18 10:37:39 shrinivaasanka-Inspiron-1545 kernel: [    0.000000]  gran_size: 1M 	chunk_size: 16M 	num_reg: 7  	lose cover RAM: 29184M
Jul 18 10:37:39 shrinivaasanka-Inspiron-1545 kernel: [    0.000000]  gran_size: 1M 	chunk_size: 32M 	num_reg: 7  	lose cover RAM: 29184M
Jul 18 10:37:39 shrinivaasanka-Inspiron-1545 kernel: [    0.000000]  gran_size: 1M 	chunk_size: 64M 	num_reg: 7  	lose cover RAM: 16G
Jul 18 10:37:39 shrinivaasanka-Inspiron-1545 kernel: [    0.000000]  gran_size: 1M 	chunk_size: 128M 	num_reg: 7  	lose cover RAM: 16G
Jul 18 10:37:39 shrinivaasanka-Inspiron-1545 kernel: [    0.000000]  gran_size: 1M 	chunk_size: 256M 	num_reg: 7  	lose cover RAM: 16G
Jul 18 10:37:39 shrinivaasanka-Inspiron-1545 kernel: [    0.000000]  gran_size: 1M 	chunk_size: 512M 	num_reg: 7  	lose cover RAM: 16G
Jul 18 10:37:39 shrinivaasanka-Inspiron-1545 kernel: [    0.000000]  gran_size: 1M 	chunk_size: 1G 	num_reg: 7  	lose cover RAM: 16G
Jul 18 10:37:39 shrinivaasanka-Inspiron-1545 kernel: [    0.000000]  gran_size: 1M 	chunk_size: 2G 	num_reg: 7  	lose cover RAM: 29188M
Jul 18 10:37:39 shrinivaasanka-Inspiron-1545 kernel: [    0.000000]  gran_size: 2M 	chunk_size: 2M 	num_reg: 7  	lose cover RAM: 29188M
Jul 18 10:37:39 shrinivaasanka-Inspiron-1545 kernel: [    0.000000]  gran_size: 2M 	chunk_size: 4M 	num_reg: 7  	lose cover RAM: 29188M
Jul 18 10:37:39 shrinivaasanka-Inspiron-1545 kernel: [    0.000000]  gran_size: 2M 	chunk_size: 8M 	num_reg: 7  	lose cover RAM: 29184M
Jul 18 10:37:39 shrinivaasanka-Inspiron-1545 kernel: [    0.000000]  gran_size: 2M 	chunk_size: 16M 	num_reg: 7  	lose cover RAM: 29184M
Jul 18 10:37:39 shrinivaasanka-Inspiron-1545 kernel: [    0.000000]  gran_size: 2M 	chunk_size: 32M 	num_reg: 7  	lose cover RAM: 29184M
Jul 18 10:37:39 shrinivaasanka-Inspiron-1545 kernel: [    0.000000]  gran_size: 2M 	chunk_size: 64M 	num_reg: 7  	lose cover RAM: 16G
Jul 18 10:37:39 shrinivaasanka-Inspiron-1545 kernel: [    0.000000]  gran_size: 2M 	chunk_size: 128M 	num_reg: 7  	lose cover RAM: 16G
Jul 18 10:37:39 shrinivaasanka-Inspiron-1545 kernel: [    0.000000]  gran_size: 2M 	chunk_size: 256M 	num_reg: 7  	lose cover RAM: 16G
Jul 18 10:37:39 shrinivaasanka-Inspiron-1545 kernel: [    0.000000]  gran_size: 2M 	chunk_size: 512M 	num_reg: 7  	lose cover RAM: 16G
Jul 18 10:37:39 shrinivaasanka-Inspiron-1545 kernel: [    0.000000]  gran_size: 2M 	chunk_size: 1G 	num_reg: 7  	lose cover RAM: 16G
Jul 18 10:37:39 shrinivaasanka-Inspiron-1545 kernel: [    0.000000]  gran_size: 2M 	chunk_size: 2G 	num_reg: 7  	lose cover RAM: 29188M
Jul 18 10:37:39 shrinivaasanka-Inspiron-1545 kernel: [    0.000000]  gran_size: 4M 	chunk_size: 4M 	num_reg: 7  	lose cover RAM: 29188M
Jul 18 10:37:39 shrinivaasanka-Inspiron-1545 kernel: [    0.000000]  gran_size: 4M 	chunk_size: 8M 	num_reg: 7  	lose cover RAM: 29184M
Jul 18 10:37:39 shrinivaasanka-Inspiron-1545 kernel: [    0.000000]  gran_size: 4M 	chunk_size: 16M 	num_reg: 7  	lose cover RAM: 29184M
Jul 18 10:37:39 shrinivaasanka-Inspiron-1545 kernel: [    0.000000]  gran_size: 4M 	chunk_size: 32M 	num_reg: 7  	lose cover RAM: 29184M
Jul 18 10:37:39 shrinivaasanka-Inspiron-1545 kernel: [    0.000000]  gran_size: 4M 	chunk_size: 64M 	num_reg: 7  	lose cover RAM: 16G
Jul 18 10:37:39 shrinivaasanka-Inspiron-1545 kernel: [    0.000000]  gran_size: 4M 	chunk_size: 128M 	num_reg: 7  	lose cover RAM: 16G
Jul 18 10:37:39 shrinivaasanka-Inspiron-1545 kernel: [    0.000000]  gran_size: 4M 	chunk_size: 256M 	num_reg: 7  	lose cover RAM: 16G
Jul 18 10:37:39 shrinivaasanka-Inspiron-1545 kernel: [    0.000000]  gran_size: 4M 	chunk_size: 512M 	num_reg: 7  	lose cover RAM: 16G
Jul 18 10:37:39 shrinivaasanka-Inspiron-1545 kernel: [    0.000000]  gran_size: 4M 	chunk_size: 1G 	num_reg: 7  	lose cover RAM: 16G
Jul 18 10:37:39 shrinivaasanka-Inspiron-1545 kernel: [    0.000000]  gran_size: 4M 	chunk_size: 2G 	num_reg: 7  	lose cover RAM: 29188M
Jul 18 10:37:39 shrinivaasanka-Inspiron-1545 kernel: [    0.000000]  gran_size: 8M 	chunk_size: 8M 	num_reg: 7  	lose cover RAM: 29188M
Jul 18 10:37:39 shrinivaasanka-Inspiron-1545 kernel: [    0.000000]  gran_size: 8M 	chunk_size: 16M 	num_reg: 7  	lose cover RAM: 29188M
Jul 18 10:37:39 shrinivaasanka-Inspiron-1545 kernel: [    0.000000]  gran_size: 8M 	chunk_size: 32M 	num_reg: 7  	lose cover RAM: 29188M
Jul 18 10:37:39 shrinivaasanka-Inspiron-1545 kernel: [    0.000000]  gran_size: 8M 	chunk_size: 64M 	num_reg: 7  	lose cover RAM: 16388M
Jul 18 10:37:39 shrinivaasanka-Inspiron-1545 kernel: [    0.000000]  gran_size: 8M 	chunk_size: 128M 	num_reg: 7  	lose cover RAM: 16388M
Jul 18 10:37:39 shrinivaasanka-Inspiron-1545 kernel: [    0.000000]  gran_size: 8M 	chunk_size: 256M 	num_reg: 7  	lose cover RAM: 16388M
Jul 18 10:37:39 shrinivaasanka-Inspiron-1545 kernel: [    0.000000]  gran_size: 8M 	chunk_size: 512M 	num_reg: 7  	lose cover RAM: 16388M
Jul 18 10:37:39 shrinivaasanka-Inspiron-1545 kernel: [    0.000000]  gran_size: 8M 	chunk_size: 1G 	num_reg: 7  	lose cover RAM: 16388M
Jul 18 10:37:39 shrinivaasanka-Inspiron-1545 kernel: [    0.000000]  gran_size: 8M 	chunk_size: 2G 	num_reg: 7  	lose cover RAM: 29188M
Jul 18 10:37:39 shrinivaasanka-Inspiron-1545 kernel: [    0.000000]  gran_size: 16M 	chunk_size: 16M 	num_reg: 7  	lose cover RAM: 28684M
Jul 18 10:37:39 shrinivaasanka-Inspiron-1545 kernel: [    0.000000]  gran_size: 16M 	chunk_size: 32M 	num_reg: 7  	lose cover RAM: 29196M
Jul 18 10:37:39 shrinivaasanka-Inspiron-1545 kernel: [    0.000000]  gran_size: 16M 	chunk_size: 64M 	num_reg: 7  	lose cover RAM: 16396M
Jul 18 10:37:39 shrinivaasanka-Inspiron-1545 kernel: [    0.000000]  gran_size: 16M 	chunk_size: 128M 	num_reg: 7  	lose cover RAM: 16396M
Jul 18 10:37:39 shrinivaasanka-Inspiron-1545 kernel: [    0.000000]  gran_size: 16M 	chunk_size: 256M 	num_reg: 7  	lose cover RAM: 16396M
Jul 18 10:37:39 shrinivaasanka-Inspiron-1545 kernel: [    0.000000]  gran_size: 16M 	chunk_size: 512M 	num_reg: 7  	lose cover RAM: 16396M
Jul 18 10:37:39 shrinivaasanka-Inspiron-1545 kernel: [    0.000000]  gran_size: 16M 	chunk_size: 1G 	num_reg: 7  	lose cover RAM: 16396M
Jul 18 10:37:39 shrinivaasanka-Inspiron-1545 kernel: [    0.000000]  gran_size: 16M 	chunk_size: 2G 	num_reg: 7  	lose cover RAM: 28172M
Jul 18 10:37:39 shrinivaasanka-Inspiron-1545 kernel: [    0.000000]  gran_size: 32M 	chunk_size: 32M 	num_reg: 7  	lose cover RAM: 24604M
Jul 18 10:37:39 shrinivaasanka-Inspiron-1545 kernel: [    0.000000]  gran_size: 32M 	chunk_size: 64M 	num_reg: 7  	lose cover RAM: 24604M
Jul 18 10:37:39 shrinivaasanka-Inspiron-1545 kernel: [    0.000000]  gran_size: 32M 	chunk_size: 128M 	num_reg: 7  	lose cover RAM: 28M
Jul 18 10:37:39 shrinivaasanka-Inspiron-1545 kernel: [    0.000000]  gran_size: 32M 	chunk_size: 256M 	num_reg: 7  	lose cover RAM: 28M
Jul 18 10:37:39 shrinivaasanka-Inspiron-1545 kernel: [    0.000000]  gran_size: 32M 	chunk_size: 512M 	num_reg: 7  	lose cover RAM: 28M
Jul 18 10:37:39 shrinivaasanka-Inspiron-1545 kernel: [    0.000000]  gran_size: 32M 	chunk_size: 1G 	num_reg: 7  	lose cover RAM: 28M
Jul 18 10:37:39 shrinivaasanka-Inspiron-1545 kernel: [    0.000000]  gran_size: 32M 	chunk_size: 2G 	num_reg: 7  	lose cover RAM: 27164M
Jul 18 10:37:39 shrinivaasanka-Inspiron-1545 kernel: [    0.000000]  gran_size: 64M 	chunk_size: 64M 	num_reg: 7  	lose cover RAM: 24604M
Jul 18 10:37:39 shrinivaasanka-Inspiron-1545 kernel: [    0.000000]  gran_size: 64M 	chunk_size: 128M 	num_reg: 7  	lose cover RAM: 28M
Jul 18 10:37:39 shrinivaasanka-Inspiron-1545 kernel: [    0.000000]  gran_size: 64M 	chunk_size: 256M 	num_reg: 7  	lose cover RAM: 28M
Jul 18 10:37:39 shrinivaasanka-Inspiron-1545 kernel: [    0.000000]  gran_size: 64M 	chunk_size: 512M 	num_reg: 7  	lose cover RAM: 28M
Jul 18 10:37:39 shrinivaasanka-Inspiron-1545 kernel: [    0.000000]  gran_size: 64M 	chunk_size: 1G 	num_reg: 7  	lose cover RAM: 28M
Jul 18 10:37:39 shrinivaasanka-Inspiron-1545 kernel: [    0.000000]  gran_size: 64M 	chunk_size: 2G 	num_reg: 7  	lose cover RAM: 27164M
Jul 18 10:37:39 shrinivaasanka-Inspiron-1545 kernel: [    0.000000]  gran_size: 128M 	chunk_size: 128M 	num_reg: 7  	lose cover RAM: 16476M
Jul 18 10:37:39 shrinivaasanka-Inspiron-1545 kernel: [    0.000000]  gran_size: 128M 	chunk_size: 256M 	num_reg: 7  	lose cover RAM: 92M
Jul 18 10:37:39 shrinivaasanka-Inspiron-1545 kernel: [    0.000000]  gran_size: 128M 	chunk_size: 512M 	num_reg: 7  	lose cover RAM: 92M
Jul 18 10:37:39 shrinivaasanka-Inspiron-1545 kernel: [    0.000000]  gran_size: 128M 	chunk_size: 1G 	num_reg: 7  	lose cover RAM: 92M
Jul 18 10:37:39 shrinivaasanka-Inspiron-1545 kernel: [    0.000000]  gran_size: 128M 	chunk_size: 2G 	num_reg: 7  	lose cover RAM: 27740M
Jul 18 10:37:39 shrinivaasanka-Inspiron-1545 kernel: [    0.000000]  gran_size: 256M 	chunk_size: 256M 	num_reg: 7  	lose cover RAM: 220M
Jul 18 10:37:39 shrinivaasanka-Inspiron-1545 kernel: [    0.000000]  gran_size: 256M 	chunk_size: 512M 	num_reg: 7  	lose cover RAM: 220M
Jul 18 10:37:39 shrinivaasanka-Inspiron-1545 kernel: [    0.000000]  gran_size: 256M 	chunk_size: 1G 	num_reg: 7  	lose cover RAM: 220M
Jul 18 10:37:39 shrinivaasanka-Inspiron-1545 kernel: [    0.000000]  gran_size: 256M 	chunk_size: 2G 	num_reg: 7  	lose cover RAM: 26844M
Jul 18 10:37:39 shrinivaasanka-Inspiron-1545 kernel: [    0.000000]  gran_size: 512M 	chunk_size: 512M 	num_reg: 6  	lose cover RAM: 476M
Jul 18 10:37:39 shrinivaasanka-Inspiron-1545 kernel: [    0.000000]  gran_size: 512M 	chunk_size: 1G 	num_reg: 7  	lose cover RAM: 476M
Jul 18 10:37:39 shrinivaasanka-Inspiron-1545 kernel: [    0.000000]  gran_size: 512M 	chunk_size: 2G 	num_reg: 7  	lose cover RAM: 25052M
Jul 18 10:37:39 shrinivaasanka-Inspiron-1545 kernel: [    0.000000]  gran_size: 1G 	chunk_size: 1G 	num_reg: 4  	lose cover RAM: 1500M
Jul 18 10:37:39 shrinivaasanka-Inspiron-1545 kernel: [    0.000000]  gran_size: 1G 	chunk_size: 2G 	num_reg: 4  	lose cover RAM: 1500M
Jul 18 10:37:39 shrinivaasanka-Inspiron-1545 kernel: [    0.000000]  gran_size: 2G 	chunk_size: 2G 	num_reg: 4  	lose cover RAM: 1500M
Jul 18 10:37:39 shrinivaasanka-Inspiron-1545 kernel: [    0.000000] mtrr_cleanup: can not find optimal value
Jul 18 10:37:39 shrinivaasanka-Inspiron-1545 kernel: [    0.000000] please specify mtrr_gran_size/mtrr_chunk_size
Jul 18 10:37:39 shrinivaasanka-Inspiron-1545 kernel: [    0.000000] e820: update [mem 0xbdc00000-0xbfffffff] usable ==> reserved
Jul 18 10:37:39 shrinivaasanka-Inspiron-1545 kernel: [    0.000000] e820: update [mem 0xe0000000-0xffffffff] usable ==> reserved
Jul 18 10:37:39 shrinivaasanka-Inspiron-1545 kernel: [    0.000000] Scanning 1 areas for low memory corruption
Jul 18 10:37:39 shrinivaasanka-Inspiron-1545 kernel: [    0.000000] initial memory mapped: [mem 0x00000000-0x021fffff]
Jul 18 10:37:39 shrinivaasanka-Inspiron-1545 kernel: [    0.000000] Base memory trampoline at [c009b000] 9b000 size 16384
Jul 18 10:37:39 shrinivaasanka-Inspiron-1545 kernel: [    0.000000] init_memory_mapping: [mem 0x00000000-0x000fffff]
Jul 18 10:37:39 shrinivaasanka-Inspiron-1545 kernel: [    0.000000]  [mem 0x00000000-0x000fffff] page 4k
Jul 18 10:37:39 shrinivaasanka-Inspiron-1545 kernel: [    0.000000] init_memory_mapping: [mem 0x37800000-0x379fffff]
Jul 18 10:37:39 shrinivaasanka-Inspiron-1545 kernel: [    0.000000]  [mem 0x37800000-0x379fffff] page 2M
Jul 18 10:37:39 shrinivaasanka-Inspiron-1545 kernel: [    0.000000] init_memory_mapping: [mem 0x20000000-0x377fffff]
Jul 18 10:37:39 shrinivaasanka-Inspiron-1545 kernel: [    0.000000]  [mem 0x20000000-0x377fffff] page 2M
Jul 18 10:37:39 shrinivaasanka-Inspiron-1545 kernel: [    0.000000] init_memory_mapping: [mem 0x00100000-0x1fffffff]
Jul 18 10:37:39 shrinivaasanka-Inspiron-1545 kernel: [    0.000000]  [mem 0x00100000-0x001fffff] page 4k
Jul 18 10:37:39 shrinivaasanka-Inspiron-1545 kernel: [    0.000000]  [mem 0x00200000-0x1fffffff] page 2M
Jul 18 10:37:39 shrinivaasanka-Inspiron-1545 kernel: [    0.000000] init_memory_mapping: [mem 0x37a00000-0x37bfdfff]
Jul 18 10:37:39 shrinivaasanka-Inspiron-1545 kernel: [    0.000000]  [mem 0x37a00000-0x37bfdfff] page 4k
Jul 18 10:37:39 shrinivaasanka-Inspiron-1545 kernel: [    0.000000] BRK [0x01c72000, 0x01c72fff] PGTABLE
Jul 18 10:37:39 shrinivaasanka-Inspiron-1545 kernel: [    0.000000] BRK [0x01c73000, 0x01c73fff] PGTABLE
Jul 18 10:37:39 shrinivaasanka-Inspiron-1545 kernel: [    0.000000] RAMDISK: [mem 0x1c7ce000-0x2a3defff]
Jul 18 10:37:39 shrinivaasanka-Inspiron-1545 kernel: [    0.000000] ACPI: Early table checksum verification disabled
Jul 18 10:37:39 shrinivaasanka-Inspiron-1545 kernel: [    0.000000] ACPI: RSDP 0x00000000000FBDD0 000024 (v02 DELL  )
Jul 18 10:37:39 shrinivaasanka-Inspiron-1545 kernel: [    0.000000] ACPI: XSDT 0x00000000BDAC3E00 000054 (v01 DELL   WN09     27D90C07 ASL  00000061)
Jul 18 10:37:39 shrinivaasanka-Inspiron-1545 kernel: [    0.000000] ACPI: FACP 0x00000000BDAC3C9C 0000F4 (v04 DELL   WN09     27D90C07 ASL  00000061)
Jul 18 10:37:39 shrinivaasanka-Inspiron-1545 kernel: [    0.000000] ACPI BIOS Warning (bug): 32/64X length mismatch in FADT/Gpe0Block: 128/64 (20150204/tbfadt-618)
Jul 18 10:37:39 shrinivaasanka-Inspiron-1545 kernel: [    0.000000] ACPI: DSDT 0x00000000BDAC4400 005451 (v02 INT430 SYSFexxx 00001001 INTL 20050624)
Jul 18 10:37:39 shrinivaasanka-Inspiron-1545 kernel: [    0.000000] ACPI: FACS 0x00000000BDAD2C00 000040
Jul 18 10:37:39 shrinivaasanka-Inspiron-1545 kernel: [    0.000000] ACPI: HPET 0x00000000BDAC3F00 000038 (v01 DELL   WN09     00000001 ASL  00000061)
Jul 18 10:37:39 shrinivaasanka-Inspiron-1545 kernel: [    0.000000] ACPI: APIC 0x00000000BDAC4000 000068 (v01 DELL   WN09     27D90C07 ASL  00000047)
Jul 18 10:37:39 shrinivaasanka-Inspiron-1545 kernel: [    0.000000] ACPI: MCFG 0x00000000BDAC3FC0 00003E (v16 DELL   WN09     27D90C07 ASL  00000061)
Jul 18 10:37:39 shrinivaasanka-Inspiron-1545 kernel: [    0.000000] ACPI: SLIC 0x00000000BDAC409C 000176 (v01 DELL   WN09     27D90C07 ASL  00000061)
Jul 18 10:37:39 shrinivaasanka-Inspiron-1545 kernel: [    0.000000] ACPI: SSDT 0x00000000BDAC2363 00066C (v01 PmRef  CpuPm    00003000 INTL 20050624)
Jul 18 10:37:39 shrinivaasanka-Inspiron-1545 kernel: [    0.000000] ACPI: Local APIC address 0xfee00000
Jul 18 10:37:39 shrinivaasanka-Inspiron-1545 kernel: [    0.000000] 2140MB HIGHMEM available.
Jul 18 10:37:39 shrinivaasanka-Inspiron-1545 kernel: [    0.000000] 891MB LOWMEM available.
Jul 18 10:37:39 shrinivaasanka-Inspiron-1545 kernel: [    0.000000]   mapped low ram: 0 - 37bfe000
Jul 18 10:37:39 shrinivaasanka-Inspiron-1545 kernel: [    0.000000]   low ram: 0 - 37bfe000
Jul 18 10:37:39 shrinivaasanka-Inspiron-1545 kernel: [    0.000000] Zone ranges:
Jul 18 10:37:39 shrinivaasanka-Inspiron-1545 kernel: [    0.000000]   DMA      [mem 0x0000000000001000-0x0000000000ffffff]
Jul 18 10:37:39 shrinivaasanka-Inspiron-1545 kernel: [    0.000000]   Normal   [mem 0x0000000001000000-0x0000000037bfdfff]
Jul 18 10:37:39 shrinivaasanka-Inspiron-1545 kernel: [    0.000000]   HighMem  [mem 0x0000000037bfe000-0x00000000bd8befff]
Jul 18 10:37:39 shrinivaasanka-Inspiron-1545 kernel: [    0.000000] Movable zone start for each node
Jul 18 10:37:39 shrinivaasanka-Inspiron-1545 kernel: [    0.000000] Early memory node ranges
Jul 18 10:37:39 shrinivaasanka-Inspiron-1545 kernel: [    0.000000]   node   0: [mem 0x0000000000001000-0x000000000009efff]
Jul 18 10:37:39 shrinivaasanka-Inspiron-1545 kernel: [    0.000000]   node   0: [mem 0x0000000000100000-0x00000000bd8befff]
Jul 18 10:37:39 shrinivaasanka-Inspiron-1545 kernel: [    0.000000] Initmem setup node 0 [mem 0x0000000000001000-0x00000000bd8befff]
Jul 18 10:37:39 shrinivaasanka-Inspiron-1545 kernel: [    0.000000] On node 0 totalpages: 776285
Jul 18 10:37:39 shrinivaasanka-Inspiron-1545 kernel: [    0.000000]   DMA zone: 40 pages used for memmap
Jul 18 10:37:39 shrinivaasanka-Inspiron-1545 kernel: [    0.000000]   DMA zone: 0 pages reserved
Jul 18 10:37:39 shrinivaasanka-Inspiron-1545 kernel: [    0.000000]   DMA zone: 3998 pages, LIFO batch:0
Jul 18 10:37:39 shrinivaasanka-Inspiron-1545 kernel: [    0.000000]   Normal zone: 2190 pages used for memmap
Jul 18 10:37:39 shrinivaasanka-Inspiron-1545 kernel: [    0.000000]   Normal zone: 224254 pages, LIFO batch:31
Jul 18 10:37:39 shrinivaasanka-Inspiron-1545 kernel: [    0.000000]   HighMem zone: 548033 pages, LIFO batch:31
Jul 18 10:37:39 shrinivaasanka-Inspiron-1545 kernel: [    0.000000] Using APIC driver default
Jul 18 10:37:39 shrinivaasanka-Inspiron-1545 kernel: [    0.000000] Reserving Intel graphics stolen memory at 0xbe000000-0xbfffffff
Jul 18 10:37:39 shrinivaasanka-Inspiron-1545 kernel: [    0.000000] ACPI: PM-Timer IO Port: 0x1008
Jul 18 10:37:39 shrinivaasanka-Inspiron-1545 kernel: [    0.000000] ACPI: Local APIC address 0xfee00000
Jul 18 10:37:39 shrinivaasanka-Inspiron-1545 kernel: [    0.000000] ACPI: LAPIC (acpi_id[0x00] lapic_id[0x00] enabled)
Jul 18 10:37:39 shrinivaasanka-Inspiron-1545 kernel: [    0.000000] ACPI: LAPIC (acpi_id[0x01] lapic_id[0x01] enabled)
Jul 18 10:37:39 shrinivaasanka-Inspiron-1545 kernel: [    0.000000] ACPI: LAPIC_NMI (acpi_id[0x00] high edge lint[0x1])
Jul 18 10:37:39 shrinivaasanka-Inspiron-1545 kernel: [    0.000000] ACPI: LAPIC_NMI (acpi_id[0x01] high edge lint[0x1])
Jul 18 10:37:39 shrinivaasanka-Inspiron-1545 kernel: [    0.000000] ACPI: IOAPIC (id[0x02] address[0xfec00000] gsi_base[0])
Jul 18 10:37:39 shrinivaasanka-Inspiron-1545 kernel: [    0.000000] IOAPIC[0]: apic_id 2, version 32, address 0xfec00000, GSI 0-23
Jul 18 10:37:39 shrinivaasanka-Inspiron-1545 kernel: [    0.000000] ACPI: INT_SRC_OVR (bus 0 bus_irq 0 global_irq 2 dfl dfl)
Jul 18 10:37:39 shrinivaasanka-Inspiron-1545 kernel: [    0.000000] ACPI: INT_SRC_OVR (bus 0 bus_irq 9 global_irq 9 high level)
Jul 18 10:37:39 shrinivaasanka-Inspiron-1545 kernel: [    0.000000] ACPI: IRQ0 used by override.
Jul 18 10:37:39 shrinivaasanka-Inspiron-1545 kernel: [    0.000000] ACPI: IRQ9 used by override.
Jul 18 10:37:39 shrinivaasanka-Inspiron-1545 kernel: [    0.000000] Using ACPI (MADT) for SMP configuration information
Jul 18 10:37:39 shrinivaasanka-Inspiron-1545 kernel: [    0.000000] ACPI: HPET id: 0x8086a201 base: 0xfed00000
Jul 18 10:37:39 shrinivaasanka-Inspiron-1545 kernel: [    0.000000] smpboot: Allowing 2 CPUs, 0 hotplug CPUs
Jul 18 10:37:39 shrinivaasanka-Inspiron-1545 kernel: [    0.000000] PM: Registered nosave memory: [mem 0x00000000-0x00000fff]
Jul 18 10:37:39 shrinivaasanka-Inspiron-1545 kernel: [    0.000000] PM: Registered nosave memory: [mem 0x0009f000-0x0009ffff]
Jul 18 10:37:39 shrinivaasanka-Inspiron-1545 kernel: [    0.000000] PM: Registered nosave memory: [mem 0x000a0000-0x000fffff]
Jul 18 10:37:39 shrinivaasanka-Inspiron-1545 kernel: [    0.000000] e820: [mem 0xc0000000-0xf7ffffff] available for PCI devices
Jul 18 10:37:39 shrinivaasanka-Inspiron-1545 kernel: [    0.000000] Booting paravirtualized kernel on bare hardware
Jul 18 10:37:39 shrinivaasanka-Inspiron-1545 kernel: [    0.000000] setup_percpu: NR_CPUS:8 nr_cpumask_bits:8 nr_cpu_ids:2 nr_node_ids:1
Jul 18 10:37:39 shrinivaasanka-Inspiron-1545 kernel: [    0.000000] PERCPU: Embedded 18 pages/cpu @f5db3000 s44876 r0 d28852 u73728
Jul 18 10:37:39 shrinivaasanka-Inspiron-1545 kernel: [    0.000000] pcpu-alloc: s44876 r0 d28852 u73728 alloc=18*4096
Jul 18 10:37:39 shrinivaasanka-Inspiron-1545 kernel: [    0.000000] pcpu-alloc: [0] 0 [0] 1 
Jul 18 10:37:39 shrinivaasanka-Inspiron-1545 kernel: [    0.000000] Built 1 zonelists in Zone order, mobility grouping on.  Total pages: 774055
Jul 18 10:37:39 shrinivaasanka-Inspiron-1545 kernel: [    0.000000] Kernel command line: BOOT_IMAGE=/boot/vmlinuz-4.0.5 root=UUID=a17d2cbc-55c6-4d07-9ff0-e058fee06d24 ro quiet splash vt.handoff=7 init=/sbin/upstart
Jul 18 10:37:39 shrinivaasanka-Inspiron-1545 kernel: [    0.000000] PID hash table entries: 4096 (order: 2, 16384 bytes)
Jul 18 10:37:39 shrinivaasanka-Inspiron-1545 kernel: [    0.000000] Dentry cache hash table entries: 131072 (order: 7, 524288 bytes)
Jul 18 10:37:39 shrinivaasanka-Inspiron-1545 kernel: [    0.000000] Inode-cache hash table entries: 65536 (order: 6, 262144 bytes)
Jul 18 10:37:39 shrinivaasanka-Inspiron-1545 kernel: [    0.000000] CPU0 microcode updated early to revision 0xa0b, date = 2010-09-28
Jul 18 10:37:39 shrinivaasanka-Inspiron-1545 kernel: [    0.000000] Initializing CPU#0
Jul 18 10:37:39 shrinivaasanka-Inspiron-1545 kernel: [    0.000000] xsave: enabled xstate_bv 0x3, cntxt size 0x240 using standard form
Jul 18 10:37:39 shrinivaasanka-Inspiron-1545 kernel: [    0.000000] Initializing HighMem for node 0 (00037bfe:000bd8bf)
Jul 18 10:37:39 shrinivaasanka-Inspiron-1545 kernel: [    0.000000] Initializing Movable for node 0 (00000000:00000000)
Jul 18 10:37:39 shrinivaasanka-Inspiron-1545 kernel: [    0.000000] Memory: 2835148K/3105140K available (7094K kernel code, 686K rwdata, 3164K rodata, 884K init, 796K bss, 269992K reserved, 0K cma-reserved, 2192132K highmem)
Jul 18 10:37:39 shrinivaasanka-Inspiron-1545 kernel: [    0.000000] virtual kernel memory layout:
Jul 18 10:37:39 shrinivaasanka-Inspiron-1545 kernel: [    0.000000]     fixmap  : 0xfff15000 - 0xfffff000   ( 936 kB)
Jul 18 10:37:39 shrinivaasanka-Inspiron-1545 kernel: [    0.000000]     pkmap   : 0xffc00000 - 0xffe00000   (2048 kB)
Jul 18 10:37:39 shrinivaasanka-Inspiron-1545 kernel: [    0.000000]     vmalloc : 0xf83fe000 - 0xffbfe000   ( 120 MB)
Jul 18 10:37:39 shrinivaasanka-Inspiron-1545 kernel: [    0.000000]     lowmem  : 0xc0000000 - 0xf7bfe000   ( 891 MB)
Jul 18 10:37:39 shrinivaasanka-Inspiron-1545 kernel: [    0.000000]       .init : 0xc1ab4000 - 0xc1b91000   ( 884 kB)
Jul 18 10:37:39 shrinivaasanka-Inspiron-1545 kernel: [    0.000000]       .data : 0xc16edd38 - 0xc1ab2980   (3859 kB)
Jul 18 10:37:39 shrinivaasanka-Inspiron-1545 kernel: [    0.000000]       .text : 0xc1000000 - 0xc16edd38   (7095 kB)
Jul 18 10:37:39 shrinivaasanka-Inspiron-1545 kernel: [    0.000000] Checking if this processor honours the WP bit even in supervisor mode...Ok.
Jul 18 10:37:39 shrinivaasanka-Inspiron-1545 kernel: [    0.000000] SLUB: HWalign=64, Order=0-3, MinObjects=0, CPUs=2, Nodes=1
Jul 18 10:37:39 shrinivaasanka-Inspiron-1545 kernel: [    0.000000] Hierarchical RCU implementation.
Jul 18 10:37:39 shrinivaasanka-Inspiron-1545 kernel: [    0.000000] 	RCU dyntick-idle grace-period acceleration is enabled.
Jul 18 10:37:39 shrinivaasanka-Inspiron-1545 kernel: [    0.000000] 	RCU restricting CPUs from NR_CPUS=8 to nr_cpu_ids=2.
Jul 18 10:37:39 shrinivaasanka-Inspiron-1545 kernel: [    0.000000] RCU: Adjusting geometry for rcu_fanout_leaf=16, nr_cpu_ids=2
Jul 18 10:37:39 shrinivaasanka-Inspiron-1545 kernel: [    0.000000] NR_IRQS:2304 nr_irqs:440 16
Jul 18 10:37:39 shrinivaasanka-Inspiron-1545 kernel: [    0.000000] CPU 0 irqstacks, hard=f5836000 soft=f5838000
Jul 18 10:37:39 shrinivaasanka-Inspiron-1545 kernel: [    0.000000] Console: colour dummy device 80x25
Jul 18 10:37:39 shrinivaasanka-Inspiron-1545 kernel: [    0.000000] console [tty0] enabled
Jul 18 10:37:39 shrinivaasanka-Inspiron-1545 kernel: [    0.000000] hpet clockevent registered
Jul 18 10:37:39 shrinivaasanka-Inspiron-1545 kernel: [    0.000000] tsc: Fast TSC calibration using PIT
Jul 18 10:37:39 shrinivaasanka-Inspiron-1545 kernel: [    0.000000] tsc: Detected 1995.101 MHz processor
Jul 18 10:37:39 shrinivaasanka-Inspiron-1545 kernel: [    0.004011] Calibrating delay loop (skipped), value calculated using timer frequency.. 3990.20 BogoMIPS (lpj=7980404)
Jul 18 10:37:39 shrinivaasanka-Inspiron-1545 kernel: [    0.004015] pid_max: default: 32768 minimum: 301
Jul 18 10:37:39 shrinivaasanka-Inspiron-1545 kernel: [    0.004022] ACPI: Core revision 20150204
Jul 18 10:37:39 shrinivaasanka-Inspiron-1545 kernel: [    0.011448] ACPI: All ACPI Tables successfully acquired
Jul 18 10:37:39 shrinivaasanka-Inspiron-1545 kernel: [    0.012027] Security Framework initialized
Jul 18 10:37:39 shrinivaasanka-Inspiron-1545 kernel: [    0.012044] AppArmor: AppArmor initialized
Jul 18 10:37:39 shrinivaasanka-Inspiron-1545 kernel: [    0.012046] Yama: becoming mindful.
Jul 18 10:37:39 shrinivaasanka-Inspiron-1545 kernel: [    0.012094] Mount-cache hash table entries: 2048 (order: 1, 8192 bytes)
Jul 18 10:37:39 shrinivaasanka-Inspiron-1545 kernel: [    0.012097] Mountpoint-cache hash table entries: 2048 (order: 1, 8192 bytes)
Jul 18 10:37:39 shrinivaasanka-Inspiron-1545 kernel: [    0.012359] Initializing cgroup subsys blkio
Jul 18 10:37:39 shrinivaasanka-Inspiron-1545 kernel: [    0.012363] Initializing cgroup subsys memory
Jul 18 10:37:39 shrinivaasanka-Inspiron-1545 kernel: [    0.012373] Initializing cgroup subsys devices
Jul 18 10:37:39 shrinivaasanka-Inspiron-1545 kernel: [    0.012376] Initializing cgroup subsys freezer
Jul 18 10:37:39 shrinivaasanka-Inspiron-1545 kernel: [    0.012380] Initializing cgroup subsys net_cls
Jul 18 10:37:39 shrinivaasanka-Inspiron-1545 kernel: [    0.012384] Initializing cgroup subsys perf_event
Jul 18 10:37:39 shrinivaasanka-Inspiron-1545 kernel: [    0.012387] Initializing cgroup subsys net_prio
Jul 18 10:37:39 shrinivaasanka-Inspiron-1545 kernel: [    0.012390] Initializing cgroup subsys hugetlb
Jul 18 10:37:39 shrinivaasanka-Inspiron-1545 kernel: [    0.012415] CPU: Physical Processor ID: 0
Jul 18 10:37:39 shrinivaasanka-Inspiron-1545 kernel: [    0.016005] CPU: Processor Core ID: 0
Jul 18 10:37:39 shrinivaasanka-Inspiron-1545 kernel: [    0.016010] mce: CPU supports 6 MCE banks
Jul 18 10:37:39 shrinivaasanka-Inspiron-1545 kernel: [    0.016019] CPU0: Thermal monitoring enabled (TM2)
Jul 18 10:37:39 shrinivaasanka-Inspiron-1545 kernel: [    0.016023] process: using mwait in idle threads
Jul 18 10:37:39 shrinivaasanka-Inspiron-1545 kernel: [    0.016030] Last level iTLB entries: 4KB 128, 2MB 4, 4MB 4
Jul 18 10:37:39 shrinivaasanka-Inspiron-1545 kernel: [    0.016032] Last level dTLB entries: 4KB 256, 2MB 0, 4MB 32, 1GB 0
Jul 18 10:37:39 shrinivaasanka-Inspiron-1545 kernel: [    0.016525] Freeing SMP alternatives memory: 32K (c1b91000 - c1b99000)
Jul 18 10:37:39 shrinivaasanka-Inspiron-1545 kernel: [    0.017805] ftrace: allocating 29235 entries in 58 pages
Jul 18 10:37:39 shrinivaasanka-Inspiron-1545 kernel: [    0.028102] Enabling APIC mode:  Flat.  Using 1 I/O APICs
Jul 18 10:37:39 shrinivaasanka-Inspiron-1545 kernel: [    0.028552] ..TIMER: vector=0x30 apic1=0 pin1=2 apic2=-1 pin2=-1
Jul 18 10:37:39 shrinivaasanka-Inspiron-1545 kernel: [    0.072000] smpboot: CPU0: Intel(R) Core(TM)2 Duo CPU     T6400  @ 2.00GHz (fam: 06, model: 17, stepping: 0a)
Jul 18 10:37:39 shrinivaasanka-Inspiron-1545 kernel: [    0.072000] Performance Events: PEBS fmt0+, 4-deep LBR, Core2 events, Intel PMU driver.
Jul 18 10:37:39 shrinivaasanka-Inspiron-1545 kernel: [    0.072000] ... version:                2
Jul 18 10:37:39 shrinivaasanka-Inspiron-1545 kernel: [    0.072000] ... bit width:              40
Jul 18 10:37:39 shrinivaasanka-Inspiron-1545 kernel: [    0.072000] ... generic registers:      2
Jul 18 10:37:39 shrinivaasanka-Inspiron-1545 kernel: [    0.072000] ... value mask:             000000ffffffffff
Jul 18 10:37:39 shrinivaasanka-Inspiron-1545 kernel: [    0.072000] ... max period:             000000007fffffff
Jul 18 10:37:39 shrinivaasanka-Inspiron-1545 kernel: [    0.072000] ... fixed-purpose events:   3
Jul 18 10:37:39 shrinivaasanka-Inspiron-1545 kernel: [    0.072000] ... event mask:             0000000700000003
Jul 18 10:37:39 shrinivaasanka-Inspiron-1545 kernel: [    0.072000] CPU 1 irqstacks, hard=f5954000 soft=f5956000
Jul 18 10:37:39 shrinivaasanka-Inspiron-1545 kernel: [    0.072000] x86: Booting SMP configuration:
Jul 18 10:37:39 shrinivaasanka-Inspiron-1545 kernel: [    0.072000] .... node  #0, CPUs:      #1
Jul 18 10:37:39 shrinivaasanka-Inspiron-1545 kernel: [    0.008000] CPU1 microcode updated early to revision 0xa0b, date = 2010-09-28
Jul 18 10:37:39 shrinivaasanka-Inspiron-1545 kernel: [    0.008000] Initializing CPU#1
Jul 18 10:37:39 shrinivaasanka-Inspiron-1545 kernel: [    0.084029] x86: Booted up 1 node, 2 CPUs
Jul 18 10:37:39 shrinivaasanka-Inspiron-1545 kernel: [    0.084034] smpboot: Total of 2 processors activated (7980.40 BogoMIPS)
Jul 18 10:37:39 shrinivaasanka-Inspiron-1545 kernel: [    0.084089] NMI watchdog: enabled on all CPUs, permanently consumes one hw-PMU counter.
Jul 18 10:37:39 shrinivaasanka-Inspiron-1545 kernel: [    0.085721] devtmpfs: initialized
Jul 18 10:37:39 shrinivaasanka-Inspiron-1545 kernel: [    0.085721] evm: security.selinux
Jul 18 10:37:39 shrinivaasanka-Inspiron-1545 kernel: [    0.085721] evm: security.SMACK64
Jul 18 10:37:39 shrinivaasanka-Inspiron-1545 kernel: [    0.085721] evm: security.SMACK64EXEC
Jul 18 10:37:39 shrinivaasanka-Inspiron-1545 kernel: [    0.085721] evm: security.SMACK64TRANSMUTE
Jul 18 10:37:39 shrinivaasanka-Inspiron-1545 kernel: [    0.085721] evm: security.SMACK64MMAP
Jul 18 10:37:39 shrinivaasanka-Inspiron-1545 kernel: [    0.085721] evm: security.ima
Jul 18 10:37:39 shrinivaasanka-Inspiron-1545 kernel: [    0.085721] evm: security.capability
Jul 18 10:37:39 shrinivaasanka-Inspiron-1545 kernel: [    0.085721] PM: Registering ACPI NVS region [mem 0xbd8bf400-0xbdac13ff] (2105344 bytes)
Jul 18 10:37:39 shrinivaasanka-Inspiron-1545 kernel: [    0.085721] pinctrl core: initialized pinctrl subsystem
Jul 18 10:37:39 shrinivaasanka-Inspiron-1545 kernel: [    0.085721] RTC time: 10:37:09, date: 07/18/15
Jul 18 10:37:39 shrinivaasanka-Inspiron-1545 kernel: [    0.085721] NET: Registered protocol family 16
Jul 18 10:37:39 shrinivaasanka-Inspiron-1545 kernel: [    0.085721] EISA bus registered
Jul 18 10:37:39 shrinivaasanka-Inspiron-1545 kernel: [    0.096007] cpuidle: using governor ladder
Jul 18 10:37:39 shrinivaasanka-Inspiron-1545 kernel: [    0.108003] cpuidle: using governor menu
Jul 18 10:37:39 shrinivaasanka-Inspiron-1545 kernel: [    0.108148] ACPI: bus type PCI registered
Jul 18 10:37:39 shrinivaasanka-Inspiron-1545 kernel: [    0.108151] acpiphp: ACPI Hot Plug PCI Controller Driver version: 0.5
Jul 18 10:37:39 shrinivaasanka-Inspiron-1545 kernel: [    0.108255] PCI: MMCONFIG for domain 0000 [bus 00-3f] at [mem 0xf8000000-0xfbffffff] (base 0xf8000000)
Jul 18 10:37:39 shrinivaasanka-Inspiron-1545 kernel: [    0.108258] PCI: MMCONFIG at [mem 0xf8000000-0xfbffffff] reserved in E820
Jul 18 10:37:39 shrinivaasanka-Inspiron-1545 kernel: [    0.108260] PCI: Using MMCONFIG for extended config space
Jul 18 10:37:39 shrinivaasanka-Inspiron-1545 kernel: [    0.108262] PCI: Using configuration type 1 for base access
Jul 18 10:37:39 shrinivaasanka-Inspiron-1545 kernel: [    0.108274] dmi type 0xB1 record - unknown flag
Jul 18 10:37:39 shrinivaasanka-Inspiron-1545 kernel: [    0.120143] ACPI: Added _OSI(Module Device)
Jul 18 10:37:39 shrinivaasanka-Inspiron-1545 kernel: [    0.120146] ACPI: Added _OSI(Processor Device)
Jul 18 10:37:39 shrinivaasanka-Inspiron-1545 kernel: [    0.120148] ACPI: Added _OSI(3.0 _SCP Extensions)
Jul 18 10:37:39 shrinivaasanka-Inspiron-1545 kernel: [    0.120150] ACPI: Added _OSI(Processor Aggregator Device)
Jul 18 10:37:39 shrinivaasanka-Inspiron-1545 kernel: [    0.132119] [Firmware Bug]: ACPI: BIOS _OSI(Linux) query ignored
Jul 18 10:37:39 shrinivaasanka-Inspiron-1545 kernel: [    0.135317] ACPI: Dynamic OEM Table Load:
Jul 18 10:37:39 shrinivaasanka-Inspiron-1545 kernel: [    0.135325] ACPI: SSDT 0x00000000F5A29000 00023F (v01 PmRef  BspIst   00003000 INTL 20050624)
Jul 18 10:37:39 shrinivaasanka-Inspiron-1545 kernel: [    0.135786] ACPI: Dynamic OEM Table Load:
Jul 18 10:37:39 shrinivaasanka-Inspiron-1545 kernel: [    0.135793] ACPI: SSDT 0x00000000F5812800 0005C6 (v01 PmRef  BspCst   00003001 INTL 20050624)
Jul 18 10:37:39 shrinivaasanka-Inspiron-1545 kernel: [    0.136538] ACPI: Dynamic OEM Table Load:
Jul 18 10:37:39 shrinivaasanka-Inspiron-1545 kernel: [    0.136544] ACPI: SSDT 0x00000000F58AAE00 0001D7 (v01 PmRef  ApIst    00003000 INTL 20050624)
Jul 18 10:37:39 shrinivaasanka-Inspiron-1545 kernel: [    0.136970] ACPI: Dynamic OEM Table Load:
Jul 18 10:37:39 shrinivaasanka-Inspiron-1545 kernel: [    0.136975] ACPI: SSDT 0x00000000F59389C0 00008D (v01 PmRef  ApCst    00003000 INTL 20050624)
Jul 18 10:37:39 shrinivaasanka-Inspiron-1545 kernel: [    0.137469] ACPI: Interpreter enabled
Jul 18 10:37:39 shrinivaasanka-Inspiron-1545 kernel: [    0.137483] ACPI Exception: AE_NOT_FOUND, While evaluating Sleep State [\_S1_] (20150204/hwxface-580)
Jul 18 10:37:39 shrinivaasanka-Inspiron-1545 kernel: [    0.137488] ACPI Exception: AE_NOT_FOUND, While evaluating Sleep State [\_S2_] (20150204/hwxface-580)
Jul 18 10:37:39 shrinivaasanka-Inspiron-1545 kernel: [    0.137504] ACPI: (supports S0 S3 S4 S5)
Jul 18 10:37:39 shrinivaasanka-Inspiron-1545 kernel: [    0.137506] ACPI: Using IOAPIC for interrupt routing
Jul 18 10:37:39 shrinivaasanka-Inspiron-1545 kernel: [    0.137540] PCI: Using host bridge windows from ACPI; if necessary, use "pci=nocrs" and report a bug
Jul 18 10:37:39 shrinivaasanka-Inspiron-1545 kernel: [    0.221985] ACPI: PCI Root Bridge [PCI0] (domain 0000 [bus 00-ff])
Jul 18 10:37:39 shrinivaasanka-Inspiron-1545 kernel: [    0.221992] acpi PNP0A03:00: _OSC: OS supports [ExtendedConfig ASPM ClockPM Segments MSI]
Jul 18 10:37:39 shrinivaasanka-Inspiron-1545 kernel: [    0.221999] acpi PNP0A03:00: _OSC failed (AE_NOT_FOUND); disabling ASPM
Jul 18 10:37:39 shrinivaasanka-Inspiron-1545 kernel: [    0.238824] acpi PNP0A03:00: [Firmware Info]: MMCONFIG for domain 0000 [bus 00-3f] only partially covers this bridge
Jul 18 10:37:39 shrinivaasanka-Inspiron-1545 kernel: [    0.239088] PCI host bridge to bus 0000:00
Jul 18 10:37:39 shrinivaasanka-Inspiron-1545 kernel: [    0.239092] pci_bus 0000:00: root bus resource [bus 00-ff]
Jul 18 10:37:39 shrinivaasanka-Inspiron-1545 kernel: [    0.239096] pci_bus 0000:00: root bus resource [io  0x0000-0x0cf7 window]
Jul 18 10:37:39 shrinivaasanka-Inspiron-1545 kernel: [    0.239098] pci_bus 0000:00: root bus resource [io  0x0d00-0xffff window]
Jul 18 10:37:39 shrinivaasanka-Inspiron-1545 kernel: [    0.239101] pci_bus 0000:00: root bus resource [mem 0x000a0000-0x000bffff window]
Jul 18 10:37:39 shrinivaasanka-Inspiron-1545 kernel: [    0.239104] pci_bus 0000:00: root bus resource [mem 0x000d0000-0x000dffff window]
Jul 18 10:37:39 shrinivaasanka-Inspiron-1545 kernel: [    0.239107] pci_bus 0000:00: root bus resource [mem 0xc0000000-0xf7ffffff window]
Jul 18 10:37:39 shrinivaasanka-Inspiron-1545 kernel: [    0.239110] pci_bus 0000:00: root bus resource [mem 0xfc000000-0xfebfffff window]
Jul 18 10:37:39 shrinivaasanka-Inspiron-1545 kernel: [    0.239113] pci_bus 0000:00: root bus resource [mem 0xfec10000-0xfecfffff window]
Jul 18 10:37:39 shrinivaasanka-Inspiron-1545 kernel: [    0.239116] pci_bus 0000:00: root bus resource [mem 0xfed1c000-0xfed1ffff window]
Jul 18 10:37:39 shrinivaasanka-Inspiron-1545 kernel: [    0.239119] pci_bus 0000:00: root bus resource [mem 0xfed90000-0xfed9ffff window]
Jul 18 10:37:39 shrinivaasanka-Inspiron-1545 kernel: [    0.239121] pci_bus 0000:00: root bus resource [mem 0xfeda7000-0xfedfffff window]
Jul 18 10:37:39 shrinivaasanka-Inspiron-1545 kernel: [    0.239124] pci_bus 0000:00: root bus resource [mem 0xfee10000-0xff9fffff window]
Jul 18 10:37:39 shrinivaasanka-Inspiron-1545 kernel: [    0.239127] pci_bus 0000:00: root bus resource [mem 0xffc00000-0xffdfffff window]
Jul 18 10:37:39 shrinivaasanka-Inspiron-1545 kernel: [    0.239140] pci 0000:00:00.0: [8086:2a40] type 00 class 0x060000
Jul 18 10:37:39 shrinivaasanka-Inspiron-1545 kernel: [    0.239171] DMAR: Forcing write-buffer flush capability
Jul 18 10:37:39 shrinivaasanka-Inspiron-1545 kernel: [    0.239173] DMAR: Disabling IOMMU for graphics on this chipset
Jul 18 10:37:39 shrinivaasanka-Inspiron-1545 kernel: [    0.239291] pci 0000:00:02.0: [8086:2a42] type 00 class 0x030000
Jul 18 10:37:39 shrinivaasanka-Inspiron-1545 kernel: [    0.239307] pci 0000:00:02.0: reg 0x10: [mem 0xf6c00000-0xf6ffffff 64bit]
Jul 18 10:37:39 shrinivaasanka-Inspiron-1545 kernel: [    0.239318] pci 0000:00:02.0: reg 0x18: [mem 0xe0000000-0xefffffff 64bit pref]
Jul 18 10:37:39 shrinivaasanka-Inspiron-1545 kernel: [    0.239325] pci 0000:00:02.0: reg 0x20: [io  0xefe8-0xefef]
Jul 18 10:37:39 shrinivaasanka-Inspiron-1545 kernel: [    0.239461] pci 0000:00:02.1: [8086:2a43] type 00 class 0x038000
Jul 18 10:37:39 shrinivaasanka-Inspiron-1545 kernel: [    0.239475] pci 0000:00:02.1: reg 0x10: [mem 0xf6b00000-0xf6bfffff 64bit]
Jul 18 10:37:39 shrinivaasanka-Inspiron-1545 kernel: [    0.239666] pci 0000:00:1a.0: [8086:2937] type 00 class 0x0c0300
Jul 18 10:37:39 shrinivaasanka-Inspiron-1545 kernel: [    0.239730] pci 0000:00:1a.0: reg 0x20: [io  0x6f60-0x6f7f]
Jul 18 10:37:39 shrinivaasanka-Inspiron-1545 kernel: [    0.243355] pci 0000:00:1a.0: System wakeup disabled by ACPI
Jul 18 10:37:39 shrinivaasanka-Inspiron-1545 kernel: [    0.243427] pci 0000:00:1a.1: [8086:2938] type 00 class 0x0c0300
Jul 18 10:37:39 shrinivaasanka-Inspiron-1545 kernel: [    0.243492] pci 0000:00:1a.1: reg 0x20: [io  0x6f80-0x6f9f]
Jul 18 10:37:39 shrinivaasanka-Inspiron-1545 kernel: [    0.247266] pci 0000:00:1a.1: System wakeup disabled by ACPI
Jul 18 10:37:39 shrinivaasanka-Inspiron-1545 kernel: [    0.247336] pci 0000:00:1a.2: [8086:2939] type 00 class 0x0c0300
Jul 18 10:37:39 shrinivaasanka-Inspiron-1545 kernel: [    0.247401] pci 0000:00:1a.2: reg 0x20: [io  0x6fa0-0x6fbf]
Jul 18 10:37:39 shrinivaasanka-Inspiron-1545 kernel: [    0.251160] pci 0000:00:1a.2: System wakeup disabled by ACPI
Jul 18 10:37:39 shrinivaasanka-Inspiron-1545 kernel: [    0.251241] pci 0000:00:1a.7: [8086:293c] type 00 class 0x0c0320
Jul 18 10:37:39 shrinivaasanka-Inspiron-1545 kernel: [    0.251272] pci 0000:00:1a.7: reg 0x10: [mem 0xfed1c400-0xfed1c7ff]
Jul 18 10:37:39 shrinivaasanka-Inspiron-1545 kernel: [    0.251399] pci 0000:00:1a.7: PME# supported from D0 D3hot D3cold
Jul 18 10:37:39 shrinivaasanka-Inspiron-1545 kernel: [    0.255184] pci 0000:00:1a.7: System wakeup disabled by ACPI
Jul 18 10:37:39 shrinivaasanka-Inspiron-1545 kernel: [    0.255261] pci 0000:00:1b.0: [8086:293e] type 00 class 0x040300
Jul 18 10:37:39 shrinivaasanka-Inspiron-1545 kernel: [    0.255289] pci 0000:00:1b.0: reg 0x10: [mem 0xf6afc000-0xf6afffff 64bit]
Jul 18 10:37:39 shrinivaasanka-Inspiron-1545 kernel: [    0.255414] pci 0000:00:1b.0: PME# supported from D0 D3hot D3cold
Jul 18 10:37:39 shrinivaasanka-Inspiron-1545 kernel: [    0.255485] pci 0000:00:1b.0: System wakeup disabled by ACPI
Jul 18 10:37:39 shrinivaasanka-Inspiron-1545 kernel: [    0.255554] pci 0000:00:1c.0: [8086:2940] type 01 class 0x060400
Jul 18 10:37:39 shrinivaasanka-Inspiron-1545 kernel: [    0.255685] pci 0000:00:1c.0: PME# supported from D0 D3hot D3cold
Jul 18 10:37:39 shrinivaasanka-Inspiron-1545 kernel: [    0.255760] pci 0000:00:1c.0: System wakeup disabled by ACPI
Jul 18 10:37:39 shrinivaasanka-Inspiron-1545 kernel: [    0.256006] pci 0000:00:1c.1: [8086:2942] type 01 class 0x060400
Jul 18 10:37:39 shrinivaasanka-Inspiron-1545 kernel: [    0.256137] pci 0000:00:1c.1: PME# supported from D0 D3hot D3cold
Jul 18 10:37:39 shrinivaasanka-Inspiron-1545 kernel: [    0.256213] pci 0000:00:1c.1: System wakeup disabled by ACPI
Jul 18 10:37:39 shrinivaasanka-Inspiron-1545 kernel: [    0.256283] pci 0000:00:1c.2: [8086:2944] type 01 class 0x060400
Jul 18 10:37:39 shrinivaasanka-Inspiron-1545 kernel: [    0.256412] pci 0000:00:1c.2: PME# supported from D0 D3hot D3cold
Jul 18 10:37:39 shrinivaasanka-Inspiron-1545 kernel: [    0.256485] pci 0000:00:1c.2: System wakeup disabled by ACPI
Jul 18 10:37:39 shrinivaasanka-Inspiron-1545 kernel: [    0.256553] pci 0000:00:1c.4: [8086:2948] type 01 class 0x060400
Jul 18 10:37:39 shrinivaasanka-Inspiron-1545 kernel: [    0.256682] pci 0000:00:1c.4: PME# supported from D0 D3hot D3cold
Jul 18 10:37:39 shrinivaasanka-Inspiron-1545 kernel: [    0.256755] pci 0000:00:1c.4: System wakeup disabled by ACPI
Jul 18 10:37:39 shrinivaasanka-Inspiron-1545 kernel: [    0.256827] pci 0000:00:1d.0: [8086:2934] type 00 class 0x0c0300
Jul 18 10:37:39 shrinivaasanka-Inspiron-1545 kernel: [    0.256891] pci 0000:00:1d.0: reg 0x20: [io  0x6f00-0x6f1f]
Jul 18 10:37:39 shrinivaasanka-Inspiron-1545 kernel: [    0.260514] pci 0000:00:1d.0: System wakeup disabled by ACPI
Jul 18 10:37:39 shrinivaasanka-Inspiron-1545 kernel: [    0.260585] pci 0000:00:1d.1: [8086:2935] type 00 class 0x0c0300
Jul 18 10:37:39 shrinivaasanka-Inspiron-1545 kernel: [    0.260649] pci 0000:00:1d.1: reg 0x20: [io  0x6f20-0x6f3f]
Jul 18 10:37:39 shrinivaasanka-Inspiron-1545 kernel: [    0.264082] pci 0000:00:1d.1: System wakeup disabled by ACPI
Jul 18 10:37:39 shrinivaasanka-Inspiron-1545 kernel: [    0.264153] pci 0000:00:1d.2: [8086:2936] type 00 class 0x0c0300
Jul 18 10:37:39 shrinivaasanka-Inspiron-1545 kernel: [    0.264218] pci 0000:00:1d.2: reg 0x20: [io  0x6f40-0x6f5f]
Jul 18 10:37:39 shrinivaasanka-Inspiron-1545 kernel: [    0.268514] pci 0000:00:1d.2: System wakeup disabled by ACPI
Jul 18 10:37:39 shrinivaasanka-Inspiron-1545 kernel: [    0.268598] pci 0000:00:1d.7: [8086:293a] type 00 class 0x0c0320
Jul 18 10:37:39 shrinivaasanka-Inspiron-1545 kernel: [    0.268628] pci 0000:00:1d.7: reg 0x10: [mem 0xfed1c000-0xfed1c3ff]
Jul 18 10:37:39 shrinivaasanka-Inspiron-1545 kernel: [    0.268757] pci 0000:00:1d.7: PME# supported from D0 D3hot D3cold
Jul 18 10:37:39 shrinivaasanka-Inspiron-1545 kernel: [    0.272485] pci 0000:00:1d.7: System wakeup disabled by ACPI
Jul 18 10:37:39 shrinivaasanka-Inspiron-1545 kernel: [    0.272554] pci 0000:00:1e.0: [8086:2448] type 01 class 0x060401
Jul 18 10:37:39 shrinivaasanka-Inspiron-1545 kernel: [    0.272696] pci 0000:00:1e.0: System wakeup disabled by ACPI
Jul 18 10:37:39 shrinivaasanka-Inspiron-1545 kernel: [    0.272767] pci 0000:00:1f.0: [8086:2919] type 00 class 0x060100
Jul 18 10:37:39 shrinivaasanka-Inspiron-1545 kernel: [    0.273041] pci 0000:00:1f.2: [8086:2929] type 00 class 0x010601
Jul 18 10:37:39 shrinivaasanka-Inspiron-1545 kernel: [    0.273073] pci 0000:00:1f.2: reg 0x10: [io  0x6e70-0x6e77]
Jul 18 10:37:39 shrinivaasanka-Inspiron-1545 kernel: [    0.273086] pci 0000:00:1f.2: reg 0x14: [io  0x6e78-0x6e7b]
Jul 18 10:37:39 shrinivaasanka-Inspiron-1545 kernel: [    0.273099] pci 0000:00:1f.2: reg 0x18: [io  0x6e80-0x6e87]
Jul 18 10:37:39 shrinivaasanka-Inspiron-1545 kernel: [    0.273112] pci 0000:00:1f.2: reg 0x1c: [io  0x6e88-0x6e8b]
Jul 18 10:37:39 shrinivaasanka-Inspiron-1545 kernel: [    0.273125] pci 0000:00:1f.2: reg 0x20: [io  0x6ea0-0x6ebf]
Jul 18 10:37:39 shrinivaasanka-Inspiron-1545 kernel: [    0.273138] pci 0000:00:1f.2: reg 0x24: [mem 0xfed1c800-0xfed1cfff]
Jul 18 10:37:39 shrinivaasanka-Inspiron-1545 kernel: [    0.273219] pci 0000:00:1f.2: PME# supported from D3hot
Jul 18 10:37:39 shrinivaasanka-Inspiron-1545 kernel: [    0.273347] pci 0000:00:1f.3: [8086:2930] type 00 class 0x0c0500
Jul 18 10:37:39 shrinivaasanka-Inspiron-1545 kernel: [    0.273372] pci 0000:00:1f.3: reg 0x10: [mem 0xf6afbf00-0xf6afbfff 64bit]
Jul 18 10:37:39 shrinivaasanka-Inspiron-1545 kernel: [    0.273406] pci 0000:00:1f.3: reg 0x20: [io  0x1100-0x111f]
Jul 18 10:37:39 shrinivaasanka-Inspiron-1545 kernel: [    0.273634] pci 0000:00:1c.0: PCI bridge to [bus 0b]
Jul 18 10:37:39 shrinivaasanka-Inspiron-1545 kernel: [    0.274009] pci 0000:0c:00.0: [14e4:4315] type 00 class 0x028000
Jul 18 10:37:39 shrinivaasanka-Inspiron-1545 kernel: [    0.274091] pci 0000:0c:00.0: reg 0x10: [mem 0xf69fc000-0xf69fffff 64bit]
Jul 18 10:37:39 shrinivaasanka-Inspiron-1545 kernel: [    0.274548] pci 0000:0c:00.0: supports D1 D2
Jul 18 10:37:39 shrinivaasanka-Inspiron-1545 kernel: [    0.274551] pci 0000:0c:00.0: PME# supported from D0 D3hot D3cold
Jul 18 10:37:39 shrinivaasanka-Inspiron-1545 kernel: [    0.274971] pci 0000:00:1c.1: PCI bridge to [bus 0c]
Jul 18 10:37:39 shrinivaasanka-Inspiron-1545 kernel: [    0.274980] pci 0000:00:1c.1:   bridge window [mem 0xf6900000-0xf69fffff]
Jul 18 10:37:39 shrinivaasanka-Inspiron-1545 kernel: [    0.275116] pci 0000:09:00.0: [11ab:4354] type 00 class 0x020000
Jul 18 10:37:39 shrinivaasanka-Inspiron-1545 kernel: [    0.275157] pci 0000:09:00.0: reg 0x10: [mem 0xf68fc000-0xf68fffff 64bit]
Jul 18 10:37:39 shrinivaasanka-Inspiron-1545 kernel: [    0.275176] pci 0000:09:00.0: reg 0x18: [io  0xde00-0xdeff]
Jul 18 10:37:39 shrinivaasanka-Inspiron-1545 kernel: [    0.275349] pci 0000:09:00.0: supports D1 D2
Jul 18 10:37:39 shrinivaasanka-Inspiron-1545 kernel: [    0.275351] pci 0000:09:00.0: PME# supported from D0 D1 D2 D3hot D3cold
Jul 18 10:37:39 shrinivaasanka-Inspiron-1545 kernel: [    0.280026] pci 0000:00:1c.2: PCI bridge to [bus 09]
Jul 18 10:37:39 shrinivaasanka-Inspiron-1545 kernel: [    0.280032] pci 0000:00:1c.2:   bridge window [io  0xd000-0xdfff]
Jul 18 10:37:39 shrinivaasanka-Inspiron-1545 kernel: [    0.280038] pci 0000:00:1c.2:   bridge window [mem 0xf6800000-0xf68fffff]
Jul 18 10:37:39 shrinivaasanka-Inspiron-1545 kernel: [    0.280167] acpiphp: Slot [1] registered
Jul 18 10:37:39 shrinivaasanka-Inspiron-1545 kernel: [    0.280175] pci 0000:00:1c.4: PCI bridge to [bus 0d-0e]
Jul 18 10:37:39 shrinivaasanka-Inspiron-1545 kernel: [    0.280181] pci 0000:00:1c.4:   bridge window [io  0xc000-0xcfff]
Jul 18 10:37:39 shrinivaasanka-Inspiron-1545 kernel: [    0.280187] pci 0000:00:1c.4:   bridge window [mem 0xf6600000-0xf67fffff]
Jul 18 10:37:39 shrinivaasanka-Inspiron-1545 kernel: [    0.280195] pci 0000:00:1c.4:   bridge window [mem 0xf0000000-0xf01fffff 64bit pref]
Jul 18 10:37:39 shrinivaasanka-Inspiron-1545 kernel: [    0.280334] pci 0000:00:1e.0: PCI bridge to [bus 03] (subtractive decode)
Jul 18 10:37:39 shrinivaasanka-Inspiron-1545 kernel: [    0.280349] pci 0000:00:1e.0:   bridge window [io  0x0000-0x0cf7 window] (subtractive decode)
Jul 18 10:37:39 shrinivaasanka-Inspiron-1545 kernel: [    0.280352] pci 0000:00:1e.0:   bridge window [io  0x0d00-0xffff window] (subtractive decode)
Jul 18 10:37:39 shrinivaasanka-Inspiron-1545 kernel: [    0.280355] pci 0000:00:1e.0:   bridge window [mem 0x000a0000-0x000bffff window] (subtractive decode)
Jul 18 10:37:39 shrinivaasanka-Inspiron-1545 kernel: [    0.280358] pci 0000:00:1e.0:   bridge window [mem 0x000d0000-0x000dffff window] (subtractive decode)
Jul 18 10:37:39 shrinivaasanka-Inspiron-1545 kernel: [    0.280361] pci 0000:00:1e.0:   bridge window [mem 0xc0000000-0xf7ffffff window] (subtractive decode)
Jul 18 10:37:39 shrinivaasanka-Inspiron-1545 kernel: [    0.280364] pci 0000:00:1e.0:   bridge window [mem 0xfc000000-0xfebfffff window] (subtractive decode)
Jul 18 10:37:39 shrinivaasanka-Inspiron-1545 kernel: [    0.280367] pci 0000:00:1e.0:   bridge window [mem 0xfec10000-0xfecfffff window] (subtractive decode)
Jul 18 10:37:39 shrinivaasanka-Inspiron-1545 kernel: [    0.280370] pci 0000:00:1e.0:   bridge window [mem 0xfed1c000-0xfed1ffff window] (subtractive decode)
Jul 18 10:37:39 shrinivaasanka-Inspiron-1545 kernel: [    0.280373] pci 0000:00:1e.0:   bridge window [mem 0xfed90000-0xfed9ffff window] (subtractive decode)
Jul 18 10:37:39 shrinivaasanka-Inspiron-1545 kernel: [    0.280376] pci 0000:00:1e.0:   bridge window [mem 0xfeda7000-0xfedfffff window] (subtractive decode)
Jul 18 10:37:39 shrinivaasanka-Inspiron-1545 kernel: [    0.280379] pci 0000:00:1e.0:   bridge window [mem 0xfee10000-0xff9fffff window] (subtractive decode)
Jul 18 10:37:39 shrinivaasanka-Inspiron-1545 kernel: [    0.280382] pci 0000:00:1e.0:   bridge window [mem 0xffc00000-0xffdfffff window] (subtractive decode)
Jul 18 10:37:39 shrinivaasanka-Inspiron-1545 kernel: [    0.280622] pci_bus 0000:00: on NUMA node 0
Jul 18 10:37:39 shrinivaasanka-Inspiron-1545 kernel: [    0.281108] ACPI: PCI Interrupt Link [LNKA] (IRQs *10 11)
Jul 18 10:37:39 shrinivaasanka-Inspiron-1545 kernel: [    0.281212] ACPI: PCI Interrupt Link [LNKB] (IRQs 5 7) *4
Jul 18 10:37:39 shrinivaasanka-Inspiron-1545 kernel: [    0.281314] ACPI: PCI Interrupt Link [LNKC] (IRQs *10 11)
Jul 18 10:37:39 shrinivaasanka-Inspiron-1545 kernel: [    0.281402] ACPI: PCI Interrupt Link [LNKD] (IRQs 5 7 10 11) *0, disabled.
Jul 18 10:37:39 shrinivaasanka-Inspiron-1545 kernel: [    0.281505] ACPI: PCI Interrupt Link [LNKE] (IRQs 3 4 5 6 7 10 *11 12 14 15)
Jul 18 10:37:39 shrinivaasanka-Inspiron-1545 kernel: [    0.281611] ACPI: PCI Interrupt Link [LNKF] (IRQs 3 4 5 6 *7 10 11 12 14 15)
Jul 18 10:37:39 shrinivaasanka-Inspiron-1545 kernel: [    0.281715] ACPI: PCI Interrupt Link [LNKG] (IRQs 3 4 *5 6 7 10 11 12 14 15)
Jul 18 10:37:39 shrinivaasanka-Inspiron-1545 kernel: [    0.281807] ACPI: PCI Interrupt Link [LNKH] (IRQs 3 4 5 6 7 10 11 12 14 15) *0, disabled.
Jul 18 10:37:39 shrinivaasanka-Inspiron-1545 kernel: [    0.282135] ACPI: Enabled 4 GPEs in block 00 to 3F
Jul 18 10:37:39 shrinivaasanka-Inspiron-1545 kernel: [    0.282266] vgaarb: setting as boot device: PCI:0000:00:02.0
Jul 18 10:37:39 shrinivaasanka-Inspiron-1545 kernel: [    0.282266] vgaarb: device added: PCI:0000:00:02.0,decodes=io+mem,owns=io+mem,locks=none
Jul 18 10:37:39 shrinivaasanka-Inspiron-1545 kernel: [    0.282266] vgaarb: loaded
Jul 18 10:37:39 shrinivaasanka-Inspiron-1545 kernel: [    0.282266] vgaarb: bridge control possible 0000:00:02.0
Jul 18 10:37:39 shrinivaasanka-Inspiron-1545 kernel: [    0.282266] SCSI subsystem initialized
Jul 18 10:37:39 shrinivaasanka-Inspiron-1545 kernel: [    0.282266] libata version 3.00 loaded.
Jul 18 10:37:39 shrinivaasanka-Inspiron-1545 kernel: [    0.282266] ACPI: bus type USB registered
Jul 18 10:37:39 shrinivaasanka-Inspiron-1545 kernel: [    0.282266] usbcore: registered new interface driver usbfs
Jul 18 10:37:39 shrinivaasanka-Inspiron-1545 kernel: [    0.282266] usbcore: registered new interface driver hub
Jul 18 10:37:39 shrinivaasanka-Inspiron-1545 kernel: [    0.282266] usbcore: registered new device driver usb
Jul 18 10:37:39 shrinivaasanka-Inspiron-1545 kernel: [    0.282266] PCI: Using ACPI for IRQ routing
Jul 18 10:37:39 shrinivaasanka-Inspiron-1545 kernel: [    0.285669] PCI: pci_cache_line_size set to 64 bytes
Jul 18 10:37:39 shrinivaasanka-Inspiron-1545 kernel: [    0.286134] e820: reserve RAM buffer [mem 0x0009f000-0x0009ffff]
Jul 18 10:37:39 shrinivaasanka-Inspiron-1545 kernel: [    0.286138] e820: reserve RAM buffer [mem 0xbd8bf400-0xbfffffff]
Jul 18 10:37:39 shrinivaasanka-Inspiron-1545 kernel: [    0.286304] NetLabel: Initializing
Jul 18 10:37:39 shrinivaasanka-Inspiron-1545 kernel: [    0.286307] NetLabel:  domain hash size = 128
Jul 18 10:37:39 shrinivaasanka-Inspiron-1545 kernel: [    0.286309] NetLabel:  protocols = UNLABELED CIPSOv4
Jul 18 10:37:39 shrinivaasanka-Inspiron-1545 kernel: [    0.286323] NetLabel:  unlabeled traffic allowed by default
Jul 18 10:37:39 shrinivaasanka-Inspiron-1545 kernel: [    0.286358] HPET: 4 timers in total, 0 timers will be used for per-cpu timer
Jul 18 10:37:39 shrinivaasanka-Inspiron-1545 kernel: [    0.286358] hpet0: at MMIO 0xfed00000, IRQs 2, 8, 0, 0
Jul 18 10:37:39 shrinivaasanka-Inspiron-1545 kernel: [    0.286358] hpet0: 4 comparators, 64-bit 14.318180 MHz counter
Jul 18 10:37:39 shrinivaasanka-Inspiron-1545 kernel: [    0.288045] Switched to clocksource hpet
Jul 18 10:37:39 shrinivaasanka-Inspiron-1545 kernel: [    0.299204] AppArmor: AppArmor Filesystem Enabled
Jul 18 10:37:39 shrinivaasanka-Inspiron-1545 kernel: [    0.299314] pnp: PnP ACPI init
Jul 18 10:37:39 shrinivaasanka-Inspiron-1545 kernel: [    0.299443] system 00:00: [mem 0xff800000-0xff8fffff] has been reserved
Jul 18 10:37:39 shrinivaasanka-Inspiron-1545 kernel: [    0.299447] system 00:00: [mem 0xffc00000-0xffcfffff] has been reserved
Jul 18 10:37:39 shrinivaasanka-Inspiron-1545 kernel: [    0.299452] system 00:00: Plug and Play ACPI device, IDs PNP0c02 (active)
Jul 18 10:37:39 shrinivaasanka-Inspiron-1545 kernel: [    0.299524] pnp 00:01: Plug and Play ACPI device, IDs PNP0f13 (active)
Jul 18 10:37:39 shrinivaasanka-Inspiron-1545 kernel: [    0.299579] pnp 00:02: Plug and Play ACPI device, IDs PNP0303 (active)
Jul 18 10:37:39 shrinivaasanka-Inspiron-1545 kernel: [    0.299636] pnp 00:03: Plug and Play ACPI device, IDs PNP0b00 (active)
Jul 18 10:37:39 shrinivaasanka-Inspiron-1545 kernel: [    0.299700] system 00:04: Plug and Play ACPI device, IDs PNP0c01 (active)
Jul 18 10:37:39 shrinivaasanka-Inspiron-1545 kernel: [    0.299798] system 00:05: [mem 0xfed00000-0xfed003ff] has been reserved
Jul 18 10:37:39 shrinivaasanka-Inspiron-1545 kernel: [    0.299802] system 00:05: Plug and Play ACPI device, IDs PNP0103 PNP0c01 (active)
Jul 18 10:37:39 shrinivaasanka-Inspiron-1545 kernel: [    0.300040] system 00:06: [io  0x0900-0x097f] has been reserved
Jul 18 10:37:39 shrinivaasanka-Inspiron-1545 kernel: [    0.300044] system 00:06: [io  0x04d0-0x04d1] has been reserved
Jul 18 10:37:39 shrinivaasanka-Inspiron-1545 kernel: [    0.300047] system 00:06: [io  0x1000-0x1005] could not be reserved
Jul 18 10:37:39 shrinivaasanka-Inspiron-1545 kernel: [    0.300051] system 00:06: [io  0x1008-0x100f] could not be reserved
Jul 18 10:37:39 shrinivaasanka-Inspiron-1545 kernel: [    0.300054] system 00:06: Plug and Play ACPI device, IDs PNP0c01 (active)
Jul 18 10:37:39 shrinivaasanka-Inspiron-1545 kernel: [    0.300124] system 00:07: [io  0xf400-0xf4fe] has been reserved
Jul 18 10:37:39 shrinivaasanka-Inspiron-1545 kernel: [    0.300128] system 00:07: [io  0x1006-0x1007] has been reserved
Jul 18 10:37:39 shrinivaasanka-Inspiron-1545 kernel: [    0.300131] system 00:07: [io  0x100a-0x1059] could not be reserved
Jul 18 10:37:39 shrinivaasanka-Inspiron-1545 kernel: [    0.300134] system 00:07: [io  0x1060-0x107f] has been reserved
Jul 18 10:37:39 shrinivaasanka-Inspiron-1545 kernel: [    0.300140] system 00:07: [io  0x1080-0x10bf] has been reserved
Jul 18 10:37:39 shrinivaasanka-Inspiron-1545 kernel: [    0.300143] system 00:07: [io  0x1100-0x111f] has been reserved
Jul 18 10:37:39 shrinivaasanka-Inspiron-1545 kernel: [    0.300146] system 00:07: [io  0x1010-0x102f] could not be reserved
Jul 18 10:37:39 shrinivaasanka-Inspiron-1545 kernel: [    0.300149] system 00:07: [io  0x0809] has been reserved
Jul 18 10:37:39 shrinivaasanka-Inspiron-1545 kernel: [    0.300153] system 00:07: Plug and Play ACPI device, IDs PNP0c01 (active)
Jul 18 10:37:39 shrinivaasanka-Inspiron-1545 kernel: [    0.318597] system 00:08: [mem 0x00000000-0x0009efff] could not be reserved
Jul 18 10:37:39 shrinivaasanka-Inspiron-1545 kernel: [    0.318602] system 00:08: [mem 0x0009f000-0x0009ffff] could not be reserved
Jul 18 10:37:39 shrinivaasanka-Inspiron-1545 kernel: [    0.318605] system 00:08: [mem 0x000c0000-0x000cffff] could not be reserved
Jul 18 10:37:39 shrinivaasanka-Inspiron-1545 kernel: [    0.318608] system 00:08: [mem 0x000e0000-0x000fffff] could not be reserved
Jul 18 10:37:39 shrinivaasanka-Inspiron-1545 kernel: [    0.318612] system 00:08: [mem 0x00100000-0xbd8bf3ff] could not be reserved
Jul 18 10:37:39 shrinivaasanka-Inspiron-1545 kernel: [    0.318615] system 00:08: [mem 0xbd8bf400-0xbdafffff] could not be reserved
Jul 18 10:37:39 shrinivaasanka-Inspiron-1545 kernel: [    0.318619] system 00:08: [mem 0xbdb00000-0xbdbfffff] has been reserved
Jul 18 10:37:39 shrinivaasanka-Inspiron-1545 kernel: [    0.318622] system 00:08: [mem 0xffe00000-0xffffffff] has been reserved
Jul 18 10:37:39 shrinivaasanka-Inspiron-1545 kernel: [    0.318625] system 00:08: [mem 0xffa00000-0xffbfffff] has been reserved
Jul 18 10:37:39 shrinivaasanka-Inspiron-1545 kernel: [    0.318628] system 00:08: [mem 0xfec00000-0xfec0ffff] could not be reserved
Jul 18 10:37:39 shrinivaasanka-Inspiron-1545 kernel: [    0.318632] system 00:08: [mem 0xfee00000-0xfee0ffff] has been reserved
Jul 18 10:37:39 shrinivaasanka-Inspiron-1545 kernel: [    0.318635] system 00:08: [mem 0xfed20000-0xfed8ffff] has been reserved
Jul 18 10:37:39 shrinivaasanka-Inspiron-1545 kernel: [    0.318638] system 00:08: [mem 0xfeda0000-0xfeda3fff] has been reserved
Jul 18 10:37:39 shrinivaasanka-Inspiron-1545 kernel: [    0.318641] system 00:08: [mem 0xfeda4000-0xfeda4fff] has been reserved
Jul 18 10:37:39 shrinivaasanka-Inspiron-1545 kernel: [    0.318644] system 00:08: [mem 0xfeda5000-0xfeda5fff] has been reserved
Jul 18 10:37:39 shrinivaasanka-Inspiron-1545 kernel: [    0.318648] system 00:08: [mem 0xfeda6000-0xfeda6fff] has been reserved
Jul 18 10:37:39 shrinivaasanka-Inspiron-1545 kernel: [    0.318651] system 00:08: [mem 0xfed1c800-0xfed1cfff] has been reserved
Jul 18 10:37:39 shrinivaasanka-Inspiron-1545 kernel: [    0.318654] system 00:08: [mem 0xfed18000-0xfed1bfff] has been reserved
Jul 18 10:37:39 shrinivaasanka-Inspiron-1545 kernel: [    0.318657] system 00:08: [mem 0xf8000000-0xfbffffff] has been reserved
Jul 18 10:37:39 shrinivaasanka-Inspiron-1545 kernel: [    0.318661] system 00:08: Plug and Play ACPI device, IDs PNP0c01 (active)
Jul 18 10:37:39 shrinivaasanka-Inspiron-1545 kernel: [    0.318706] pnp: PnP ACPI: found 9 devices
Jul 18 10:37:39 shrinivaasanka-Inspiron-1545 kernel: [    0.318712] PnPBIOS: Disabled by ACPI PNP
Jul 18 10:37:39 shrinivaasanka-Inspiron-1545 kernel: [    0.356512] pci 0000:00:1c.0: bridge window [io  0x1000-0x0fff] to [bus 0b] add_size 1000
Jul 18 10:37:39 shrinivaasanka-Inspiron-1545 kernel: [    0.356518] pci 0000:00:1c.0: bridge window [mem 0x00100000-0x000fffff 64bit pref] to [bus 0b] add_size 200000
Jul 18 10:37:39 shrinivaasanka-Inspiron-1545 kernel: [    0.356522] pci 0000:00:1c.0: bridge window [mem 0x00100000-0x000fffff] to [bus 0b] add_size 200000
Jul 18 10:37:39 shrinivaasanka-Inspiron-1545 kernel: [    0.356535] pci 0000:00:1c.1: bridge window [io  0x1000-0x0fff] to [bus 0c] add_size 1000
Jul 18 10:37:39 shrinivaasanka-Inspiron-1545 kernel: [    0.356538] pci 0000:00:1c.1: bridge window [mem 0x00100000-0x000fffff 64bit pref] to [bus 0c] add_size 200000
Jul 18 10:37:39 shrinivaasanka-Inspiron-1545 kernel: [    0.356551] pci 0000:00:1c.2: bridge window [mem 0x00100000-0x000fffff 64bit pref] to [bus 09] add_size 200000
Jul 18 10:37:39 shrinivaasanka-Inspiron-1545 kernel: [    0.356578] pci 0000:00:1c.0: res[14]=[mem 0x00100000-0x000fffff] get_res_add_size add_size 200000
Jul 18 10:37:39 shrinivaasanka-Inspiron-1545 kernel: [    0.356581] pci 0000:00:1c.0: res[15]=[mem 0x00100000-0x000fffff 64bit pref] get_res_add_size add_size 200000
Jul 18 10:37:39 shrinivaasanka-Inspiron-1545 kernel: [    0.356584] pci 0000:00:1c.1: res[15]=[mem 0x00100000-0x000fffff 64bit pref] get_res_add_size add_size 200000
Jul 18 10:37:39 shrinivaasanka-Inspiron-1545 kernel: [    0.356587] pci 0000:00:1c.2: res[15]=[mem 0x00100000-0x000fffff 64bit pref] get_res_add_size add_size 200000
Jul 18 10:37:39 shrinivaasanka-Inspiron-1545 kernel: [    0.356590] pci 0000:00:1c.0: res[13]=[io  0x1000-0x0fff] get_res_add_size add_size 1000
Jul 18 10:37:39 shrinivaasanka-Inspiron-1545 kernel: [    0.356593] pci 0000:00:1c.1: res[13]=[io  0x1000-0x0fff] get_res_add_size add_size 1000
Jul 18 10:37:39 shrinivaasanka-Inspiron-1545 kernel: [    0.356602] pci 0000:00:1c.0: BAR 14: assigned [mem 0xc0000000-0xc01fffff]
Jul 18 10:37:39 shrinivaasanka-Inspiron-1545 kernel: [    0.356613] pci 0000:00:1c.0: BAR 15: assigned [mem 0xc0200000-0xc03fffff 64bit pref]
Jul 18 10:37:39 shrinivaasanka-Inspiron-1545 kernel: [    0.356623] pci 0000:00:1c.1: BAR 15: assigned [mem 0xc0400000-0xc05fffff 64bit pref]
Jul 18 10:37:39 shrinivaasanka-Inspiron-1545 kernel: [    0.356633] pci 0000:00:1c.2: BAR 15: assigned [mem 0xc0600000-0xc07fffff 64bit pref]
Jul 18 10:37:39 shrinivaasanka-Inspiron-1545 kernel: [    0.356638] pci 0000:00:1c.0: BAR 13: assigned [io  0x2000-0x2fff]
Jul 18 10:37:39 shrinivaasanka-Inspiron-1545 kernel: [    0.356642] pci 0000:00:1c.1: BAR 13: assigned [io  0x3000-0x3fff]
Jul 18 10:37:39 shrinivaasanka-Inspiron-1545 kernel: [    0.356646] pci 0000:00:1c.0: PCI bridge to [bus 0b]
Jul 18 10:37:39 shrinivaasanka-Inspiron-1545 kernel: [    0.356650] pci 0000:00:1c.0:   bridge window [io  0x2000-0x2fff]
Jul 18 10:37:39 shrinivaasanka-Inspiron-1545 kernel: [    0.356657] pci 0000:00:1c.0:   bridge window [mem 0xc0000000-0xc01fffff]
Jul 18 10:37:39 shrinivaasanka-Inspiron-1545 kernel: [    0.356663] pci 0000:00:1c.0:   bridge window [mem 0xc0200000-0xc03fffff 64bit pref]
Jul 18 10:37:39 shrinivaasanka-Inspiron-1545 kernel: [    0.356672] pci 0000:00:1c.1: PCI bridge to [bus 0c]
Jul 18 10:37:39 shrinivaasanka-Inspiron-1545 kernel: [    0.356676] pci 0000:00:1c.1:   bridge window [io  0x3000-0x3fff]
Jul 18 10:37:39 shrinivaasanka-Inspiron-1545 kernel: [    0.356683] pci 0000:00:1c.1:   bridge window [mem 0xf6900000-0xf69fffff]
Jul 18 10:37:39 shrinivaasanka-Inspiron-1545 kernel: [    0.356689] pci 0000:00:1c.1:   bridge window [mem 0xc0400000-0xc05fffff 64bit pref]
Jul 18 10:37:39 shrinivaasanka-Inspiron-1545 kernel: [    0.356697] pci 0000:00:1c.2: PCI bridge to [bus 09]
Jul 18 10:37:39 shrinivaasanka-Inspiron-1545 kernel: [    0.356701] pci 0000:00:1c.2:   bridge window [io  0xd000-0xdfff]
Jul 18 10:37:39 shrinivaasanka-Inspiron-1545 kernel: [    0.356708] pci 0000:00:1c.2:   bridge window [mem 0xf6800000-0xf68fffff]
Jul 18 10:37:39 shrinivaasanka-Inspiron-1545 kernel: [    0.356714] pci 0000:00:1c.2:   bridge window [mem 0xc0600000-0xc07fffff 64bit pref]
Jul 18 10:37:39 shrinivaasanka-Inspiron-1545 kernel: [    0.356723] pci 0000:00:1c.4: PCI bridge to [bus 0d-0e]
Jul 18 10:37:39 shrinivaasanka-Inspiron-1545 kernel: [    0.356727] pci 0000:00:1c.4:   bridge window [io  0xc000-0xcfff]
Jul 18 10:37:39 shrinivaasanka-Inspiron-1545 kernel: [    0.356734] pci 0000:00:1c.4:   bridge window [mem 0xf6600000-0xf67fffff]
Jul 18 10:37:39 shrinivaasanka-Inspiron-1545 kernel: [    0.356739] pci 0000:00:1c.4:   bridge window [mem 0xf0000000-0xf01fffff 64bit pref]
Jul 18 10:37:39 shrinivaasanka-Inspiron-1545 kernel: [    0.356748] pci 0000:00:1e.0: PCI bridge to [bus 03]
Jul 18 10:37:39 shrinivaasanka-Inspiron-1545 kernel: [    0.356765] pci_bus 0000:00: resource 4 [io  0x0000-0x0cf7 window]
Jul 18 10:37:39 shrinivaasanka-Inspiron-1545 kernel: [    0.356768] pci_bus 0000:00: resource 5 [io  0x0d00-0xffff window]
Jul 18 10:37:39 shrinivaasanka-Inspiron-1545 kernel: [    0.356770] pci_bus 0000:00: resource 6 [mem 0x000a0000-0x000bffff window]
Jul 18 10:37:39 shrinivaasanka-Inspiron-1545 kernel: [    0.356773] pci_bus 0000:00: resource 7 [mem 0x000d0000-0x000dffff window]
Jul 18 10:37:39 shrinivaasanka-Inspiron-1545 kernel: [    0.356776] pci_bus 0000:00: resource 8 [mem 0xc0000000-0xf7ffffff window]
Jul 18 10:37:39 shrinivaasanka-Inspiron-1545 kernel: [    0.356779] pci_bus 0000:00: resource 9 [mem 0xfc000000-0xfebfffff window]
Jul 18 10:37:39 shrinivaasanka-Inspiron-1545 kernel: [    0.356781] pci_bus 0000:00: resource 10 [mem 0xfec10000-0xfecfffff window]
Jul 18 10:37:39 shrinivaasanka-Inspiron-1545 kernel: [    0.356784] pci_bus 0000:00: resource 11 [mem 0xfed1c000-0xfed1ffff window]
Jul 18 10:37:39 shrinivaasanka-Inspiron-1545 kernel: [    0.356787] pci_bus 0000:00: resource 12 [mem 0xfed90000-0xfed9ffff window]
Jul 18 10:37:39 shrinivaasanka-Inspiron-1545 kernel: [    0.356790] pci_bus 0000:00: resource 13 [mem 0xfeda7000-0xfedfffff window]
Jul 18 10:37:39 shrinivaasanka-Inspiron-1545 kernel: [    0.356793] pci_bus 0000:00: resource 14 [mem 0xfee10000-0xff9fffff window]
Jul 18 10:37:39 shrinivaasanka-Inspiron-1545 kernel: [    0.356796] pci_bus 0000:00: resource 15 [mem 0xffc00000-0xffdfffff window]
Jul 18 10:37:39 shrinivaasanka-Inspiron-1545 kernel: [    0.356799] pci_bus 0000:0b: resource 0 [io  0x2000-0x2fff]
Jul 18 10:37:39 shrinivaasanka-Inspiron-1545 kernel: [    0.356801] pci_bus 0000:0b: resource 1 [mem 0xc0000000-0xc01fffff]
Jul 18 10:37:39 shrinivaasanka-Inspiron-1545 kernel: [    0.356804] pci_bus 0000:0b: resource 2 [mem 0xc0200000-0xc03fffff 64bit pref]
Jul 18 10:37:39 shrinivaasanka-Inspiron-1545 kernel: [    0.356807] pci_bus 0000:0c: resource 0 [io  0x3000-0x3fff]
Jul 18 10:37:39 shrinivaasanka-Inspiron-1545 kernel: [    0.356809] pci_bus 0000:0c: resource 1 [mem 0xf6900000-0xf69fffff]
Jul 18 10:37:39 shrinivaasanka-Inspiron-1545 kernel: [    0.356812] pci_bus 0000:0c: resource 2 [mem 0xc0400000-0xc05fffff 64bit pref]
Jul 18 10:37:39 shrinivaasanka-Inspiron-1545 kernel: [    0.356815] pci_bus 0000:09: resource 0 [io  0xd000-0xdfff]
Jul 18 10:37:39 shrinivaasanka-Inspiron-1545 kernel: [    0.356818] pci_bus 0000:09: resource 1 [mem 0xf6800000-0xf68fffff]
Jul 18 10:37:39 shrinivaasanka-Inspiron-1545 kernel: [    0.356820] pci_bus 0000:09: resource 2 [mem 0xc0600000-0xc07fffff 64bit pref]
Jul 18 10:37:39 shrinivaasanka-Inspiron-1545 kernel: [    0.356823] pci_bus 0000:0d: resource 0 [io  0xc000-0xcfff]
Jul 18 10:37:39 shrinivaasanka-Inspiron-1545 kernel: [    0.356826] pci_bus 0000:0d: resource 1 [mem 0xf6600000-0xf67fffff]
Jul 18 10:37:39 shrinivaasanka-Inspiron-1545 kernel: [    0.356829] pci_bus 0000:0d: resource 2 [mem 0xf0000000-0xf01fffff 64bit pref]
Jul 18 10:37:39 shrinivaasanka-Inspiron-1545 kernel: [    0.356832] pci_bus 0000:03: resource 4 [io  0x0000-0x0cf7 window]
Jul 18 10:37:39 shrinivaasanka-Inspiron-1545 kernel: [    0.356834] pci_bus 0000:03: resource 5 [io  0x0d00-0xffff window]
Jul 18 10:37:39 shrinivaasanka-Inspiron-1545 kernel: [    0.356837] pci_bus 0000:03: resource 6 [mem 0x000a0000-0x000bffff window]
Jul 18 10:37:39 shrinivaasanka-Inspiron-1545 kernel: [    0.356840] pci_bus 0000:03: resource 7 [mem 0x000d0000-0x000dffff window]
Jul 18 10:37:39 shrinivaasanka-Inspiron-1545 kernel: [    0.356843] pci_bus 0000:03: resource 8 [mem 0xc0000000-0xf7ffffff window]
Jul 18 10:37:39 shrinivaasanka-Inspiron-1545 kernel: [    0.356846] pci_bus 0000:03: resource 9 [mem 0xfc000000-0xfebfffff window]
Jul 18 10:37:39 shrinivaasanka-Inspiron-1545 kernel: [    0.356848] pci_bus 0000:03: resource 10 [mem 0xfec10000-0xfecfffff window]
Jul 18 10:37:39 shrinivaasanka-Inspiron-1545 kernel: [    0.356851] pci_bus 0000:03: resource 11 [mem 0xfed1c000-0xfed1ffff window]
Jul 18 10:37:39 shrinivaasanka-Inspiron-1545 kernel: [    0.356854] pci_bus 0000:03: resource 12 [mem 0xfed90000-0xfed9ffff window]
Jul 18 10:37:39 shrinivaasanka-Inspiron-1545 kernel: [    0.356857] pci_bus 0000:03: resource 13 [mem 0xfeda7000-0xfedfffff window]
Jul 18 10:37:39 shrinivaasanka-Inspiron-1545 kernel: [    0.356860] pci_bus 0000:03: resource 14 [mem 0xfee10000-0xff9fffff window]
Jul 18 10:37:39 shrinivaasanka-Inspiron-1545 kernel: [    0.356863] pci_bus 0000:03: resource 15 [mem 0xffc00000-0xffdfffff window]
Jul 18 10:37:39 shrinivaasanka-Inspiron-1545 kernel: [    0.356902] NET: Registered protocol family 2
Jul 18 10:37:39 shrinivaasanka-Inspiron-1545 kernel: [    0.357136] TCP established hash table entries: 8192 (order: 3, 32768 bytes)
Jul 18 10:37:39 shrinivaasanka-Inspiron-1545 kernel: [    0.357156] TCP bind hash table entries: 8192 (order: 4, 65536 bytes)
Jul 18 10:37:39 shrinivaasanka-Inspiron-1545 kernel: [    0.357186] TCP: Hash tables configured (established 8192 bind 8192)
Jul 18 10:37:39 shrinivaasanka-Inspiron-1545 kernel: [    0.357223] TCP: reno registered
Jul 18 10:37:39 shrinivaasanka-Inspiron-1545 kernel: [    0.357226] UDP hash table entries: 512 (order: 2, 16384 bytes)
Jul 18 10:37:39 shrinivaasanka-Inspiron-1545 kernel: [    0.357237] UDP-Lite hash table entries: 512 (order: 2, 16384 bytes)
Jul 18 10:37:39 shrinivaasanka-Inspiron-1545 kernel: [    0.357287] NET: Registered protocol family 1
Jul 18 10:37:39 shrinivaasanka-Inspiron-1545 kernel: [    0.357307] pci 0000:00:02.0: Video device with shadowed ROM
Jul 18 10:37:39 shrinivaasanka-Inspiron-1545 kernel: [    0.360607] PCI: CLS 64 bytes, default 64
Jul 18 10:37:39 shrinivaasanka-Inspiron-1545 kernel: [    0.360667] Trying to unpack rootfs image as initramfs...
Jul 18 10:37:39 shrinivaasanka-Inspiron-1545 kernel: [    5.789869] Freeing initrd memory: 225348K (dc7ce000 - ea3df000)
Jul 18 10:37:39 shrinivaasanka-Inspiron-1545 kernel: [    5.790270] microcode: CPU0 sig=0x1067a, pf=0x80, revision=0xa0b
Jul 18 10:37:39 shrinivaasanka-Inspiron-1545 kernel: [    5.790277] microcode: CPU1 sig=0x1067a, pf=0x80, revision=0xa0b
Jul 18 10:37:39 shrinivaasanka-Inspiron-1545 kernel: [    5.790363] microcode: Microcode Update Driver: v2.00 <tigran@aivazian.fsnet.co.uk>, Peter Oruba
Jul 18 10:37:39 shrinivaasanka-Inspiron-1545 kernel: [    5.790402] Scanning for low memory corruption every 60 seconds
Jul 18 10:37:39 shrinivaasanka-Inspiron-1545 kernel: [    5.790806] futex hash table entries: 512 (order: 3, 32768 bytes)
Jul 18 10:37:39 shrinivaasanka-Inspiron-1545 kernel: [    5.790832] Initialise system trusted keyring
Jul 18 10:37:39 shrinivaasanka-Inspiron-1545 kernel: [    5.790867] audit: initializing netlink subsys (disabled)
Jul 18 10:37:39 shrinivaasanka-Inspiron-1545 kernel: [    5.790894] audit: type=2000 audit(1437215834.784:1): initialized
Jul 18 10:37:39 shrinivaasanka-Inspiron-1545 kernel: [    5.791294] HugeTLB registered 2 MB page size, pre-allocated 0 pages
Jul 18 10:37:39 shrinivaasanka-Inspiron-1545 kernel: [    5.794066] zpool: loaded
Jul 18 10:37:39 shrinivaasanka-Inspiron-1545 kernel: [    5.794070] zbud: loaded
Jul 18 10:37:39 shrinivaasanka-Inspiron-1545 kernel: [    5.794171] VFS: Disk quotas dquot_6.5.2
Jul 18 10:37:39 shrinivaasanka-Inspiron-1545 kernel: [    5.794229] VFS: Dquot-cache hash table entries: 1024 (order 0, 4096 bytes)
Jul 18 10:37:39 shrinivaasanka-Inspiron-1545 kernel: [    5.794910] fuse init (API version 7.23)
Jul 18 10:37:39 shrinivaasanka-Inspiron-1545 kernel: [    5.795143] Key type big_key registered
Jul 18 10:37:39 shrinivaasanka-Inspiron-1545 kernel: [    5.795655] Key type asymmetric registered
Jul 18 10:37:39 shrinivaasanka-Inspiron-1545 kernel: [    5.795659] Asymmetric key parser 'x509' registered
Jul 18 10:37:39 shrinivaasanka-Inspiron-1545 kernel: [    5.795680] bounce: pool size: 64 pages
Jul 18 10:37:39 shrinivaasanka-Inspiron-1545 kernel: [    5.795732] Block layer SCSI generic (bsg) driver version 0.4 loaded (major 251)
Jul 18 10:37:39 shrinivaasanka-Inspiron-1545 kernel: [    5.795777] io scheduler noop registered
Jul 18 10:37:39 shrinivaasanka-Inspiron-1545 kernel: [    5.795781] io scheduler deadline registered (default)
Jul 18 10:37:39 shrinivaasanka-Inspiron-1545 kernel: [    5.795832] io scheduler cfq registered
Jul 18 10:37:39 shrinivaasanka-Inspiron-1545 kernel: [    5.797267] pci_hotplug: PCI Hot Plug PCI Core version: 0.5
Jul 18 10:37:39 shrinivaasanka-Inspiron-1545 kernel: [    5.797292] pciehp: PCI Express Hot Plug Controller Driver version: 0.4
Jul 18 10:37:39 shrinivaasanka-Inspiron-1545 kernel: [    5.797343] vesafb: mode is 1024x768x32, linelength=4096, pages=0
Jul 18 10:37:39 shrinivaasanka-Inspiron-1545 kernel: [    5.797345] vesafb: scrolling: redraw
Jul 18 10:37:39 shrinivaasanka-Inspiron-1545 kernel: [    5.797348] vesafb: Truecolor: size=8:8:8:8, shift=24:16:8:0
Jul 18 10:37:39 shrinivaasanka-Inspiron-1545 kernel: [    5.797373] vesafb: framebuffer at 0xe0000000, mapped to 0xf8480000, using 3072k, total 3072k
Jul 18 10:37:39 shrinivaasanka-Inspiron-1545 kernel: [    5.821475] Console: switching to colour frame buffer device 128x48
Jul 18 10:37:39 shrinivaasanka-Inspiron-1545 kernel: [    5.845436] fb0: VESA VGA frame buffer device
Jul 18 10:37:39 shrinivaasanka-Inspiron-1545 kernel: [    5.845462] intel_idle: does not run on family 6 model 23
Jul 18 10:37:39 shrinivaasanka-Inspiron-1545 kernel: [    5.845600] ACPI: AC Adapter [AC] (on-line)
Jul 18 10:37:39 shrinivaasanka-Inspiron-1545 kernel: [    5.845746] input: Lid Switch as /devices/LNXSYSTM:00/LNXSYBUS:00/PNP0C0D:00/input/input0
Jul 18 10:37:39 shrinivaasanka-Inspiron-1545 kernel: [    5.846764] ACPI: Lid Switch [LID]
Jul 18 10:37:39 shrinivaasanka-Inspiron-1545 kernel: [    5.846829] input: Power Button as /devices/LNXSYSTM:00/LNXSYBUS:00/PNP0C0C:00/input/input1
Jul 18 10:37:39 shrinivaasanka-Inspiron-1545 kernel: [    5.846834] ACPI: Power Button [PBTN]
Jul 18 10:37:39 shrinivaasanka-Inspiron-1545 kernel: [    5.846896] input: Sleep Button as /devices/LNXSYSTM:00/LNXSYBUS:00/PNP0C0E:00/input/input2
Jul 18 10:37:39 shrinivaasanka-Inspiron-1545 kernel: [    5.846900] ACPI: Sleep Button [SBTN]
Jul 18 10:37:39 shrinivaasanka-Inspiron-1545 kernel: [    5.847031] Monitor-Mwait will be used to enter C-1 state
Jul 18 10:37:39 shrinivaasanka-Inspiron-1545 kernel: [    5.847038] Monitor-Mwait will be used to enter C-2 state
Jul 18 10:37:39 shrinivaasanka-Inspiron-1545 kernel: [    5.847042] Monitor-Mwait will be used to enter C-3 state
Jul 18 10:37:39 shrinivaasanka-Inspiron-1545 kernel: [    5.847048] tsc: Marking TSC unstable due to TSC halts in idle
Jul 18 10:37:39 shrinivaasanka-Inspiron-1545 kernel: [    5.847059] ACPI: acpi_idle registered with cpuidle
Jul 18 10:37:39 shrinivaasanka-Inspiron-1545 kernel: [    5.863662] thermal LNXTHERM:00: registered as thermal_zone0
Jul 18 10:37:39 shrinivaasanka-Inspiron-1545 kernel: [    5.863665] ACPI: Thermal Zone [THM] (65 C)
Jul 18 10:37:39 shrinivaasanka-Inspiron-1545 kernel: [    5.863715] GHES: HEST is not enabled!
Jul 18 10:37:39 shrinivaasanka-Inspiron-1545 kernel: [    5.863738] isapnp: Scanning for PnP cards...
Jul 18 10:37:39 shrinivaasanka-Inspiron-1545 kernel: [    5.913844] ACPI: Battery Slot [BAT0] (battery present)
Jul 18 10:37:39 shrinivaasanka-Inspiron-1545 kernel: [    6.196746] isapnp: No Plug & Play device found
Jul 18 10:37:39 shrinivaasanka-Inspiron-1545 kernel: [    6.196899] Serial: 8250/16550 driver, 32 ports, IRQ sharing enabled
Jul 18 10:37:39 shrinivaasanka-Inspiron-1545 kernel: [    6.200092] Linux agpgart interface v0.103
Jul 18 10:37:39 shrinivaasanka-Inspiron-1545 kernel: [    6.200222] agpgart-intel 0000:00:00.0: Intel GM45 Chipset
Jul 18 10:37:39 shrinivaasanka-Inspiron-1545 kernel: [    6.200245] agpgart-intel 0000:00:00.0: detected gtt size: 2097152K total, 262144K mappable
Jul 18 10:37:39 shrinivaasanka-Inspiron-1545 kernel: [    6.200855] agpgart-intel 0000:00:00.0: detected 32768K stolen memory
Jul 18 10:37:39 shrinivaasanka-Inspiron-1545 kernel: [    6.201039] agpgart-intel 0000:00:00.0: AGP aperture is 256M @ 0xe0000000
Jul 18 10:37:39 shrinivaasanka-Inspiron-1545 kernel: [    6.204923] brd: module loaded
Jul 18 10:37:39 shrinivaasanka-Inspiron-1545 kernel: [    6.206667] loop: module loaded
Jul 18 10:37:39 shrinivaasanka-Inspiron-1545 kernel: [    6.207022] libphy: Fixed MDIO Bus: probed
Jul 18 10:37:39 shrinivaasanka-Inspiron-1545 kernel: [    6.207028] tun: Universal TUN/TAP device driver, 1.6
Jul 18 10:37:39 shrinivaasanka-Inspiron-1545 kernel: [    6.207029] tun: (C) 1999-2004 Max Krasnyansky <maxk@qualcomm.com>
Jul 18 10:37:39 shrinivaasanka-Inspiron-1545 kernel: [    6.207102] PPP generic driver version 2.4.2
Jul 18 10:37:39 shrinivaasanka-Inspiron-1545 kernel: [    6.207226] ehci_hcd: USB 2.0 'Enhanced' Host Controller (EHCI) Driver
Jul 18 10:37:39 shrinivaasanka-Inspiron-1545 kernel: [    6.207232] ehci-pci: EHCI PCI platform driver
Jul 18 10:37:39 shrinivaasanka-Inspiron-1545 kernel: [    6.207512] ehci-pci 0000:00:1a.7: EHCI Host Controller
Jul 18 10:37:39 shrinivaasanka-Inspiron-1545 kernel: [    6.207520] ehci-pci 0000:00:1a.7: new USB bus registered, assigned bus number 1
Jul 18 10:37:39 shrinivaasanka-Inspiron-1545 kernel: [    6.207538] ehci-pci 0000:00:1a.7: debug port 1
Jul 18 10:37:39 shrinivaasanka-Inspiron-1545 kernel: [    6.211434] ehci-pci 0000:00:1a.7: cache line size of 64 is not supported
Jul 18 10:37:39 shrinivaasanka-Inspiron-1545 kernel: [    6.211455] ehci-pci 0000:00:1a.7: irq 22, io mem 0xfed1c400
Jul 18 10:37:39 shrinivaasanka-Inspiron-1545 kernel: [    6.220041] ehci-pci 0000:00:1a.7: USB 2.0 started, EHCI 1.00
Jul 18 10:37:39 shrinivaasanka-Inspiron-1545 kernel: [    6.220132] usb usb1: New USB device found, idVendor=1d6b, idProduct=0002
Jul 18 10:37:39 shrinivaasanka-Inspiron-1545 kernel: [    6.220137] usb usb1: New USB device strings: Mfr=3, Product=2, SerialNumber=1
Jul 18 10:37:39 shrinivaasanka-Inspiron-1545 kernel: [    6.220142] usb usb1: Product: EHCI Host Controller
Jul 18 10:37:39 shrinivaasanka-Inspiron-1545 kernel: [    6.220146] usb usb1: Manufacturer: Linux 4.0.5 ehci_hcd
Jul 18 10:37:39 shrinivaasanka-Inspiron-1545 kernel: [    6.220150] usb usb1: SerialNumber: 0000:00:1a.7
Jul 18 10:37:39 shrinivaasanka-Inspiron-1545 kernel: [    6.220368] hub 1-0:1.0: USB hub found
Jul 18 10:37:39 shrinivaasanka-Inspiron-1545 kernel: [    6.220378] hub 1-0:1.0: 6 ports detected
Jul 18 10:37:39 shrinivaasanka-Inspiron-1545 kernel: [    6.220929] ehci-pci 0000:00:1d.7: EHCI Host Controller
Jul 18 10:37:39 shrinivaasanka-Inspiron-1545 kernel: [    6.220938] ehci-pci 0000:00:1d.7: new USB bus registered, assigned bus number 2
Jul 18 10:37:39 shrinivaasanka-Inspiron-1545 kernel: [    6.220954] ehci-pci 0000:00:1d.7: debug port 1
Jul 18 10:37:39 shrinivaasanka-Inspiron-1545 kernel: [    6.224864] ehci-pci 0000:00:1d.7: cache line size of 64 is not supported
Jul 18 10:37:39 shrinivaasanka-Inspiron-1545 kernel: [    6.224881] ehci-pci 0000:00:1d.7: irq 20, io mem 0xfed1c000
Jul 18 10:37:39 shrinivaasanka-Inspiron-1545 kernel: [    6.236216] ehci-pci 0000:00:1d.7: USB 2.0 started, EHCI 1.00
Jul 18 10:37:39 shrinivaasanka-Inspiron-1545 kernel: [    6.236294] usb usb2: New USB device found, idVendor=1d6b, idProduct=0002
Jul 18 10:37:39 shrinivaasanka-Inspiron-1545 kernel: [    6.236299] usb usb2: New USB device strings: Mfr=3, Product=2, SerialNumber=1
Jul 18 10:37:39 shrinivaasanka-Inspiron-1545 kernel: [    6.236303] usb usb2: Product: EHCI Host Controller
Jul 18 10:37:39 shrinivaasanka-Inspiron-1545 kernel: [    6.236307] usb usb2: Manufacturer: Linux 4.0.5 ehci_hcd
Jul 18 10:37:39 shrinivaasanka-Inspiron-1545 kernel: [    6.236311] usb usb2: SerialNumber: 0000:00:1d.7
Jul 18 10:37:39 shrinivaasanka-Inspiron-1545 kernel: [    6.236520] hub 2-0:1.0: USB hub found
Jul 18 10:37:39 shrinivaasanka-Inspiron-1545 kernel: [    6.236533] hub 2-0:1.0: 6 ports detected
Jul 18 10:37:39 shrinivaasanka-Inspiron-1545 kernel: [    6.236844] ehci-platform: EHCI generic platform driver
Jul 18 10:37:39 shrinivaasanka-Inspiron-1545 kernel: [    6.236859] ohci_hcd: USB 1.1 'Open' Host Controller (OHCI) Driver
Jul 18 10:37:39 shrinivaasanka-Inspiron-1545 kernel: [    6.236864] ohci-pci: OHCI PCI platform driver
Jul 18 10:37:39 shrinivaasanka-Inspiron-1545 kernel: [    6.236884] ohci-platform: OHCI generic platform driver
Jul 18 10:37:39 shrinivaasanka-Inspiron-1545 kernel: [    6.236897] uhci_hcd: USB Universal Host Controller Interface driver
Jul 18 10:37:39 shrinivaasanka-Inspiron-1545 kernel: [    6.237110] uhci_hcd 0000:00:1a.0: UHCI Host Controller
Jul 18 10:37:39 shrinivaasanka-Inspiron-1545 kernel: [    6.237117] uhci_hcd 0000:00:1a.0: new USB bus registered, assigned bus number 3
Jul 18 10:37:39 shrinivaasanka-Inspiron-1545 kernel: [    6.237126] uhci_hcd 0000:00:1a.0: detected 2 ports
Jul 18 10:37:39 shrinivaasanka-Inspiron-1545 kernel: [    6.237150] uhci_hcd 0000:00:1a.0: irq 20, io base 0x00006f60
Jul 18 10:37:39 shrinivaasanka-Inspiron-1545 kernel: [    6.237208] usb usb3: New USB device found, idVendor=1d6b, idProduct=0001
Jul 18 10:37:39 shrinivaasanka-Inspiron-1545 kernel: [    6.237211] usb usb3: New USB device strings: Mfr=3, Product=2, SerialNumber=1
Jul 18 10:37:39 shrinivaasanka-Inspiron-1545 kernel: [    6.237213] usb usb3: Product: UHCI Host Controller
Jul 18 10:37:39 shrinivaasanka-Inspiron-1545 kernel: [    6.237216] usb usb3: Manufacturer: Linux 4.0.5 uhci_hcd
Jul 18 10:37:39 shrinivaasanka-Inspiron-1545 kernel: [    6.237218] usb usb3: SerialNumber: 0000:00:1a.0
Jul 18 10:37:39 shrinivaasanka-Inspiron-1545 kernel: [    6.237397] hub 3-0:1.0: USB hub found
Jul 18 10:37:39 shrinivaasanka-Inspiron-1545 kernel: [    6.237406] hub 3-0:1.0: 2 ports detected
Jul 18 10:37:39 shrinivaasanka-Inspiron-1545 kernel: [    6.237758] uhci_hcd 0000:00:1a.1: UHCI Host Controller
Jul 18 10:37:39 shrinivaasanka-Inspiron-1545 kernel: [    6.237767] uhci_hcd 0000:00:1a.1: new USB bus registered, assigned bus number 4
Jul 18 10:37:39 shrinivaasanka-Inspiron-1545 kernel: [    6.237775] uhci_hcd 0000:00:1a.1: detected 2 ports
Jul 18 10:37:39 shrinivaasanka-Inspiron-1545 kernel: [    6.237812] uhci_hcd 0000:00:1a.1: irq 21, io base 0x00006f80
Jul 18 10:37:39 shrinivaasanka-Inspiron-1545 kernel: [    6.237871] usb usb4: New USB device found, idVendor=1d6b, idProduct=0001
Jul 18 10:37:39 shrinivaasanka-Inspiron-1545 kernel: [    6.237874] usb usb4: New USB device strings: Mfr=3, Product=2, SerialNumber=1
Jul 18 10:37:39 shrinivaasanka-Inspiron-1545 kernel: [    6.237877] usb usb4: Product: UHCI Host Controller
Jul 18 10:37:39 shrinivaasanka-Inspiron-1545 kernel: [    6.237879] usb usb4: Manufacturer: Linux 4.0.5 uhci_hcd
Jul 18 10:37:39 shrinivaasanka-Inspiron-1545 kernel: [    6.237881] usb usb4: SerialNumber: 0000:00:1a.1
Jul 18 10:37:39 shrinivaasanka-Inspiron-1545 kernel: [    6.238059] hub 4-0:1.0: USB hub found
Jul 18 10:37:39 shrinivaasanka-Inspiron-1545 kernel: [    6.238068] hub 4-0:1.0: 2 ports detected
Jul 18 10:37:39 shrinivaasanka-Inspiron-1545 kernel: [    6.238412] uhci_hcd 0000:00:1a.2: UHCI Host Controller
Jul 18 10:37:39 shrinivaasanka-Inspiron-1545 kernel: [    6.238419] uhci_hcd 0000:00:1a.2: new USB bus registered, assigned bus number 5
Jul 18 10:37:39 shrinivaasanka-Inspiron-1545 kernel: [    6.238428] uhci_hcd 0000:00:1a.2: detected 2 ports
Jul 18 10:37:39 shrinivaasanka-Inspiron-1545 kernel: [    6.238451] uhci_hcd 0000:00:1a.2: irq 22, io base 0x00006fa0
Jul 18 10:37:39 shrinivaasanka-Inspiron-1545 kernel: [    6.238508] usb usb5: New USB device found, idVendor=1d6b, idProduct=0001
Jul 18 10:37:39 shrinivaasanka-Inspiron-1545 kernel: [    6.238511] usb usb5: New USB device strings: Mfr=3, Product=2, SerialNumber=1
Jul 18 10:37:39 shrinivaasanka-Inspiron-1545 kernel: [    6.238513] usb usb5: Product: UHCI Host Controller
Jul 18 10:37:39 shrinivaasanka-Inspiron-1545 kernel: [    6.238516] usb usb5: Manufacturer: Linux 4.0.5 uhci_hcd
Jul 18 10:37:39 shrinivaasanka-Inspiron-1545 kernel: [    6.238518] usb usb5: SerialNumber: 0000:00:1a.2
Jul 18 10:37:39 shrinivaasanka-Inspiron-1545 kernel: [    6.238703] hub 5-0:1.0: USB hub found
Jul 18 10:37:39 shrinivaasanka-Inspiron-1545 kernel: [    6.238712] hub 5-0:1.0: 2 ports detected
Jul 18 10:37:39 shrinivaasanka-Inspiron-1545 kernel: [    6.239054] uhci_hcd 0000:00:1d.0: UHCI Host Controller
Jul 18 10:37:39 shrinivaasanka-Inspiron-1545 kernel: [    6.239061] uhci_hcd 0000:00:1d.0: new USB bus registered, assigned bus number 6
Jul 18 10:37:39 shrinivaasanka-Inspiron-1545 kernel: [    6.239070] uhci_hcd 0000:00:1d.0: detected 2 ports
Jul 18 10:37:39 shrinivaasanka-Inspiron-1545 kernel: [    6.239093] uhci_hcd 0000:00:1d.0: irq 20, io base 0x00006f00
Jul 18 10:37:39 shrinivaasanka-Inspiron-1545 kernel: [    6.239153] usb usb6: New USB device found, idVendor=1d6b, idProduct=0001
Jul 18 10:37:39 shrinivaasanka-Inspiron-1545 kernel: [    6.239156] usb usb6: New USB device strings: Mfr=3, Product=2, SerialNumber=1
Jul 18 10:37:39 shrinivaasanka-Inspiron-1545 kernel: [    6.239158] usb usb6: Product: UHCI Host Controller
Jul 18 10:37:39 shrinivaasanka-Inspiron-1545 kernel: [    6.239161] usb usb6: Manufacturer: Linux 4.0.5 uhci_hcd
Jul 18 10:37:39 shrinivaasanka-Inspiron-1545 kernel: [    6.239163] usb usb6: SerialNumber: 0000:00:1d.0
Jul 18 10:37:39 shrinivaasanka-Inspiron-1545 kernel: [    6.239344] hub 6-0:1.0: USB hub found
Jul 18 10:37:39 shrinivaasanka-Inspiron-1545 kernel: [    6.239353] hub 6-0:1.0: 2 ports detected
Jul 18 10:37:39 shrinivaasanka-Inspiron-1545 kernel: [    6.239700] uhci_hcd 0000:00:1d.1: UHCI Host Controller
Jul 18 10:37:39 shrinivaasanka-Inspiron-1545 kernel: [    6.239708] uhci_hcd 0000:00:1d.1: new USB bus registered, assigned bus number 7
Jul 18 10:37:39 shrinivaasanka-Inspiron-1545 kernel: [    6.239716] uhci_hcd 0000:00:1d.1: detected 2 ports
Jul 18 10:37:39 shrinivaasanka-Inspiron-1545 kernel: [    6.239739] uhci_hcd 0000:00:1d.1: irq 21, io base 0x00006f20
Jul 18 10:37:39 shrinivaasanka-Inspiron-1545 kernel: [    6.239795] usb usb7: New USB device found, idVendor=1d6b, idProduct=0001
Jul 18 10:37:39 shrinivaasanka-Inspiron-1545 kernel: [    6.239798] usb usb7: New USB device strings: Mfr=3, Product=2, SerialNumber=1
Jul 18 10:37:39 shrinivaasanka-Inspiron-1545 kernel: [    6.239800] usb usb7: Product: UHCI Host Controller
Jul 18 10:37:39 shrinivaasanka-Inspiron-1545 kernel: [    6.239803] usb usb7: Manufacturer: Linux 4.0.5 uhci_hcd
Jul 18 10:37:39 shrinivaasanka-Inspiron-1545 kernel: [    6.239805] usb usb7: SerialNumber: 0000:00:1d.1
Jul 18 10:37:39 shrinivaasanka-Inspiron-1545 kernel: [    6.239986] hub 7-0:1.0: USB hub found
Jul 18 10:37:39 shrinivaasanka-Inspiron-1545 kernel: [    6.239995] hub 7-0:1.0: 2 ports detected
Jul 18 10:37:39 shrinivaasanka-Inspiron-1545 kernel: [    6.240350] uhci_hcd 0000:00:1d.2: UHCI Host Controller
Jul 18 10:37:39 shrinivaasanka-Inspiron-1545 kernel: [    6.240358] uhci_hcd 0000:00:1d.2: new USB bus registered, assigned bus number 8
Jul 18 10:37:39 shrinivaasanka-Inspiron-1545 kernel: [    6.240366] uhci_hcd 0000:00:1d.2: detected 2 ports
Jul 18 10:37:39 shrinivaasanka-Inspiron-1545 kernel: [    6.240388] uhci_hcd 0000:00:1d.2: irq 22, io base 0x00006f40
Jul 18 10:37:39 shrinivaasanka-Inspiron-1545 kernel: [    6.240446] usb usb8: New USB device found, idVendor=1d6b, idProduct=0001
