Jul 19 07:18:17 shrinivaasanka-Inspiron-1545 kernel: [ 1309.843530] [UFW BLOCK] IN=ppp0 OUT= MAC= SRC=91.189.91.24 DST=14.96.21.158 LEN=40 TOS=0x00 PREC=0x00 TTL=51 ID=464 DF PROTO=TCP SPT=80 DPT=55231 WINDOW=0 RES=0x00 RST URGP=0 
Jul 19 07:18:17 shrinivaasanka-Inspiron-1545 kernel: [ 1310.062493] [UFW BLOCK] IN=ppp0 OUT= MAC= SRC=91.189.92.191 DST=14.96.21.158 LEN=40 TOS=0x00 PREC=0x00 TTL=52 ID=3974 DF PROTO=TCP SPT=80 DPT=50611 WINDOW=0 RES=0x00 RST URGP=0 
Jul 19 07:18:19 shrinivaasanka-Inspiron-1545 kernel: [ 1312.323480] [UFW BLOCK] IN=ppp0 OUT= MAC= SRC=91.189.92.152 DST=14.96.21.158 LEN=40 TOS=0x00 PREC=0x00 TTL=50 ID=0 DF PROTO=TCP SPT=80 DPT=49557 WINDOW=0 RES=0x00 RST URGP=0 
Jul 19 07:18:20 shrinivaasanka-Inspiron-1545 kernel: [ 1312.843484] [UFW BLOCK] IN=ppp0 OUT= MAC= SRC=216.58.220.46 DST=14.96.21.158 LEN=40 TOS=0x00 PREC=0x00 TTL=56 ID=29813 PROTO=TCP SPT=80 DPT=39708 WINDOW=0 RES=0x00 RST URGP=0 
Jul 19 07:18:22 shrinivaasanka-Inspiron-1545 kernel: [ 1315.102493] [UFW BLOCK] IN=ppp0 OUT= MAC= SRC=91.189.91.24 DST=14.96.21.158 LEN=40 TOS=0x00 PREC=0x00 TTL=51 ID=1003 DF PROTO=TCP SPT=80 DPT=55231 WINDOW=0 RES=0x00 RST URGP=0 
Jul 19 07:18:23 shrinivaasanka-Inspiron-1545 kernel: [ 1316.323490] [UFW BLOCK] IN=ppp0 OUT= MAC= SRC=91.189.92.191 DST=14.96.21.158 LEN=40 TOS=0x00 PREC=0x00 TTL=52 ID=5184 DF PROTO=TCP SPT=80 DPT=50611 WINDOW=0 RES=0x00 RST URGP=0 
Jul 19 07:18:27 shrinivaasanka-Inspiron-1545 kernel: [ 1320.662520] [UFW BLOCK] IN=ppp0 OUT= MAC= SRC=91.189.92.152 DST=14.96.21.158 LEN=40 TOS=0x00 PREC=0x00 TTL=50 ID=0 DF PROTO=TCP SPT=80 DPT=49557 WINDOW=0 RES=0x00 RST URGP=0 
Jul 19 07:18:28 shrinivaasanka-Inspiron-1545 kernel: [ 1321.503510] [UFW BLOCK] IN=ppp0 OUT= MAC= SRC=216.58.220.46 DST=14.96.21.158 LEN=40 TOS=0x00 PREC=0x00 TTL=56 ID=34538 PROTO=TCP SPT=80 DPT=39708 WINDOW=0 RES=0x00 RST URGP=0 
Jul 19 07:18:37 shrinivaasanka-Inspiron-1545 kernel: [ 1329.922521] [UFW BLOCK] IN=ppp0 OUT= MAC= SRC=91.189.92.191 DST=14.96.21.158 LEN=40 TOS=0x00 PREC=0x00 TTL=52 ID=8163 DF PROTO=TCP SPT=80 DPT=50611 WINDOW=0 RES=0x00 RST URGP=0 
Jul 19 07:18:45 shrinivaasanka-Inspiron-1545 kernel: [ 1338.222532] [UFW BLOCK] IN=ppp0 OUT= MAC= SRC=91.189.92.152 DST=14.96.21.158 LEN=40 TOS=0x00 PREC=0x00 TTL=50 ID=0 DF PROTO=TCP SPT=80 DPT=49557 WINDOW=0 RES=0x00 RST URGP=0 
Jul 19 07:18:46 shrinivaasanka-Inspiron-1545 kernel: [ 1339.564535] [UFW BLOCK] IN=ppp0 OUT= MAC= SRC=216.58.220.46 DST=14.96.21.158 LEN=40 TOS=0x00 PREC=0x00 TTL=56 ID=44367 PROTO=TCP SPT=80 DPT=39708 WINDOW=0 RES=0x00 RST URGP=0 
Jul 19 07:19:03 shrinivaasanka-Inspiron-1545 kernel: [ 1356.382630] [UFW BLOCK] IN=ppp0 OUT= MAC= SRC=91.189.92.191 DST=14.96.21.158 LEN=40 TOS=0x00 PREC=0x00 TTL=52 ID=13938 DF PROTO=TCP SPT=80 DPT=50611 WINDOW=0 RES=0x00 RST URGP=0 
Jul 19 07:19:22 shrinivaasanka-Inspiron-1545 kernel: [ 1375.023551] [UFW BLOCK] IN=ppp0 OUT= MAC= SRC=216.58.220.46 DST=14.96.21.158 LEN=40 TOS=0x00 PREC=0x00 TTL=56 ID=62737 PROTO=TCP SPT=80 DPT=39708 WINDOW=0 RES=0x00 RST URGP=0 
Jul 19 07:19:52 shrinivaasanka-Inspiron-1545 kernel: [ 1405.422536] [UFW BLOCK] IN=ppp0 OUT= MAC= SRC=221.227.185.194 DST=14.96.21.158 LEN=40 TOS=0x00 PREC=0x00 TTL=112 ID=256 PROTO=TCP SPT=33608 DPT=1433 WINDOW=16384 RES=0x00 SYN URGP=0 
Jul 19 07:20:12 shrinivaasanka-Inspiron-1545 kernel: [ 1425.092559] [UFW BLOCK] IN=ppp0 OUT= MAC= SRC=61.160.213.33 DST=14.96.21.158 LEN=40 TOS=0x00 PREC=0x00 TTL=110 ID=256 PROTO=TCP SPT=33992 DPT=8888 WINDOW=512 RES=0x00 SYN URGP=0 
Jul 19 07:20:36 shrinivaasanka-Inspiron-1545 kernel: [ 1449.621594] [UFW BLOCK] IN=ppp0 OUT= MAC= SRC=61.160.213.33 DST=14.96.21.158 LEN=40 TOS=0x00 PREC=0x00 TTL=110 ID=256 PROTO=TCP SPT=33992 DPT=3128 WINDOW=512 RES=0x00 SYN URGP=0 
Jul 19 07:20:40 shrinivaasanka-Inspiron-1545 kernel: [ 1453.091573] [UFW BLOCK] IN=ppp0 OUT= MAC= SRC=115.230.124.164 DST=14.96.21.158 LEN=40 TOS=0x00 PREC=0x00 TTL=110 ID=256 PROTO=TCP SPT=64316 DPT=3128 WINDOW=15500 RES=0x00 SYN URGP=0 
Jul 19 07:25:25 shrinivaasanka-Inspiron-1545 kernel: [ 1738.522628] [UFW BLOCK] IN=ppp0 OUT= MAC= SRC=218.95.228.109 DST=14.96.21.158 LEN=442 TOS=0x00 PREC=0x00 TTL=46 ID=33193 PROTO=UDP SPT=5061 DPT=5060 LEN=422 
Jul 19 07:25:57 shrinivaasanka-Inspiron-1545 kernel: [ 1769.890629] [UFW BLOCK] IN=ppp0 OUT= MAC= SRC=65.128.131.55 DST=14.96.21.158 LEN=60 TOS=0x00 PREC=0x00 TTL=53 ID=35524 DF PROTO=TCP SPT=54294 DPT=23 WINDOW=5808 RES=0x00 SYN URGP=0 
Jul 19 07:25:59 shrinivaasanka-Inspiron-1545 kernel: [ 1772.692629] [UFW BLOCK] IN=ppp0 OUT= MAC= SRC=65.128.131.55 DST=14.96.21.158 LEN=60 TOS=0x00 PREC=0x00 TTL=53 ID=35525 DF PROTO=TCP SPT=54294 DPT=23 WINDOW=5808 RES=0x00 SYN URGP=0 
Jul 19 07:26:05 shrinivaasanka-Inspiron-1545 kernel: [ 1778.739724] [UFW BLOCK] IN=ppp0 OUT= MAC= SRC=65.128.131.55 DST=14.96.21.158 LEN=60 TOS=0x00 PREC=0x00 TTL=53 ID=35526 DF PROTO=TCP SPT=54294 DPT=23 WINDOW=5808 RES=0x00 SYN URGP=0 
Jul 19 07:27:19 shrinivaasanka-Inspiron-1545 kernel: [ 1852.530636] [UFW BLOCK] IN=ppp0 OUT= MAC= SRC=74.82.47.34 DST=14.96.21.158 LEN=70 TOS=0x00 PREC=0x00 TTL=52 ID=9776 DF PROTO=UDP SPT=37144 DPT=53 LEN=50 
Jul 19 07:29:08 shrinivaasanka-Inspiron-1545 kernel: [ 1961.549650] [UFW BLOCK] IN=ppp0 OUT= MAC= SRC=61.157.96.193 DST=14.96.21.158 LEN=40 TOS=0x00 PREC=0x00 TTL=239 ID=58801 PROTO=TCP SPT=51059 DPT=8080 WINDOW=1024 RES=0x00 SYN URGP=0 
Jul 19 07:32:16 shrinivaasanka-Inspiron-1545 kernel: [ 2149.737798] [UFW BLOCK] IN=ppp0 OUT= MAC= SRC=61.160.213.33 DST=14.96.21.158 LEN=40 TOS=0x00 PREC=0x00 TTL=110 ID=256 PROTO=TCP SPT=33992 DPT=8888 WINDOW=512 RES=0x00 SYN URGP=0 
Jul 19 07:32:41 shrinivaasanka-Inspiron-1545 kernel: [ 2174.337723] [UFW BLOCK] IN=ppp0 OUT= MAC= SRC=61.160.213.33 DST=14.96.21.158 LEN=40 TOS=0x00 PREC=0x00 TTL=110 ID=256 PROTO=TCP SPT=33992 DPT=3128 WINDOW=512 RES=0x00 SYN URGP=0 
Jul 19 07:37:32 shrinivaasanka-Inspiron-1545 kernel: [ 2465.464865] [UFW BLOCK] IN=ppp0 OUT= MAC= SRC=61.160.247.202 DST=14.96.21.158 LEN=40 TOS=0x00 PREC=0x00 TTL=110 ID=256 PROTO=TCP SPT=32647 DPT=2222 WINDOW=16384 RES=0x00 SYN URGP=0 
Jul 19 07:40:16 shrinivaasanka-Inspiron-1545 kernel: [ 2629.365728] [UFW BLOCK] IN=ppp0 OUT= MAC= SRC=185.35.62.145 DST=14.96.21.158 LEN=76 TOS=0x00 PREC=0x00 TTL=240 ID=54321 PROTO=UDP SPT=60966 DPT=123 LEN=56 
Jul 19 11:39:24 shrinivaasanka-Inspiron-1545 kernel: [    0.000000] Initializing cgroup subsys cpuset
Jul 19 11:39:24 shrinivaasanka-Inspiron-1545 kernel: [    0.000000] Initializing cgroup subsys cpu
Jul 19 11:39:24 shrinivaasanka-Inspiron-1545 kernel: [    0.000000] Initializing cgroup subsys cpuacct
Jul 19 11:39:24 shrinivaasanka-Inspiron-1545 kernel: [    0.000000] Linux version 4.0.5 (root@shrinivaasanka-Inspiron-1545) (gcc version 4.9.2 (Ubuntu 4.9.2-10ubuntu13) ) #1 SMP Sat Jul 4 13:39:54 IST 2015
Jul 19 11:39:24 shrinivaasanka-Inspiron-1545 kernel: [    0.000000] KERNEL supported cpus:
Jul 19 11:39:24 shrinivaasanka-Inspiron-1545 kernel: [    0.000000]   Intel GenuineIntel
Jul 19 11:39:24 shrinivaasanka-Inspiron-1545 kernel: [    0.000000]   AMD AuthenticAMD
Jul 19 11:39:24 shrinivaasanka-Inspiron-1545 kernel: [    0.000000]   NSC Geode by NSC
Jul 19 11:39:24 shrinivaasanka-Inspiron-1545 kernel: [    0.000000]   Cyrix CyrixInstead
Jul 19 11:39:24 shrinivaasanka-Inspiron-1545 kernel: [    0.000000]   Centaur CentaurHauls
Jul 19 11:39:24 shrinivaasanka-Inspiron-1545 kernel: [    0.000000]   Transmeta GenuineTMx86
Jul 19 11:39:24 shrinivaasanka-Inspiron-1545 kernel: [    0.000000]   Transmeta TransmetaCPU
Jul 19 11:39:24 shrinivaasanka-Inspiron-1545 kernel: [    0.000000]   UMC UMC UMC UMC
Jul 19 11:39:24 shrinivaasanka-Inspiron-1545 kernel: [    0.000000] e820: BIOS-provided physical RAM map:
Jul 19 11:39:24 shrinivaasanka-Inspiron-1545 kernel: [    0.000000] BIOS-e820: [mem 0x0000000000000000-0x000000000009efff] usable
Jul 19 11:39:24 shrinivaasanka-Inspiron-1545 kernel: [    0.000000] BIOS-e820: [mem 0x000000000009f000-0x000000000009ffff] reserved
Jul 19 11:39:24 shrinivaasanka-Inspiron-1545 kernel: [    0.000000] BIOS-e820: [mem 0x0000000000100000-0x00000000bd8bf3ff] usable
Jul 19 11:39:24 shrinivaasanka-Inspiron-1545 kernel: [    0.000000] BIOS-e820: [mem 0x00000000bd8bf400-0x00000000bdac13ff] ACPI NVS
Jul 19 11:39:24 shrinivaasanka-Inspiron-1545 kernel: [    0.000000] BIOS-e820: [mem 0x00000000bdac1400-0x00000000bfffffff] reserved
Jul 19 11:39:24 shrinivaasanka-Inspiron-1545 kernel: [    0.000000] BIOS-e820: [mem 0x00000000f8000000-0x00000000fbffffff] reserved
Jul 19 11:39:24 shrinivaasanka-Inspiron-1545 kernel: [    0.000000] BIOS-e820: [mem 0x00000000fec00000-0x00000000fec0ffff] reserved
Jul 19 11:39:24 shrinivaasanka-Inspiron-1545 kernel: [    0.000000] BIOS-e820: [mem 0x00000000fed18000-0x00000000fed1bfff] reserved
Jul 19 11:39:24 shrinivaasanka-Inspiron-1545 kernel: [    0.000000] BIOS-e820: [mem 0x00000000fed20000-0x00000000fed8ffff] reserved
Jul 19 11:39:24 shrinivaasanka-Inspiron-1545 kernel: [    0.000000] BIOS-e820: [mem 0x00000000feda0000-0x00000000feda5fff] reserved
Jul 19 11:39:24 shrinivaasanka-Inspiron-1545 kernel: [    0.000000] BIOS-e820: [mem 0x00000000fee00000-0x00000000fee0ffff] reserved
Jul 19 11:39:24 shrinivaasanka-Inspiron-1545 kernel: [    0.000000] BIOS-e820: [mem 0x00000000ffe00000-0x00000000ffffffff] reserved
Jul 19 11:39:24 shrinivaasanka-Inspiron-1545 kernel: [    0.000000] NX (Execute Disable) protection: active
Jul 19 11:39:24 shrinivaasanka-Inspiron-1545 kernel: [    0.000000] SMBIOS 2.4 present.
Jul 19 11:39:24 shrinivaasanka-Inspiron-1545 kernel: [    0.000000] DMI: Dell Inc. Inspiron 1545                   /0J037P, BIOS A14 12/07/2009
Jul 19 11:39:24 shrinivaasanka-Inspiron-1545 kernel: [    0.000000] e820: update [mem 0x00000000-0x00000fff] usable ==> reserved
Jul 19 11:39:24 shrinivaasanka-Inspiron-1545 kernel: [    0.000000] e820: remove [mem 0x000a0000-0x000fffff] usable
Jul 19 11:39:24 shrinivaasanka-Inspiron-1545 kernel: [    0.000000] e820: last_pfn = 0xbd8bf max_arch_pfn = 0x1000000
Jul 19 11:39:24 shrinivaasanka-Inspiron-1545 kernel: [    0.000000] MTRR default type: uncachable
Jul 19 11:39:24 shrinivaasanka-Inspiron-1545 kernel: [    0.000000] MTRR fixed ranges enabled:
Jul 19 11:39:24 shrinivaasanka-Inspiron-1545 kernel: [    0.000000]   00000-9FFFF write-back
Jul 19 11:39:24 shrinivaasanka-Inspiron-1545 kernel: [    0.000000]   A0000-BFFFF uncachable
Jul 19 11:39:24 shrinivaasanka-Inspiron-1545 kernel: [    0.000000]   C0000-CFFFF write-protect
Jul 19 11:39:24 shrinivaasanka-Inspiron-1545 kernel: [    0.000000]   D0000-EFFFF uncachable
Jul 19 11:39:24 shrinivaasanka-Inspiron-1545 kernel: [    0.000000]   F0000-FFFFF write-protect
Jul 19 11:39:24 shrinivaasanka-Inspiron-1545 kernel: [    0.000000] MTRR variable ranges enabled:
Jul 19 11:39:24 shrinivaasanka-Inspiron-1545 kernel: [    0.000000]   0 base 000000000 mask 800000000 write-back
Jul 19 11:39:24 shrinivaasanka-Inspiron-1545 kernel: [    0.000000]   1 base 0E0000000 mask FE0000000 uncachable
Jul 19 11:39:24 shrinivaasanka-Inspiron-1545 kernel: [    0.000000]   2 base 0BDC00000 mask FFFC00000 uncachable
Jul 19 11:39:24 shrinivaasanka-Inspiron-1545 kernel: [    0.000000]   3 base 0BE000000 mask FFE000000 uncachable
Jul 19 11:39:24 shrinivaasanka-Inspiron-1545 kernel: [    0.000000]   4 disabled
Jul 19 11:39:24 shrinivaasanka-Inspiron-1545 kernel: [    0.000000]   5 disabled
Jul 19 11:39:24 shrinivaasanka-Inspiron-1545 kernel: [    0.000000]   6 disabled
Jul 19 11:39:24 shrinivaasanka-Inspiron-1545 kernel: [    0.000000] PAT configuration [0-7]: WB  WC  UC- UC  WB  WC  UC- UC  
Jul 19 11:39:24 shrinivaasanka-Inspiron-1545 kernel: [    0.000000] original variable MTRRs
Jul 19 11:39:24 shrinivaasanka-Inspiron-1545 kernel: [    0.000000] reg 0, base: 0GB, range: 32GB, type WB
Jul 19 11:39:24 shrinivaasanka-Inspiron-1545 kernel: [    0.000000] reg 1, base: 3584MB, range: 512MB, type UC
Jul 19 11:39:24 shrinivaasanka-Inspiron-1545 kernel: [    0.000000] reg 2, base: 3036MB, range: 4MB, type UC
Jul 19 11:39:24 shrinivaasanka-Inspiron-1545 kernel: [    0.000000] reg 3, base: 3040MB, range: 32MB, type UC
Jul 19 11:39:24 shrinivaasanka-Inspiron-1545 kernel: [    0.000000] total RAM covered: 32220M
Jul 19 11:39:24 shrinivaasanka-Inspiron-1545 kernel: [    0.000000]  gran_size: 64K 	chunk_size: 64K 	num_reg: 7  	lose cover RAM: 29188M
Jul 19 11:39:24 shrinivaasanka-Inspiron-1545 kernel: [    0.000000]  gran_size: 64K 	chunk_size: 128K 	num_reg: 7  	lose cover RAM: 29188M
Jul 19 11:39:24 shrinivaasanka-Inspiron-1545 kernel: [    0.000000]  gran_size: 64K 	chunk_size: 256K 	num_reg: 7  	lose cover RAM: 29188M
Jul 19 11:39:24 shrinivaasanka-Inspiron-1545 kernel: [    0.000000]  gran_size: 64K 	chunk_size: 512K 	num_reg: 7  	lose cover RAM: 29188M
Jul 19 11:39:24 shrinivaasanka-Inspiron-1545 kernel: [    0.000000]  gran_size: 64K 	chunk_size: 1M 	num_reg: 7  	lose cover RAM: 29188M
Jul 19 11:39:24 shrinivaasanka-Inspiron-1545 kernel: [    0.000000]  gran_size: 64K 	chunk_size: 2M 	num_reg: 7  	lose cover RAM: 29188M
Jul 19 11:39:24 shrinivaasanka-Inspiron-1545 kernel: [    0.000000]  gran_size: 64K 	chunk_size: 4M 	num_reg: 7  	lose cover RAM: 29188M
Jul 19 11:39:24 shrinivaasanka-Inspiron-1545 kernel: [    0.000000]  gran_size: 64K 	chunk_size: 8M 	num_reg: 7  	lose cover RAM: 29184M
Jul 19 11:39:24 shrinivaasanka-Inspiron-1545 kernel: [    0.000000]  gran_size: 64K 	chunk_size: 16M 	num_reg: 7  	lose cover RAM: 29184M
Jul 19 11:39:24 shrinivaasanka-Inspiron-1545 kernel: [    0.000000]  gran_size: 64K 	chunk_size: 32M 	num_reg: 7  	lose cover RAM: 29184M
Jul 19 11:39:24 shrinivaasanka-Inspiron-1545 kernel: [    0.000000]  gran_size: 64K 	chunk_size: 64M 	num_reg: 7  	lose cover RAM: 16G
Jul 19 11:39:24 shrinivaasanka-Inspiron-1545 kernel: [    0.000000]  gran_size: 64K 	chunk_size: 128M 	num_reg: 7  	lose cover RAM: 16G
Jul 19 11:39:24 shrinivaasanka-Inspiron-1545 kernel: [    0.000000]  gran_size: 64K 	chunk_size: 256M 	num_reg: 7  	lose cover RAM: 16G
Jul 19 11:39:24 shrinivaasanka-Inspiron-1545 kernel: [    0.000000]  gran_size: 64K 	chunk_size: 512M 	num_reg: 7  	lose cover RAM: 16G
Jul 19 11:39:24 shrinivaasanka-Inspiron-1545 kernel: [    0.000000]  gran_size: 64K 	chunk_size: 1G 	num_reg: 7  	lose cover RAM: 16G
Jul 19 11:39:24 shrinivaasanka-Inspiron-1545 kernel: [    0.000000]  gran_size: 64K 	chunk_size: 2G 	num_reg: 7  	lose cover RAM: 29188M
Jul 19 11:39:24 shrinivaasanka-Inspiron-1545 kernel: [    0.000000]  gran_size: 128K 	chunk_size: 128K 	num_reg: 7  	lose cover RAM: 29188M
Jul 19 11:39:24 shrinivaasanka-Inspiron-1545 kernel: [    0.000000]  gran_size: 128K 	chunk_size: 256K 	num_reg: 7  	lose cover RAM: 29188M
Jul 19 11:39:24 shrinivaasanka-Inspiron-1545 kernel: [    0.000000]  gran_size: 128K 	chunk_size: 512K 	num_reg: 7  	lose cover RAM: 29188M
Jul 19 11:39:24 shrinivaasanka-Inspiron-1545 kernel: [    0.000000]  gran_size: 128K 	chunk_size: 1M 	num_reg: 7  	lose cover RAM: 29188M
Jul 19 11:39:24 shrinivaasanka-Inspiron-1545 kernel: [    0.000000]  gran_size: 128K 	chunk_size: 2M 	num_reg: 7  	lose cover RAM: 29188M
Jul 19 11:39:24 shrinivaasanka-Inspiron-1545 kernel: [    0.000000]  gran_size: 128K 	chunk_size: 4M 	num_reg: 7  	lose cover RAM: 29188M
Jul 19 11:39:24 shrinivaasanka-Inspiron-1545 kernel: [    0.000000]  gran_size: 128K 	chunk_size: 8M 	num_reg: 7  	lose cover RAM: 29184M
Jul 19 11:39:24 shrinivaasanka-Inspiron-1545 kernel: [    0.000000]  gran_size: 128K 	chunk_size: 16M 	num_reg: 7  	lose cover RAM: 29184M
Jul 19 11:39:24 shrinivaasanka-Inspiron-1545 kernel: [    0.000000]  gran_size: 128K 	chunk_size: 32M 	num_reg: 7  	lose cover RAM: 29184M
Jul 19 11:39:24 shrinivaasanka-Inspiron-1545 kernel: [    0.000000]  gran_size: 128K 	chunk_size: 64M 	num_reg: 7  	lose cover RAM: 16G
Jul 19 11:39:24 shrinivaasanka-Inspiron-1545 kernel: [    0.000000]  gran_size: 128K 	chunk_size: 128M 	num_reg: 7  	lose cover RAM: 16G
Jul 19 11:39:24 shrinivaasanka-Inspiron-1545 kernel: [    0.000000]  gran_size: 128K 	chunk_size: 256M 	num_reg: 7  	lose cover RAM: 16G
Jul 19 11:39:24 shrinivaasanka-Inspiron-1545 kernel: [    0.000000]  gran_size: 128K 	chunk_size: 512M 	num_reg: 7  	lose cover RAM: 16G
Jul 19 11:39:24 shrinivaasanka-Inspiron-1545 kernel: [    0.000000]  gran_size: 128K 	chunk_size: 1G 	num_reg: 7  	lose cover RAM: 16G
Jul 19 11:39:24 shrinivaasanka-Inspiron-1545 kernel: [    0.000000]  gran_size: 128K 	chunk_size: 2G 	num_reg: 7  	lose cover RAM: 29188M
Jul 19 11:39:24 shrinivaasanka-Inspiron-1545 kernel: [    0.000000]  gran_size: 256K 	chunk_size: 256K 	num_reg: 7  	lose cover RAM: 29188M
Jul 19 11:39:24 shrinivaasanka-Inspiron-1545 kernel: [    0.000000]  gran_size: 256K 	chunk_size: 512K 	num_reg: 7  	lose cover RAM: 29188M
Jul 19 11:39:24 shrinivaasanka-Inspiron-1545 kernel: [    0.000000]  gran_size: 256K 	chunk_size: 1M 	num_reg: 7  	lose cover RAM: 29188M
Jul 19 11:39:24 shrinivaasanka-Inspiron-1545 kernel: [    0.000000]  gran_size: 256K 	chunk_size: 2M 	num_reg: 7  	lose cover RAM: 29188M
Jul 19 11:39:24 shrinivaasanka-Inspiron-1545 kernel: [    0.000000]  gran_size: 256K 	chunk_size: 4M 	num_reg: 7  	lose cover RAM: 29188M
Jul 19 11:39:24 shrinivaasanka-Inspiron-1545 kernel: [    0.000000]  gran_size: 256K 	chunk_size: 8M 	num_reg: 7  	lose cover RAM: 29184M
Jul 19 11:39:24 shrinivaasanka-Inspiron-1545 kernel: [    0.000000]  gran_size: 256K 	chunk_size: 16M 	num_reg: 7  	lose cover RAM: 29184M
Jul 19 11:39:24 shrinivaasanka-Inspiron-1545 kernel: [    0.000000]  gran_size: 256K 	chunk_size: 32M 	num_reg: 7  	lose cover RAM: 29184M
Jul 19 11:39:24 shrinivaasanka-Inspiron-1545 kernel: [    0.000000]  gran_size: 256K 	chunk_size: 64M 	num_reg: 7  	lose cover RAM: 16G
Jul 19 11:39:24 shrinivaasanka-Inspiron-1545 kernel: [    0.000000]  gran_size: 256K 	chunk_size: 128M 	num_reg: 7  	lose cover RAM: 16G
Jul 19 11:39:24 shrinivaasanka-Inspiron-1545 kernel: [    0.000000]  gran_size: 256K 	chunk_size: 256M 	num_reg: 7  	lose cover RAM: 16G
Jul 19 11:39:24 shrinivaasanka-Inspiron-1545 kernel: [    0.000000]  gran_size: 256K 	chunk_size: 512M 	num_reg: 7  	lose cover RAM: 16G
Jul 19 11:39:24 shrinivaasanka-Inspiron-1545 kernel: [    0.000000]  gran_size: 256K 	chunk_size: 1G 	num_reg: 7  	lose cover RAM: 16G
Jul 19 11:39:24 shrinivaasanka-Inspiron-1545 kernel: [    0.000000]  gran_size: 256K 	chunk_size: 2G 	num_reg: 7  	lose cover RAM: 29188M
Jul 19 11:39:24 shrinivaasanka-Inspiron-1545 kernel: [    0.000000]  gran_size: 512K 	chunk_size: 512K 	num_reg: 7  	lose cover RAM: 29188M
Jul 19 11:39:24 shrinivaasanka-Inspiron-1545 kernel: [    0.000000]  gran_size: 512K 	chunk_size: 1M 	num_reg: 7  	lose cover RAM: 29188M
Jul 19 11:39:24 shrinivaasanka-Inspiron-1545 kernel: [    0.000000]  gran_size: 512K 	chunk_size: 2M 	num_reg: 7  	lose cover RAM: 29188M
Jul 19 11:39:24 shrinivaasanka-Inspiron-1545 kernel: [    0.000000]  gran_size: 512K 	chunk_size: 4M 	num_reg: 7  	lose cover RAM: 29188M
Jul 19 11:39:24 shrinivaasanka-Inspiron-1545 kernel: [    0.000000]  gran_size: 512K 	chunk_size: 8M 	num_reg: 7  	lose cover RAM: 29184M
Jul 19 11:39:24 shrinivaasanka-Inspiron-1545 kernel: [    0.000000]  gran_size: 512K 	chunk_size: 16M 	num_reg: 7  	lose cover RAM: 29184M
Jul 19 11:39:24 shrinivaasanka-Inspiron-1545 kernel: [    0.000000]  gran_size: 512K 	chunk_size: 32M 	num_reg: 7  	lose cover RAM: 29184M
Jul 19 11:39:24 shrinivaasanka-Inspiron-1545 kernel: [    0.000000]  gran_size: 512K 	chunk_size: 64M 	num_reg: 7  	lose cover RAM: 16G
Jul 19 11:39:24 shrinivaasanka-Inspiron-1545 kernel: [    0.000000]  gran_size: 512K 	chunk_size: 128M 	num_reg: 7  	lose cover RAM: 16G
Jul 19 11:39:24 shrinivaasanka-Inspiron-1545 kernel: [    0.000000]  gran_size: 512K 	chunk_size: 256M 	num_reg: 7  	lose cover RAM: 16G
Jul 19 11:39:24 shrinivaasanka-Inspiron-1545 kernel: [    0.000000]  gran_size: 512K 	chunk_size: 512M 	num_reg: 7  	lose cover RAM: 16G
Jul 19 11:39:24 shrinivaasanka-Inspiron-1545 kernel: [    0.000000]  gran_size: 512K 	chunk_size: 1G 	num_reg: 7  	lose cover RAM: 16G
Jul 19 11:39:24 shrinivaasanka-Inspiron-1545 kernel: [    0.000000]  gran_size: 512K 	chunk_size: 2G 	num_reg: 7  	lose cover RAM: 29188M
Jul 19 11:39:24 shrinivaasanka-Inspiron-1545 kernel: [    0.000000]  gran_size: 1M 	chunk_size: 1M 	num_reg: 7  	lose cover RAM: 29188M
Jul 19 11:39:24 shrinivaasanka-Inspiron-1545 kernel: [    0.000000]  gran_size: 1M 	chunk_size: 2M 	num_reg: 7  	lose cover RAM: 29188M
Jul 19 11:39:24 shrinivaasanka-Inspiron-1545 kernel: [    0.000000]  gran_size: 1M 	chunk_size: 4M 	num_reg: 7  	lose cover RAM: 29188M
Jul 19 11:39:24 shrinivaasanka-Inspiron-1545 kernel: [    0.000000]  gran_size: 1M 	chunk_size: 8M 	num_reg: 7  	lose cover RAM: 29184M
Jul 19 11:39:24 shrinivaasanka-Inspiron-1545 kernel: [    0.000000]  gran_size: 1M 	chunk_size: 16M 	num_reg: 7  	lose cover RAM: 29184M
Jul 19 11:39:24 shrinivaasanka-Inspiron-1545 kernel: [    0.000000]  gran_size: 1M 	chunk_size: 32M 	num_reg: 7  	lose cover RAM: 29184M
Jul 19 11:39:24 shrinivaasanka-Inspiron-1545 kernel: [    0.000000]  gran_size: 1M 	chunk_size: 64M 	num_reg: 7  	lose cover RAM: 16G
Jul 19 11:39:24 shrinivaasanka-Inspiron-1545 kernel: [    0.000000]  gran_size: 1M 	chunk_size: 128M 	num_reg: 7  	lose cover RAM: 16G
Jul 19 11:39:24 shrinivaasanka-Inspiron-1545 kernel: [    0.000000]  gran_size: 1M 	chunk_size: 256M 	num_reg: 7  	lose cover RAM: 16G
Jul 19 11:39:24 shrinivaasanka-Inspiron-1545 kernel: [    0.000000]  gran_size: 1M 	chunk_size: 512M 	num_reg: 7  	lose cover RAM: 16G
Jul 19 11:39:24 shrinivaasanka-Inspiron-1545 kernel: [    0.000000]  gran_size: 1M 	chunk_size: 1G 	num_reg: 7  	lose cover RAM: 16G
Jul 19 11:39:24 shrinivaasanka-Inspiron-1545 kernel: [    0.000000]  gran_size: 1M 	chunk_size: 2G 	num_reg: 7  	lose cover RAM: 29188M
Jul 19 11:39:24 shrinivaasanka-Inspiron-1545 kernel: [    0.000000]  gran_size: 2M 	chunk_size: 2M 	num_reg: 7  	lose cover RAM: 29188M
Jul 19 11:39:24 shrinivaasanka-Inspiron-1545 kernel: [    0.000000]  gran_size: 2M 	chunk_size: 4M 	num_reg: 7  	lose cover RAM: 29188M
Jul 19 11:39:24 shrinivaasanka-Inspiron-1545 kernel: [    0.000000]  gran_size: 2M 	chunk_size: 8M 	num_reg: 7  	lose cover RAM: 29184M
Jul 19 11:39:24 shrinivaasanka-Inspiron-1545 kernel: [    0.000000]  gran_size: 2M 	chunk_size: 16M 	num_reg: 7  	lose cover RAM: 29184M
Jul 19 11:39:24 shrinivaasanka-Inspiron-1545 kernel: [    0.000000]  gran_size: 2M 	chunk_size: 32M 	num_reg: 7  	lose cover RAM: 29184M
Jul 19 11:39:24 shrinivaasanka-Inspiron-1545 kernel: [    0.000000]  gran_size: 2M 	chunk_size: 64M 	num_reg: 7  	lose cover RAM: 16G
Jul 19 11:39:24 shrinivaasanka-Inspiron-1545 kernel: [    0.000000]  gran_size: 2M 	chunk_size: 128M 	num_reg: 7  	lose cover RAM: 16G
Jul 19 11:39:24 shrinivaasanka-Inspiron-1545 kernel: [    0.000000]  gran_size: 2M 	chunk_size: 256M 	num_reg: 7  	lose cover RAM: 16G
Jul 19 11:39:24 shrinivaasanka-Inspiron-1545 kernel: [    0.000000]  gran_size: 2M 	chunk_size: 512M 	num_reg: 7  	lose cover RAM: 16G
Jul 19 11:39:24 shrinivaasanka-Inspiron-1545 kernel: [    0.000000]  gran_size: 2M 	chunk_size: 1G 	num_reg: 7  	lose cover RAM: 16G
Jul 19 11:39:24 shrinivaasanka-Inspiron-1545 kernel: [    0.000000]  gran_size: 2M 	chunk_size: 2G 	num_reg: 7  	lose cover RAM: 29188M
Jul 19 11:39:24 shrinivaasanka-Inspiron-1545 kernel: [    0.000000]  gran_size: 4M 	chunk_size: 4M 	num_reg: 7  	lose cover RAM: 29188M
Jul 19 11:39:24 shrinivaasanka-Inspiron-1545 kernel: [    0.000000]  gran_size: 4M 	chunk_size: 8M 	num_reg: 7  	lose cover RAM: 29184M
Jul 19 11:39:24 shrinivaasanka-Inspiron-1545 kernel: [    0.000000]  gran_size: 4M 	chunk_size: 16M 	num_reg: 7  	lose cover RAM: 29184M
Jul 19 11:39:24 shrinivaasanka-Inspiron-1545 kernel: [    0.000000]  gran_size: 4M 	chunk_size: 32M 	num_reg: 7  	lose cover RAM: 29184M
Jul 19 11:39:24 shrinivaasanka-Inspiron-1545 kernel: [    0.000000]  gran_size: 4M 	chunk_size: 64M 	num_reg: 7  	lose cover RAM: 16G
Jul 19 11:39:24 shrinivaasanka-Inspiron-1545 kernel: [    0.000000]  gran_size: 4M 	chunk_size: 128M 	num_reg: 7  	lose cover RAM: 16G
Jul 19 11:39:24 shrinivaasanka-Inspiron-1545 kernel: [    0.000000]  gran_size: 4M 	chunk_size: 256M 	num_reg: 7  	lose cover RAM: 16G
Jul 19 11:39:24 shrinivaasanka-Inspiron-1545 kernel: [    0.000000]  gran_size: 4M 	chunk_size: 512M 	num_reg: 7  	lose cover RAM: 16G
Jul 19 11:39:24 shrinivaasanka-Inspiron-1545 kernel: [    0.000000]  gran_size: 4M 	chunk_size: 1G 	num_reg: 7  	lose cover RAM: 16G
Jul 19 11:39:24 shrinivaasanka-Inspiron-1545 kernel: [    0.000000]  gran_size: 4M 	chunk_size: 2G 	num_reg: 7  	lose cover RAM: 29188M
Jul 19 11:39:24 shrinivaasanka-Inspiron-1545 kernel: [    0.000000]  gran_size: 8M 	chunk_size: 8M 	num_reg: 7  	lose cover RAM: 29188M
Jul 19 11:39:24 shrinivaasanka-Inspiron-1545 kernel: [    0.000000]  gran_size: 8M 	chunk_size: 16M 	num_reg: 7  	lose cover RAM: 29188M
Jul 19 11:39:24 shrinivaasanka-Inspiron-1545 kernel: [    0.000000]  gran_size: 8M 	chunk_size: 32M 	num_reg: 7  	lose cover RAM: 29188M
Jul 19 11:39:24 shrinivaasanka-Inspiron-1545 kernel: [    0.000000]  gran_size: 8M 	chunk_size: 64M 	num_reg: 7  	lose cover RAM: 16388M
Jul 19 11:39:24 shrinivaasanka-Inspiron-1545 kernel: [    0.000000]  gran_size: 8M 	chunk_size: 128M 	num_reg: 7  	lose cover RAM: 16388M
Jul 19 11:39:24 shrinivaasanka-Inspiron-1545 kernel: [    0.000000]  gran_size: 8M 	chunk_size: 256M 	num_reg: 7  	lose cover RAM: 16388M
Jul 19 11:39:24 shrinivaasanka-Inspiron-1545 kernel: [    0.000000]  gran_size: 8M 	chunk_size: 512M 	num_reg: 7  	lose cover RAM: 16388M
Jul 19 11:39:24 shrinivaasanka-Inspiron-1545 kernel: [    0.000000]  gran_size: 8M 	chunk_size: 1G 	num_reg: 7  	lose cover RAM: 16388M
Jul 19 11:39:24 shrinivaasanka-Inspiron-1545 kernel: [    0.000000]  gran_size: 8M 	chunk_size: 2G 	num_reg: 7  	lose cover RAM: 29188M
Jul 19 11:39:24 shrinivaasanka-Inspiron-1545 kernel: [    0.000000]  gran_size: 16M 	chunk_size: 16M 	num_reg: 7  	lose cover RAM: 28684M
Jul 19 11:39:24 shrinivaasanka-Inspiron-1545 kernel: [    0.000000]  gran_size: 16M 	chunk_size: 32M 	num_reg: 7  	lose cover RAM: 29196M
Jul 19 11:39:24 shrinivaasanka-Inspiron-1545 kernel: [    0.000000]  gran_size: 16M 	chunk_size: 64M 	num_reg: 7  	lose cover RAM: 16396M
Jul 19 11:39:24 shrinivaasanka-Inspiron-1545 kernel: [    0.000000]  gran_size: 16M 	chunk_size: 128M 	num_reg: 7  	lose cover RAM: 16396M
Jul 19 11:39:24 shrinivaasanka-Inspiron-1545 kernel: [    0.000000]  gran_size: 16M 	chunk_size: 256M 	num_reg: 7  	lose cover RAM: 16396M
Jul 19 11:39:24 shrinivaasanka-Inspiron-1545 kernel: [    0.000000]  gran_size: 16M 	chunk_size: 512M 	num_reg: 7  	lose cover RAM: 16396M
Jul 19 11:39:24 shrinivaasanka-Inspiron-1545 kernel: [    0.000000]  gran_size: 16M 	chunk_size: 1G 	num_reg: 7  	lose cover RAM: 16396M
Jul 19 11:39:24 shrinivaasanka-Inspiron-1545 kernel: [    0.000000]  gran_size: 16M 	chunk_size: 2G 	num_reg: 7  	lose cover RAM: 28172M
Jul 19 11:39:24 shrinivaasanka-Inspiron-1545 kernel: [    0.000000]  gran_size: 32M 	chunk_size: 32M 	num_reg: 7  	lose cover RAM: 24604M
Jul 19 11:39:24 shrinivaasanka-Inspiron-1545 kernel: [    0.000000]  gran_size: 32M 	chunk_size: 64M 	num_reg: 7  	lose cover RAM: 24604M
Jul 19 11:39:24 shrinivaasanka-Inspiron-1545 kernel: [    0.000000]  gran_size: 32M 	chunk_size: 128M 	num_reg: 7  	lose cover RAM: 28M
Jul 19 11:39:24 shrinivaasanka-Inspiron-1545 kernel: [    0.000000]  gran_size: 32M 	chunk_size: 256M 	num_reg: 7  	lose cover RAM: 28M
Jul 19 11:39:24 shrinivaasanka-Inspiron-1545 kernel: [    0.000000]  gran_size: 32M 	chunk_size: 512M 	num_reg: 7  	lose cover RAM: 28M
Jul 19 11:39:24 shrinivaasanka-Inspiron-1545 kernel: [    0.000000]  gran_size: 32M 	chunk_size: 1G 	num_reg: 7  	lose cover RAM: 28M
Jul 19 11:39:24 shrinivaasanka-Inspiron-1545 kernel: [    0.000000]  gran_size: 32M 	chunk_size: 2G 	num_reg: 7  	lose cover RAM: 27164M
Jul 19 11:39:24 shrinivaasanka-Inspiron-1545 kernel: [    0.000000]  gran_size: 64M 	chunk_size: 64M 	num_reg: 7  	lose cover RAM: 24604M
Jul 19 11:39:24 shrinivaasanka-Inspiron-1545 kernel: [    0.000000]  gran_size: 64M 	chunk_size: 128M 	num_reg: 7  	lose cover RAM: 28M
Jul 19 11:39:24 shrinivaasanka-Inspiron-1545 kernel: [    0.000000]  gran_size: 64M 	chunk_size: 256M 	num_reg: 7  	lose cover RAM: 28M
Jul 19 11:39:24 shrinivaasanka-Inspiron-1545 kernel: [    0.000000]  gran_size: 64M 	chunk_size: 512M 	num_reg: 7  	lose cover RAM: 28M
Jul 19 11:39:24 shrinivaasanka-Inspiron-1545 kernel: [    0.000000]  gran_size: 64M 	chunk_size: 1G 	num_reg: 7  	lose cover RAM: 28M
Jul 19 11:39:24 shrinivaasanka-Inspiron-1545 kernel: [    0.000000]  gran_size: 64M 	chunk_size: 2G 	num_reg: 7  	lose cover RAM: 27164M
Jul 19 11:39:24 shrinivaasanka-Inspiron-1545 kernel: [    0.000000]  gran_size: 128M 	chunk_size: 128M 	num_reg: 7  	lose cover RAM: 16476M
Jul 19 11:39:24 shrinivaasanka-Inspiron-1545 kernel: [    0.000000]  gran_size: 128M 	chunk_size: 256M 	num_reg: 7  	lose cover RAM: 92M
Jul 19 11:39:24 shrinivaasanka-Inspiron-1545 kernel: [    0.000000]  gran_size: 128M 	chunk_size: 512M 	num_reg: 7  	lose cover RAM: 92M
Jul 19 11:39:24 shrinivaasanka-Inspiron-1545 kernel: [    0.000000]  gran_size: 128M 	chunk_size: 1G 	num_reg: 7  	lose cover RAM: 92M
Jul 19 11:39:24 shrinivaasanka-Inspiron-1545 kernel: [    0.000000]  gran_size: 128M 	chunk_size: 2G 	num_reg: 7  	lose cover RAM: 27740M
Jul 19 11:39:24 shrinivaasanka-Inspiron-1545 kernel: [    0.000000]  gran_size: 256M 	chunk_size: 256M 	num_reg: 7  	lose cover RAM: 220M
Jul 19 11:39:24 shrinivaasanka-Inspiron-1545 kernel: [    0.000000]  gran_size: 256M 	chunk_size: 512M 	num_reg: 7  	lose cover RAM: 220M
Jul 19 11:39:24 shrinivaasanka-Inspiron-1545 kernel: [    0.000000]  gran_size: 256M 	chunk_size: 1G 	num_reg: 7  	lose cover RAM: 220M
Jul 19 11:39:24 shrinivaasanka-Inspiron-1545 kernel: [    0.000000]  gran_size: 256M 	chunk_size: 2G 	num_reg: 7  	lose cover RAM: 26844M
Jul 19 11:39:24 shrinivaasanka-Inspiron-1545 kernel: [    0.000000]  gran_size: 512M 	chunk_size: 512M 	num_reg: 6  	lose cover RAM: 476M
Jul 19 11:39:24 shrinivaasanka-Inspiron-1545 kernel: [    0.000000]  gran_size: 512M 	chunk_size: 1G 	num_reg: 7  	lose cover RAM: 476M
Jul 19 11:39:24 shrinivaasanka-Inspiron-1545 kernel: [    0.000000]  gran_size: 512M 	chunk_size: 2G 	num_reg: 7  	lose cover RAM: 25052M
Jul 19 11:39:24 shrinivaasanka-Inspiron-1545 kernel: [    0.000000]  gran_size: 1G 	chunk_size: 1G 	num_reg: 4  	lose cover RAM: 1500M
Jul 19 11:39:24 shrinivaasanka-Inspiron-1545 kernel: [    0.000000]  gran_size: 1G 	chunk_size: 2G 	num_reg: 4  	lose cover RAM: 1500M
Jul 19 11:39:24 shrinivaasanka-Inspiron-1545 kernel: [    0.000000]  gran_size: 2G 	chunk_size: 2G 	num_reg: 4  	lose cover RAM: 1500M
Jul 19 11:39:24 shrinivaasanka-Inspiron-1545 kernel: [    0.000000] mtrr_cleanup: can not find optimal value
Jul 19 11:39:24 shrinivaasanka-Inspiron-1545 kernel: [    0.000000] please specify mtrr_gran_size/mtrr_chunk_size
Jul 19 11:39:24 shrinivaasanka-Inspiron-1545 kernel: [    0.000000] e820: update [mem 0xbdc00000-0xbfffffff] usable ==> reserved
Jul 19 11:39:24 shrinivaasanka-Inspiron-1545 kernel: [    0.000000] e820: update [mem 0xe0000000-0xffffffff] usable ==> reserved
Jul 19 11:39:24 shrinivaasanka-Inspiron-1545 kernel: [    0.000000] Scanning 1 areas for low memory corruption
Jul 19 11:39:24 shrinivaasanka-Inspiron-1545 kernel: [    0.000000] initial memory mapped: [mem 0x00000000-0x021fffff]
Jul 19 11:39:24 shrinivaasanka-Inspiron-1545 kernel: [    0.000000] Base memory trampoline at [c009b000] 9b000 size 16384
Jul 19 11:39:24 shrinivaasanka-Inspiron-1545 kernel: [    0.000000] init_memory_mapping: [mem 0x00000000-0x000fffff]
Jul 19 11:39:24 shrinivaasanka-Inspiron-1545 kernel: [    0.000000]  [mem 0x00000000-0x000fffff] page 4k
Jul 19 11:39:24 shrinivaasanka-Inspiron-1545 kernel: [    0.000000] init_memory_mapping: [mem 0x37800000-0x379fffff]
Jul 19 11:39:24 shrinivaasanka-Inspiron-1545 kernel: [    0.000000]  [mem 0x37800000-0x379fffff] page 2M
Jul 19 11:39:24 shrinivaasanka-Inspiron-1545 kernel: [    0.000000] init_memory_mapping: [mem 0x20000000-0x377fffff]
Jul 19 11:39:24 shrinivaasanka-Inspiron-1545 kernel: [    0.000000]  [mem 0x20000000-0x377fffff] page 2M
Jul 19 11:39:24 shrinivaasanka-Inspiron-1545 kernel: [    0.000000] init_memory_mapping: [mem 0x00100000-0x1fffffff]
Jul 19 11:39:24 shrinivaasanka-Inspiron-1545 kernel: [    0.000000]  [mem 0x00100000-0x001fffff] page 4k
Jul 19 11:39:24 shrinivaasanka-Inspiron-1545 kernel: [    0.000000]  [mem 0x00200000-0x1fffffff] page 2M
Jul 19 11:39:24 shrinivaasanka-Inspiron-1545 kernel: [    0.000000] init_memory_mapping: [mem 0x37a00000-0x37bfdfff]
Jul 19 11:39:24 shrinivaasanka-Inspiron-1545 kernel: [    0.000000]  [mem 0x37a00000-0x37bfdfff] page 4k
Jul 19 11:39:24 shrinivaasanka-Inspiron-1545 kernel: [    0.000000] BRK [0x01c72000, 0x01c72fff] PGTABLE
Jul 19 11:39:24 shrinivaasanka-Inspiron-1545 kernel: [    0.000000] BRK [0x01c73000, 0x01c73fff] PGTABLE
Jul 19 11:39:24 shrinivaasanka-Inspiron-1545 kernel: [    0.000000] RAMDISK: [mem 0x1c7ce000-0x2a3defff]
Jul 19 11:39:24 shrinivaasanka-Inspiron-1545 kernel: [    0.000000] ACPI: Early table checksum verification disabled
Jul 19 11:39:24 shrinivaasanka-Inspiron-1545 kernel: [    0.000000] ACPI: RSDP 0x00000000000FBDD0 000024 (v02 DELL  )
Jul 19 11:39:24 shrinivaasanka-Inspiron-1545 kernel: [    0.000000] ACPI: XSDT 0x00000000BDAC3E00 000054 (v01 DELL   WN09     27D90C07 ASL  00000061)
Jul 19 11:39:24 shrinivaasanka-Inspiron-1545 kernel: [    0.000000] ACPI: FACP 0x00000000BDAC3C9C 0000F4 (v04 DELL   WN09     27D90C07 ASL  00000061)
Jul 19 11:39:24 shrinivaasanka-Inspiron-1545 kernel: [    0.000000] ACPI BIOS Warning (bug): 32/64X length mismatch in FADT/Gpe0Block: 128/64 (20150204/tbfadt-618)
Jul 19 11:39:24 shrinivaasanka-Inspiron-1545 kernel: [    0.000000] ACPI: DSDT 0x00000000BDAC4400 005451 (v02 INT430 SYSFexxx 00001001 INTL 20050624)
Jul 19 11:39:24 shrinivaasanka-Inspiron-1545 kernel: [    0.000000] ACPI: FACS 0x00000000BDAD2C00 000040
Jul 19 11:39:24 shrinivaasanka-Inspiron-1545 kernel: [    0.000000] ACPI: HPET 0x00000000BDAC3F00 000038 (v01 DELL   WN09     00000001 ASL  00000061)
Jul 19 11:39:24 shrinivaasanka-Inspiron-1545 kernel: [    0.000000] ACPI: APIC 0x00000000BDAC4000 000068 (v01 DELL   WN09     27D90C07 ASL  00000047)
Jul 19 11:39:24 shrinivaasanka-Inspiron-1545 kernel: [    0.000000] ACPI: MCFG 0x00000000BDAC3FC0 00003E (v16 DELL   WN09     27D90C07 ASL  00000061)
Jul 19 11:39:24 shrinivaasanka-Inspiron-1545 kernel: [    0.000000] ACPI: SLIC 0x00000000BDAC409C 000176 (v01 DELL   WN09     27D90C07 ASL  00000061)
Jul 19 11:39:24 shrinivaasanka-Inspiron-1545 kernel: [    0.000000] ACPI: SSDT 0x00000000BDAC2363 00066C (v01 PmRef  CpuPm    00003000 INTL 20050624)
Jul 19 11:39:24 shrinivaasanka-Inspiron-1545 kernel: [    0.000000] ACPI: Local APIC address 0xfee00000
Jul 19 11:39:24 shrinivaasanka-Inspiron-1545 kernel: [    0.000000] 2140MB HIGHMEM available.
Jul 19 11:39:24 shrinivaasanka-Inspiron-1545 kernel: [    0.000000] 891MB LOWMEM available.
Jul 19 11:39:24 shrinivaasanka-Inspiron-1545 kernel: [    0.000000]   mapped low ram: 0 - 37bfe000
Jul 19 11:39:24 shrinivaasanka-Inspiron-1545 kernel: [    0.000000]   low ram: 0 - 37bfe000
Jul 19 11:39:24 shrinivaasanka-Inspiron-1545 kernel: [    0.000000] Zone ranges:
Jul 19 11:39:24 shrinivaasanka-Inspiron-1545 kernel: [    0.000000]   DMA      [mem 0x0000000000001000-0x0000000000ffffff]
Jul 19 11:39:24 shrinivaasanka-Inspiron-1545 kernel: [    0.000000]   Normal   [mem 0x0000000001000000-0x0000000037bfdfff]
Jul 19 11:39:24 shrinivaasanka-Inspiron-1545 kernel: [    0.000000]   HighMem  [mem 0x0000000037bfe000-0x00000000bd8befff]
Jul 19 11:39:24 shrinivaasanka-Inspiron-1545 kernel: [    0.000000] Movable zone start for each node
Jul 19 11:39:24 shrinivaasanka-Inspiron-1545 kernel: [    0.000000] Early memory node ranges
Jul 19 11:39:24 shrinivaasanka-Inspiron-1545 kernel: [    0.000000]   node   0: [mem 0x0000000000001000-0x000000000009efff]
Jul 19 11:39:24 shrinivaasanka-Inspiron-1545 kernel: [    0.000000]   node   0: [mem 0x0000000000100000-0x00000000bd8befff]
Jul 19 11:39:24 shrinivaasanka-Inspiron-1545 kernel: [    0.000000] Initmem setup node 0 [mem 0x0000000000001000-0x00000000bd8befff]
Jul 19 11:39:24 shrinivaasanka-Inspiron-1545 kernel: [    0.000000] On node 0 totalpages: 776285
Jul 19 11:39:24 shrinivaasanka-Inspiron-1545 kernel: [    0.000000]   DMA zone: 40 pages used for memmap
Jul 19 11:39:24 shrinivaasanka-Inspiron-1545 kernel: [    0.000000]   DMA zone: 0 pages reserved
Jul 19 11:39:24 shrinivaasanka-Inspiron-1545 kernel: [    0.000000]   DMA zone: 3998 pages, LIFO batch:0
Jul 19 11:39:24 shrinivaasanka-Inspiron-1545 kernel: [    0.000000]   Normal zone: 2190 pages used for memmap
Jul 19 11:39:24 shrinivaasanka-Inspiron-1545 kernel: [    0.000000]   Normal zone: 224254 pages, LIFO batch:31
Jul 19 11:39:24 shrinivaasanka-Inspiron-1545 kernel: [    0.000000]   HighMem zone: 548033 pages, LIFO batch:31
Jul 19 11:39:24 shrinivaasanka-Inspiron-1545 kernel: [    0.000000] Using APIC driver default
Jul 19 11:39:24 shrinivaasanka-Inspiron-1545 kernel: [    0.000000] Reserving Intel graphics stolen memory at 0xbe000000-0xbfffffff
Jul 19 11:39:24 shrinivaasanka-Inspiron-1545 kernel: [    0.000000] ACPI: PM-Timer IO Port: 0x1008
Jul 19 11:39:24 shrinivaasanka-Inspiron-1545 kernel: [    0.000000] ACPI: Local APIC address 0xfee00000
Jul 19 11:39:24 shrinivaasanka-Inspiron-1545 kernel: [    0.000000] ACPI: LAPIC (acpi_id[0x00] lapic_id[0x00] enabled)
Jul 19 11:39:24 shrinivaasanka-Inspiron-1545 kernel: [    0.000000] ACPI: LAPIC (acpi_id[0x01] lapic_id[0x01] enabled)
Jul 19 11:39:24 shrinivaasanka-Inspiron-1545 kernel: [    0.000000] ACPI: LAPIC_NMI (acpi_id[0x00] high edge lint[0x1])
Jul 19 11:39:24 shrinivaasanka-Inspiron-1545 kernel: [    0.000000] ACPI: LAPIC_NMI (acpi_id[0x01] high edge lint[0x1])
Jul 19 11:39:24 shrinivaasanka-Inspiron-1545 kernel: [    0.000000] ACPI: IOAPIC (id[0x02] address[0xfec00000] gsi_base[0])
Jul 19 11:39:24 shrinivaasanka-Inspiron-1545 kernel: [    0.000000] IOAPIC[0]: apic_id 2, version 32, address 0xfec00000, GSI 0-23
Jul 19 11:39:24 shrinivaasanka-Inspiron-1545 kernel: [    0.000000] ACPI: INT_SRC_OVR (bus 0 bus_irq 0 global_irq 2 dfl dfl)
Jul 19 11:39:24 shrinivaasanka-Inspiron-1545 kernel: [    0.000000] ACPI: INT_SRC_OVR (bus 0 bus_irq 9 global_irq 9 high level)
Jul 19 11:39:24 shrinivaasanka-Inspiron-1545 kernel: [    0.000000] ACPI: IRQ0 used by override.
Jul 19 11:39:24 shrinivaasanka-Inspiron-1545 kernel: [    0.000000] ACPI: IRQ9 used by override.
Jul 19 11:39:24 shrinivaasanka-Inspiron-1545 kernel: [    0.000000] Using ACPI (MADT) for SMP configuration information
Jul 19 11:39:24 shrinivaasanka-Inspiron-1545 kernel: [    0.000000] ACPI: HPET id: 0x8086a201 base: 0xfed00000
Jul 19 11:39:24 shrinivaasanka-Inspiron-1545 kernel: [    0.000000] smpboot: Allowing 2 CPUs, 0 hotplug CPUs
Jul 19 11:39:24 shrinivaasanka-Inspiron-1545 kernel: [    0.000000] PM: Registered nosave memory: [mem 0x00000000-0x00000fff]
Jul 19 11:39:24 shrinivaasanka-Inspiron-1545 kernel: [    0.000000] PM: Registered nosave memory: [mem 0x0009f000-0x0009ffff]
Jul 19 11:39:24 shrinivaasanka-Inspiron-1545 kernel: [    0.000000] PM: Registered nosave memory: [mem 0x000a0000-0x000fffff]
Jul 19 11:39:24 shrinivaasanka-Inspiron-1545 kernel: [    0.000000] e820: [mem 0xc0000000-0xf7ffffff] available for PCI devices
Jul 19 11:39:24 shrinivaasanka-Inspiron-1545 kernel: [    0.000000] Booting paravirtualized kernel on bare hardware
Jul 19 11:39:24 shrinivaasanka-Inspiron-1545 kernel: [    0.000000] setup_percpu: NR_CPUS:8 nr_cpumask_bits:8 nr_cpu_ids:2 nr_node_ids:1
Jul 19 11:39:24 shrinivaasanka-Inspiron-1545 kernel: [    0.000000] PERCPU: Embedded 18 pages/cpu @f5db3000 s44876 r0 d28852 u73728
Jul 19 11:39:24 shrinivaasanka-Inspiron-1545 kernel: [    0.000000] pcpu-alloc: s44876 r0 d28852 u73728 alloc=18*4096
Jul 19 11:39:24 shrinivaasanka-Inspiron-1545 kernel: [    0.000000] pcpu-alloc: [0] 0 [0] 1 
Jul 19 11:39:24 shrinivaasanka-Inspiron-1545 kernel: [    0.000000] Built 1 zonelists in Zone order, mobility grouping on.  Total pages: 774055
Jul 19 11:39:24 shrinivaasanka-Inspiron-1545 kernel: [    0.000000] Kernel command line: BOOT_IMAGE=/boot/vmlinuz-4.0.5 root=UUID=a17d2cbc-55c6-4d07-9ff0-e058fee06d24 ro quiet splash vt.handoff=7 init=/sbin/upstart
Jul 19 11:39:24 shrinivaasanka-Inspiron-1545 kernel: [    0.000000] PID hash table entries: 4096 (order: 2, 16384 bytes)
Jul 19 11:39:24 shrinivaasanka-Inspiron-1545 kernel: [    0.000000] Dentry cache hash table entries: 131072 (order: 7, 524288 bytes)
Jul 19 11:39:24 shrinivaasanka-Inspiron-1545 kernel: [    0.000000] Inode-cache hash table entries: 65536 (order: 6, 262144 bytes)
Jul 19 11:39:24 shrinivaasanka-Inspiron-1545 kernel: [    0.000000] CPU0 microcode updated early to revision 0xa0b, date = 2010-09-28
Jul 19 11:39:24 shrinivaasanka-Inspiron-1545 kernel: [    0.000000] Initializing CPU#0
Jul 19 11:39:24 shrinivaasanka-Inspiron-1545 kernel: [    0.000000] xsave: enabled xstate_bv 0x3, cntxt size 0x240 using standard form
Jul 19 11:39:24 shrinivaasanka-Inspiron-1545 kernel: [    0.000000] Initializing HighMem for node 0 (00037bfe:000bd8bf)
Jul 19 11:39:24 shrinivaasanka-Inspiron-1545 kernel: [    0.000000] Initializing Movable for node 0 (00000000:00000000)
Jul 19 11:39:24 shrinivaasanka-Inspiron-1545 kernel: [    0.000000] Memory: 2835148K/3105140K available (7094K kernel code, 686K rwdata, 3164K rodata, 884K init, 796K bss, 269992K reserved, 0K cma-reserved, 2192132K highmem)
Jul 19 11:39:24 shrinivaasanka-Inspiron-1545 kernel: [    0.000000] virtual kernel memory layout:
Jul 19 11:39:24 shrinivaasanka-Inspiron-1545 kernel: [    0.000000]     fixmap  : 0xfff15000 - 0xfffff000   ( 936 kB)
Jul 19 11:39:24 shrinivaasanka-Inspiron-1545 kernel: [    0.000000]     pkmap   : 0xffc00000 - 0xffe00000   (2048 kB)
Jul 19 11:39:24 shrinivaasanka-Inspiron-1545 kernel: [    0.000000]     vmalloc : 0xf83fe000 - 0xffbfe000   ( 120 MB)
Jul 19 11:39:24 shrinivaasanka-Inspiron-1545 kernel: [    0.000000]     lowmem  : 0xc0000000 - 0xf7bfe000   ( 891 MB)
Jul 19 11:39:24 shrinivaasanka-Inspiron-1545 kernel: [    0.000000]       .init : 0xc1ab4000 - 0xc1b91000   ( 884 kB)
Jul 19 11:39:24 shrinivaasanka-Inspiron-1545 kernel: [    0.000000]       .data : 0xc16edd38 - 0xc1ab2980   (3859 kB)
Jul 19 11:39:24 shrinivaasanka-Inspiron-1545 kernel: [    0.000000]       .text : 0xc1000000 - 0xc16edd38   (7095 kB)
Jul 19 11:39:24 shrinivaasanka-Inspiron-1545 kernel: [    0.000000] Checking if this processor honours the WP bit even in supervisor mode...Ok.
Jul 19 11:39:24 shrinivaasanka-Inspiron-1545 kernel: [    0.000000] SLUB: HWalign=64, Order=0-3, MinObjects=0, CPUs=2, Nodes=1
Jul 19 11:39:24 shrinivaasanka-Inspiron-1545 kernel: [    0.000000] Hierarchical RCU implementation.
Jul 19 11:39:24 shrinivaasanka-Inspiron-1545 kernel: [    0.000000] 	RCU dyntick-idle grace-period acceleration is enabled.
Jul 19 11:39:24 shrinivaasanka-Inspiron-1545 kernel: [    0.000000] 	RCU restricting CPUs from NR_CPUS=8 to nr_cpu_ids=2.
Jul 19 11:39:24 shrinivaasanka-Inspiron-1545 kernel: [    0.000000] RCU: Adjusting geometry for rcu_fanout_leaf=16, nr_cpu_ids=2
Jul 19 11:39:24 shrinivaasanka-Inspiron-1545 kernel: [    0.000000] NR_IRQS:2304 nr_irqs:440 16
Jul 19 11:39:24 shrinivaasanka-Inspiron-1545 kernel: [    0.000000] CPU 0 irqstacks, hard=f5836000 soft=f5838000
Jul 19 11:39:24 shrinivaasanka-Inspiron-1545 kernel: [    0.000000] Console: colour dummy device 80x25
Jul 19 11:39:24 shrinivaasanka-Inspiron-1545 kernel: [    0.000000] console [tty0] enabled
Jul 19 11:39:24 shrinivaasanka-Inspiron-1545 kernel: [    0.000000] hpet clockevent registered
Jul 19 11:39:24 shrinivaasanka-Inspiron-1545 kernel: [    0.000000] tsc: Fast TSC calibration using PIT
Jul 19 11:39:24 shrinivaasanka-Inspiron-1545 kernel: [    0.000000] tsc: Detected 1994.883 MHz processor
Jul 19 11:39:24 shrinivaasanka-Inspiron-1545 kernel: [    0.004011] Calibrating delay loop (skipped), value calculated using timer frequency.. 3989.76 BogoMIPS (lpj=7979532)
Jul 19 11:39:24 shrinivaasanka-Inspiron-1545 kernel: [    0.004016] pid_max: default: 32768 minimum: 301
Jul 19 11:39:24 shrinivaasanka-Inspiron-1545 kernel: [    0.004023] ACPI: Core revision 20150204
Jul 19 11:39:24 shrinivaasanka-Inspiron-1545 kernel: [    0.011876] ACPI: All ACPI Tables successfully acquired
Jul 19 11:39:24 shrinivaasanka-Inspiron-1545 kernel: [    0.012027] Security Framework initialized
Jul 19 11:39:24 shrinivaasanka-Inspiron-1545 kernel: [    0.012045] AppArmor: AppArmor initialized
Jul 19 11:39:24 shrinivaasanka-Inspiron-1545 kernel: [    0.012047] Yama: becoming mindful.
Jul 19 11:39:24 shrinivaasanka-Inspiron-1545 kernel: [    0.012095] Mount-cache hash table entries: 2048 (order: 1, 8192 bytes)
Jul 19 11:39:24 shrinivaasanka-Inspiron-1545 kernel: [    0.012098] Mountpoint-cache hash table entries: 2048 (order: 1, 8192 bytes)
Jul 19 11:39:24 shrinivaasanka-Inspiron-1545 kernel: [    0.016122] Initializing cgroup subsys blkio
Jul 19 11:39:24 shrinivaasanka-Inspiron-1545 kernel: [    0.016127] Initializing cgroup subsys memory
Jul 19 11:39:24 shrinivaasanka-Inspiron-1545 kernel: [    0.016136] Initializing cgroup subsys devices
Jul 19 11:39:24 shrinivaasanka-Inspiron-1545 kernel: [    0.016140] Initializing cgroup subsys freezer
Jul 19 11:39:24 shrinivaasanka-Inspiron-1545 kernel: [    0.016143] Initializing cgroup subsys net_cls
Jul 19 11:39:24 shrinivaasanka-Inspiron-1545 kernel: [    0.016146] Initializing cgroup subsys perf_event
Jul 19 11:39:24 shrinivaasanka-Inspiron-1545 kernel: [    0.016150] Initializing cgroup subsys net_prio
Jul 19 11:39:24 shrinivaasanka-Inspiron-1545 kernel: [    0.016153] Initializing cgroup subsys hugetlb
Jul 19 11:39:24 shrinivaasanka-Inspiron-1545 kernel: [    0.016177] CPU: Physical Processor ID: 0
Jul 19 11:39:24 shrinivaasanka-Inspiron-1545 kernel: [    0.016179] CPU: Processor Core ID: 0
Jul 19 11:39:24 shrinivaasanka-Inspiron-1545 kernel: [    0.016184] mce: CPU supports 6 MCE banks
Jul 19 11:39:24 shrinivaasanka-Inspiron-1545 kernel: [    0.016193] CPU0: Thermal monitoring enabled (TM2)
Jul 19 11:39:24 shrinivaasanka-Inspiron-1545 kernel: [    0.016197] process: using mwait in idle threads
Jul 19 11:39:24 shrinivaasanka-Inspiron-1545 kernel: [    0.016205] Last level iTLB entries: 4KB 128, 2MB 4, 4MB 4
Jul 19 11:39:24 shrinivaasanka-Inspiron-1545 kernel: [    0.016207] Last level dTLB entries: 4KB 256, 2MB 0, 4MB 32, 1GB 0
Jul 19 11:39:24 shrinivaasanka-Inspiron-1545 kernel: [    0.016699] Freeing SMP alternatives memory: 32K (c1b91000 - c1b99000)
Jul 19 11:39:24 shrinivaasanka-Inspiron-1545 kernel: [    0.017981] ftrace: allocating 29235 entries in 58 pages
Jul 19 11:39:24 shrinivaasanka-Inspiron-1545 kernel: [    0.028102] Enabling APIC mode:  Flat.  Using 1 I/O APICs
Jul 19 11:39:24 shrinivaasanka-Inspiron-1545 kernel: [    0.028556] ..TIMER: vector=0x30 apic1=0 pin1=2 apic2=-1 pin2=-1
Jul 19 11:39:24 shrinivaasanka-Inspiron-1545 kernel: [    0.072000] smpboot: CPU0: Intel(R) Core(TM)2 Duo CPU     T6400  @ 2.00GHz (fam: 06, model: 17, stepping: 0a)
Jul 19 11:39:24 shrinivaasanka-Inspiron-1545 kernel: [    0.072000] Performance Events: PEBS fmt0+, 4-deep LBR, Core2 events, Intel PMU driver.
Jul 19 11:39:24 shrinivaasanka-Inspiron-1545 kernel: [    0.072000] ... version:                2
Jul 19 11:39:24 shrinivaasanka-Inspiron-1545 kernel: [    0.072000] ... bit width:              40
Jul 19 11:39:24 shrinivaasanka-Inspiron-1545 kernel: [    0.072000] ... generic registers:      2
Jul 19 11:39:24 shrinivaasanka-Inspiron-1545 kernel: [    0.072000] ... value mask:             000000ffffffffff
Jul 19 11:39:24 shrinivaasanka-Inspiron-1545 kernel: [    0.072000] ... max period:             000000007fffffff
Jul 19 11:39:24 shrinivaasanka-Inspiron-1545 kernel: [    0.072000] ... fixed-purpose events:   3
Jul 19 11:39:24 shrinivaasanka-Inspiron-1545 kernel: [    0.072000] ... event mask:             0000000700000003
Jul 19 11:39:24 shrinivaasanka-Inspiron-1545 kernel: [    0.072000] CPU 1 irqstacks, hard=f5954000 soft=f5956000
Jul 19 11:39:24 shrinivaasanka-Inspiron-1545 kernel: [    0.072000] x86: Booting SMP configuration:
Jul 19 11:39:24 shrinivaasanka-Inspiron-1545 kernel: [    0.072000] .... node  #0, CPUs:      #1
Jul 19 11:39:24 shrinivaasanka-Inspiron-1545 kernel: [    0.008000] CPU1 microcode updated early to revision 0xa0b, date = 2010-09-28
Jul 19 11:39:24 shrinivaasanka-Inspiron-1545 kernel: [    0.008000] Initializing CPU#1
Jul 19 11:39:24 shrinivaasanka-Inspiron-1545 kernel: [    0.084028] x86: Booted up 1 node, 2 CPUs
Jul 19 11:39:24 shrinivaasanka-Inspiron-1545 kernel: [    0.084033] smpboot: Total of 2 processors activated (7979.53 BogoMIPS)
Jul 19 11:39:24 shrinivaasanka-Inspiron-1545 kernel: [    0.084087] NMI watchdog: enabled on all CPUs, permanently consumes one hw-PMU counter.
Jul 19 11:39:24 shrinivaasanka-Inspiron-1545 kernel: [    0.085690] devtmpfs: initialized
Jul 19 11:39:24 shrinivaasanka-Inspiron-1545 kernel: [    0.085690] evm: security.selinux
Jul 19 11:39:24 shrinivaasanka-Inspiron-1545 kernel: [    0.085690] evm: security.SMACK64
Jul 19 11:39:24 shrinivaasanka-Inspiron-1545 kernel: [    0.085690] evm: security.SMACK64EXEC
Jul 19 11:39:24 shrinivaasanka-Inspiron-1545 kernel: [    0.085690] evm: security.SMACK64TRANSMUTE
Jul 19 11:39:24 shrinivaasanka-Inspiron-1545 kernel: [    0.085690] evm: security.SMACK64MMAP
Jul 19 11:39:24 shrinivaasanka-Inspiron-1545 kernel: [    0.085690] evm: security.ima
Jul 19 11:39:24 shrinivaasanka-Inspiron-1545 kernel: [    0.085690] evm: security.capability
Jul 19 11:39:24 shrinivaasanka-Inspiron-1545 kernel: [    0.085690] PM: Registering ACPI NVS region [mem 0xbd8bf400-0xbdac13ff] (2105344 bytes)
Jul 19 11:39:24 shrinivaasanka-Inspiron-1545 kernel: [    0.085690] pinctrl core: initialized pinctrl subsystem
Jul 19 11:39:24 shrinivaasanka-Inspiron-1545 kernel: [    0.085690] RTC time: 11:38:57, date: 07/19/15
Jul 19 11:39:24 shrinivaasanka-Inspiron-1545 kernel: [    0.085690] NET: Registered protocol family 16
Jul 19 11:39:24 shrinivaasanka-Inspiron-1545 kernel: [    0.085690] EISA bus registered
Jul 19 11:39:24 shrinivaasanka-Inspiron-1545 kernel: [    0.096007] cpuidle: using governor ladder
Jul 19 11:39:24 shrinivaasanka-Inspiron-1545 kernel: [    0.108003] cpuidle: using governor menu
Jul 19 11:39:24 shrinivaasanka-Inspiron-1545 kernel: [    0.108147] ACPI: bus type PCI registered
Jul 19 11:39:24 shrinivaasanka-Inspiron-1545 kernel: [    0.108150] acpiphp: ACPI Hot Plug PCI Controller Driver version: 0.5
Jul 19 11:39:24 shrinivaasanka-Inspiron-1545 kernel: [    0.108255] PCI: MMCONFIG for domain 0000 [bus 00-3f] at [mem 0xf8000000-0xfbffffff] (base 0xf8000000)
Jul 19 11:39:24 shrinivaasanka-Inspiron-1545 kernel: [    0.108258] PCI: MMCONFIG at [mem 0xf8000000-0xfbffffff] reserved in E820
Jul 19 11:39:24 shrinivaasanka-Inspiron-1545 kernel: [    0.108260] PCI: Using MMCONFIG for extended config space
Jul 19 11:39:24 shrinivaasanka-Inspiron-1545 kernel: [    0.108262] PCI: Using configuration type 1 for base access
Jul 19 11:39:24 shrinivaasanka-Inspiron-1545 kernel: [    0.108275] dmi type 0xB1 record - unknown flag
Jul 19 11:39:24 shrinivaasanka-Inspiron-1545 kernel: [    0.120143] ACPI: Added _OSI(Module Device)
Jul 19 11:39:24 shrinivaasanka-Inspiron-1545 kernel: [    0.120146] ACPI: Added _OSI(Processor Device)
Jul 19 11:39:24 shrinivaasanka-Inspiron-1545 kernel: [    0.120148] ACPI: Added _OSI(3.0 _SCP Extensions)
Jul 19 11:39:24 shrinivaasanka-Inspiron-1545 kernel: [    0.120150] ACPI: Added _OSI(Processor Aggregator Device)
Jul 19 11:39:24 shrinivaasanka-Inspiron-1545 kernel: [    0.128119] [Firmware Bug]: ACPI: BIOS _OSI(Linux) query ignored
Jul 19 11:39:24 shrinivaasanka-Inspiron-1545 kernel: [    0.131905] ACPI: Dynamic OEM Table Load:
Jul 19 11:39:24 shrinivaasanka-Inspiron-1545 kernel: [    0.131913] ACPI: SSDT 0x00000000F5A29000 00023F (v01 PmRef  BspIst   00003000 INTL 20050624)
Jul 19 11:39:24 shrinivaasanka-Inspiron-1545 kernel: [    0.132382] ACPI: Dynamic OEM Table Load:
Jul 19 11:39:24 shrinivaasanka-Inspiron-1545 kernel: [    0.132389] ACPI: SSDT 0x00000000F5812800 0005C6 (v01 PmRef  BspCst   00003001 INTL 20050624)
Jul 19 11:39:24 shrinivaasanka-Inspiron-1545 kernel: [    0.133126] ACPI: Dynamic OEM Table Load:
Jul 19 11:39:24 shrinivaasanka-Inspiron-1545 kernel: [    0.133132] ACPI: SSDT 0x00000000F58AAE00 0001D7 (v01 PmRef  ApIst    00003000 INTL 20050624)
Jul 19 11:39:24 shrinivaasanka-Inspiron-1545 kernel: [    0.133557] ACPI: Dynamic OEM Table Load:
Jul 19 11:39:24 shrinivaasanka-Inspiron-1545 kernel: [    0.133562] ACPI: SSDT 0x00000000F59389C0 00008D (v01 PmRef  ApCst    00003000 INTL 20050624)
Jul 19 11:39:24 shrinivaasanka-Inspiron-1545 kernel: [    0.134056] ACPI: Interpreter enabled
Jul 19 11:39:24 shrinivaasanka-Inspiron-1545 kernel: [    0.134069] ACPI Exception: AE_NOT_FOUND, While evaluating Sleep State [\_S1_] (20150204/hwxface-580)
Jul 19 11:39:24 shrinivaasanka-Inspiron-1545 kernel: [    0.134074] ACPI Exception: AE_NOT_FOUND, While evaluating Sleep State [\_S2_] (20150204/hwxface-580)
Jul 19 11:39:24 shrinivaasanka-Inspiron-1545 kernel: [    0.134090] ACPI: (supports S0 S3 S4 S5)
Jul 19 11:39:24 shrinivaasanka-Inspiron-1545 kernel: [    0.134092] ACPI: Using IOAPIC for interrupt routing
Jul 19 11:39:24 shrinivaasanka-Inspiron-1545 kernel: [    0.134125] PCI: Using host bridge windows from ACPI; if necessary, use "pci=nocrs" and report a bug
Jul 19 11:39:24 shrinivaasanka-Inspiron-1545 kernel: [    0.219237] ACPI: PCI Root Bridge [PCI0] (domain 0000 [bus 00-ff])
Jul 19 11:39:24 shrinivaasanka-Inspiron-1545 kernel: [    0.219244] acpi PNP0A03:00: _OSC: OS supports [ExtendedConfig ASPM ClockPM Segments MSI]
Jul 19 11:39:24 shrinivaasanka-Inspiron-1545 kernel: [    0.219251] acpi PNP0A03:00: _OSC failed (AE_NOT_FOUND); disabling ASPM
Jul 19 11:39:24 shrinivaasanka-Inspiron-1545 kernel: [    0.236181] acpi PNP0A03:00: [Firmware Info]: MMCONFIG for domain 0000 [bus 00-3f] only partially covers this bridge
Jul 19 11:39:24 shrinivaasanka-Inspiron-1545 kernel: [    0.236445] PCI host bridge to bus 0000:00
Jul 19 11:39:24 shrinivaasanka-Inspiron-1545 kernel: [    0.236450] pci_bus 0000:00: root bus resource [bus 00-ff]
Jul 19 11:39:24 shrinivaasanka-Inspiron-1545 kernel: [    0.236453] pci_bus 0000:00: root bus resource [io  0x0000-0x0cf7 window]
Jul 19 11:39:24 shrinivaasanka-Inspiron-1545 kernel: [    0.236456] pci_bus 0000:00: root bus resource [io  0x0d00-0xffff window]
Jul 19 11:39:24 shrinivaasanka-Inspiron-1545 kernel: [    0.236459] pci_bus 0000:00: root bus resource [mem 0x000a0000-0x000bffff window]
Jul 19 11:39:24 shrinivaasanka-Inspiron-1545 kernel: [    0.236462] pci_bus 0000:00: root bus resource [mem 0x000d0000-0x000dffff window]
Jul 19 11:39:24 shrinivaasanka-Inspiron-1545 kernel: [    0.236464] pci_bus 0000:00: root bus resource [mem 0xc0000000-0xf7ffffff window]
Jul 19 11:39:24 shrinivaasanka-Inspiron-1545 kernel: [    0.236467] pci_bus 0000:00: root bus resource [mem 0xfc000000-0xfebfffff window]
Jul 19 11:39:24 shrinivaasanka-Inspiron-1545 kernel: [    0.236470] pci_bus 0000:00: root bus resource [mem 0xfec10000-0xfecfffff window]
Jul 19 11:39:24 shrinivaasanka-Inspiron-1545 kernel: [    0.236473] pci_bus 0000:00: root bus resource [mem 0xfed1c000-0xfed1ffff window]
Jul 19 11:39:24 shrinivaasanka-Inspiron-1545 kernel: [    0.236476] pci_bus 0000:00: root bus resource [mem 0xfed90000-0xfed9ffff window]
Jul 19 11:39:24 shrinivaasanka-Inspiron-1545 kernel: [    0.236479] pci_bus 0000:00: root bus resource [mem 0xfeda7000-0xfedfffff window]
Jul 19 11:39:24 shrinivaasanka-Inspiron-1545 kernel: [    0.236481] pci_bus 0000:00: root bus resource [mem 0xfee10000-0xff9fffff window]
Jul 19 11:39:24 shrinivaasanka-Inspiron-1545 kernel: [    0.236484] pci_bus 0000:00: root bus resource [mem 0xffc00000-0xffdfffff window]
Jul 19 11:39:24 shrinivaasanka-Inspiron-1545 kernel: [    0.236496] pci 0000:00:00.0: [8086:2a40] type 00 class 0x060000
Jul 19 11:39:24 shrinivaasanka-Inspiron-1545 kernel: [    0.236527] DMAR: Forcing write-buffer flush capability
Jul 19 11:39:24 shrinivaasanka-Inspiron-1545 kernel: [    0.236528] DMAR: Disabling IOMMU for graphics on this chipset
Jul 19 11:39:24 shrinivaasanka-Inspiron-1545 kernel: [    0.236647] pci 0000:00:02.0: [8086:2a42] type 00 class 0x030000
Jul 19 11:39:24 shrinivaasanka-Inspiron-1545 kernel: [    0.236663] pci 0000:00:02.0: reg 0x10: [mem 0xf6c00000-0xf6ffffff 64bit]
Jul 19 11:39:24 shrinivaasanka-Inspiron-1545 kernel: [    0.236673] pci 0000:00:02.0: reg 0x18: [mem 0xe0000000-0xefffffff 64bit pref]
Jul 19 11:39:24 shrinivaasanka-Inspiron-1545 kernel: [    0.236681] pci 0000:00:02.0: reg 0x20: [io  0xefe8-0xefef]
Jul 19 11:39:24 shrinivaasanka-Inspiron-1545 kernel: [    0.236818] pci 0000:00:02.1: [8086:2a43] type 00 class 0x038000
Jul 19 11:39:24 shrinivaasanka-Inspiron-1545 kernel: [    0.236832] pci 0000:00:02.1: reg 0x10: [mem 0xf6b00000-0xf6bfffff 64bit]
Jul 19 11:39:24 shrinivaasanka-Inspiron-1545 kernel: [    0.237022] pci 0000:00:1a.0: [8086:2937] type 00 class 0x0c0300
Jul 19 11:39:24 shrinivaasanka-Inspiron-1545 kernel: [    0.237086] pci 0000:00:1a.0: reg 0x20: [io  0x6f60-0x6f7f]
Jul 19 11:39:24 shrinivaasanka-Inspiron-1545 kernel: [    0.240509] pci 0000:00:1a.0: System wakeup disabled by ACPI
Jul 19 11:39:24 shrinivaasanka-Inspiron-1545 kernel: [    0.240582] pci 0000:00:1a.1: [8086:2938] type 00 class 0x0c0300
Jul 19 11:39:24 shrinivaasanka-Inspiron-1545 kernel: [    0.240646] pci 0000:00:1a.1: reg 0x20: [io  0x6f80-0x6f9f]
Jul 19 11:39:24 shrinivaasanka-Inspiron-1545 kernel: [    0.244513] pci 0000:00:1a.1: System wakeup disabled by ACPI
Jul 19 11:39:24 shrinivaasanka-Inspiron-1545 kernel: [    0.244583] pci 0000:00:1a.2: [8086:2939] type 00 class 0x0c0300
Jul 19 11:39:24 shrinivaasanka-Inspiron-1545 kernel: [    0.244648] pci 0000:00:1a.2: reg 0x20: [io  0x6fa0-0x6fbf]
Jul 19 11:39:24 shrinivaasanka-Inspiron-1545 kernel: [    0.248513] pci 0000:00:1a.2: System wakeup disabled by ACPI
Jul 19 11:39:24 shrinivaasanka-Inspiron-1545 kernel: [    0.248595] pci 0000:00:1a.7: [8086:293c] type 00 class 0x0c0320
Jul 19 11:39:24 shrinivaasanka-Inspiron-1545 kernel: [    0.248625] pci 0000:00:1a.7: reg 0x10: [mem 0xfed1c400-0xfed1c7ff]
Jul 19 11:39:24 shrinivaasanka-Inspiron-1545 kernel: [    0.248752] pci 0000:00:1a.7: PME# supported from D0 D3hot D3cold
Jul 19 11:39:24 shrinivaasanka-Inspiron-1545 kernel: [    0.252512] pci 0000:00:1a.7: System wakeup disabled by ACPI
Jul 19 11:39:24 shrinivaasanka-Inspiron-1545 kernel: [    0.252589] pci 0000:00:1b.0: [8086:293e] type 00 class 0x040300
Jul 19 11:39:24 shrinivaasanka-Inspiron-1545 kernel: [    0.252616] pci 0000:00:1b.0: reg 0x10: [mem 0xf6afc000-0xf6afffff 64bit]
Jul 19 11:39:24 shrinivaasanka-Inspiron-1545 kernel: [    0.252741] pci 0000:00:1b.0: PME# supported from D0 D3hot D3cold
Jul 19 11:39:24 shrinivaasanka-Inspiron-1545 kernel: [    0.252812] pci 0000:00:1b.0: System wakeup disabled by ACPI
Jul 19 11:39:24 shrinivaasanka-Inspiron-1545 kernel: [    0.252882] pci 0000:00:1c.0: [8086:2940] type 01 class 0x060400
Jul 19 11:39:24 shrinivaasanka-Inspiron-1545 kernel: [    0.253012] pci 0000:00:1c.0: PME# supported from D0 D3hot D3cold
Jul 19 11:39:24 shrinivaasanka-Inspiron-1545 kernel: [    0.253087] pci 0000:00:1c.0: System wakeup disabled by ACPI
Jul 19 11:39:24 shrinivaasanka-Inspiron-1545 kernel: [    0.253155] pci 0000:00:1c.1: [8086:2942] type 01 class 0x060400
Jul 19 11:39:24 shrinivaasanka-Inspiron-1545 kernel: [    0.253284] pci 0000:00:1c.1: PME# supported from D0 D3hot D3cold
Jul 19 11:39:24 shrinivaasanka-Inspiron-1545 kernel: [    0.253359] pci 0000:00:1c.1: System wakeup disabled by ACPI
Jul 19 11:39:24 shrinivaasanka-Inspiron-1545 kernel: [    0.253429] pci 0000:00:1c.2: [8086:2944] type 01 class 0x060400
Jul 19 11:39:24 shrinivaasanka-Inspiron-1545 kernel: [    0.253559] pci 0000:00:1c.2: PME# supported from D0 D3hot D3cold
Jul 19 11:39:24 shrinivaasanka-Inspiron-1545 kernel: [    0.253631] pci 0000:00:1c.2: System wakeup disabled by ACPI
Jul 19 11:39:24 shrinivaasanka-Inspiron-1545 kernel: [    0.253700] pci 0000:00:1c.4: [8086:2948] type 01 class 0x060400
Jul 19 11:39:24 shrinivaasanka-Inspiron-1545 kernel: [    0.253829] pci 0000:00:1c.4: PME# supported from D0 D3hot D3cold
Jul 19 11:39:24 shrinivaasanka-Inspiron-1545 kernel: [    0.253902] pci 0000:00:1c.4: System wakeup disabled by ACPI
Jul 19 11:39:24 shrinivaasanka-Inspiron-1545 kernel: [    0.253974] pci 0000:00:1d.0: [8086:2934] type 00 class 0x0c0300
Jul 19 11:39:24 shrinivaasanka-Inspiron-1545 kernel: [    0.254038] pci 0000:00:1d.0: reg 0x20: [io  0x6f00-0x6f1f]
Jul 19 11:39:24 shrinivaasanka-Inspiron-1545 kernel: [    0.258340] pci 0000:00:1d.0: System wakeup disabled by ACPI
Jul 19 11:39:24 shrinivaasanka-Inspiron-1545 kernel: [    0.258411] pci 0000:00:1d.1: [8086:2935] type 00 class 0x0c0300
Jul 19 11:39:24 shrinivaasanka-Inspiron-1545 kernel: [    0.258475] pci 0000:00:1d.1: reg 0x20: [io  0x6f20-0x6f3f]
Jul 19 11:39:24 shrinivaasanka-Inspiron-1545 kernel: [    0.261627] pci 0000:00:1d.1: System wakeup disabled by ACPI
Jul 19 11:39:24 shrinivaasanka-Inspiron-1545 kernel: [    0.261698] pci 0000:00:1d.2: [8086:2936] type 00 class 0x0c0300
Jul 19 11:39:24 shrinivaasanka-Inspiron-1545 kernel: [    0.261762] pci 0000:00:1d.2: reg 0x20: [io  0x6f40-0x6f5f]
Jul 19 11:39:24 shrinivaasanka-Inspiron-1545 kernel: [    0.266115] pci 0000:00:1d.2: System wakeup disabled by ACPI
Jul 19 11:39:24 shrinivaasanka-Inspiron-1545 kernel: [    0.266199] pci 0000:00:1d.7: [8086:293a] type 00 class 0x0c0320
Jul 19 11:39:24 shrinivaasanka-Inspiron-1545 kernel: [    0.266229] pci 0000:00:1d.7: reg 0x10: [mem 0xfed1c000-0xfed1c3ff]
Jul 19 11:39:24 shrinivaasanka-Inspiron-1545 kernel: [    0.266357] pci 0000:00:1d.7: PME# supported from D0 D3hot D3cold
Jul 19 11:39:24 shrinivaasanka-Inspiron-1545 kernel: [    0.269855] pci 0000:00:1d.7: System wakeup disabled by ACPI
Jul 19 11:39:24 shrinivaasanka-Inspiron-1545 kernel: [    0.269925] pci 0000:00:1e.0: [8086:2448] type 01 class 0x060401
Jul 19 11:39:24 shrinivaasanka-Inspiron-1545 kernel: [    0.270067] pci 0000:00:1e.0: System wakeup disabled by ACPI
Jul 19 11:39:24 shrinivaasanka-Inspiron-1545 kernel: [    0.270139] pci 0000:00:1f.0: [8086:2919] type 00 class 0x060100
Jul 19 11:39:24 shrinivaasanka-Inspiron-1545 kernel: [    0.270413] pci 0000:00:1f.2: [8086:2929] type 00 class 0x010601
Jul 19 11:39:24 shrinivaasanka-Inspiron-1545 kernel: [    0.270445] pci 0000:00:1f.2: reg 0x10: [io  0x6e70-0x6e77]
Jul 19 11:39:24 shrinivaasanka-Inspiron-1545 kernel: [    0.270459] pci 0000:00:1f.2: reg 0x14: [io  0x6e78-0x6e7b]
Jul 19 11:39:24 shrinivaasanka-Inspiron-1545 kernel: [    0.270472] pci 0000:00:1f.2: reg 0x18: [io  0x6e80-0x6e87]
Jul 19 11:39:24 shrinivaasanka-Inspiron-1545 kernel: [    0.270485] pci 0000:00:1f.2: reg 0x1c: [io  0x6e88-0x6e8b]
Jul 19 11:39:24 shrinivaasanka-Inspiron-1545 kernel: [    0.270498] pci 0000:00:1f.2: reg 0x20: [io  0x6ea0-0x6ebf]
Jul 19 11:39:24 shrinivaasanka-Inspiron-1545 kernel: [    0.270511] pci 0000:00:1f.2: reg 0x24: [mem 0xfed1c800-0xfed1cfff]
Jul 19 11:39:24 shrinivaasanka-Inspiron-1545 kernel: [    0.270592] pci 0000:00:1f.2: PME# supported from D3hot
Jul 19 11:39:24 shrinivaasanka-Inspiron-1545 kernel: [    0.270720] pci 0000:00:1f.3: [8086:2930] type 00 class 0x0c0500
Jul 19 11:39:24 shrinivaasanka-Inspiron-1545 kernel: [    0.270745] pci 0000:00:1f.3: reg 0x10: [mem 0xf6afbf00-0xf6afbfff 64bit]
Jul 19 11:39:24 shrinivaasanka-Inspiron-1545 kernel: [    0.270779] pci 0000:00:1f.3: reg 0x20: [io  0x1100-0x111f]
Jul 19 11:39:24 shrinivaasanka-Inspiron-1545 kernel: [    0.271007] pci 0000:00:1c.0: PCI bridge to [bus 0b]
Jul 19 11:39:24 shrinivaasanka-Inspiron-1545 kernel: [    0.271381] pci 0000:0c:00.0: [14e4:4315] type 00 class 0x028000
Jul 19 11:39:24 shrinivaasanka-Inspiron-1545 kernel: [    0.271463] pci 0000:0c:00.0: reg 0x10: [mem 0xf69fc000-0xf69fffff 64bit]
Jul 19 11:39:24 shrinivaasanka-Inspiron-1545 kernel: [    0.272107] pci 0000:0c:00.0: supports D1 D2
Jul 19 11:39:24 shrinivaasanka-Inspiron-1545 kernel: [    0.272110] pci 0000:0c:00.0: PME# supported from D0 D3hot D3cold
Jul 19 11:39:24 shrinivaasanka-Inspiron-1545 kernel: [    0.272534] pci 0000:00:1c.1: PCI bridge to [bus 0c]
Jul 19 11:39:24 shrinivaasanka-Inspiron-1545 kernel: [    0.272544] pci 0000:00:1c.1:   bridge window [mem 0xf6900000-0xf69fffff]
Jul 19 11:39:24 shrinivaasanka-Inspiron-1545 kernel: [    0.272680] pci 0000:09:00.0: [11ab:4354] type 00 class 0x020000
Jul 19 11:39:24 shrinivaasanka-Inspiron-1545 kernel: [    0.272721] pci 0000:09:00.0: reg 0x10: [mem 0xf68fc000-0xf68fffff 64bit]
Jul 19 11:39:24 shrinivaasanka-Inspiron-1545 kernel: [    0.272741] pci 0000:09:00.0: reg 0x18: [io  0xde00-0xdeff]
Jul 19 11:39:24 shrinivaasanka-Inspiron-1545 kernel: [    0.272913] pci 0000:09:00.0: supports D1 D2
Jul 19 11:39:24 shrinivaasanka-Inspiron-1545 kernel: [    0.272916] pci 0000:09:00.0: PME# supported from D0 D1 D2 D3hot D3cold
Jul 19 11:39:24 shrinivaasanka-Inspiron-1545 kernel: [    0.280027] pci 0000:00:1c.2: PCI bridge to [bus 09]
Jul 19 11:39:24 shrinivaasanka-Inspiron-1545 kernel: [    0.280033] pci 0000:00:1c.2:   bridge window [io  0xd000-0xdfff]
Jul 19 11:39:24 shrinivaasanka-Inspiron-1545 kernel: [    0.280039] pci 0000:00:1c.2:   bridge window [mem 0xf6800000-0xf68fffff]
Jul 19 11:39:24 shrinivaasanka-Inspiron-1545 kernel: [    0.280168] acpiphp: Slot [1] registered
Jul 19 11:39:24 shrinivaasanka-Inspiron-1545 kernel: [    0.280176] pci 0000:00:1c.4: PCI bridge to [bus 0d-0e]
Jul 19 11:39:24 shrinivaasanka-Inspiron-1545 kernel: [    0.280182] pci 0000:00:1c.4:   bridge window [io  0xc000-0xcfff]
Jul 19 11:39:24 shrinivaasanka-Inspiron-1545 kernel: [    0.280187] pci 0000:00:1c.4:   bridge window [mem 0xf6600000-0xf67fffff]
Jul 19 11:39:24 shrinivaasanka-Inspiron-1545 kernel: [    0.280196] pci 0000:00:1c.4:   bridge window [mem 0xf0000000-0xf01fffff 64bit pref]
Jul 19 11:39:24 shrinivaasanka-Inspiron-1545 kernel: [    0.280336] pci 0000:00:1e.0: PCI bridge to [bus 03] (subtractive decode)
Jul 19 11:39:24 shrinivaasanka-Inspiron-1545 kernel: [    0.280352] pci 0000:00:1e.0:   bridge window [io  0x0000-0x0cf7 window] (subtractive decode)
Jul 19 11:39:24 shrinivaasanka-Inspiron-1545 kernel: [    0.280355] pci 0000:00:1e.0:   bridge window [io  0x0d00-0xffff window] (subtractive decode)
Jul 19 11:39:24 shrinivaasanka-Inspiron-1545 kernel: [    0.280358] pci 0000:00:1e.0:   bridge window [mem 0x000a0000-0x000bffff window] (subtractive decode)
Jul 19 11:39:24 shrinivaasanka-Inspiron-1545 kernel: [    0.280361] pci 0000:00:1e.0:   bridge window [mem 0x000d0000-0x000dffff window] (subtractive decode)
Jul 19 11:39:24 shrinivaasanka-Inspiron-1545 kernel: [    0.280364] pci 0000:00:1e.0:   bridge window [mem 0xc0000000-0xf7ffffff window] (subtractive decode)
Jul 19 11:39:24 shrinivaasanka-Inspiron-1545 kernel: [    0.280366] pci 0000:00:1e.0:   bridge window [mem 0xfc000000-0xfebfffff window] (subtractive decode)
Jul 19 11:39:24 shrinivaasanka-Inspiron-1545 kernel: [    0.280369] pci 0000:00:1e.0:   bridge window [mem 0xfec10000-0xfecfffff window] (subtractive decode)
Jul 19 11:39:24 shrinivaasanka-Inspiron-1545 kernel: [    0.280372] pci 0000:00:1e.0:   bridge window [mem 0xfed1c000-0xfed1ffff window] (subtractive decode)
Jul 19 11:39:24 shrinivaasanka-Inspiron-1545 kernel: [    0.280375] pci 0000:00:1e.0:   bridge window [mem 0xfed90000-0xfed9ffff window] (subtractive decode)
Jul 19 11:39:24 shrinivaasanka-Inspiron-1545 kernel: [    0.280378] pci 0000:00:1e.0:   bridge window [mem 0xfeda7000-0xfedfffff window] (subtractive decode)
Jul 19 11:39:24 shrinivaasanka-Inspiron-1545 kernel: [    0.280381] pci 0000:00:1e.0:   bridge window [mem 0xfee10000-0xff9fffff window] (subtractive decode)
Jul 19 11:39:24 shrinivaasanka-Inspiron-1545 kernel: [    0.280384] pci 0000:00:1e.0:   bridge window [mem 0xffc00000-0xffdfffff window] (subtractive decode)
Jul 19 11:39:24 shrinivaasanka-Inspiron-1545 kernel: [    0.280624] pci_bus 0000:00: on NUMA node 0
Jul 19 11:39:24 shrinivaasanka-Inspiron-1545 kernel: [    0.281112] ACPI: PCI Interrupt Link [LNKA] (IRQs *10 11)
Jul 19 11:39:24 shrinivaasanka-Inspiron-1545 kernel: [    0.281217] ACPI: PCI Interrupt Link [LNKB] (IRQs 5 7) *4
Jul 19 11:39:24 shrinivaasanka-Inspiron-1545 kernel: [    0.281319] ACPI: PCI Interrupt Link [LNKC] (IRQs *10 11)
Jul 19 11:39:24 shrinivaasanka-Inspiron-1545 kernel: [    0.281407] ACPI: PCI Interrupt Link [LNKD] (IRQs 5 7 10 11) *0, disabled.
Jul 19 11:39:24 shrinivaasanka-Inspiron-1545 kernel: [    0.281511] ACPI: PCI Interrupt Link [LNKE] (IRQs 3 4 5 6 7 10 *11 12 14 15)
Jul 19 11:39:24 shrinivaasanka-Inspiron-1545 kernel: [    0.281617] ACPI: PCI Interrupt Link [LNKF] (IRQs 3 4 5 6 *7 10 11 12 14 15)
Jul 19 11:39:24 shrinivaasanka-Inspiron-1545 kernel: [    0.281722] ACPI: PCI Interrupt Link [LNKG] (IRQs 3 4 *5 6 7 10 11 12 14 15)
Jul 19 11:39:24 shrinivaasanka-Inspiron-1545 kernel: [    0.281814] ACPI: PCI Interrupt Link [LNKH] (IRQs 3 4 5 6 7 10 11 12 14 15) *0, disabled.
Jul 19 11:39:24 shrinivaasanka-Inspiron-1545 kernel: [    0.282143] ACPI: Enabled 4 GPEs in block 00 to 3F
Jul 19 11:39:24 shrinivaasanka-Inspiron-1545 kernel: [    0.282275] vgaarb: setting as boot device: PCI:0000:00:02.0
Jul 19 11:39:24 shrinivaasanka-Inspiron-1545 kernel: [    0.282275] vgaarb: device added: PCI:0000:00:02.0,decodes=io+mem,owns=io+mem,locks=none
Jul 19 11:39:24 shrinivaasanka-Inspiron-1545 kernel: [    0.282275] vgaarb: loaded
Jul 19 11:39:24 shrinivaasanka-Inspiron-1545 kernel: [    0.282275] vgaarb: bridge control possible 0000:00:02.0
Jul 19 11:39:24 shrinivaasanka-Inspiron-1545 kernel: [    0.282275] SCSI subsystem initialized
Jul 19 11:39:24 shrinivaasanka-Inspiron-1545 kernel: [    0.282275] libata version 3.00 loaded.
Jul 19 11:39:24 shrinivaasanka-Inspiron-1545 kernel: [    0.282275] ACPI: bus type USB registered
Jul 19 11:39:24 shrinivaasanka-Inspiron-1545 kernel: [    0.282275] usbcore: registered new interface driver usbfs
Jul 19 11:39:24 shrinivaasanka-Inspiron-1545 kernel: [    0.282275] usbcore: registered new interface driver hub
Jul 19 11:39:24 shrinivaasanka-Inspiron-1545 kernel: [    0.282275] usbcore: registered new device driver usb
Jul 19 11:39:24 shrinivaasanka-Inspiron-1545 kernel: [    0.282275] PCI: Using ACPI for IRQ routing
Jul 19 11:39:24 shrinivaasanka-Inspiron-1545 kernel: [    0.285675] PCI: pci_cache_line_size set to 64 bytes
Jul 19 11:39:24 shrinivaasanka-Inspiron-1545 kernel: [    0.286140] e820: reserve RAM buffer [mem 0x0009f000-0x0009ffff]
Jul 19 11:39:24 shrinivaasanka-Inspiron-1545 kernel: [    0.286145] e820: reserve RAM buffer [mem 0xbd8bf400-0xbfffffff]
Jul 19 11:39:24 shrinivaasanka-Inspiron-1545 kernel: [    0.286309] NetLabel: Initializing
Jul 19 11:39:24 shrinivaasanka-Inspiron-1545 kernel: [    0.286311] NetLabel:  domain hash size = 128
Jul 19 11:39:24 shrinivaasanka-Inspiron-1545 kernel: [    0.286313] NetLabel:  protocols = UNLABELED CIPSOv4
Jul 19 11:39:24 shrinivaasanka-Inspiron-1545 kernel: [    0.286327] NetLabel:  unlabeled traffic allowed by default
Jul 19 11:39:24 shrinivaasanka-Inspiron-1545 kernel: [    0.286363] HPET: 4 timers in total, 0 timers will be used for per-cpu timer
Jul 19 11:39:24 shrinivaasanka-Inspiron-1545 kernel: [    0.286363] hpet0: at MMIO 0xfed00000, IRQs 2, 8, 0, 0
Jul 19 11:39:24 shrinivaasanka-Inspiron-1545 kernel: [    0.286363] hpet0: 4 comparators, 64-bit 14.318180 MHz counter
Jul 19 11:39:24 shrinivaasanka-Inspiron-1545 kernel: [    0.288043] Switched to clocksource hpet
Jul 19 11:39:24 shrinivaasanka-Inspiron-1545 kernel: [    0.299192] AppArmor: AppArmor Filesystem Enabled
Jul 19 11:39:24 shrinivaasanka-Inspiron-1545 kernel: [    0.299303] pnp: PnP ACPI init
Jul 19 11:39:24 shrinivaasanka-Inspiron-1545 kernel: [    0.299431] system 00:00: [mem 0xff800000-0xff8fffff] has been reserved
Jul 19 11:39:24 shrinivaasanka-Inspiron-1545 kernel: [    0.299435] system 00:00: [mem 0xffc00000-0xffcfffff] has been reserved
Jul 19 11:39:24 shrinivaasanka-Inspiron-1545 kernel: [    0.299440] system 00:00: Plug and Play ACPI device, IDs PNP0c02 (active)
Jul 19 11:39:24 shrinivaasanka-Inspiron-1545 kernel: [    0.299512] pnp 00:01: Plug and Play ACPI device, IDs PNP0f13 (active)
Jul 19 11:39:24 shrinivaasanka-Inspiron-1545 kernel: [    0.299567] pnp 00:02: Plug and Play ACPI device, IDs PNP0303 (active)
Jul 19 11:39:24 shrinivaasanka-Inspiron-1545 kernel: [    0.299623] pnp 00:03: Plug and Play ACPI device, IDs PNP0b00 (active)
Jul 19 11:39:24 shrinivaasanka-Inspiron-1545 kernel: [    0.299686] system 00:04: Plug and Play ACPI device, IDs PNP0c01 (active)
Jul 19 11:39:24 shrinivaasanka-Inspiron-1545 kernel: [    0.299784] system 00:05: [mem 0xfed00000-0xfed003ff] has been reserved
Jul 19 11:39:24 shrinivaasanka-Inspiron-1545 kernel: [    0.299788] system 00:05: Plug and Play ACPI device, IDs PNP0103 PNP0c01 (active)
Jul 19 11:39:24 shrinivaasanka-Inspiron-1545 kernel: [    0.300025] system 00:06: [io  0x0900-0x097f] has been reserved
Jul 19 11:39:24 shrinivaasanka-Inspiron-1545 kernel: [    0.300029] system 00:06: [io  0x04d0-0x04d1] has been reserved
Jul 19 11:39:24 shrinivaasanka-Inspiron-1545 kernel: [    0.300033] system 00:06: [io  0x1000-0x1005] could not be reserved
Jul 19 11:39:24 shrinivaasanka-Inspiron-1545 kernel: [    0.300036] system 00:06: [io  0x1008-0x100f] could not be reserved
Jul 19 11:39:24 shrinivaasanka-Inspiron-1545 kernel: [    0.300040] system 00:06: Plug and Play ACPI device, IDs PNP0c01 (active)
Jul 19 11:39:24 shrinivaasanka-Inspiron-1545 kernel: [    0.300109] system 00:07: [io  0xf400-0xf4fe] has been reserved
Jul 19 11:39:24 shrinivaasanka-Inspiron-1545 kernel: [    0.300112] system 00:07: [io  0x1006-0x1007] has been reserved
Jul 19 11:39:24 shrinivaasanka-Inspiron-1545 kernel: [    0.300116] system 00:07: [io  0x100a-0x1059] could not be reserved
Jul 19 11:39:24 shrinivaasanka-Inspiron-1545 kernel: [    0.300119] system 00:07: [io  0x1060-0x107f] has been reserved
Jul 19 11:39:24 shrinivaasanka-Inspiron-1545 kernel: [    0.300124] system 00:07: [io  0x1080-0x10bf] has been reserved
Jul 19 11:39:24 shrinivaasanka-Inspiron-1545 kernel: [    0.300128] system 00:07: [io  0x1100-0x111f] has been reserved
Jul 19 11:39:24 shrinivaasanka-Inspiron-1545 kernel: [    0.300131] system 00:07: [io  0x1010-0x102f] could not be reserved
Jul 19 11:39:24 shrinivaasanka-Inspiron-1545 kernel: [    0.300134] system 00:07: [io  0x0809] has been reserved
Jul 19 11:39:24 shrinivaasanka-Inspiron-1545 kernel: [    0.300138] system 00:07: Plug and Play ACPI device, IDs PNP0c01 (active)
Jul 19 11:39:24 shrinivaasanka-Inspiron-1545 kernel: [    0.318577] system 00:08: [mem 0x00000000-0x0009efff] could not be reserved
Jul 19 11:39:24 shrinivaasanka-Inspiron-1545 kernel: [    0.318581] system 00:08: [mem 0x0009f000-0x0009ffff] could not be reserved
Jul 19 11:39:24 shrinivaasanka-Inspiron-1545 kernel: [    0.318584] system 00:08: [mem 0x000c0000-0x000cffff] could not be reserved
Jul 19 11:39:24 shrinivaasanka-Inspiron-1545 kernel: [    0.318588] system 00:08: [mem 0x000e0000-0x000fffff] could not be reserved
Jul 19 11:39:24 shrinivaasanka-Inspiron-1545 kernel: [    0.318591] system 00:08: [mem 0x00100000-0xbd8bf3ff] could not be reserved
Jul 19 11:39:24 shrinivaasanka-Inspiron-1545 kernel: [    0.318594] system 00:08: [mem 0xbd8bf400-0xbdafffff] could not be reserved
Jul 19 11:39:24 shrinivaasanka-Inspiron-1545 kernel: [    0.318598] system 00:08: [mem 0xbdb00000-0xbdbfffff] has been reserved
Jul 19 11:39:24 shrinivaasanka-Inspiron-1545 kernel: [    0.318601] system 00:08: [mem 0xffe00000-0xffffffff] has been reserved
Jul 19 11:39:24 shrinivaasanka-Inspiron-1545 kernel: [    0.318604] system 00:08: [mem 0xffa00000-0xffbfffff] has been reserved
Jul 19 11:39:24 shrinivaasanka-Inspiron-1545 kernel: [    0.318607] system 00:08: [mem 0xfec00000-0xfec0ffff] could not be reserved
Jul 19 11:39:24 shrinivaasanka-Inspiron-1545 kernel: [    0.318611] system 00:08: [mem 0xfee00000-0xfee0ffff] has been reserved
Jul 19 11:39:24 shrinivaasanka-Inspiron-1545 kernel: [    0.318614] system 00:08: [mem 0xfed20000-0xfed8ffff] has been reserved
Jul 19 11:39:24 shrinivaasanka-Inspiron-1545 kernel: [    0.318617] system 00:08: [mem 0xfeda0000-0xfeda3fff] has been reserved
Jul 19 11:39:24 shrinivaasanka-Inspiron-1545 kernel: [    0.318620] system 00:08: [mem 0xfeda4000-0xfeda4fff] has been reserved
Jul 19 11:39:24 shrinivaasanka-Inspiron-1545 kernel: [    0.318624] system 00:08: [mem 0xfeda5000-0xfeda5fff] has been reserved
Jul 19 11:39:24 shrinivaasanka-Inspiron-1545 kernel: [    0.318627] system 00:08: [mem 0xfeda6000-0xfeda6fff] has been reserved
Jul 19 11:39:24 shrinivaasanka-Inspiron-1545 kernel: [    0.318630] system 00:08: [mem 0xfed1c800-0xfed1cfff] has been reserved
Jul 19 11:39:24 shrinivaasanka-Inspiron-1545 kernel: [    0.318633] system 00:08: [mem 0xfed18000-0xfed1bfff] has been reserved
Jul 19 11:39:24 shrinivaasanka-Inspiron-1545 kernel: [    0.318636] system 00:08: [mem 0xf8000000-0xfbffffff] has been reserved
Jul 19 11:39:24 shrinivaasanka-Inspiron-1545 kernel: [    0.318640] system 00:08: Plug and Play ACPI device, IDs PNP0c01 (active)
Jul 19 11:39:24 shrinivaasanka-Inspiron-1545 kernel: [    0.318685] pnp: PnP ACPI: found 9 devices
Jul 19 11:39:24 shrinivaasanka-Inspiron-1545 kernel: [    0.318691] PnPBIOS: Disabled by ACPI PNP
Jul 19 11:39:24 shrinivaasanka-Inspiron-1545 kernel: [    0.356498] pci 0000:00:1c.0: bridge window [io  0x1000-0x0fff] to [bus 0b] add_size 1000
Jul 19 11:39:24 shrinivaasanka-Inspiron-1545 kernel: [    0.356504] pci 0000:00:1c.0: bridge window [mem 0x00100000-0x000fffff 64bit pref] to [bus 0b] add_size 200000
Jul 19 11:39:24 shrinivaasanka-Inspiron-1545 kernel: [    0.356507] pci 0000:00:1c.0: bridge window [mem 0x00100000-0x000fffff] to [bus 0b] add_size 200000
Jul 19 11:39:24 shrinivaasanka-Inspiron-1545 kernel: [    0.356520] pci 0000:00:1c.1: bridge window [io  0x1000-0x0fff] to [bus 0c] add_size 1000
Jul 19 11:39:24 shrinivaasanka-Inspiron-1545 kernel: [    0.356524] pci 0000:00:1c.1: bridge window [mem 0x00100000-0x000fffff 64bit pref] to [bus 0c] add_size 200000
Jul 19 11:39:24 shrinivaasanka-Inspiron-1545 kernel: [    0.356537] pci 0000:00:1c.2: bridge window [mem 0x00100000-0x000fffff 64bit pref] to [bus 09] add_size 200000
Jul 19 11:39:24 shrinivaasanka-Inspiron-1545 kernel: [    0.356563] pci 0000:00:1c.0: res[14]=[mem 0x00100000-0x000fffff] get_res_add_size add_size 200000
Jul 19 11:39:24 shrinivaasanka-Inspiron-1545 kernel: [    0.356566] pci 0000:00:1c.0: res[15]=[mem 0x00100000-0x000fffff 64bit pref] get_res_add_size add_size 200000
Jul 19 11:39:24 shrinivaasanka-Inspiron-1545 kernel: [    0.356569] pci 0000:00:1c.1: res[15]=[mem 0x00100000-0x000fffff 64bit pref] get_res_add_size add_size 200000
Jul 19 11:39:24 shrinivaasanka-Inspiron-1545 kernel: [    0.356573] pci 0000:00:1c.2: res[15]=[mem 0x00100000-0x000fffff 64bit pref] get_res_add_size add_size 200000
Jul 19 11:39:24 shrinivaasanka-Inspiron-1545 kernel: [    0.356576] pci 0000:00:1c.0: res[13]=[io  0x1000-0x0fff] get_res_add_size add_size 1000
Jul 19 11:39:24 shrinivaasanka-Inspiron-1545 kernel: [    0.356579] pci 0000:00:1c.1: res[13]=[io  0x1000-0x0fff] get_res_add_size add_size 1000
Jul 19 11:39:24 shrinivaasanka-Inspiron-1545 kernel: [    0.356586] pci 0000:00:1c.0: BAR 14: assigned [mem 0xc0000000-0xc01fffff]
Jul 19 11:39:24 shrinivaasanka-Inspiron-1545 kernel: [    0.356597] pci 0000:00:1c.0: BAR 15: assigned [mem 0xc0200000-0xc03fffff 64bit pref]
Jul 19 11:39:24 shrinivaasanka-Inspiron-1545 kernel: [    0.356607] pci 0000:00:1c.1: BAR 15: assigned [mem 0xc0400000-0xc05fffff 64bit pref]
Jul 19 11:39:24 shrinivaasanka-Inspiron-1545 kernel: [    0.356618] pci 0000:00:1c.2: BAR 15: assigned [mem 0xc0600000-0xc07fffff 64bit pref]
Jul 19 11:39:24 shrinivaasanka-Inspiron-1545 kernel: [    0.356622] pci 0000:00:1c.0: BAR 13: assigned [io  0x2000-0x2fff]
Jul 19 11:39:24 shrinivaasanka-Inspiron-1545 kernel: [    0.356627] pci 0000:00:1c.1: BAR 13: assigned [io  0x3000-0x3fff]
Jul 19 11:39:24 shrinivaasanka-Inspiron-1545 kernel: [    0.356630] pci 0000:00:1c.0: PCI bridge to [bus 0b]
Jul 19 11:39:24 shrinivaasanka-Inspiron-1545 kernel: [    0.356635] pci 0000:00:1c.0:   bridge window [io  0x2000-0x2fff]
Jul 19 11:39:24 shrinivaasanka-Inspiron-1545 kernel: [    0.356642] pci 0000:00:1c.0:   bridge window [mem 0xc0000000-0xc01fffff]
Jul 19 11:39:24 shrinivaasanka-Inspiron-1545 kernel: [    0.356647] pci 0000:00:1c.0:   bridge window [mem 0xc0200000-0xc03fffff 64bit pref]
Jul 19 11:39:24 shrinivaasanka-Inspiron-1545 kernel: [    0.356656] pci 0000:00:1c.1: PCI bridge to [bus 0c]
Jul 19 11:39:24 shrinivaasanka-Inspiron-1545 kernel: [    0.356660] pci 0000:00:1c.1:   bridge window [io  0x3000-0x3fff]
Jul 19 11:39:24 shrinivaasanka-Inspiron-1545 kernel: [    0.356667] pci 0000:00:1c.1:   bridge window [mem 0xf6900000-0xf69fffff]
Jul 19 11:39:24 shrinivaasanka-Inspiron-1545 kernel: [    0.356673] pci 0000:00:1c.1:   bridge window [mem 0xc0400000-0xc05fffff 64bit pref]
Jul 19 11:39:24 shrinivaasanka-Inspiron-1545 kernel: [    0.356681] pci 0000:00:1c.2: PCI bridge to [bus 09]
Jul 19 11:39:24 shrinivaasanka-Inspiron-1545 kernel: [    0.356686] pci 0000:00:1c.2:   bridge window [io  0xd000-0xdfff]
Jul 19 11:39:24 shrinivaasanka-Inspiron-1545 kernel: [    0.356693] pci 0000:00:1c.2:   bridge window [mem 0xf6800000-0xf68fffff]
Jul 19 11:39:24 shrinivaasanka-Inspiron-1545 kernel: [    0.356698] pci 0000:00:1c.2:   bridge window [mem 0xc0600000-0xc07fffff 64bit pref]
Jul 19 11:39:24 shrinivaasanka-Inspiron-1545 kernel: [    0.356707] pci 0000:00:1c.4: PCI bridge to [bus 0d-0e]
Jul 19 11:39:24 shrinivaasanka-Inspiron-1545 kernel: [    0.356711] pci 0000:00:1c.4:   bridge window [io  0xc000-0xcfff]
Jul 19 11:39:24 shrinivaasanka-Inspiron-1545 kernel: [    0.356718] pci 0000:00:1c.4:   bridge window [mem 0xf6600000-0xf67fffff]
Jul 19 11:39:24 shrinivaasanka-Inspiron-1545 kernel: [    0.356723] pci 0000:00:1c.4:   bridge window [mem 0xf0000000-0xf01fffff 64bit pref]
Jul 19 11:39:24 shrinivaasanka-Inspiron-1545 kernel: [    0.356732] pci 0000:00:1e.0: PCI bridge to [bus 03]
Jul 19 11:39:24 shrinivaasanka-Inspiron-1545 kernel: [    0.356749] pci_bus 0000:00: resource 4 [io  0x0000-0x0cf7 window]
Jul 19 11:39:24 shrinivaasanka-Inspiron-1545 kernel: [    0.356752] pci_bus 0000:00: resource 5 [io  0x0d00-0xffff window]
Jul 19 11:39:24 shrinivaasanka-Inspiron-1545 kernel: [    0.356755] pci_bus 0000:00: resource 6 [mem 0x000a0000-0x000bffff window]
Jul 19 11:39:24 shrinivaasanka-Inspiron-1545 kernel: [    0.356758] pci_bus 0000:00: resource 7 [mem 0x000d0000-0x000dffff window]
Jul 19 11:39:24 shrinivaasanka-Inspiron-1545 kernel: [    0.356760] pci_bus 0000:00: resource 8 [mem 0xc0000000-0xf7ffffff window]
Jul 19 11:39:24 shrinivaasanka-Inspiron-1545 kernel: [    0.356763] pci_bus 0000:00: resource 9 [mem 0xfc000000-0xfebfffff window]
Jul 19 11:39:24 shrinivaasanka-Inspiron-1545 kernel: [    0.356766] pci_bus 0000:00: resource 10 [mem 0xfec10000-0xfecfffff window]
Jul 19 11:39:24 shrinivaasanka-Inspiron-1545 kernel: [    0.356769] pci_bus 0000:00: resource 11 [mem 0xfed1c000-0xfed1ffff window]
Jul 19 11:39:24 shrinivaasanka-Inspiron-1545 kernel: [    0.356772] pci_bus 0000:00: resource 12 [mem 0xfed90000-0xfed9ffff window]
Jul 19 11:39:24 shrinivaasanka-Inspiron-1545 kernel: [    0.356774] pci_bus 0000:00: resource 13 [mem 0xfeda7000-0xfedfffff window]
Jul 19 11:39:24 shrinivaasanka-Inspiron-1545 kernel: [    0.356777] pci_bus 0000:00: resource 14 [mem 0xfee10000-0xff9fffff window]
Jul 19 11:39:24 shrinivaasanka-Inspiron-1545 kernel: [    0.356780] pci_bus 0000:00: resource 15 [mem 0xffc00000-0xffdfffff window]
Jul 19 11:39:24 shrinivaasanka-Inspiron-1545 kernel: [    0.356783] pci_bus 0000:0b: resource 0 [io  0x2000-0x2fff]
Jul 19 11:39:24 shrinivaasanka-Inspiron-1545 kernel: [    0.356786] pci_bus 0000:0b: resource 1 [mem 0xc0000000-0xc01fffff]
Jul 19 11:39:24 shrinivaasanka-Inspiron-1545 kernel: [    0.356789] pci_bus 0000:0b: resource 2 [mem 0xc0200000-0xc03fffff 64bit pref]
Jul 19 11:39:24 shrinivaasanka-Inspiron-1545 kernel: [    0.356791] pci_bus 0000:0c: resource 0 [io  0x3000-0x3fff]
Jul 19 11:39:24 shrinivaasanka-Inspiron-1545 kernel: [    0.356794] pci_bus 0000:0c: resource 1 [mem 0xf6900000-0xf69fffff]
Jul 19 11:39:24 shrinivaasanka-Inspiron-1545 kernel: [    0.356797] pci_bus 0000:0c: resource 2 [mem 0xc0400000-0xc05fffff 64bit pref]
Jul 19 11:39:24 shrinivaasanka-Inspiron-1545 kernel: [    0.356800] pci_bus 0000:09: resource 0 [io  0xd000-0xdfff]
Jul 19 11:39:24 shrinivaasanka-Inspiron-1545 kernel: [    0.356802] pci_bus 0000:09: resource 1 [mem 0xf6800000-0xf68fffff]
Jul 19 11:39:24 shrinivaasanka-Inspiron-1545 kernel: [    0.356805] pci_bus 0000:09: resource 2 [mem 0xc0600000-0xc07fffff 64bit pref]
Jul 19 11:39:24 shrinivaasanka-Inspiron-1545 kernel: [    0.356808] pci_bus 0000:0d: resource 0 [io  0xc000-0xcfff]
Jul 19 11:39:24 shrinivaasanka-Inspiron-1545 kernel: [    0.356810] pci_bus 0000:0d: resource 1 [mem 0xf6600000-0xf67fffff]
Jul 19 11:39:24 shrinivaasanka-Inspiron-1545 kernel: [    0.356813] pci_bus 0000:0d: resource 2 [mem 0xf0000000-0xf01fffff 64bit pref]
Jul 19 11:39:24 shrinivaasanka-Inspiron-1545 kernel: [    0.356816] pci_bus 0000:03: resource 4 [io  0x0000-0x0cf7 window]
Jul 19 11:39:24 shrinivaasanka-Inspiron-1545 kernel: [    0.356819] pci_bus 0000:03: resource 5 [io  0x0d00-0xffff window]
Jul 19 11:39:24 shrinivaasanka-Inspiron-1545 kernel: [    0.356822] pci_bus 0000:03: resource 6 [mem 0x000a0000-0x000bffff window]
Jul 19 11:39:24 shrinivaasanka-Inspiron-1545 kernel: [    0.356824] pci_bus 0000:03: resource 7 [mem 0x000d0000-0x000dffff window]
Jul 19 11:39:24 shrinivaasanka-Inspiron-1545 kernel: [    0.356827] pci_bus 0000:03: resource 8 [mem 0xc0000000-0xf7ffffff window]
Jul 19 11:39:24 shrinivaasanka-Inspiron-1545 kernel: [    0.356830] pci_bus 0000:03: resource 9 [mem 0xfc000000-0xfebfffff window]
Jul 19 11:39:24 shrinivaasanka-Inspiron-1545 kernel: [    0.356833] pci_bus 0000:03: resource 10 [mem 0xfec10000-0xfecfffff window]
Jul 19 11:39:24 shrinivaasanka-Inspiron-1545 kernel: [    0.356836] pci_bus 0000:03: resource 11 [mem 0xfed1c000-0xfed1ffff window]
Jul 19 11:39:24 shrinivaasanka-Inspiron-1545 kernel: [    0.356838] pci_bus 0000:03: resource 12 [mem 0xfed90000-0xfed9ffff window]
Jul 19 11:39:24 shrinivaasanka-Inspiron-1545 kernel: [    0.356841] pci_bus 0000:03: resource 13 [mem 0xfeda7000-0xfedfffff window]
Jul 19 11:39:24 shrinivaasanka-Inspiron-1545 kernel: [    0.356844] pci_bus 0000:03: resource 14 [mem 0xfee10000-0xff9fffff window]
Jul 19 11:39:24 shrinivaasanka-Inspiron-1545 kernel: [    0.356847] pci_bus 0000:03: resource 15 [mem 0xffc00000-0xffdfffff window]
Jul 19 11:39:24 shrinivaasanka-Inspiron-1545 kernel: [    0.356886] NET: Registered protocol family 2
Jul 19 11:39:24 shrinivaasanka-Inspiron-1545 kernel: [    0.357123] TCP established hash table entries: 8192 (order: 3, 32768 bytes)
Jul 19 11:39:24 shrinivaasanka-Inspiron-1545 kernel: [    0.357143] TCP bind hash table entries: 8192 (order: 4, 65536 bytes)
Jul 19 11:39:24 shrinivaasanka-Inspiron-1545 kernel: [    0.357175] TCP: Hash tables configured (established 8192 bind 8192)
Jul 19 11:39:24 shrinivaasanka-Inspiron-1545 kernel: [    0.357212] TCP: reno registered
Jul 19 11:39:24 shrinivaasanka-Inspiron-1545 kernel: [    0.357214] UDP hash table entries: 512 (order: 2, 16384 bytes)
Jul 19 11:39:24 shrinivaasanka-Inspiron-1545 kernel: [    0.357224] UDP-Lite hash table entries: 512 (order: 2, 16384 bytes)
Jul 19 11:39:24 shrinivaasanka-Inspiron-1545 kernel: [    0.357275] NET: Registered protocol family 1
Jul 19 11:39:24 shrinivaasanka-Inspiron-1545 kernel: [    0.357294] pci 0000:00:02.0: Video device with shadowed ROM
Jul 19 11:39:24 shrinivaasanka-Inspiron-1545 kernel: [    0.360595] PCI: CLS 64 bytes, default 64
Jul 19 11:39:24 shrinivaasanka-Inspiron-1545 kernel: [    0.360656] Trying to unpack rootfs image as initramfs...
Jul 19 11:39:24 shrinivaasanka-Inspiron-1545 kernel: [    5.781915] Freeing initrd memory: 225348K (dc7ce000 - ea3df000)
Jul 19 11:39:24 shrinivaasanka-Inspiron-1545 kernel: [    5.782317] microcode: CPU0 sig=0x1067a, pf=0x80, revision=0xa0b
Jul 19 11:39:24 shrinivaasanka-Inspiron-1545 kernel: [    5.782325] microcode: CPU1 sig=0x1067a, pf=0x80, revision=0xa0b
Jul 19 11:39:24 shrinivaasanka-Inspiron-1545 kernel: [    5.782409] microcode: Microcode Update Driver: v2.00 <tigran@aivazian.fsnet.co.uk>, Peter Oruba
Jul 19 11:39:24 shrinivaasanka-Inspiron-1545 kernel: [    5.782448] Scanning for low memory corruption every 60 seconds
Jul 19 11:39:24 shrinivaasanka-Inspiron-1545 kernel: [    5.782853] futex hash table entries: 512 (order: 3, 32768 bytes)
Jul 19 11:39:24 shrinivaasanka-Inspiron-1545 kernel: [    5.782880] Initialise system trusted keyring
Jul 19 11:39:24 shrinivaasanka-Inspiron-1545 kernel: [    5.782910] audit: initializing netlink subsys (disabled)
Jul 19 11:39:24 shrinivaasanka-Inspiron-1545 kernel: [    5.782936] audit: type=2000 audit(1437305942.776:1): initialized
Jul 19 11:39:24 shrinivaasanka-Inspiron-1545 kernel: [    5.783337] HugeTLB registered 2 MB page size, pre-allocated 0 pages
Jul 19 11:39:24 shrinivaasanka-Inspiron-1545 kernel: [    5.786103] zpool: loaded
Jul 19 11:39:24 shrinivaasanka-Inspiron-1545 kernel: [    5.786106] zbud: loaded
Jul 19 11:39:24 shrinivaasanka-Inspiron-1545 kernel: [    5.786206] VFS: Disk quotas dquot_6.5.2
Jul 19 11:39:24 shrinivaasanka-Inspiron-1545 kernel: [    5.786264] VFS: Dquot-cache hash table entries: 1024 (order 0, 4096 bytes)
Jul 19 11:39:24 shrinivaasanka-Inspiron-1545 kernel: [    5.786950] fuse init (API version 7.23)
Jul 19 11:39:24 shrinivaasanka-Inspiron-1545 kernel: [    5.787183] Key type big_key registered
Jul 19 11:39:24 shrinivaasanka-Inspiron-1545 kernel: [    5.787704] Key type asymmetric registered
Jul 19 11:39:24 shrinivaasanka-Inspiron-1545 kernel: [    5.787708] Asymmetric key parser 'x509' registered
Jul 19 11:39:24 shrinivaasanka-Inspiron-1545 kernel: [    5.787729] bounce: pool size: 64 pages
Jul 19 11:39:24 shrinivaasanka-Inspiron-1545 kernel: [    5.787781] Block layer SCSI generic (bsg) driver version 0.4 loaded (major 251)
Jul 19 11:39:24 shrinivaasanka-Inspiron-1545 kernel: [    5.787826] io scheduler noop registered
Jul 19 11:39:24 shrinivaasanka-Inspiron-1545 kernel: [    5.787829] io scheduler deadline registered (default)
Jul 19 11:39:24 shrinivaasanka-Inspiron-1545 kernel: [    5.787880] io scheduler cfq registered
Jul 19 11:39:24 shrinivaasanka-Inspiron-1545 kernel: [    5.789320] pci_hotplug: PCI Hot Plug PCI Core version: 0.5
Jul 19 11:39:24 shrinivaasanka-Inspiron-1545 kernel: [    5.789347] pciehp: PCI Express Hot Plug Controller Driver version: 0.4
Jul 19 11:39:24 shrinivaasanka-Inspiron-1545 kernel: [    5.789397] vesafb: mode is 1024x768x32, linelength=4096, pages=0
Jul 19 11:39:24 shrinivaasanka-Inspiron-1545 kernel: [    5.789399] vesafb: scrolling: redraw
Jul 19 11:39:24 shrinivaasanka-Inspiron-1545 kernel: [    5.789402] vesafb: Truecolor: size=8:8:8:8, shift=24:16:8:0
Jul 19 11:39:24 shrinivaasanka-Inspiron-1545 kernel: [    5.789427] vesafb: framebuffer at 0xe0000000, mapped to 0xf8480000, using 3072k, total 3072k
Jul 19 11:39:24 shrinivaasanka-Inspiron-1545 kernel: [    5.813584] Console: switching to colour frame buffer device 128x48
Jul 19 11:39:24 shrinivaasanka-Inspiron-1545 kernel: [    5.837544] fb0: VESA VGA frame buffer device
Jul 19 11:39:24 shrinivaasanka-Inspiron-1545 kernel: [    5.837569] intel_idle: does not run on family 6 model 23
Jul 19 11:39:24 shrinivaasanka-Inspiron-1545 kernel: [    5.837708] ACPI: AC Adapter [AC] (on-line)
Jul 19 11:39:24 shrinivaasanka-Inspiron-1545 kernel: [    5.837856] input: Lid Switch as /devices/LNXSYSTM:00/LNXSYBUS:00/PNP0C0D:00/input/input0
Jul 19 11:39:24 shrinivaasanka-Inspiron-1545 kernel: [    5.838716] ACPI: Lid Switch [LID]
Jul 19 11:39:24 shrinivaasanka-Inspiron-1545 kernel: [    5.838781] input: Power Button as /devices/LNXSYSTM:00/LNXSYBUS:00/PNP0C0C:00/input/input1
Jul 19 11:39:24 shrinivaasanka-Inspiron-1545 kernel: [    5.838785] ACPI: Power Button [PBTN]
Jul 19 11:39:24 shrinivaasanka-Inspiron-1545 kernel: [    5.838848] input: Sleep Button as /devices/LNXSYSTM:00/LNXSYBUS:00/PNP0C0E:00/input/input2
Jul 19 11:39:24 shrinivaasanka-Inspiron-1545 kernel: [    5.838851] ACPI: Sleep Button [SBTN]
Jul 19 11:39:24 shrinivaasanka-Inspiron-1545 kernel: [    5.838982] Monitor-Mwait will be used to enter C-1 state
Jul 19 11:39:24 shrinivaasanka-Inspiron-1545 kernel: [    5.838989] Monitor-Mwait will be used to enter C-2 state
Jul 19 11:39:24 shrinivaasanka-Inspiron-1545 kernel: [    5.838993] Monitor-Mwait will be used to enter C-3 state
Jul 19 11:39:24 shrinivaasanka-Inspiron-1545 kernel: [    5.838998] tsc: Marking TSC unstable due to TSC halts in idle
Jul 19 11:39:24 shrinivaasanka-Inspiron-1545 kernel: [    5.839010] ACPI: acpi_idle registered with cpuidle
Jul 19 11:39:24 shrinivaasanka-Inspiron-1545 kernel: [    5.857958] thermal LNXTHERM:00: registered as thermal_zone0
Jul 19 11:39:24 shrinivaasanka-Inspiron-1545 kernel: [    5.857961] ACPI: Thermal Zone [THM] (63 C)
Jul 19 11:39:24 shrinivaasanka-Inspiron-1545 kernel: [    5.858011] GHES: HEST is not enabled!
Jul 19 11:39:24 shrinivaasanka-Inspiron-1545 kernel: [    5.858034] isapnp: Scanning for PnP cards...
Jul 19 11:39:24 shrinivaasanka-Inspiron-1545 kernel: [    5.909387] ACPI: Battery Slot [BAT0] (battery present)
Jul 19 11:39:24 shrinivaasanka-Inspiron-1545 kernel: [    6.191942] isapnp: No Plug & Play device found
Jul 19 11:39:24 shrinivaasanka-Inspiron-1545 kernel: [    6.192109] Serial: 8250/16550 driver, 32 ports, IRQ sharing enabled
Jul 19 11:39:24 shrinivaasanka-Inspiron-1545 kernel: [    6.195290] Linux agpgart interface v0.103
Jul 19 11:39:24 shrinivaasanka-Inspiron-1545 kernel: [    6.195420] agpgart-intel 0000:00:00.0: Intel GM45 Chipset
Jul 19 11:39:24 shrinivaasanka-Inspiron-1545 kernel: [    6.195443] agpgart-intel 0000:00:00.0: detected gtt size: 2097152K total, 262144K mappable
Jul 19 11:39:24 shrinivaasanka-Inspiron-1545 kernel: [    6.196080] agpgart-intel 0000:00:00.0: detected 32768K stolen memory
Jul 19 11:39:24 shrinivaasanka-Inspiron-1545 kernel: [    6.196259] agpgart-intel 0000:00:00.0: AGP aperture is 256M @ 0xe0000000
Jul 19 11:39:24 shrinivaasanka-Inspiron-1545 kernel: [    6.200138] brd: module loaded
Jul 19 11:39:24 shrinivaasanka-Inspiron-1545 kernel: [    6.201927] loop: module loaded
Jul 19 11:39:24 shrinivaasanka-Inspiron-1545 kernel: [    6.202283] libphy: Fixed MDIO Bus: probed
Jul 19 11:39:24 shrinivaasanka-Inspiron-1545 kernel: [    6.202288] tun: Universal TUN/TAP device driver, 1.6
Jul 19 11:39:24 shrinivaasanka-Inspiron-1545 kernel: [    6.202290] tun: (C) 1999-2004 Max Krasnyansky <maxk@qualcomm.com>
Jul 19 11:39:24 shrinivaasanka-Inspiron-1545 kernel: [    6.202371] PPP generic driver version 2.4.2
Jul 19 11:39:24 shrinivaasanka-Inspiron-1545 kernel: [    6.202505] ehci_hcd: USB 2.0 'Enhanced' Host Controller (EHCI) Driver
Jul 19 11:39:24 shrinivaasanka-Inspiron-1545 kernel: [    6.202511] ehci-pci: EHCI PCI platform driver
Jul 19 11:39:24 shrinivaasanka-Inspiron-1545 kernel: [    6.202787] ehci-pci 0000:00:1a.7: EHCI Host Controller
Jul 19 11:39:24 shrinivaasanka-Inspiron-1545 kernel: [    6.202796] ehci-pci 0000:00:1a.7: new USB bus registered, assigned bus number 1
Jul 19 11:39:24 shrinivaasanka-Inspiron-1545 kernel: [    6.202814] ehci-pci 0000:00:1a.7: debug port 1
Jul 19 11:39:24 shrinivaasanka-Inspiron-1545 kernel: [    6.206727] ehci-pci 0000:00:1a.7: cache line size of 64 is not supported
Jul 19 11:39:24 shrinivaasanka-Inspiron-1545 kernel: [    6.206747] ehci-pci 0000:00:1a.7: irq 22, io mem 0xfed1c400
Jul 19 11:39:24 shrinivaasanka-Inspiron-1545 kernel: [    6.216046] ehci-pci 0000:00:1a.7: USB 2.0 started, EHCI 1.00
Jul 19 11:39:24 shrinivaasanka-Inspiron-1545 kernel: [    6.216131] usb usb1: New USB device found, idVendor=1d6b, idProduct=0002
Jul 19 11:39:24 shrinivaasanka-Inspiron-1545 kernel: [    6.216136] usb usb1: New USB device strings: Mfr=3, Product=2, SerialNumber=1
Jul 19 11:39:24 shrinivaasanka-Inspiron-1545 kernel: [    6.216141] usb usb1: Product: EHCI Host Controller
Jul 19 11:39:24 shrinivaasanka-Inspiron-1545 kernel: [    6.216145] usb usb1: Manufacturer: Linux 4.0.5 ehci_hcd
Jul 19 11:39:24 shrinivaasanka-Inspiron-1545 kernel: [    6.216149] usb usb1: SerialNumber: 0000:00:1a.7
Jul 19 11:39:24 shrinivaasanka-Inspiron-1545 kernel: [    6.216361] hub 1-0:1.0: USB hub found
Jul 19 11:39:24 shrinivaasanka-Inspiron-1545 kernel: [    6.216371] hub 1-0:1.0: 6 ports detected
Jul 19 11:39:24 shrinivaasanka-Inspiron-1545 kernel: [    6.216923] ehci-pci 0000:00:1d.7: EHCI Host Controller
Jul 19 11:39:24 shrinivaasanka-Inspiron-1545 kernel: [    6.216933] ehci-pci 0000:00:1d.7: new USB bus registered, assigned bus number 2
Jul 19 11:39:24 shrinivaasanka-Inspiron-1545 kernel: [    6.216948] ehci-pci 0000:00:1d.7: debug port 1
Jul 19 11:39:24 shrinivaasanka-Inspiron-1545 kernel: [    6.220858] ehci-pci 0000:00:1d.7: cache line size of 64 is not supported
Jul 19 11:39:24 shrinivaasanka-Inspiron-1545 kernel: [    6.220876] ehci-pci 0000:00:1d.7: irq 20, io mem 0xfed1c000
Jul 19 11:39:24 shrinivaasanka-Inspiron-1545 kernel: [    6.232217] ehci-pci 0000:00:1d.7: USB 2.0 started, EHCI 1.00
Jul 19 11:39:24 shrinivaasanka-Inspiron-1545 kernel: [    6.232294] usb usb2: New USB device found, idVendor=1d6b, idProduct=0002
Jul 19 11:39:24 shrinivaasanka-Inspiron-1545 kernel: [    6.232299] usb usb2: New USB device strings: Mfr=3, Product=2, SerialNumber=1
Jul 19 11:39:24 shrinivaasanka-Inspiron-1545 kernel: [    6.232303] usb usb2: Product: EHCI Host Controller
Jul 19 11:39:24 shrinivaasanka-Inspiron-1545 kernel: [    6.232307] usb usb2: Manufacturer: Linux 4.0.5 ehci_hcd
Jul 19 11:39:24 shrinivaasanka-Inspiron-1545 kernel: [    6.232311] usb usb2: SerialNumber: 0000:00:1d.7
Jul 19 11:39:24 shrinivaasanka-Inspiron-1545 kernel: [    6.232522] hub 2-0:1.0: USB hub found
Jul 19 11:39:24 shrinivaasanka-Inspiron-1545 kernel: [    6.232535] hub 2-0:1.0: 6 ports detected
Jul 19 11:39:24 shrinivaasanka-Inspiron-1545 kernel: [    6.232847] ehci-platform: EHCI generic platform driver
Jul 19 11:39:24 shrinivaasanka-Inspiron-1545 kernel: [    6.232862] ohci_hcd: USB 1.1 'Open' Host Controller (OHCI) Driver
Jul 19 11:39:24 shrinivaasanka-Inspiron-1545 kernel: [    6.232870] ohci-pci: OHCI PCI platform driver
Jul 19 11:39:24 shrinivaasanka-Inspiron-1545 kernel: [    6.232888] ohci-platform: OHCI generic platform driver
Jul 19 11:39:24 shrinivaasanka-Inspiron-1545 kernel: [    6.232901] uhci_hcd: USB Universal Host Controller Interface driver
Jul 19 11:39:24 shrinivaasanka-Inspiron-1545 kernel: [    6.233113] uhci_hcd 0000:00:1a.0: UHCI Host Controller
Jul 19 11:39:24 shrinivaasanka-Inspiron-1545 kernel: [    6.233120] uhci_hcd 0000:00:1a.0: new USB bus registered, assigned bus number 3
Jul 19 11:39:24 shrinivaasanka-Inspiron-1545 kernel: [    6.233129] uhci_hcd 0000:00:1a.0: detected 2 ports
Jul 19 11:39:24 shrinivaasanka-Inspiron-1545 kernel: [    6.233152] uhci_hcd 0000:00:1a.0: irq 20, io base 0x00006f60
Jul 19 11:39:24 shrinivaasanka-Inspiron-1545 kernel: [    6.233211] usb usb3: New USB device found, idVendor=1d6b, idProduct=0001
